Archive member included to satisfy reference by file (symbol)

C:\Users\user\Desktop\ECU\ECU_RB\ArduinoCore\Debug\libArduinoCore.a(main.o)
                              C:/Program Files (x86)/Atmel/Studio/7.0/Packs/atmel/ATmega_DFP/1.6.364/gcc/dev/atmega2560/avr6/crtatmega2560.o (main)
C:\Users\user\Desktop\ECU\ECU_RB\ArduinoCore\Debug\libArduinoCore.a(wiring.o)
                              C:\Users\user\Desktop\ECU\ECU_RB\ArduinoCore\Debug\libArduinoCore.a(main.o) (init)
C:\Users\user\Desktop\ECU\ECU_RB\ArduinoCore\Debug\libArduinoCore.a(wiring_digital.o)
                              BSP_atmega2560.o (pinMode)
C:\Users\user\Desktop\ECU\ECU_RB\ArduinoCore\Debug\libArduinoCore.a(mcp2515.o)
                              BSP_atmega2560.o (_ZN7MCP2515C1EhmP8SPIClass)
C:\Users\user\Desktop\ECU\ECU_RB\ArduinoCore\Debug\libArduinoCore.a(queue.o)
                              FreeAct.o (xQueueGenericCreateStatic)
C:\Users\user\Desktop\ECU\ECU_RB\ArduinoCore\Debug\libArduinoCore.a(tasks.o)
                              FreeAct.o (xTaskCreateStatic)
C:\Users\user\Desktop\ECU\ECU_RB\ArduinoCore\Debug\libArduinoCore.a(timers.o)
                              C:\Users\user\Desktop\ECU\ECU_RB\ArduinoCore\Debug\libArduinoCore.a(tasks.o) (xTimerCreateTimerTask)
C:\Users\user\Desktop\ECU\ECU_RB\ArduinoCore\Debug\libArduinoCore.a(variantHooks.o)
                              C:\Users\user\Desktop\ECU\ECU_RB\ArduinoCore\Debug\libArduinoCore.a(tasks.o) (vApplicationIdleHook)
C:\Users\user\Desktop\ECU\ECU_RB\ArduinoCore\Debug\libArduinoCore.a(SPI.o)
                              C:\Users\user\Desktop\ECU\ECU_RB\ArduinoCore\Debug\libArduinoCore.a(mcp2515.o) (_ZN8SPIClass5beginEv)
C:\Users\user\Desktop\ECU\ECU_RB\ArduinoCore\Debug\libArduinoCore.a(hooks.o)
                              C:\Users\user\Desktop\ECU\ECU_RB\ArduinoCore\Debug\libArduinoCore.a(wiring.o) (yield)
C:\Users\user\Desktop\ECU\ECU_RB\ArduinoCore\Debug\libArduinoCore.a(list.o)
                              C:\Users\user\Desktop\ECU\ECU_RB\ArduinoCore\Debug\libArduinoCore.a(queue.o) (vListInitialise)
C:\Users\user\Desktop\ECU\ECU_RB\ArduinoCore\Debug\libArduinoCore.a(port.o)
                              C:\Users\user\Desktop\ECU\ECU_RB\ArduinoCore\Debug\libArduinoCore.a(tasks.o) (pxPortInitialiseStack)
c:/program files (x86)/atmel/studio/7.0/toolchain/avr8/avr8-gnu-toolchain/bin/../lib/gcc/avr/5.4.0/avr6\libgcc.a(_exit.o)
                              C:/Program Files (x86)/Atmel/Studio/7.0/Packs/atmel/ATmega_DFP/1.6.364/gcc/dev/atmega2560/avr6/crtatmega2560.o (exit)
c:/program files (x86)/atmel/studio/7.0/toolchain/avr8/avr8-gnu-toolchain/bin/../lib/gcc/avr/5.4.0/avr6\libgcc.a(_tablejump2.o)
                              C:\Users\user\Desktop\ECU\ECU_RB\ArduinoCore\Debug\libArduinoCore.a(wiring_digital.o) (__tablejump2__)
c:/program files (x86)/atmel/studio/7.0/toolchain/avr8/avr8-gnu-toolchain/bin/../lib/gcc/avr/5.4.0/avr6\libgcc.a(_copy_data.o)
                              BSP_atmega2560.o (__do_copy_data)
c:/program files (x86)/atmel/studio/7.0/toolchain/avr8/avr8-gnu-toolchain/bin/../lib/gcc/avr/5.4.0/avr6\libgcc.a(_clear_bss.o)
                              BSP_atmega2560.o (__do_clear_bss)
c:/program files (x86)/atmel/studio/7.0/toolchain/avr8/avr8-gnu-toolchain/bin/../lib/gcc/avr/5.4.0/avr6\libgcc.a(_ctors.o)
                              BSP_atmega2560.o (__do_global_ctors)
c:/program files (x86)/atmel/studio/7.0/toolchain/avr8/avr8-gnu-toolchain/bin/../lib/gcc/avr/5.4.0/../../../../avr/lib/avr6\libc.a(malloc.o)
                              C:\Users\user\Desktop\ECU\ECU_RB\ArduinoCore\Debug\libArduinoCore.a(variantHooks.o) (__malloc_heap_end)
c:/program files (x86)/atmel/studio/7.0/toolchain/avr8/avr8-gnu-toolchain/bin/../lib/gcc/avr/5.4.0/../../../../avr/lib/avr6\libc.a(memcpy.o)
                              C:\Users\user\Desktop\ECU\ECU_RB\ArduinoCore\Debug\libArduinoCore.a(mcp2515.o) (memcpy)
c:/program files (x86)/atmel/studio/7.0/toolchain/avr8/avr8-gnu-toolchain/bin/../lib/gcc/avr/5.4.0/../../../../avr/lib/avr6\libc.a(memset.o)
                              C:\Users\user\Desktop\ECU\ECU_RB\ArduinoCore\Debug\libArduinoCore.a(tasks.o) (memset)

Allocating common symbols
Common symbol       size              file

__brkval            0x2               c:/program files (x86)/atmel/studio/7.0/toolchain/avr8/avr8-gnu-toolchain/bin/../lib/gcc/avr/5.4.0/../../../../avr/lib/avr6\libc.a(malloc.o)
portTickRateHz      0x2               C:\Users\user\Desktop\ECU\ECU_RB\ArduinoCore\Debug\libArduinoCore.a(port.o)
__flp               0x2               c:/program files (x86)/atmel/studio/7.0/toolchain/avr8/avr8-gnu-toolchain/bin/../lib/gcc/avr/5.4.0/../../../../avr/lib/avr6\libc.a(malloc.o)
ticksRemainingInSec
                    0x2               C:\Users\user\Desktop\ECU\ECU_RB\ArduinoCore\Debug\libArduinoCore.a(port.o)

Discarded input sections

 .data          0x00000000        0x0 C:/Program Files (x86)/Atmel/Studio/7.0/Packs/atmel/ATmega_DFP/1.6.364/gcc/dev/atmega2560/avr6/crtatmega2560.o
 .bss           0x00000000        0x0 C:/Program Files (x86)/Atmel/Studio/7.0/Packs/atmel/ATmega_DFP/1.6.364/gcc/dev/atmega2560/avr6/crtatmega2560.o
 .text          0x00000000        0x0 BSP_atmega2560.o
 .data          0x00000000        0x0 BSP_atmega2560.o
 .bss           0x00000000        0x0 BSP_atmega2560.o
 .text._Z9BSP_startv
                0x00000000        0x2 BSP_atmega2560.o
 .text._Z13BSP_buzzer_onv
                0x00000000        0x8 BSP_atmega2560.o
 .text._Z14BSP_buzzer_offv
                0x00000000        0x8 BSP_atmega2560.o
 .text          0x00000000        0x0 can_frames.o
 .data          0x00000000        0x0 can_frames.o
 .bss           0x00000000        0x0 can_frames.o
 .text          0x00000000        0x0 FreeAct.o
 .data          0x00000000        0x0 FreeAct.o
 .bss           0x00000000        0x0 FreeAct.o
 .text._Z18CanFrameEvent_pollv
                0x00000000       0x26 FreeAct.o
 .text          0x00000000        0x0 Sketch.o
 .data          0x00000000        0x0 Sketch.o
 .bss           0x00000000        0x0 Sketch.o
 .text          0x00000000        0x0 C:\Users\user\Desktop\ECU\ECU_RB\ArduinoCore\Debug\libArduinoCore.a(main.o)
 .data          0x00000000        0x0 C:\Users\user\Desktop\ECU\ECU_RB\ArduinoCore\Debug\libArduinoCore.a(main.o)
 .bss           0x00000000        0x0 C:\Users\user\Desktop\ECU\ECU_RB\ArduinoCore\Debug\libArduinoCore.a(main.o)
 .text.atexit   0x00000000        0x6 C:\Users\user\Desktop\ECU\ECU_RB\ArduinoCore\Debug\libArduinoCore.a(main.o)
 .text.initVariant
                0x00000000        0x2 C:\Users\user\Desktop\ECU\ECU_RB\ArduinoCore\Debug\libArduinoCore.a(main.o)
 .text._Z8setupUSBv
                0x00000000        0x2 C:\Users\user\Desktop\ECU\ECU_RB\ArduinoCore\Debug\libArduinoCore.a(main.o)
 .text          0x00000000        0x0 C:\Users\user\Desktop\ECU\ECU_RB\ArduinoCore\Debug\libArduinoCore.a(wiring.o)
 .data          0x00000000        0x0 C:\Users\user\Desktop\ECU\ECU_RB\ArduinoCore\Debug\libArduinoCore.a(wiring.o)
 .bss           0x00000000        0x0 C:\Users\user\Desktop\ECU\ECU_RB\ArduinoCore\Debug\libArduinoCore.a(wiring.o)
 .text.delayMicroseconds
                0x00000000       0x16 C:\Users\user\Desktop\ECU\ECU_RB\ArduinoCore\Debug\libArduinoCore.a(wiring.o)
 .text          0x00000000        0x0 C:\Users\user\Desktop\ECU\ECU_RB\ArduinoCore\Debug\libArduinoCore.a(wiring_digital.o)
 .data          0x00000000        0x0 C:\Users\user\Desktop\ECU\ECU_RB\ArduinoCore\Debug\libArduinoCore.a(wiring_digital.o)
 .bss           0x00000000        0x0 C:\Users\user\Desktop\ECU\ECU_RB\ArduinoCore\Debug\libArduinoCore.a(wiring_digital.o)
 .group         0x00000000        0x8 C:\Users\user\Desktop\ECU\ECU_RB\ArduinoCore\Debug\libArduinoCore.a(mcp2515.o)
 .text          0x00000000        0x0 C:\Users\user\Desktop\ECU\ECU_RB\ArduinoCore\Debug\libArduinoCore.a(mcp2515.o)
 .data          0x00000000        0x0 C:\Users\user\Desktop\ECU\ECU_RB\ArduinoCore\Debug\libArduinoCore.a(mcp2515.o)
 .bss           0x00000000        0x0 C:\Users\user\Desktop\ECU\ECU_RB\ArduinoCore\Debug\libArduinoCore.a(mcp2515.o)
 .text._ZN7MCP251517setListenOnlyModeEv
                0x00000000        0x6 C:\Users\user\Desktop\ECU\ECU_RB\ArduinoCore\Debug\libArduinoCore.a(mcp2515.o)
 .text._ZN7MCP251512setSleepModeEv
                0x00000000        0x6 C:\Users\user\Desktop\ECU\ECU_RB\ArduinoCore\Debug\libArduinoCore.a(mcp2515.o)
 .text._ZN7MCP251515setLoopbackModeEv
                0x00000000        0x6 C:\Users\user\Desktop\ECU\ECU_RB\ArduinoCore\Debug\libArduinoCore.a(mcp2515.o)
 .text._ZN7MCP251510setBitrateE9CAN_SPEED
                0x00000000        0x6 C:\Users\user\Desktop\ECU\ECU_RB\ArduinoCore\Debug\libArduinoCore.a(mcp2515.o)
 .text._ZN7MCP25159setClkOutE10CAN_CLKOUT
                0x00000000       0x42 C:\Users\user\Desktop\ECU\ECU_RB\ArduinoCore\Debug\libArduinoCore.a(mcp2515.o)
 .text._ZN7MCP251512checkReceiveEv
                0x00000000       0x10 C:\Users\user\Desktop\ECU\ECU_RB\ArduinoCore\Debug\libArduinoCore.a(mcp2515.o)
 .text._ZN7MCP251513getErrorFlagsEv
                0x00000000        0x6 C:\Users\user\Desktop\ECU\ECU_RB\ArduinoCore\Debug\libArduinoCore.a(mcp2515.o)
 .text._ZN7MCP251510checkErrorEv
                0x00000000       0x10 C:\Users\user\Desktop\ECU\ECU_RB\ArduinoCore\Debug\libArduinoCore.a(mcp2515.o)
 .text._ZN7MCP251516clearRXnOVRFlagsEv
                0x00000000        0xa C:\Users\user\Desktop\ECU\ECU_RB\ArduinoCore\Debug\libArduinoCore.a(mcp2515.o)
 .text._ZN7MCP251513getInterruptsEv
                0x00000000        0x6 C:\Users\user\Desktop\ECU\ECU_RB\ArduinoCore\Debug\libArduinoCore.a(mcp2515.o)
 .text._ZN7MCP251515clearInterruptsEv
                0x00000000        0x8 C:\Users\user\Desktop\ECU\ECU_RB\ArduinoCore\Debug\libArduinoCore.a(mcp2515.o)
 .text._ZN7MCP251516getInterruptMaskEv
                0x00000000        0x6 C:\Users\user\Desktop\ECU\ECU_RB\ArduinoCore\Debug\libArduinoCore.a(mcp2515.o)
 .text._ZN7MCP251517clearTXInterruptsEv
                0x00000000        0xa C:\Users\user\Desktop\ECU\ECU_RB\ArduinoCore\Debug\libArduinoCore.a(mcp2515.o)
 .text._ZN7MCP251511clearRXnOVREv
                0x00000000       0x24 C:\Users\user\Desktop\ECU\ECU_RB\ArduinoCore\Debug\libArduinoCore.a(mcp2515.o)
 .text._ZN7MCP25159clearMERREv
                0x00000000        0xa C:\Users\user\Desktop\ECU\ECU_RB\ArduinoCore\Debug\libArduinoCore.a(mcp2515.o)
 .text._ZN7MCP251510clearERRIFEv
                0x00000000        0xa C:\Users\user\Desktop\ECU\ECU_RB\ArduinoCore\Debug\libArduinoCore.a(mcp2515.o)
 .text._ZN7MCP251512errorCountRXEv
                0x00000000        0x6 C:\Users\user\Desktop\ECU\ECU_RB\ArduinoCore\Debug\libArduinoCore.a(mcp2515.o)
 .text._ZN7MCP251512errorCountTXEv
                0x00000000        0x6 C:\Users\user\Desktop\ECU\ECU_RB\ArduinoCore\Debug\libArduinoCore.a(mcp2515.o)
 .text          0x00000000        0x0 C:\Users\user\Desktop\ECU\ECU_RB\ArduinoCore\Debug\libArduinoCore.a(queue.o)
 .data          0x00000000        0x0 C:\Users\user\Desktop\ECU\ECU_RB\ArduinoCore\Debug\libArduinoCore.a(queue.o)
 .bss           0x00000000        0x0 C:\Users\user\Desktop\ECU\ECU_RB\ArduinoCore\Debug\libArduinoCore.a(queue.o)
 .text.hot.xQueueGenericGetStaticBuffers
                0x00000000       0x1c C:\Users\user\Desktop\ECU\ECU_RB\ArduinoCore\Debug\libArduinoCore.a(queue.o)
 .text.hot.xQueueCreateCountingSemaphoreStatic
                0x00000000       0x30 C:\Users\user\Desktop\ECU\ECU_RB\ArduinoCore\Debug\libArduinoCore.a(queue.o)
 .text.hot.xQueueCreateMutexStatic
                0x00000000       0x3e C:\Users\user\Desktop\ECU\ECU_RB\ArduinoCore\Debug\libArduinoCore.a(queue.o)
 .text.hot.xQueueGiveMutexRecursive
                0x00000000       0x44 C:\Users\user\Desktop\ECU\ECU_RB\ArduinoCore\Debug\libArduinoCore.a(queue.o)
 .text.hot.xQueueGiveFromISR
                0x00000000       0x5e C:\Users\user\Desktop\ECU\ECU_RB\ArduinoCore\Debug\libArduinoCore.a(queue.o)
 .text.hot.xQueueSemaphoreTake
                0x00000000      0x184 C:\Users\user\Desktop\ECU\ECU_RB\ArduinoCore\Debug\libArduinoCore.a(queue.o)
 .text.hot.xQueueTakeMutexRecursive
                0x00000000       0x48 C:\Users\user\Desktop\ECU\ECU_RB\ArduinoCore\Debug\libArduinoCore.a(queue.o)
 .text.hot.xQueuePeek
                0x00000000      0x124 C:\Users\user\Desktop\ECU\ECU_RB\ArduinoCore\Debug\libArduinoCore.a(queue.o)
 .text.hot.xQueueReceiveFromISR
                0x00000000       0x66 C:\Users\user\Desktop\ECU\ECU_RB\ArduinoCore\Debug\libArduinoCore.a(queue.o)
 .text.hot.xQueuePeekFromISR
                0x00000000       0x2e C:\Users\user\Desktop\ECU\ECU_RB\ArduinoCore\Debug\libArduinoCore.a(queue.o)
 .text.hot.uxQueueMessagesWaiting
                0x00000000       0x10 C:\Users\user\Desktop\ECU\ECU_RB\ArduinoCore\Debug\libArduinoCore.a(queue.o)
 .text.hot.uxQueueSpacesAvailable
                0x00000000       0x14 C:\Users\user\Desktop\ECU\ECU_RB\ArduinoCore\Debug\libArduinoCore.a(queue.o)
 .text.hot.uxQueueMessagesWaitingFromISR
                0x00000000        0x6 C:\Users\user\Desktop\ECU\ECU_RB\ArduinoCore\Debug\libArduinoCore.a(queue.o)
 .text.hot.vQueueDelete
                0x00000000        0x2 C:\Users\user\Desktop\ECU\ECU_RB\ArduinoCore\Debug\libArduinoCore.a(queue.o)
 .text.hot.xQueueIsQueueEmptyFromISR
                0x00000000        0xc C:\Users\user\Desktop\ECU\ECU_RB\ArduinoCore\Debug\libArduinoCore.a(queue.o)
 .text.hot.xQueueIsQueueFullFromISR
                0x00000000        0xe C:\Users\user\Desktop\ECU\ECU_RB\ArduinoCore\Debug\libArduinoCore.a(queue.o)
 .text          0x00000000        0x0 C:\Users\user\Desktop\ECU\ECU_RB\ArduinoCore\Debug\libArduinoCore.a(tasks.o)
 .data          0x00000000        0x0 C:\Users\user\Desktop\ECU\ECU_RB\ArduinoCore\Debug\libArduinoCore.a(tasks.o)
 .bss           0x00000000        0x0 C:\Users\user\Desktop\ECU\ECU_RB\ArduinoCore\Debug\libArduinoCore.a(tasks.o)
 .text.hot.vTaskDelete
                0x00000000       0xa4 C:\Users\user\Desktop\ECU\ECU_RB\ArduinoCore\Debug\libArduinoCore.a(tasks.o)
 .text.hot.uxTaskPriorityGet
                0x00000000       0x1e C:\Users\user\Desktop\ECU\ECU_RB\ArduinoCore\Debug\libArduinoCore.a(tasks.o)
 .text.hot.uxTaskPriorityGetFromISR
                0x00000000       0x14 C:\Users\user\Desktop\ECU\ECU_RB\ArduinoCore\Debug\libArduinoCore.a(tasks.o)
 .text.hot.vTaskPrioritySet
                0x00000000      0x104 C:\Users\user\Desktop\ECU\ECU_RB\ArduinoCore\Debug\libArduinoCore.a(tasks.o)
 .text.hot.vTaskResume
                0x00000000       0xce C:\Users\user\Desktop\ECU\ECU_RB\ArduinoCore\Debug\libArduinoCore.a(tasks.o)
 .text.hot.xTaskResumeFromISR
                0x00000000       0xca C:\Users\user\Desktop\ECU\ECU_RB\ArduinoCore\Debug\libArduinoCore.a(tasks.o)
 .text.hot.vTaskEndScheduler
                0x00000000        0xe C:\Users\user\Desktop\ECU\ECU_RB\ArduinoCore\Debug\libArduinoCore.a(tasks.o)
 .text.hot.xTaskGetTickCountFromISR
                0x00000000        0xa C:\Users\user\Desktop\ECU\ECU_RB\ArduinoCore\Debug\libArduinoCore.a(tasks.o)
 .text.hot.pcTaskGetName
                0x00000000       0x10 C:\Users\user\Desktop\ECU\ECU_RB\ArduinoCore\Debug\libArduinoCore.a(tasks.o)
 .text.hot.xTaskGetStaticBuffers
                0x00000000       0x22 C:\Users\user\Desktop\ECU\ECU_RB\ArduinoCore\Debug\libArduinoCore.a(tasks.o)
 .text.hot.xTaskDelayUntil
                0x00000000       0x70 C:\Users\user\Desktop\ECU\ECU_RB\ArduinoCore\Debug\libArduinoCore.a(tasks.o)
 .text.hot.vTaskDelay
                0x00000000       0x2a C:\Users\user\Desktop\ECU\ECU_RB\ArduinoCore\Debug\libArduinoCore.a(tasks.o)
 .text.hot.xTaskCatchUpTicks
                0x00000000       0x30 C:\Users\user\Desktop\ECU\ECU_RB\ArduinoCore\Debug\libArduinoCore.a(tasks.o)
 .text.hot.vTaskSuspend
                0x00000000       0xac C:\Users\user\Desktop\ECU\ECU_RB\ArduinoCore\Debug\libArduinoCore.a(tasks.o)
 .text.hot.vTaskPlaceOnUnorderedEventList
                0x00000000       0x8a C:\Users\user\Desktop\ECU\ECU_RB\ArduinoCore\Debug\libArduinoCore.a(tasks.o)
 .text.hot.vTaskRemoveFromUnorderedEventList
                0x00000000      0x10e C:\Users\user\Desktop\ECU\ECU_RB\ArduinoCore\Debug\libArduinoCore.a(tasks.o)
 .text.hot.vTaskSetTimeOutState
                0x00000000       0x20 C:\Users\user\Desktop\ECU\ECU_RB\ArduinoCore\Debug\libArduinoCore.a(tasks.o)
 .text.hot.uxTaskGetStackHighWaterMark
                0x00000000       0x2c C:\Users\user\Desktop\ECU\ECU_RB\ArduinoCore\Debug\libArduinoCore.a(tasks.o)
 .text.hot.xTaskGetCurrentTaskHandle
                0x00000000        0xa C:\Users\user\Desktop\ECU\ECU_RB\ArduinoCore\Debug\libArduinoCore.a(tasks.o)
 .text.hot.xTaskPriorityInherit
                0x00000000       0xf8 C:\Users\user\Desktop\ECU\ECU_RB\ArduinoCore\Debug\libArduinoCore.a(tasks.o)
 .text.hot.vTaskPriorityDisinheritAfterTimeout
                0x00000000       0xbe C:\Users\user\Desktop\ECU\ECU_RB\ArduinoCore\Debug\libArduinoCore.a(tasks.o)
 .text.hot.uxTaskResetEventItemValue
                0x00000000       0x2e C:\Users\user\Desktop\ECU\ECU_RB\ArduinoCore\Debug\libArduinoCore.a(tasks.o)
 .text.hot.pvTaskIncrementMutexHeldCount
                0x00000000       0x24 C:\Users\user\Desktop\ECU\ECU_RB\ArduinoCore\Debug\libArduinoCore.a(tasks.o)
 .text.hot.ulTaskGenericNotifyTake
                0x00000000       0xe2 C:\Users\user\Desktop\ECU\ECU_RB\ArduinoCore\Debug\libArduinoCore.a(tasks.o)
 .text.hot.xTaskGenericNotifyWait
                0x00000000      0x142 C:\Users\user\Desktop\ECU\ECU_RB\ArduinoCore\Debug\libArduinoCore.a(tasks.o)
 .text.hot.xTaskGenericNotify
                0x00000000      0x1b8 C:\Users\user\Desktop\ECU\ECU_RB\ArduinoCore\Debug\libArduinoCore.a(tasks.o)
 .text.hot.xTaskGenericNotifyFromISR
                0x00000000      0x20c C:\Users\user\Desktop\ECU\ECU_RB\ArduinoCore\Debug\libArduinoCore.a(tasks.o)
 .text.hot.vTaskGenericNotifyGiveFromISR
                0x00000000      0x162 C:\Users\user\Desktop\ECU\ECU_RB\ArduinoCore\Debug\libArduinoCore.a(tasks.o)
 .text.hot.xTaskGenericNotifyStateClear
                0x00000000       0x2c C:\Users\user\Desktop\ECU\ECU_RB\ArduinoCore\Debug\libArduinoCore.a(tasks.o)
 .text.hot.ulTaskGenericNotifyValueClear
                0x00000000       0x68 C:\Users\user\Desktop\ECU\ECU_RB\ArduinoCore\Debug\libArduinoCore.a(tasks.o)
 .text          0x00000000        0x0 C:\Users\user\Desktop\ECU\ECU_RB\ArduinoCore\Debug\libArduinoCore.a(timers.o)
 .data          0x00000000        0x0 C:\Users\user\Desktop\ECU\ECU_RB\ArduinoCore\Debug\libArduinoCore.a(timers.o)
 .bss           0x00000000        0x0 C:\Users\user\Desktop\ECU\ECU_RB\ArduinoCore\Debug\libArduinoCore.a(timers.o)
 .text.hot.xTimerGetTimerDaemonTaskHandle
                0x00000000        0xa C:\Users\user\Desktop\ECU\ECU_RB\ArduinoCore\Debug\libArduinoCore.a(timers.o)
 .text.hot.xTimerGetPeriod
                0x00000000        0x8 C:\Users\user\Desktop\ECU\ECU_RB\ArduinoCore\Debug\libArduinoCore.a(timers.o)
 .text.hot.vTimerSetReloadMode
                0x00000000       0x1c C:\Users\user\Desktop\ECU\ECU_RB\ArduinoCore\Debug\libArduinoCore.a(timers.o)
 .text.hot.xTimerGetReloadMode
                0x00000000       0x16 C:\Users\user\Desktop\ECU\ECU_RB\ArduinoCore\Debug\libArduinoCore.a(timers.o)
 .text.hot.uxTimerGetReloadMode
                0x00000000        0x4 C:\Users\user\Desktop\ECU\ECU_RB\ArduinoCore\Debug\libArduinoCore.a(timers.o)
 .text.hot.xTimerGetExpiryTime
                0x00000000        0x8 C:\Users\user\Desktop\ECU\ECU_RB\ArduinoCore\Debug\libArduinoCore.a(timers.o)
 .text.hot.xTimerGetStaticBuffer
                0x00000000       0x16 C:\Users\user\Desktop\ECU\ECU_RB\ArduinoCore\Debug\libArduinoCore.a(timers.o)
 .text.hot.pcTimerGetName
                0x00000000        0x8 C:\Users\user\Desktop\ECU\ECU_RB\ArduinoCore\Debug\libArduinoCore.a(timers.o)
 .text.hot.xTimerIsTimerActive
                0x00000000       0x12 C:\Users\user\Desktop\ECU\ECU_RB\ArduinoCore\Debug\libArduinoCore.a(timers.o)
 .text.hot.pvTimerGetTimerID
                0x00000000       0x12 C:\Users\user\Desktop\ECU\ECU_RB\ArduinoCore\Debug\libArduinoCore.a(timers.o)
 .text.hot.vTimerSetTimerID
                0x00000000       0x12 C:\Users\user\Desktop\ECU\ECU_RB\ArduinoCore\Debug\libArduinoCore.a(timers.o)
 .text          0x00000000        0x0 C:\Users\user\Desktop\ECU\ECU_RB\ArduinoCore\Debug\libArduinoCore.a(variantHooks.o)
 .data          0x00000000        0x0 C:\Users\user\Desktop\ECU\ECU_RB\ArduinoCore\Debug\libArduinoCore.a(variantHooks.o)
 .bss           0x00000000        0x0 C:\Users\user\Desktop\ECU\ECU_RB\ArduinoCore\Debug\libArduinoCore.a(variantHooks.o)
 .text.vApplicationMallocFailedHook
                0x00000000       0x1c C:\Users\user\Desktop\ECU\ECU_RB\ArduinoCore\Debug\libArduinoCore.a(variantHooks.o)
 .text          0x00000000        0x0 C:\Users\user\Desktop\ECU\ECU_RB\ArduinoCore\Debug\libArduinoCore.a(SPI.o)
 .data          0x00000000        0x0 C:\Users\user\Desktop\ECU\ECU_RB\ArduinoCore\Debug\libArduinoCore.a(SPI.o)
 .bss           0x00000000        0x0 C:\Users\user\Desktop\ECU\ECU_RB\ArduinoCore\Debug\libArduinoCore.a(SPI.o)
 .text._ZN8SPIClass3endEv
                0x00000000       0x28 C:\Users\user\Desktop\ECU\ECU_RB\ArduinoCore\Debug\libArduinoCore.a(SPI.o)
 .text._ZN8SPIClass14usingInterruptEh
                0x00000000       0x5e C:\Users\user\Desktop\ECU\ECU_RB\ArduinoCore\Debug\libArduinoCore.a(SPI.o)
 .progmem.gcc_sw_table._ZN8SPIClass14usingInterruptEh
                0x00000000       0x10 C:\Users\user\Desktop\ECU\ECU_RB\ArduinoCore\Debug\libArduinoCore.a(SPI.o)
 .text._ZN8SPIClass17notUsingInterruptEh
                0x00000000       0x36 C:\Users\user\Desktop\ECU\ECU_RB\ArduinoCore\Debug\libArduinoCore.a(SPI.o)
 .rodata.CSWTCH.20
                0x00000000        0x8 C:\Users\user\Desktop\ECU\ECU_RB\ArduinoCore\Debug\libArduinoCore.a(SPI.o)
 .text          0x00000000        0x0 C:\Users\user\Desktop\ECU\ECU_RB\ArduinoCore\Debug\libArduinoCore.a(hooks.o)
 .data          0x00000000        0x0 C:\Users\user\Desktop\ECU\ECU_RB\ArduinoCore\Debug\libArduinoCore.a(hooks.o)
 .bss           0x00000000        0x0 C:\Users\user\Desktop\ECU\ECU_RB\ArduinoCore\Debug\libArduinoCore.a(hooks.o)
 .text          0x00000000        0x0 C:\Users\user\Desktop\ECU\ECU_RB\ArduinoCore\Debug\libArduinoCore.a(list.o)
 .data          0x00000000        0x0 C:\Users\user\Desktop\ECU\ECU_RB\ArduinoCore\Debug\libArduinoCore.a(list.o)
 .bss           0x00000000        0x0 C:\Users\user\Desktop\ECU\ECU_RB\ArduinoCore\Debug\libArduinoCore.a(list.o)
 .text.hot.vListInsertEnd
                0x00000000       0x42 C:\Users\user\Desktop\ECU\ECU_RB\ArduinoCore\Debug\libArduinoCore.a(list.o)
 .text          0x00000000        0x0 C:\Users\user\Desktop\ECU\ECU_RB\ArduinoCore\Debug\libArduinoCore.a(port.o)
 .data          0x00000000        0x0 C:\Users\user\Desktop\ECU\ECU_RB\ArduinoCore\Debug\libArduinoCore.a(port.o)
 .bss           0x00000000        0x0 C:\Users\user\Desktop\ECU\ECU_RB\ArduinoCore\Debug\libArduinoCore.a(port.o)
 .text.hot.vPortEndScheduler
                0x00000000       0x18 C:\Users\user\Desktop\ECU\ECU_RB\ArduinoCore\Debug\libArduinoCore.a(port.o)
 .text.hot.vPortDelay
                0x00000000       0x3e C:\Users\user\Desktop\ECU\ECU_RB\ArduinoCore\Debug\libArduinoCore.a(port.o)
 .text.hot.vPortYieldFromISR
                0x00000000       0xc2 C:\Users\user\Desktop\ECU\ECU_RB\ArduinoCore\Debug\libArduinoCore.a(port.o)
 COMMON         0x00000000        0x4 C:\Users\user\Desktop\ECU\ECU_RB\ArduinoCore\Debug\libArduinoCore.a(port.o)
 .text          0x00000000        0x0 c:/program files (x86)/atmel/studio/7.0/toolchain/avr8/avr8-gnu-toolchain/bin/../lib/gcc/avr/5.4.0/avr6\libgcc.a(_exit.o)
 .data          0x00000000        0x0 c:/program files (x86)/atmel/studio/7.0/toolchain/avr8/avr8-gnu-toolchain/bin/../lib/gcc/avr/5.4.0/avr6\libgcc.a(_exit.o)
 .bss           0x00000000        0x0 c:/program files (x86)/atmel/studio/7.0/toolchain/avr8/avr8-gnu-toolchain/bin/../lib/gcc/avr/5.4.0/avr6\libgcc.a(_exit.o)
 .text.libgcc.mul
                0x00000000        0x0 c:/program files (x86)/atmel/studio/7.0/toolchain/avr8/avr8-gnu-toolchain/bin/../lib/gcc/avr/5.4.0/avr6\libgcc.a(_exit.o)
 .text.libgcc.div
                0x00000000        0x0 c:/program files (x86)/atmel/studio/7.0/toolchain/avr8/avr8-gnu-toolchain/bin/../lib/gcc/avr/5.4.0/avr6\libgcc.a(_exit.o)
 .text.libgcc   0x00000000        0x0 c:/program files (x86)/atmel/studio/7.0/toolchain/avr8/avr8-gnu-toolchain/bin/../lib/gcc/avr/5.4.0/avr6\libgcc.a(_exit.o)
 .text.libgcc.prologue
                0x00000000        0x0 c:/program files (x86)/atmel/studio/7.0/toolchain/avr8/avr8-gnu-toolchain/bin/../lib/gcc/avr/5.4.0/avr6\libgcc.a(_exit.o)
 .text.libgcc.builtins
                0x00000000        0x0 c:/program files (x86)/atmel/studio/7.0/toolchain/avr8/avr8-gnu-toolchain/bin/../lib/gcc/avr/5.4.0/avr6\libgcc.a(_exit.o)
 .text.libgcc.fmul
                0x00000000        0x0 c:/program files (x86)/atmel/studio/7.0/toolchain/avr8/avr8-gnu-toolchain/bin/../lib/gcc/avr/5.4.0/avr6\libgcc.a(_exit.o)
 .text.libgcc.fixed
                0x00000000        0x0 c:/program files (x86)/atmel/studio/7.0/toolchain/avr8/avr8-gnu-toolchain/bin/../lib/gcc/avr/5.4.0/avr6\libgcc.a(_exit.o)
 .text          0x00000000        0x0 c:/program files (x86)/atmel/studio/7.0/toolchain/avr8/avr8-gnu-toolchain/bin/../lib/gcc/avr/5.4.0/avr6\libgcc.a(_tablejump2.o)
 .data          0x00000000        0x0 c:/program files (x86)/atmel/studio/7.0/toolchain/avr8/avr8-gnu-toolchain/bin/../lib/gcc/avr/5.4.0/avr6\libgcc.a(_tablejump2.o)
 .bss           0x00000000        0x0 c:/program files (x86)/atmel/studio/7.0/toolchain/avr8/avr8-gnu-toolchain/bin/../lib/gcc/avr/5.4.0/avr6\libgcc.a(_tablejump2.o)
 .text.libgcc.mul
                0x00000000        0x0 c:/program files (x86)/atmel/studio/7.0/toolchain/avr8/avr8-gnu-toolchain/bin/../lib/gcc/avr/5.4.0/avr6\libgcc.a(_tablejump2.o)
 .text.libgcc.div
                0x00000000        0x0 c:/program files (x86)/atmel/studio/7.0/toolchain/avr8/avr8-gnu-toolchain/bin/../lib/gcc/avr/5.4.0/avr6\libgcc.a(_tablejump2.o)
 .text.libgcc.prologue
                0x00000000        0x0 c:/program files (x86)/atmel/studio/7.0/toolchain/avr8/avr8-gnu-toolchain/bin/../lib/gcc/avr/5.4.0/avr6\libgcc.a(_tablejump2.o)
 .text.libgcc.builtins
                0x00000000        0x0 c:/program files (x86)/atmel/studio/7.0/toolchain/avr8/avr8-gnu-toolchain/bin/../lib/gcc/avr/5.4.0/avr6\libgcc.a(_tablejump2.o)
 .text.libgcc.fmul
                0x00000000        0x0 c:/program files (x86)/atmel/studio/7.0/toolchain/avr8/avr8-gnu-toolchain/bin/../lib/gcc/avr/5.4.0/avr6\libgcc.a(_tablejump2.o)
 .text.libgcc.fixed
                0x00000000        0x0 c:/program files (x86)/atmel/studio/7.0/toolchain/avr8/avr8-gnu-toolchain/bin/../lib/gcc/avr/5.4.0/avr6\libgcc.a(_tablejump2.o)
 .text          0x00000000        0x0 c:/program files (x86)/atmel/studio/7.0/toolchain/avr8/avr8-gnu-toolchain/bin/../lib/gcc/avr/5.4.0/avr6\libgcc.a(_copy_data.o)
 .data          0x00000000        0x0 c:/program files (x86)/atmel/studio/7.0/toolchain/avr8/avr8-gnu-toolchain/bin/../lib/gcc/avr/5.4.0/avr6\libgcc.a(_copy_data.o)
 .bss           0x00000000        0x0 c:/program files (x86)/atmel/studio/7.0/toolchain/avr8/avr8-gnu-toolchain/bin/../lib/gcc/avr/5.4.0/avr6\libgcc.a(_copy_data.o)
 .text.libgcc.mul
                0x00000000        0x0 c:/program files (x86)/atmel/studio/7.0/toolchain/avr8/avr8-gnu-toolchain/bin/../lib/gcc/avr/5.4.0/avr6\libgcc.a(_copy_data.o)
 .text.libgcc.div
                0x00000000        0x0 c:/program files (x86)/atmel/studio/7.0/toolchain/avr8/avr8-gnu-toolchain/bin/../lib/gcc/avr/5.4.0/avr6\libgcc.a(_copy_data.o)
 .text.libgcc   0x00000000        0x0 c:/program files (x86)/atmel/studio/7.0/toolchain/avr8/avr8-gnu-toolchain/bin/../lib/gcc/avr/5.4.0/avr6\libgcc.a(_copy_data.o)
 .text.libgcc.prologue
                0x00000000        0x0 c:/program files (x86)/atmel/studio/7.0/toolchain/avr8/avr8-gnu-toolchain/bin/../lib/gcc/avr/5.4.0/avr6\libgcc.a(_copy_data.o)
 .text.libgcc.builtins
                0x00000000        0x0 c:/program files (x86)/atmel/studio/7.0/toolchain/avr8/avr8-gnu-toolchain/bin/../lib/gcc/avr/5.4.0/avr6\libgcc.a(_copy_data.o)
 .text.libgcc.fmul
                0x00000000        0x0 c:/program files (x86)/atmel/studio/7.0/toolchain/avr8/avr8-gnu-toolchain/bin/../lib/gcc/avr/5.4.0/avr6\libgcc.a(_copy_data.o)
 .text.libgcc.fixed
                0x00000000        0x0 c:/program files (x86)/atmel/studio/7.0/toolchain/avr8/avr8-gnu-toolchain/bin/../lib/gcc/avr/5.4.0/avr6\libgcc.a(_copy_data.o)
 .text          0x00000000        0x0 c:/program files (x86)/atmel/studio/7.0/toolchain/avr8/avr8-gnu-toolchain/bin/../lib/gcc/avr/5.4.0/avr6\libgcc.a(_clear_bss.o)
 .data          0x00000000        0x0 c:/program files (x86)/atmel/studio/7.0/toolchain/avr8/avr8-gnu-toolchain/bin/../lib/gcc/avr/5.4.0/avr6\libgcc.a(_clear_bss.o)
 .bss           0x00000000        0x0 c:/program files (x86)/atmel/studio/7.0/toolchain/avr8/avr8-gnu-toolchain/bin/../lib/gcc/avr/5.4.0/avr6\libgcc.a(_clear_bss.o)
 .text.libgcc.mul
                0x00000000        0x0 c:/program files (x86)/atmel/studio/7.0/toolchain/avr8/avr8-gnu-toolchain/bin/../lib/gcc/avr/5.4.0/avr6\libgcc.a(_clear_bss.o)
 .text.libgcc.div
                0x00000000        0x0 c:/program files (x86)/atmel/studio/7.0/toolchain/avr8/avr8-gnu-toolchain/bin/../lib/gcc/avr/5.4.0/avr6\libgcc.a(_clear_bss.o)
 .text.libgcc   0x00000000        0x0 c:/program files (x86)/atmel/studio/7.0/toolchain/avr8/avr8-gnu-toolchain/bin/../lib/gcc/avr/5.4.0/avr6\libgcc.a(_clear_bss.o)
 .text.libgcc.prologue
                0x00000000        0x0 c:/program files (x86)/atmel/studio/7.0/toolchain/avr8/avr8-gnu-toolchain/bin/../lib/gcc/avr/5.4.0/avr6\libgcc.a(_clear_bss.o)
 .text.libgcc.builtins
                0x00000000        0x0 c:/program files (x86)/atmel/studio/7.0/toolchain/avr8/avr8-gnu-toolchain/bin/../lib/gcc/avr/5.4.0/avr6\libgcc.a(_clear_bss.o)
 .text.libgcc.fmul
                0x00000000        0x0 c:/program files (x86)/atmel/studio/7.0/toolchain/avr8/avr8-gnu-toolchain/bin/../lib/gcc/avr/5.4.0/avr6\libgcc.a(_clear_bss.o)
 .text.libgcc.fixed
                0x00000000        0x0 c:/program files (x86)/atmel/studio/7.0/toolchain/avr8/avr8-gnu-toolchain/bin/../lib/gcc/avr/5.4.0/avr6\libgcc.a(_clear_bss.o)
 .text          0x00000000        0x0 c:/program files (x86)/atmel/studio/7.0/toolchain/avr8/avr8-gnu-toolchain/bin/../lib/gcc/avr/5.4.0/avr6\libgcc.a(_ctors.o)
 .data          0x00000000        0x0 c:/program files (x86)/atmel/studio/7.0/toolchain/avr8/avr8-gnu-toolchain/bin/../lib/gcc/avr/5.4.0/avr6\libgcc.a(_ctors.o)
 .bss           0x00000000        0x0 c:/program files (x86)/atmel/studio/7.0/toolchain/avr8/avr8-gnu-toolchain/bin/../lib/gcc/avr/5.4.0/avr6\libgcc.a(_ctors.o)
 .text.libgcc.mul
                0x00000000        0x0 c:/program files (x86)/atmel/studio/7.0/toolchain/avr8/avr8-gnu-toolchain/bin/../lib/gcc/avr/5.4.0/avr6\libgcc.a(_ctors.o)
 .text.libgcc.div
                0x00000000        0x0 c:/program files (x86)/atmel/studio/7.0/toolchain/avr8/avr8-gnu-toolchain/bin/../lib/gcc/avr/5.4.0/avr6\libgcc.a(_ctors.o)
 .text.libgcc   0x00000000        0x0 c:/program files (x86)/atmel/studio/7.0/toolchain/avr8/avr8-gnu-toolchain/bin/../lib/gcc/avr/5.4.0/avr6\libgcc.a(_ctors.o)
 .text.libgcc.prologue
                0x00000000        0x0 c:/program files (x86)/atmel/studio/7.0/toolchain/avr8/avr8-gnu-toolchain/bin/../lib/gcc/avr/5.4.0/avr6\libgcc.a(_ctors.o)
 .text.libgcc.builtins
                0x00000000        0x0 c:/program files (x86)/atmel/studio/7.0/toolchain/avr8/avr8-gnu-toolchain/bin/../lib/gcc/avr/5.4.0/avr6\libgcc.a(_ctors.o)
 .text.libgcc.fmul
                0x00000000        0x0 c:/program files (x86)/atmel/studio/7.0/toolchain/avr8/avr8-gnu-toolchain/bin/../lib/gcc/avr/5.4.0/avr6\libgcc.a(_ctors.o)
 .text.libgcc.fixed
                0x00000000        0x0 c:/program files (x86)/atmel/studio/7.0/toolchain/avr8/avr8-gnu-toolchain/bin/../lib/gcc/avr/5.4.0/avr6\libgcc.a(_ctors.o)
 .text          0x00000000        0x0 c:/program files (x86)/atmel/studio/7.0/toolchain/avr8/avr8-gnu-toolchain/bin/../lib/gcc/avr/5.4.0/../../../../avr/lib/avr6\libc.a(malloc.o)
 .bss           0x00000000        0x0 c:/program files (x86)/atmel/studio/7.0/toolchain/avr8/avr8-gnu-toolchain/bin/../lib/gcc/avr/5.4.0/../../../../avr/lib/avr6\libc.a(malloc.o)
 .text.avr-libc
                0x00000000      0x242 c:/program files (x86)/atmel/studio/7.0/toolchain/avr8/avr8-gnu-toolchain/bin/../lib/gcc/avr/5.4.0/../../../../avr/lib/avr6\libc.a(malloc.o)
 COMMON         0x00000000        0x4 c:/program files (x86)/atmel/studio/7.0/toolchain/avr8/avr8-gnu-toolchain/bin/../lib/gcc/avr/5.4.0/../../../../avr/lib/avr6\libc.a(malloc.o)
 .text          0x00000000        0x0 c:/program files (x86)/atmel/studio/7.0/toolchain/avr8/avr8-gnu-toolchain/bin/../lib/gcc/avr/5.4.0/../../../../avr/lib/avr6\libc.a(memcpy.o)
 .data          0x00000000        0x0 c:/program files (x86)/atmel/studio/7.0/toolchain/avr8/avr8-gnu-toolchain/bin/../lib/gcc/avr/5.4.0/../../../../avr/lib/avr6\libc.a(memcpy.o)
 .bss           0x00000000        0x0 c:/program files (x86)/atmel/studio/7.0/toolchain/avr8/avr8-gnu-toolchain/bin/../lib/gcc/avr/5.4.0/../../../../avr/lib/avr6\libc.a(memcpy.o)
 .text          0x00000000        0x0 c:/program files (x86)/atmel/studio/7.0/toolchain/avr8/avr8-gnu-toolchain/bin/../lib/gcc/avr/5.4.0/../../../../avr/lib/avr6\libc.a(memset.o)
 .data          0x00000000        0x0 c:/program files (x86)/atmel/studio/7.0/toolchain/avr8/avr8-gnu-toolchain/bin/../lib/gcc/avr/5.4.0/../../../../avr/lib/avr6\libc.a(memset.o)
 .bss           0x00000000        0x0 c:/program files (x86)/atmel/studio/7.0/toolchain/avr8/avr8-gnu-toolchain/bin/../lib/gcc/avr/5.4.0/../../../../avr/lib/avr6\libc.a(memset.o)

Memory Configuration

Name             Origin             Length             Attributes
text             0x00000000         0x00040000         xr
data             0x00800200         0x00002000         rw !x
eeprom           0x00810000         0x00001000         rw !x
fuse             0x00820000         0x00000003         rw !x
lock             0x00830000         0x00000400         rw !x
signature        0x00840000         0x00000400         rw !x
user_signatures  0x00850000         0x00000400         rw !x
*default*        0x00000000         0xffffffff

Linker script and memory map

Address of section .data set to 0x800200
LOAD C:/Program Files (x86)/Atmel/Studio/7.0/Packs/atmel/ATmega_DFP/1.6.364/gcc/dev/atmega2560/avr6/crtatmega2560.o
LOAD BSP_atmega2560.o
LOAD can_frames.o
LOAD FreeAct.o
LOAD Sketch.o
START GROUP
LOAD c:/program files (x86)/atmel/studio/7.0/toolchain/avr8/avr8-gnu-toolchain/bin/../lib/gcc/avr/5.4.0/../../../../avr/lib/avr6\libm.a
LOAD C:\Users\user\Desktop\ECU\ECU_RB\ArduinoCore\Debug\libArduinoCore.a
END GROUP
LOAD c:/program files (x86)/atmel/studio/7.0/toolchain/avr8/avr8-gnu-toolchain/bin/../lib/gcc/avr/5.4.0/avr6\libgcc.a
LOAD c:/program files (x86)/atmel/studio/7.0/toolchain/avr8/avr8-gnu-toolchain/bin/../lib/gcc/avr/5.4.0/../../../../avr/lib/avr6\libm.a
START GROUP
LOAD c:/program files (x86)/atmel/studio/7.0/toolchain/avr8/avr8-gnu-toolchain/bin/../lib/gcc/avr/5.4.0/avr6\libgcc.a
LOAD c:/program files (x86)/atmel/studio/7.0/toolchain/avr8/avr8-gnu-toolchain/bin/../lib/gcc/avr/5.4.0/../../../../avr/lib/avr6\libm.a
LOAD c:/program files (x86)/atmel/studio/7.0/toolchain/avr8/avr8-gnu-toolchain/bin/../lib/gcc/avr/5.4.0/../../../../avr/lib/avr6\libc.a
LOAD C:/Program Files (x86)/Atmel/Studio/7.0/Packs/atmel/ATmega_DFP/1.6.364/gcc/dev/atmega2560/avr6\libatmega2560.a
END GROUP
                0x00000000                __TEXT_REGION_ORIGIN__ = DEFINED (__TEXT_REGION_ORIGIN__)?__TEXT_REGION_ORIGIN__:0x0
                [0x00800200]                __DATA_REGION_ORIGIN__ = DEFINED (__DATA_REGION_ORIGIN__)?__DATA_REGION_ORIGIN__:0x800200
                [0x00040000]                __TEXT_REGION_LENGTH__ = DEFINED (__TEXT_REGION_LENGTH__)?__TEXT_REGION_LENGTH__:0x100000
                [0x00002000]                __DATA_REGION_LENGTH__ = DEFINED (__DATA_REGION_LENGTH__)?__DATA_REGION_LENGTH__:0xfe00
                [0x00001000]                __EEPROM_REGION_LENGTH__ = DEFINED (__EEPROM_REGION_LENGTH__)?__EEPROM_REGION_LENGTH__:0x10000
                [0x00000003]                __FUSE_REGION_LENGTH__ = DEFINED (__FUSE_REGION_LENGTH__)?__FUSE_REGION_LENGTH__:0x400
                0x00000400                __LOCK_REGION_LENGTH__ = DEFINED (__LOCK_REGION_LENGTH__)?__LOCK_REGION_LENGTH__:0x400
                0x00000400                __SIGNATURE_REGION_LENGTH__ = DEFINED (__SIGNATURE_REGION_LENGTH__)?__SIGNATURE_REGION_LENGTH__:0x400
                0x00000400                __USER_SIGNATURE_REGION_LENGTH__ = DEFINED (__USER_SIGNATURE_REGION_LENGTH__)?__USER_SIGNATURE_REGION_LENGTH__:0x400

.hash
 *(.hash)

.dynsym
 *(.dynsym)

.dynstr
 *(.dynstr)

.gnu.version
 *(.gnu.version)

.gnu.version_d
 *(.gnu.version_d)

.gnu.version_r
 *(.gnu.version_r)

.rel.init
 *(.rel.init)

.rela.init
 *(.rela.init)

.rel.text
 *(.rel.text)
 *(.rel.text.*)
 *(.rel.gnu.linkonce.t*)

.rela.text
 *(.rela.text)
 *(.rela.text.*)
 *(.rela.gnu.linkonce.t*)

.rel.fini
 *(.rel.fini)

.rela.fini
 *(.rela.fini)

.rel.rodata
 *(.rel.rodata)
 *(.rel.rodata.*)
 *(.rel.gnu.linkonce.r*)

.rela.rodata
 *(.rela.rodata)
 *(.rela.rodata.*)
 *(.rela.gnu.linkonce.r*)

.rel.data
 *(.rel.data)
 *(.rel.data.*)
 *(.rel.gnu.linkonce.d*)

.rela.data
 *(.rela.data)
 *(.rela.data.*)
 *(.rela.gnu.linkonce.d*)

.rel.ctors
 *(.rel.ctors)

.rela.ctors
 *(.rela.ctors)

.rel.dtors
 *(.rel.dtors)

.rela.dtors
 *(.rela.dtors)

.rel.got
 *(.rel.got)

.rela.got
 *(.rela.got)

.rel.bss
 *(.rel.bss)

.rela.bss
 *(.rela.bss)

.rel.plt
 *(.rel.plt)

.rela.plt
 *(.rela.plt)

.text           0x00000000     0x2fee
 *(.vectors)
 .vectors       0x00000000       0xe4 C:/Program Files (x86)/Atmel/Studio/7.0/Packs/atmel/ATmega_DFP/1.6.364/gcc/dev/atmega2560/avr6/crtatmega2560.o
                0x00000000                __vector_default
                0x00000000                __vectors
 *(.vectors)
 *(.progmem.gcc*)
 .progmem.gcc_sw_table.turnOffPWM
                0x000000e4       0x24 C:\Users\user\Desktop\ECU\ECU_RB\ArduinoCore\Debug\libArduinoCore.a(wiring_digital.o)
 .progmem.gcc_sw_table._ZN7MCP251510setBitrateE9CAN_SPEED9CAN_CLOCK
                0x00000108       0x58 C:\Users\user\Desktop\ECU\ECU_RB\ArduinoCore\Debug\libArduinoCore.a(mcp2515.o)
 .progmem.gcc_sw_table
                0x00000160       0x12 C:\Users\user\Desktop\ECU\ECU_RB\ArduinoCore\Debug\libArduinoCore.a(timers.o)
                0x00000172                . = ALIGN (0x2)
                0x00000172                __trampolines_start = .
 *(.trampolines)
 .trampolines   0x00000172        0x0 linker stubs
 *(.trampolines*)
                0x00000172                __trampolines_end = .
 *libprintf_flt.a:*(.progmem.data)
 *libc.a:*(.progmem.data)
 *(.progmem*)
 .progmem.data.digital_pin_to_timer_PGM
                0x00000172       0x46 C:\Users\user\Desktop\ECU\ECU_RB\ArduinoCore\Debug\libArduinoCore.a(wiring_digital.o)
                0x00000172                digital_pin_to_timer_PGM
 .progmem.data.digital_pin_to_bit_mask_PGM
                0x000001b8       0x46 C:\Users\user\Desktop\ECU\ECU_RB\ArduinoCore\Debug\libArduinoCore.a(wiring_digital.o)
                0x000001b8                digital_pin_to_bit_mask_PGM
 .progmem.data.digital_pin_to_port_PGM
                0x000001fe       0x46 C:\Users\user\Desktop\ECU\ECU_RB\ArduinoCore\Debug\libArduinoCore.a(wiring_digital.o)
                0x000001fe                digital_pin_to_port_PGM
 .progmem.data.port_to_input_PGM
                0x00000244       0x1a C:\Users\user\Desktop\ECU\ECU_RB\ArduinoCore\Debug\libArduinoCore.a(wiring_digital.o)
                0x00000244                port_to_input_PGM
 .progmem.data.port_to_output_PGM
                0x0000025e       0x1a C:\Users\user\Desktop\ECU\ECU_RB\ArduinoCore\Debug\libArduinoCore.a(wiring_digital.o)
                0x0000025e                port_to_output_PGM
 .progmem.data.port_to_mode_PGM
                0x00000278       0x1a C:\Users\user\Desktop\ECU\ECU_RB\ArduinoCore\Debug\libArduinoCore.a(wiring_digital.o)
                0x00000278                port_to_mode_PGM
                0x00000292                . = ALIGN (0x2)
 *(.jumptables)
 *(.jumptables*)
 *(.lowtext)
 .lowtext       0x00000292       0x4c C:\Users\user\Desktop\ECU\ECU_RB\ArduinoCore\Debug\libArduinoCore.a(tasks.o)
 .lowtext       0x000002de      0x1b6 C:\Users\user\Desktop\ECU\ECU_RB\ArduinoCore\Debug\libArduinoCore.a(timers.o)
 *(.lowtext*)
                0x00000494                __ctors_start = .
 *(.ctors)
 .ctors         0x00000494        0x2 BSP_atmega2560.o
                0x00000496                __ctors_end = .
                0x00000496                __dtors_start = .
 *(.dtors)
                0x00000496                __dtors_end = .
 SORT(*)(.ctors)
 SORT(*)(.dtors)
 *(.init0)
 .init0         0x00000496        0x0 C:/Program Files (x86)/Atmel/Studio/7.0/Packs/atmel/ATmega_DFP/1.6.364/gcc/dev/atmega2560/avr6/crtatmega2560.o
                0x00000496                __init
 *(.init0)
 *(.init1)
 *(.init1)
 *(.init2)
 .init2         0x00000496       0x10 C:/Program Files (x86)/Atmel/Studio/7.0/Packs/atmel/ATmega_DFP/1.6.364/gcc/dev/atmega2560/avr6/crtatmega2560.o
 *(.init2)
 *(.init3)
 *(.init3)
 *(.init4)
 .init4         0x000004a6       0x1a c:/program files (x86)/atmel/studio/7.0/toolchain/avr8/avr8-gnu-toolchain/bin/../lib/gcc/avr/5.4.0/avr6\libgcc.a(_copy_data.o)
                0x000004a6                __do_copy_data
 .init4         0x000004c0       0x10 c:/program files (x86)/atmel/studio/7.0/toolchain/avr8/avr8-gnu-toolchain/bin/../lib/gcc/avr/5.4.0/avr6\libgcc.a(_clear_bss.o)
                0x000004c0                __do_clear_bss
 *(.init4)
 *(.init5)
 *(.init5)
 *(.init6)
 .init6         0x000004d0       0x20 c:/program files (x86)/atmel/studio/7.0/toolchain/avr8/avr8-gnu-toolchain/bin/../lib/gcc/avr/5.4.0/avr6\libgcc.a(_ctors.o)
                0x000004d0                __do_global_ctors
 *(.init6)
 *(.init7)
 *(.init7)
 *(.init8)
 *(.init8)
 *(.init9)
 .init9         0x000004f0        0x6 C:/Program Files (x86)/Atmel/Studio/7.0/Packs/atmel/ATmega_DFP/1.6.364/gcc/dev/atmega2560/avr6/crtatmega2560.o
 *(.init9)
 *(.text)
 .text          0x000004f6        0x2 C:/Program Files (x86)/Atmel/Studio/7.0/Packs/atmel/ATmega_DFP/1.6.364/gcc/dev/atmega2560/avr6/crtatmega2560.o
                0x000004f6                __vector_38
                0x000004f6                __vector_22
                0x000004f6                __vector_28
                0x000004f6                __vector_1
                0x000004f6                __vector_32
                0x000004f6                __vector_34
                0x000004f6                __vector_24
                0x000004f6                __vector_55
                0x000004f6                __vector_46
                0x000004f6                __bad_interrupt
                0x000004f6                __vector_6
                0x000004f6                __vector_31
                0x000004f6                __vector_35
                0x000004f6                __vector_39
                0x000004f6                __vector_3
                0x000004f6                __vector_30
                0x000004f6                __vector_45
                0x000004f6                __vector_25
                0x000004f6                __vector_11
                0x000004f6                __vector_54
                0x000004f6                __vector_13
                0x000004f6                __vector_17
                0x000004f6                __vector_19
                0x000004f6                __vector_56
                0x000004f6                __vector_7
                0x000004f6                __vector_49
                0x000004f6                __vector_41
                0x000004f6                __vector_43
                0x000004f6                __vector_27
                0x000004f6                __vector_5
                0x000004f6                __vector_33
                0x000004f6                __vector_47
                0x000004f6                __vector_52
                0x000004f6                __vector_37
                0x000004f6                __vector_4
                0x000004f6                __vector_44
                0x000004f6                __vector_51
                0x000004f6                __vector_9
                0x000004f6                __vector_2
                0x000004f6                __vector_21
                0x000004f6                __vector_15
                0x000004f6                __vector_36
                0x000004f6                __vector_29
                0x000004f6                __vector_40
                0x000004f6                __vector_8
                0x000004f6                __vector_26
                0x000004f6                __vector_48
                0x000004f6                __vector_14
                0x000004f6                __vector_53
                0x000004f6                __vector_10
                0x000004f6                __vector_50
                0x000004f6                __vector_16
                0x000004f6                __vector_18
                0x000004f6                __vector_20
                0x000004f6                __vector_42
                0x000004f8                . = ALIGN (0x2)
 *(.text.*)
 .text._Z8BSP_initv
                0x000004f8       0x34 BSP_atmega2560.o
                0x000004f8                _Z8BSP_initv
 .text._Z14BSP_led_red_onv
                0x0000052c        0x6 BSP_atmega2560.o
                0x0000052c                _Z14BSP_led_red_onv
 .text._Z15BSP_led_red_offv
                0x00000532        0x6 BSP_atmega2560.o
                0x00000532                _Z15BSP_led_red_offv
 .text._Z17BSP_led_yellow_onv
                0x00000538        0x6 BSP_atmega2560.o
                0x00000538                _Z17BSP_led_yellow_onv
 .text._Z18BSP_led_yellow_offv
                0x0000053e        0x6 BSP_atmega2560.o
                0x0000053e                _Z18BSP_led_yellow_offv
 .text._Z16BSP_led_green_onv
                0x00000544        0x6 BSP_atmega2560.o
                0x00000544                _Z16BSP_led_green_onv
 .text._Z17BSP_led_green_offv
                0x0000054a        0x6 BSP_atmega2560.o
                0x0000054a                _Z17BSP_led_green_offv
 .text._Z14BSP_get_switchv
                0x00000550        0x4 BSP_atmega2560.o
                0x00000550                _Z14BSP_get_switchv
 .text._Z18BSP_send_can_frameP9can_frame
                0x00000554        0xa BSP_atmega2560.o
                0x00000554                _Z18BSP_send_can_frameP9can_frame
 .text._Z17BSP_get_can_frameP9can_frame
                0x0000055e       0x1a BSP_atmega2560.o
                0x0000055e                _Z17BSP_get_can_frameP9can_frame
 .text.vApplicationTickHook
                0x00000578       0x6e BSP_atmega2560.o
                0x00000578                vApplicationTickHook
 .text.startup._GLOBAL__sub_I__Z8BSP_initv
                0x000005e6       0x1e BSP_atmega2560.o
 .text._Z14areFramesEqualP9can_frameS0_
                0x00000604       0x78 can_frames.o
                0x00000604                _Z14areFramesEqualP9can_frameS0_
 .text._ZL16Active_eventLoopPv
                0x0000067c       0x44 FreeAct.o
 .text._Z11Active_ctorP6ActivePFvS0_PK5EventE
                0x000006c0        0xc FreeAct.o
                0x000006c0                _Z11Active_ctorP6ActivePFvS0_PK5EventE
 .text._Z12Active_startP6ActivehPP5EventmPvmj
                0x000006cc       0x84 FreeAct.o
                0x000006cc                _Z12Active_startP6ActivehPP5EventmPvmj
 .text._Z11Active_postP6ActivePK5Event
                0x00000750       0x30 FreeAct.o
                0x00000750                _Z11Active_postP6ActivePK5Event
 .text._ZL18TimeEvent_callbackP10TimerDef_t
                0x00000780        0xc FreeAct.o
 .text._Z18Active_postFromISRP6ActivePK5EventPa
                0x0000078c       0x2c FreeAct.o
                0x0000078c                _Z18Active_postFromISRP6ActivePK5EventPa
 .text._Z14TimeEvent_ctorP9TimeEventjP6Active
                0x000007b8       0x44 FreeAct.o
                0x000007b8                _Z14TimeEvent_ctorP9TimeEventjP6Active
 .text._Z13TimeEvent_armP9TimeEventm
                0x000007fc       0x36 FreeAct.o
                0x000007fc                _Z13TimeEvent_armP9TimeEventm
 .text._Z16TimeEvent_disarmP9TimeEvent
                0x00000832       0x22 FreeAct.o
                0x00000832                _Z16TimeEvent_disarmP9TimeEvent
 .text._Z18CanFrameEvent_ctorP13CanFrameEventjP6Active
                0x00000854       0x14 FreeAct.o
                0x00000854                _Z18CanFrameEvent_ctorP13CanFrameEventjP6Active
 .text._Z21CanFrameEvent_fromISRPa
                0x00000868       0x32 FreeAct.o
                0x00000868                _Z21CanFrameEvent_fromISRPa
 .text._ZL21BlinkyButton_dispatchP12BlinkyButtonPK5Event
                0x0000089a       0xe8 Sketch.o
 .text._Z17BlinkyButton_ctorP12BlinkyButton
                0x00000982       0x4a Sketch.o
                0x00000982                _Z17BlinkyButton_ctorP12BlinkyButton
 .text.setup    0x000009cc       0x62 Sketch.o
                0x000009cc                setup
 .text.loop     0x00000a2e        0x2 Sketch.o
                0x00000a2e                loop
 .text.startup.main
                0x00000a30       0x18 C:\Users\user\Desktop\ECU\ECU_RB\ArduinoCore\Debug\libArduinoCore.a(main.o)
                0x00000a30                main
 .text.__vector_23
                0x00000a48       0x94 C:\Users\user\Desktop\ECU\ECU_RB\ArduinoCore\Debug\libArduinoCore.a(wiring.o)
                0x00000a48                __vector_23
 .text.millis   0x00000adc       0x18 C:\Users\user\Desktop\ECU\ECU_RB\ArduinoCore\Debug\libArduinoCore.a(wiring.o)
                0x00000adc                millis
 .text.micros   0x00000af4       0x4a C:\Users\user\Desktop\ECU\ECU_RB\ArduinoCore\Debug\libArduinoCore.a(wiring.o)
                0x00000af4                micros
 .text.delay    0x00000b3e       0x74 C:\Users\user\Desktop\ECU\ECU_RB\ArduinoCore\Debug\libArduinoCore.a(wiring.o)
                0x00000b3e                delay
 .text.init     0x00000bb2       0xc4 C:\Users\user\Desktop\ECU\ECU_RB\ArduinoCore\Debug\libArduinoCore.a(wiring.o)
                0x00000bb2                init
 .text.turnOffPWM
                0x00000c76       0xac C:\Users\user\Desktop\ECU\ECU_RB\ArduinoCore\Debug\libArduinoCore.a(wiring_digital.o)
 .text.pinMode  0x00000d22       0x78 C:\Users\user\Desktop\ECU\ECU_RB\ArduinoCore\Debug\libArduinoCore.a(wiring_digital.o)
                0x00000d22                pinMode
 .text.digitalWrite
                0x00000d9a       0x5c C:\Users\user\Desktop\ECU\ECU_RB\ArduinoCore\Debug\libArduinoCore.a(wiring_digital.o)
                0x00000d9a                digitalWrite
 .text.digitalRead
                0x00000df6       0x50 C:\Users\user\Desktop\ECU\ECU_RB\ArduinoCore\Debug\libArduinoCore.a(wiring_digital.o)
                0x00000df6                digitalRead
 .text._ZN8SPIClass8transferEh
                0x00000e46        0xe C:\Users\user\Desktop\ECU\ECU_RB\ArduinoCore\Debug\libArduinoCore.a(mcp2515.o)
                0x00000e46                _ZN8SPIClass8transferEh
 .text._ZN7MCP25158startSPIEv
                0x00000e54       0x72 C:\Users\user\Desktop\ECU\ECU_RB\ArduinoCore\Debug\libArduinoCore.a(mcp2515.o)
                0x00000e54                _ZN7MCP25158startSPIEv
 .text._ZN7MCP25156endSPIEv
                0x00000ec6       0x2a C:\Users\user\Desktop\ECU\ECU_RB\ArduinoCore\Debug\libArduinoCore.a(mcp2515.o)
                0x00000ec6                _ZN7MCP25156endSPIEv
 .text._ZN7MCP2515C2EhmP8SPIClass
                0x00000ef0       0x58 C:\Users\user\Desktop\ECU\ECU_RB\ArduinoCore\Debug\libArduinoCore.a(mcp2515.o)
                0x00000ef0                _ZN7MCP2515C1EhmP8SPIClass
                0x00000ef0                _ZN7MCP2515C2EhmP8SPIClass
 .text._ZN7MCP251512readRegisterENS_8REGISTERE
                0x00000f48       0x28 C:\Users\user\Desktop\ECU\ECU_RB\ArduinoCore\Debug\libArduinoCore.a(mcp2515.o)
                0x00000f48                _ZN7MCP251512readRegisterENS_8REGISTERE
 .text._ZN7MCP251513readRegistersENS_8REGISTEREPhh
                0x00000f70       0x4e C:\Users\user\Desktop\ECU\ECU_RB\ArduinoCore\Debug\libArduinoCore.a(mcp2515.o)
                0x00000f70                _ZN7MCP251513readRegistersENS_8REGISTEREPhh
 .text._ZN7MCP251511setRegisterENS_8REGISTEREh
                0x00000fbe       0x28 C:\Users\user\Desktop\ECU\ECU_RB\ArduinoCore\Debug\libArduinoCore.a(mcp2515.o)
                0x00000fbe                _ZN7MCP251511setRegisterENS_8REGISTEREh
 .text._ZN7MCP251512setRegistersENS_8REGISTEREPKhh
                0x00000fe6       0x4c C:\Users\user\Desktop\ECU\ECU_RB\ArduinoCore\Debug\libArduinoCore.a(mcp2515.o)
                0x00000fe6                _ZN7MCP251512setRegistersENS_8REGISTEREPKhh
 .text._ZN7MCP251514modifyRegisterENS_8REGISTEREhh
                0x00001032       0x32 C:\Users\user\Desktop\ECU\ECU_RB\ArduinoCore\Debug\libArduinoCore.a(mcp2515.o)
                0x00001032                _ZN7MCP251514modifyRegisterENS_8REGISTEREhh
 .text._ZN7MCP25159getStatusEv
                0x00001064       0x22 C:\Users\user\Desktop\ECU\ECU_RB\ArduinoCore\Debug\libArduinoCore.a(mcp2515.o)
                0x00001064                _ZN7MCP25159getStatusEv
 .text._ZN7MCP25157setModeENS_18CANCTRL_REQOP_MODEE
                0x00001086       0x5c C:\Users\user\Desktop\ECU\ECU_RB\ArduinoCore\Debug\libArduinoCore.a(mcp2515.o)
                0x00001086                _ZN7MCP25157setModeENS_18CANCTRL_REQOP_MODEE
 .text._ZN7MCP251513setConfigModeEv
                0x000010e2        0x4 C:\Users\user\Desktop\ECU\ECU_RB\ArduinoCore\Debug\libArduinoCore.a(mcp2515.o)
                0x000010e2                _ZN7MCP251513setConfigModeEv
 .text._ZN7MCP251513setNormalModeEv
                0x000010e6        0x4 C:\Users\user\Desktop\ECU\ECU_RB\ArduinoCore\Debug\libArduinoCore.a(mcp2515.o)
                0x000010e6                _ZN7MCP251513setNormalModeEv
 .text._ZN7MCP251510setBitrateE9CAN_SPEED9CAN_CLOCK
                0x000010ea      0x198 C:\Users\user\Desktop\ECU\ECU_RB\ArduinoCore\Debug\libArduinoCore.a(mcp2515.o)
                0x000010ea                _ZN7MCP251510setBitrateE9CAN_SPEED9CAN_CLOCK
 .text._ZN7MCP25159prepareIdEPhbm
                0x00001282       0x56 C:\Users\user\Desktop\ECU\ECU_RB\ArduinoCore\Debug\libArduinoCore.a(mcp2515.o)
                0x00001282                _ZN7MCP25159prepareIdEPhbm
 .text._ZN7MCP251513setFilterMaskENS_4MASKEbm
                0x000012d8       0x84 C:\Users\user\Desktop\ECU\ECU_RB\ArduinoCore\Debug\libArduinoCore.a(mcp2515.o)
                0x000012d8                _ZN7MCP251513setFilterMaskENS_4MASKEbm
 .text._ZN7MCP25159setFilterENS_3RXFEbm
                0x0000135c       0xba C:\Users\user\Desktop\ECU\ECU_RB\ArduinoCore\Debug\libArduinoCore.a(mcp2515.o)
                0x0000135c                _ZN7MCP25159setFilterENS_3RXFEbm
 .text._ZN7MCP25155resetEv
                0x00001416      0x122 C:\Users\user\Desktop\ECU\ECU_RB\ArduinoCore\Debug\libArduinoCore.a(mcp2515.o)
                0x00001416                _ZN7MCP25155resetEv
 .text._ZN7MCP251511sendMessageENS_4TXBnEPK9can_frame
                0x00001538      0x114 C:\Users\user\Desktop\ECU\ECU_RB\ArduinoCore\Debug\libArduinoCore.a(mcp2515.o)
                0x00001538                _ZN7MCP251511sendMessageENS_4TXBnEPK9can_frame
 .text._ZN7MCP251511sendMessageEPK9can_frame
                0x0000164c       0xba C:\Users\user\Desktop\ECU\ECU_RB\ArduinoCore\Debug\libArduinoCore.a(mcp2515.o)
                0x0000164c                _ZN7MCP251511sendMessageEPK9can_frame
 .text._ZN7MCP251511readMessageENS_4RXBnEP9can_frame
                0x00001706      0x122 C:\Users\user\Desktop\ECU\ECU_RB\ArduinoCore\Debug\libArduinoCore.a(mcp2515.o)
                0x00001706                _ZN7MCP251511readMessageENS_4RXBnEP9can_frame
 .text._ZN7MCP251511readMessageEP9can_frame
                0x00001828       0x38 C:\Users\user\Desktop\ECU\ECU_RB\ArduinoCore\Debug\libArduinoCore.a(mcp2515.o)
                0x00001828                _ZN7MCP251511readMessageEP9can_frame
 .text.hot.prvIsQueueEmpty
                0x00001860       0x16 C:\Users\user\Desktop\ECU\ECU_RB\ArduinoCore\Debug\libArduinoCore.a(queue.o)
 .text.hot.prvCopyDataToQueue
                0x00001876       0xa4 C:\Users\user\Desktop\ECU\ECU_RB\ArduinoCore\Debug\libArduinoCore.a(queue.o)
 .text.hot.prvCopyDataFromQueue
                0x0000191a       0x34 C:\Users\user\Desktop\ECU\ECU_RB\ArduinoCore\Debug\libArduinoCore.a(queue.o)
 .text.hot.prvUnlockQueue
                0x0000194e       0x74 C:\Users\user\Desktop\ECU\ECU_RB\ArduinoCore\Debug\libArduinoCore.a(queue.o)
 .text.hot.xQueueGenericReset
                0x000019c2       0x90 C:\Users\user\Desktop\ECU\ECU_RB\ArduinoCore\Debug\libArduinoCore.a(queue.o)
                0x000019c2                xQueueGenericReset
 .text.hot.xQueueGenericCreateStatic
                0x00001a52       0x3e C:\Users\user\Desktop\ECU\ECU_RB\ArduinoCore\Debug\libArduinoCore.a(queue.o)
                0x00001a52                xQueueGenericCreateStatic
 .text.hot.xQueueGenericSend
                0x00001a90      0x114 C:\Users\user\Desktop\ECU\ECU_RB\ArduinoCore\Debug\libArduinoCore.a(queue.o)
                0x00001a90                xQueueGenericSend
 .text.hot.xQueueGenericSendFromISR
                0x00001ba4       0x62 C:\Users\user\Desktop\ECU\ECU_RB\ArduinoCore\Debug\libArduinoCore.a(queue.o)
                0x00001ba4                xQueueGenericSendFromISR
 .text.hot.xQueueReceive
                0x00001c06      0x108 C:\Users\user\Desktop\ECU\ECU_RB\ArduinoCore\Debug\libArduinoCore.a(queue.o)
                0x00001c06                xQueueReceive
 .text.hot.vQueueWaitForMessageRestricted
                0x00001d0e       0x34 C:\Users\user\Desktop\ECU\ECU_RB\ArduinoCore\Debug\libArduinoCore.a(queue.o)
                0x00001d0e                vQueueWaitForMessageRestricted
 .text.hot.prvResetNextTaskUnblockTime
                0x00001d42       0x30 C:\Users\user\Desktop\ECU\ECU_RB\ArduinoCore\Debug\libArduinoCore.a(tasks.o)
 .text.hot.prvAddCurrentTaskToDelayedList
                0x00001d72      0x100 C:\Users\user\Desktop\ECU\ECU_RB\ArduinoCore\Debug\libArduinoCore.a(tasks.o)
 .text.hot.xTaskCreateStatic
                0x00001e72      0x200 C:\Users\user\Desktop\ECU\ECU_RB\ArduinoCore\Debug\libArduinoCore.a(tasks.o)
                0x00001e72                xTaskCreateStatic
 .text.hot.vTaskStartScheduler
                0x00002072       0x92 C:\Users\user\Desktop\ECU\ECU_RB\ArduinoCore\Debug\libArduinoCore.a(tasks.o)
                0x00002072                vTaskStartScheduler
 .text.hot.vTaskSuspendAll
                0x00002104        0xc C:\Users\user\Desktop\ECU\ECU_RB\ArduinoCore\Debug\libArduinoCore.a(tasks.o)
                0x00002104                vTaskSuspendAll
 .text.hot.xTaskGetTickCount
                0x00002110       0x14 C:\Users\user\Desktop\ECU\ECU_RB\ArduinoCore\Debug\libArduinoCore.a(tasks.o)
                0x00002110                xTaskGetTickCount
 .text.hot.uxTaskGetNumberOfTasks
                0x00002124        0x6 C:\Users\user\Desktop\ECU\ECU_RB\ArduinoCore\Debug\libArduinoCore.a(tasks.o)
                0x00002124                uxTaskGetNumberOfTasks
 .text.hot.xTaskIncrementTick
                0x0000212a      0x20c C:\Users\user\Desktop\ECU\ECU_RB\ArduinoCore\Debug\libArduinoCore.a(tasks.o)
                0x0000212a                xTaskIncrementTick
 .text.hot.xTaskResumeAll
                0x00002336      0x192 C:\Users\user\Desktop\ECU\ECU_RB\ArduinoCore\Debug\libArduinoCore.a(tasks.o)
                0x00002336                xTaskResumeAll
 .text.hot.vTaskSwitchContext
                0x000024c8       0xb6 C:\Users\user\Desktop\ECU\ECU_RB\ArduinoCore\Debug\libArduinoCore.a(tasks.o)
                0x000024c8                vTaskSwitchContext
 .text.hot.vTaskPlaceOnEventList
                0x0000257e       0x1e C:\Users\user\Desktop\ECU\ECU_RB\ArduinoCore\Debug\libArduinoCore.a(tasks.o)
                0x0000257e                vTaskPlaceOnEventList
 .text.hot.vTaskPlaceOnEventListRestricted
                0x0000259c       0x8e C:\Users\user\Desktop\ECU\ECU_RB\ArduinoCore\Debug\libArduinoCore.a(tasks.o)
                0x0000259c                vTaskPlaceOnEventListRestricted
 .text.hot.xTaskRemoveFromEventList
                0x0000262a      0x158 C:\Users\user\Desktop\ECU\ECU_RB\ArduinoCore\Debug\libArduinoCore.a(tasks.o)
                0x0000262a                xTaskRemoveFromEventList
 .text.hot.vTaskInternalSetTimeOutState
                0x00002782       0x16 C:\Users\user\Desktop\ECU\ECU_RB\ArduinoCore\Debug\libArduinoCore.a(tasks.o)
                0x00002782                vTaskInternalSetTimeOutState
 .text.hot.xTaskCheckForTimeOut
                0x00002798       0x62 C:\Users\user\Desktop\ECU\ECU_RB\ArduinoCore\Debug\libArduinoCore.a(tasks.o)
                0x00002798                xTaskCheckForTimeOut
 .text.hot.vTaskMissedYield
                0x000027fa        0x8 C:\Users\user\Desktop\ECU\ECU_RB\ArduinoCore\Debug\libArduinoCore.a(tasks.o)
                0x000027fa                vTaskMissedYield
 .text.hot.xTaskGetSchedulerState
                0x00002802       0x1c C:\Users\user\Desktop\ECU\ECU_RB\ArduinoCore\Debug\libArduinoCore.a(tasks.o)
                0x00002802                xTaskGetSchedulerState
 .text.hot.xTaskPriorityDisinherit
                0x0000281e       0xa2 C:\Users\user\Desktop\ECU\ECU_RB\ArduinoCore\Debug\libArduinoCore.a(tasks.o)
                0x0000281e                xTaskPriorityDisinherit
 .text.hot.prvCheckForValidListAndQueue
                0x000028c0       0x58 C:\Users\user\Desktop\ECU\ECU_RB\ArduinoCore\Debug\libArduinoCore.a(timers.o)
 .text.hot.prvInsertTimerInActiveList
                0x00002918       0x52 C:\Users\user\Desktop\ECU\ECU_RB\ArduinoCore\Debug\libArduinoCore.a(timers.o)
 .text.hot.prvReloadTimer
                0x0000296a       0x46 C:\Users\user\Desktop\ECU\ECU_RB\ArduinoCore\Debug\libArduinoCore.a(timers.o)
 .text.hot.prvProcessExpiredTimer
                0x000029b0       0x50 C:\Users\user\Desktop\ECU\ECU_RB\ArduinoCore\Debug\libArduinoCore.a(timers.o)
 .text.hot.prvSwitchTimerLists
                0x00002a00       0x3a C:\Users\user\Desktop\ECU\ECU_RB\ArduinoCore\Debug\libArduinoCore.a(timers.o)
 .text.hot.xTimerCreateTimerTask
                0x00002a3a       0x88 C:\Users\user\Desktop\ECU\ECU_RB\ArduinoCore\Debug\libArduinoCore.a(timers.o)
                0x00002a3a                xTimerCreateTimerTask
 .text.hot.xTimerCreateStatic
                0x00002ac2       0x6c C:\Users\user\Desktop\ECU\ECU_RB\ArduinoCore\Debug\libArduinoCore.a(timers.o)
                0x00002ac2                xTimerCreateStatic
 .text.hot.xTimerGenericCommand
                0x00002b2e       0x7a C:\Users\user\Desktop\ECU\ECU_RB\ArduinoCore\Debug\libArduinoCore.a(timers.o)
                0x00002b2e                xTimerGenericCommand
 .text.initVariant
                0x00002ba8       0x20 C:\Users\user\Desktop\ECU\ECU_RB\ArduinoCore\Debug\libArduinoCore.a(variantHooks.o)
                0x00002ba8                initVariant
 .text.vApplicationIdleHook
                0x00002bc8       0x12 C:\Users\user\Desktop\ECU\ECU_RB\ArduinoCore\Debug\libArduinoCore.a(variantHooks.o)
                0x00002bc8                vApplicationIdleHook
 .text._Z15prvSetMainLedOnv
                0x00002bda        0x6 C:\Users\user\Desktop\ECU\ECU_RB\ArduinoCore\Debug\libArduinoCore.a(variantHooks.o)
                0x00002bda                _Z15prvSetMainLedOnv
 .text._Z15prvBlinkMainLedv
                0x00002be0        0x4 C:\Users\user\Desktop\ECU\ECU_RB\ArduinoCore\Debug\libArduinoCore.a(variantHooks.o)
                0x00002be0                _Z15prvBlinkMainLedv
 .text.vApplicationStackOverflowHook
                0x00002be4       0x18 C:\Users\user\Desktop\ECU\ECU_RB\ArduinoCore\Debug\libArduinoCore.a(variantHooks.o)
                0x00002be4                vApplicationStackOverflowHook
 .text.vApplicationGetIdleTaskMemory
                0x00002bfc       0x20 C:\Users\user\Desktop\ECU\ECU_RB\ArduinoCore\Debug\libArduinoCore.a(variantHooks.o)
                0x00002bfc                vApplicationGetIdleTaskMemory
 .text.vApplicationGetTimerTaskMemory
                0x00002c1c       0x20 C:\Users\user\Desktop\ECU\ECU_RB\ArduinoCore\Debug\libArduinoCore.a(variantHooks.o)
                0x00002c1c                vApplicationGetTimerTaskMemory
 .text._ZN8SPIClass5beginEv
                0x00002c3c       0x6c C:\Users\user\Desktop\ECU\ECU_RB\ArduinoCore\Debug\libArduinoCore.a(SPI.o)
                0x00002c3c                _ZN8SPIClass5beginEv
 .text.__empty  0x00002ca8        0x2 C:\Users\user\Desktop\ECU\ECU_RB\ArduinoCore\Debug\libArduinoCore.a(hooks.o)
                0x00002ca8                yield
 .text.hot.vListInitialise
                0x00002caa       0x1c C:\Users\user\Desktop\ECU\ECU_RB\ArduinoCore\Debug\libArduinoCore.a(list.o)
                0x00002caa                vListInitialise
 .text.hot.vListInitialiseItem
                0x00002cc6        0x8 C:\Users\user\Desktop\ECU\ECU_RB\ArduinoCore\Debug\libArduinoCore.a(list.o)
                0x00002cc6                vListInitialiseItem
 .text.hot.vListInsert
                0x00002cce       0x70 C:\Users\user\Desktop\ECU\ECU_RB\ArduinoCore\Debug\libArduinoCore.a(list.o)
                0x00002cce                vListInsert
 .text.hot.uxListRemove
                0x00002d3e       0x48 C:\Users\user\Desktop\ECU\ECU_RB\ArduinoCore\Debug\libArduinoCore.a(list.o)
                0x00002d3e                uxListRemove
 .text.hot.pxPortInitialiseStack
                0x00002d86       0x2e C:\Users\user\Desktop\ECU\ECU_RB\ArduinoCore\Debug\libArduinoCore.a(port.o)
                0x00002d86                pxPortInitialiseStack
 .text.hot.vPortYield
                0x00002db4       0xc0 C:\Users\user\Desktop\ECU\ECU_RB\ArduinoCore\Debug\libArduinoCore.a(port.o)
                0x00002db4                vPortYield
 .text.hot.vPortYieldFromTick
                0x00002e74       0xc6 C:\Users\user\Desktop\ECU\ECU_RB\ArduinoCore\Debug\libArduinoCore.a(port.o)
                0x00002e74                vPortYieldFromTick
 .text.prvSetupTimerInterrupt
                0x00002f3a       0x18 C:\Users\user\Desktop\ECU\ECU_RB\ArduinoCore\Debug\libArduinoCore.a(port.o)
                0x00002f3a                prvSetupTimerInterrupt
 .text.hot.xPortStartScheduler
                0x00002f52       0x64 C:\Users\user\Desktop\ECU\ECU_RB\ArduinoCore\Debug\libArduinoCore.a(port.o)
                0x00002f52                xPortStartScheduler
 .text.hot.__vector_12
                0x00002fb6        0x4 C:\Users\user\Desktop\ECU\ECU_RB\ArduinoCore\Debug\libArduinoCore.a(port.o)
                0x00002fb6                __vector_12
 .text.libgcc   0x00002fba       0x10 c:/program files (x86)/atmel/studio/7.0/toolchain/avr8/avr8-gnu-toolchain/bin/../lib/gcc/avr/5.4.0/avr6\libgcc.a(_tablejump2.o)
                0x00002fba                __tablejump2__
 .text.avr-libc
                0x00002fca       0x12 c:/program files (x86)/atmel/studio/7.0/toolchain/avr8/avr8-gnu-toolchain/bin/../lib/gcc/avr/5.4.0/../../../../avr/lib/avr6\libc.a(memcpy.o)
                0x00002fca                memcpy
 .text.avr-libc
                0x00002fdc        0xe c:/program files (x86)/atmel/studio/7.0/toolchain/avr8/avr8-gnu-toolchain/bin/../lib/gcc/avr/5.4.0/../../../../avr/lib/avr6\libc.a(memset.o)
                0x00002fdc                memset
                0x00002fea                . = ALIGN (0x2)
 *(.fini9)
 .fini9         0x00002fea        0x0 c:/program files (x86)/atmel/studio/7.0/toolchain/avr8/avr8-gnu-toolchain/bin/../lib/gcc/avr/5.4.0/avr6\libgcc.a(_exit.o)
                0x00002fea                _exit
                0x00002fea                exit
 *(.fini9)
 *(.fini8)
 *(.fini8)
 *(.fini7)
 *(.fini7)
 *(.fini6)
 *(.fini6)
 *(.fini5)
 *(.fini5)
 *(.fini4)
 *(.fini4)
 *(.fini3)
 *(.fini3)
 *(.fini2)
 *(.fini2)
 *(.fini1)
 *(.fini1)
 *(.fini0)
 .fini0         0x00002fea        0x4 c:/program files (x86)/atmel/studio/7.0/toolchain/avr8/avr8-gnu-toolchain/bin/../lib/gcc/avr/5.4.0/avr6\libgcc.a(_exit.o)
 *(.fini0)
                0x00002fee                _etext = .

.data           0x00800200       0x70 load address 0x00002fee
                0x00800200                PROVIDE (__data_start, .)
 *(.data)
 .data          0x00800200        0x6 c:/program files (x86)/atmel/studio/7.0/toolchain/avr8/avr8-gnu-toolchain/bin/../lib/gcc/avr/5.4.0/../../../../avr/lib/avr6\libc.a(malloc.o)
                0x00800200                __malloc_heap_end
                0x00800202                __malloc_heap_start
                0x00800204                __malloc_margin
 *(.data*)
 *fill*         0x00800206        0x2 
 .data.frame_request_seatbelt
                0x00800208       0x10 can_frames.o
                0x00800208                frame_request_seatbelt
 .data.frame_right_seatbelt_unhoocked
                0x00800218       0x10 can_frames.o
                0x00800218                frame_right_seatbelt_unhoocked
 .data.frame_right_seatbelt_hoocked
                0x00800228       0x10 can_frames.o
                0x00800228                frame_right_seatbelt_hoocked
 .data.AO_blinkyButton
                0x00800238        0x2 Sketch.o
                0x00800238                AO_blinkyButton
 .data.uxTopUsedPriority
                0x0080023a        0x1 C:\Users\user\Desktop\ECU\ECU_RB\ArduinoCore\Debug\libArduinoCore.a(tasks.o)
                0x0080023a                uxTopUsedPriority
 *(.gnu.linkonce.d*)
 *(.rodata)
 .rodata        0x0080023b        0x9 C:\Users\user\Desktop\ECU\ECU_RB\ArduinoCore\Debug\libArduinoCore.a(mcp2515.o)
 *(.rodata*)
 .rodata._ZZL32state_switch_not_pressed_handlerPKiPaE16switchPressedEvt
                0x00800244        0x2 BSP_atmega2560.o
 .rodata._ZZL28state_switch_pressed_handlerPKiPaE16switchRelasedEvt
                0x00800246        0x2 BSP_atmega2560.o
 .rodata.str1.1
                0x00800248        0x6 FreeAct.o
 .rodata._ZZL16Active_eventLoopPvE7initEvt
                0x0080024e        0x2 FreeAct.o
 .rodata._ZZL21BlinkyButton_dispatchP12BlinkyButtonPK5EventE18initLedRedBlinkEvt
                0x00800250        0x2 Sketch.o
 .rodata._ZN7MCP25153RXBE
                0x00800252        0x8 C:\Users\user\Desktop\ECU\ECU_RB\ArduinoCore\Debug\libArduinoCore.a(mcp2515.o)
                0x00800252                _ZN7MCP25153RXBE
 .rodata._ZN7MCP25153TXBE
                0x0080025a        0x9 C:\Users\user\Desktop\ECU\ECU_RB\ArduinoCore\Debug\libArduinoCore.a(mcp2515.o)
                0x0080025a                _ZN7MCP25153TXBE
 .rodata.str1.1
                0x00800263        0x5 C:\Users\user\Desktop\ECU\ECU_RB\ArduinoCore\Debug\libArduinoCore.a(tasks.o)
 .rodata.str1.1
                0x00800268        0x8 C:\Users\user\Desktop\ECU\ECU_RB\ArduinoCore\Debug\libArduinoCore.a(timers.o)
 *(.gnu.linkonce.r*)
                0x00800270                . = ALIGN (0x2)
                0x00800270                _edata = .
                0x00800270                PROVIDE (__data_end, .)

.bss            0x00800270      0x3b9
                0x00800270                PROVIDE (__bss_start, .)
 *(.bss)
 *(.bss*)
 .bss._ZL12state_switch
                0x00800270        0x1 BSP_atmega2560.o
 .bss._ZL7mcp2515
                0x00800271        0x7 BSP_atmega2560.o
 .bss._ZL5cfevt
                0x00800278        0x2 FreeAct.o
 .bss._ZL12blinkyButton
                0x0080027a       0x96 Sketch.o
 .bss._ZL18blinkyButton_queue
                0x00800310       0x14 Sketch.o
 .bss._ZL18blinkyButton_stack
                0x00800324       0xc0 Sketch.o
 .bss.timer0_fract
                0x008003e4        0x1 C:\Users\user\Desktop\ECU\ECU_RB\ArduinoCore\Debug\libArduinoCore.a(wiring.o)
 .bss.timer0_millis
                0x008003e5        0x4 C:\Users\user\Desktop\ECU\ECU_RB\ArduinoCore\Debug\libArduinoCore.a(wiring.o)
                0x008003e5                timer0_millis
 .bss.timer0_overflow_count
                0x008003e9        0x4 C:\Users\user\Desktop\ECU\ECU_RB\ArduinoCore\Debug\libArduinoCore.a(wiring.o)
                0x008003e9                timer0_overflow_count
 .bss.uxSchedulerSuspended
                0x008003ed        0x1 C:\Users\user\Desktop\ECU\ECU_RB\ArduinoCore\Debug\libArduinoCore.a(tasks.o)
 .bss.xNextTaskUnblockTime
                0x008003ee        0x2 C:\Users\user\Desktop\ECU\ECU_RB\ArduinoCore\Debug\libArduinoCore.a(tasks.o)
 .bss.uxTaskNumber
                0x008003f0        0x1 C:\Users\user\Desktop\ECU\ECU_RB\ArduinoCore\Debug\libArduinoCore.a(tasks.o)
 .bss.xNumOfOverflows
                0x008003f1        0x1 C:\Users\user\Desktop\ECU\ECU_RB\ArduinoCore\Debug\libArduinoCore.a(tasks.o)
 .bss.xYieldPending
                0x008003f2        0x1 C:\Users\user\Desktop\ECU\ECU_RB\ArduinoCore\Debug\libArduinoCore.a(tasks.o)
 .bss.xPendedTicks
                0x008003f3        0x2 C:\Users\user\Desktop\ECU\ECU_RB\ArduinoCore\Debug\libArduinoCore.a(tasks.o)
 .bss.xSchedulerRunning
                0x008003f5        0x1 C:\Users\user\Desktop\ECU\ECU_RB\ArduinoCore\Debug\libArduinoCore.a(tasks.o)
 .bss.uxTopReadyPriority
                0x008003f6        0x1 C:\Users\user\Desktop\ECU\ECU_RB\ArduinoCore\Debug\libArduinoCore.a(tasks.o)
 .bss.xTickCount
                0x008003f7        0x2 C:\Users\user\Desktop\ECU\ECU_RB\ArduinoCore\Debug\libArduinoCore.a(tasks.o)
 .bss.uxCurrentNumberOfTasks
                0x008003f9        0x1 C:\Users\user\Desktop\ECU\ECU_RB\ArduinoCore\Debug\libArduinoCore.a(tasks.o)
 .bss.xSuspendedTaskList
                0x008003fa        0x9 C:\Users\user\Desktop\ECU\ECU_RB\ArduinoCore\Debug\libArduinoCore.a(tasks.o)
 .bss.uxDeletedTasksWaitingCleanUp
                0x00800403        0x1 C:\Users\user\Desktop\ECU\ECU_RB\ArduinoCore\Debug\libArduinoCore.a(tasks.o)
 .bss.xTasksWaitingTermination
                0x00800404        0x9 C:\Users\user\Desktop\ECU\ECU_RB\ArduinoCore\Debug\libArduinoCore.a(tasks.o)
 .bss.xPendingReadyList
                0x0080040d        0x9 C:\Users\user\Desktop\ECU\ECU_RB\ArduinoCore\Debug\libArduinoCore.a(tasks.o)
 .bss.pxOverflowDelayedTaskList
                0x00800416        0x2 C:\Users\user\Desktop\ECU\ECU_RB\ArduinoCore\Debug\libArduinoCore.a(tasks.o)
 .bss.pxDelayedTaskList
                0x00800418        0x2 C:\Users\user\Desktop\ECU\ECU_RB\ArduinoCore\Debug\libArduinoCore.a(tasks.o)
 .bss.xDelayedTaskList2
                0x0080041a        0x9 C:\Users\user\Desktop\ECU\ECU_RB\ArduinoCore\Debug\libArduinoCore.a(tasks.o)
 .bss.xDelayedTaskList1
                0x00800423        0x9 C:\Users\user\Desktop\ECU\ECU_RB\ArduinoCore\Debug\libArduinoCore.a(tasks.o)
 .bss.pxReadyTasksLists
                0x0080042c       0x24 C:\Users\user\Desktop\ECU\ECU_RB\ArduinoCore\Debug\libArduinoCore.a(tasks.o)
 .bss.pxCurrentTCB
                0x00800450        0x2 C:\Users\user\Desktop\ECU\ECU_RB\ArduinoCore\Debug\libArduinoCore.a(tasks.o)
                0x00800450                pxCurrentTCB
 .bss.xStaticTimerQueue.2528
                0x00800452       0x1f C:\Users\user\Desktop\ECU\ECU_RB\ArduinoCore\Debug\libArduinoCore.a(timers.o)
 .bss.ucStaticTimerQueueStorage.2529
                0x00800471       0x32 C:\Users\user\Desktop\ECU\ECU_RB\ArduinoCore\Debug\libArduinoCore.a(timers.o)
 .bss.xLastTime.2488
                0x008004a3        0x2 C:\Users\user\Desktop\ECU\ECU_RB\ArduinoCore\Debug\libArduinoCore.a(timers.o)
 .bss.xTimerTaskHandle
                0x008004a5        0x2 C:\Users\user\Desktop\ECU\ECU_RB\ArduinoCore\Debug\libArduinoCore.a(timers.o)
 .bss.xTimerQueue
                0x008004a7        0x2 C:\Users\user\Desktop\ECU\ECU_RB\ArduinoCore\Debug\libArduinoCore.a(timers.o)
 .bss.pxOverflowTimerList
                0x008004a9        0x2 C:\Users\user\Desktop\ECU\ECU_RB\ArduinoCore\Debug\libArduinoCore.a(timers.o)
 .bss.pxCurrentTimerList
                0x008004ab        0x2 C:\Users\user\Desktop\ECU\ECU_RB\ArduinoCore\Debug\libArduinoCore.a(timers.o)
 .bss.xActiveTimerList2
                0x008004ad        0x9 C:\Users\user\Desktop\ECU\ECU_RB\ArduinoCore\Debug\libArduinoCore.a(timers.o)
 .bss.xActiveTimerList1
                0x008004b6        0x9 C:\Users\user\Desktop\ECU\ECU_RB\ArduinoCore\Debug\libArduinoCore.a(timers.o)
 .bss._ZZ30vApplicationGetTimerTaskMemoryE16uxTimerTaskStack
                0x008004bf       0x55 C:\Users\user\Desktop\ECU\ECU_RB\ArduinoCore\Debug\libArduinoCore.a(variantHooks.o)
 .bss._ZZ30vApplicationGetTimerTaskMemoryE13xTimerTaskTCB
                0x00800514       0x28 C:\Users\user\Desktop\ECU\ECU_RB\ArduinoCore\Debug\libArduinoCore.a(variantHooks.o)
 .bss._ZZ29vApplicationGetIdleTaskMemoryE15uxIdleTaskStack
                0x0080053c       0xc0 C:\Users\user\Desktop\ECU\ECU_RB\ArduinoCore\Debug\libArduinoCore.a(variantHooks.o)
 .bss._ZZ29vApplicationGetIdleTaskMemoryE12xIdleTaskTCB
                0x008005fc       0x28 C:\Users\user\Desktop\ECU\ECU_RB\ArduinoCore\Debug\libArduinoCore.a(variantHooks.o)
 .bss._ZN8SPIClass13interruptSaveE
                0x00800624        0x1 C:\Users\user\Desktop\ECU\ECU_RB\ArduinoCore\Debug\libArduinoCore.a(SPI.o)
                0x00800624                _ZN8SPIClass13interruptSaveE
 .bss._ZN8SPIClass13interruptMaskE
                0x00800625        0x1 C:\Users\user\Desktop\ECU\ECU_RB\ArduinoCore\Debug\libArduinoCore.a(SPI.o)
                0x00800625                _ZN8SPIClass13interruptMaskE
 .bss._ZN8SPIClass13interruptModeE
                0x00800626        0x1 C:\Users\user\Desktop\ECU\ECU_RB\ArduinoCore\Debug\libArduinoCore.a(SPI.o)
                0x00800626                _ZN8SPIClass13interruptModeE
 .bss._ZN8SPIClass11initializedE
                0x00800627        0x1 C:\Users\user\Desktop\ECU\ECU_RB\ArduinoCore\Debug\libArduinoCore.a(SPI.o)
                0x00800627                _ZN8SPIClass11initializedE
 .bss.SPI       0x00800628        0x1 C:\Users\user\Desktop\ECU\ECU_RB\ArduinoCore\Debug\libArduinoCore.a(SPI.o)
                0x00800628                SPI
 *(COMMON)
                0x00800629                PROVIDE (__bss_end, .)
                0x00002fee                __data_load_start = LOADADDR (.data)
                0x0000305e                __data_load_end = (__data_load_start + SIZEOF (.data))

.noinit         0x00800629        0x0
                [!provide]                PROVIDE (__noinit_start, .)
 *(.noinit*)
                [!provide]                PROVIDE (__noinit_end, .)
                0x00800629                _end = .
                0x00800629                PROVIDE (__heap_start, .)

.eeprom         0x00810000        0x0
 *(.eeprom*)
                0x00810000                __eeprom_end = .

.fuse
 *(.fuse)
 *(.lfuse)
 *(.hfuse)
 *(.efuse)

.lock
 *(.lock*)

.signature
 *(.signature*)

.user_signatures
 *(.user_signatures*)

.stab
 *(.stab)

.stabstr
 *(.stabstr)

.stab.excl
 *(.stab.excl)

.stab.exclstr
 *(.stab.exclstr)

.stab.index
 *(.stab.index)

.stab.indexstr
 *(.stab.indexstr)

.comment        0x00000000       0x30
 *(.comment)
 .comment       0x00000000       0x30 BSP_atmega2560.o
                                 0x31 (size before relaxing)
 .comment       0x00000030       0x31 can_frames.o
 .comment       0x00000030       0x31 FreeAct.o
 .comment       0x00000030       0x31 Sketch.o
 .comment       0x00000030       0x31 C:\Users\user\Desktop\ECU\ECU_RB\ArduinoCore\Debug\libArduinoCore.a(main.o)
 .comment       0x00000030       0x31 C:\Users\user\Desktop\ECU\ECU_RB\ArduinoCore\Debug\libArduinoCore.a(wiring.o)
 .comment       0x00000030       0x31 C:\Users\user\Desktop\ECU\ECU_RB\ArduinoCore\Debug\libArduinoCore.a(wiring_digital.o)
 .comment       0x00000030       0x31 C:\Users\user\Desktop\ECU\ECU_RB\ArduinoCore\Debug\libArduinoCore.a(mcp2515.o)
 .comment       0x00000030       0x31 C:\Users\user\Desktop\ECU\ECU_RB\ArduinoCore\Debug\libArduinoCore.a(queue.o)
 .comment       0x00000030       0x31 C:\Users\user\Desktop\ECU\ECU_RB\ArduinoCore\Debug\libArduinoCore.a(tasks.o)
 .comment       0x00000030       0x31 C:\Users\user\Desktop\ECU\ECU_RB\ArduinoCore\Debug\libArduinoCore.a(timers.o)
 .comment       0x00000030       0x31 C:\Users\user\Desktop\ECU\ECU_RB\ArduinoCore\Debug\libArduinoCore.a(variantHooks.o)
 .comment       0x00000030       0x31 C:\Users\user\Desktop\ECU\ECU_RB\ArduinoCore\Debug\libArduinoCore.a(SPI.o)
 .comment       0x00000030       0x31 C:\Users\user\Desktop\ECU\ECU_RB\ArduinoCore\Debug\libArduinoCore.a(hooks.o)
 .comment       0x00000030       0x31 C:\Users\user\Desktop\ECU\ECU_RB\ArduinoCore\Debug\libArduinoCore.a(list.o)
 .comment       0x00000030       0x31 C:\Users\user\Desktop\ECU\ECU_RB\ArduinoCore\Debug\libArduinoCore.a(port.o)
 .comment       0x00000030       0x31 c:/program files (x86)/atmel/studio/7.0/toolchain/avr8/avr8-gnu-toolchain/bin/../lib/gcc/avr/5.4.0/../../../../avr/lib/avr6\libc.a(malloc.o)

.note.gnu.avr.deviceinfo
                0x00000000       0x40
 .note.gnu.avr.deviceinfo
                0x00000000       0x40 C:/Program Files (x86)/Atmel/Studio/7.0/Packs/atmel/ATmega_DFP/1.6.364/gcc/dev/atmega2560/avr6/crtatmega2560.o

.note.gnu.build-id
 *(.note.gnu.build-id)

.debug
 *(.debug)

.line
 *(.line)

.debug_srcinfo
 *(.debug_srcinfo)

.debug_sfnames
 *(.debug_sfnames)

.debug_aranges  0x00000000      0x7f8
 *(.debug_aranges)
 .debug_aranges
                0x00000000       0x90 BSP_atmega2560.o
 .debug_aranges
                0x00000090       0x20 can_frames.o
 .debug_aranges
                0x000000b0       0x78 FreeAct.o
 .debug_aranges
                0x00000128       0x38 Sketch.o
 .debug_aranges
                0x00000160       0x30 C:\Users\user\Desktop\ECU\ECU_RB\ArduinoCore\Debug\libArduinoCore.a(main.o)
 .debug_aranges
                0x00000190       0x48 C:\Users\user\Desktop\ECU\ECU_RB\ArduinoCore\Debug\libArduinoCore.a(wiring.o)
 .debug_aranges
                0x000001d8       0x38 C:\Users\user\Desktop\ECU\ECU_RB\ArduinoCore\Debug\libArduinoCore.a(wiring_digital.o)
 .debug_aranges
                0x00000210      0x158 C:\Users\user\Desktop\ECU\ECU_RB\ArduinoCore\Debug\libArduinoCore.a(mcp2515.o)
 .debug_aranges
                0x00000368       0xe8 C:\Users\user\Desktop\ECU\ECU_RB\ArduinoCore\Debug\libArduinoCore.a(queue.o)
 .debug_aranges
                0x00000450      0x1a0 C:\Users\user\Desktop\ECU\ECU_RB\ArduinoCore\Debug\libArduinoCore.a(tasks.o)
 .debug_aranges
                0x000005f0       0xb8 C:\Users\user\Desktop\ECU\ECU_RB\ArduinoCore\Debug\libArduinoCore.a(timers.o)
 .debug_aranges
                0x000006a8       0x58 C:\Users\user\Desktop\ECU\ECU_RB\ArduinoCore\Debug\libArduinoCore.a(variantHooks.o)
 .debug_aranges
                0x00000700       0x38 C:\Users\user\Desktop\ECU\ECU_RB\ArduinoCore\Debug\libArduinoCore.a(SPI.o)
 .debug_aranges
                0x00000738       0x20 C:\Users\user\Desktop\ECU\ECU_RB\ArduinoCore\Debug\libArduinoCore.a(hooks.o)
 .debug_aranges
                0x00000758       0x40 C:\Users\user\Desktop\ECU\ECU_RB\ArduinoCore\Debug\libArduinoCore.a(list.o)
 .debug_aranges
                0x00000798       0x60 C:\Users\user\Desktop\ECU\ECU_RB\ArduinoCore\Debug\libArduinoCore.a(port.o)

.debug_pubnames
 *(.debug_pubnames)

.debug_info     0x00000000     0xe8f6
 *(.debug_info .gnu.linkonce.wi.*)
 .debug_info    0x00000000      0xbbc C:/Program Files (x86)/Atmel/Studio/7.0/Packs/atmel/ATmega_DFP/1.6.364/gcc/dev/atmega2560/avr6/crtatmega2560.o
 .debug_info    0x00000bbc     0x1bd3 BSP_atmega2560.o
 .debug_info    0x0000278f      0x2da can_frames.o
 .debug_info    0x00002a69      0xdbc FreeAct.o
 .debug_info    0x00003825      0xc8c Sketch.o
 .debug_info    0x000044b1      0x295 C:\Users\user\Desktop\ECU\ECU_RB\ArduinoCore\Debug\libArduinoCore.a(main.o)
 .debug_info    0x00004746      0x329 C:\Users\user\Desktop\ECU\ECU_RB\ArduinoCore\Debug\libArduinoCore.a(wiring.o)
 .debug_info    0x00004a6f      0x63a C:\Users\user\Desktop\ECU\ECU_RB\ArduinoCore\Debug\libArduinoCore.a(wiring_digital.o)
 .debug_info    0x000050a9     0x2ed9 C:\Users\user\Desktop\ECU\ECU_RB\ArduinoCore\Debug\libArduinoCore.a(mcp2515.o)
 .debug_info    0x00007f82     0x1b81 C:\Users\user\Desktop\ECU\ECU_RB\ArduinoCore\Debug\libArduinoCore.a(queue.o)
 .debug_info    0x00009b03     0x2555 C:\Users\user\Desktop\ECU\ECU_RB\ArduinoCore\Debug\libArduinoCore.a(tasks.o)
 .debug_info    0x0000c058     0x14be C:\Users\user\Desktop\ECU\ECU_RB\ArduinoCore\Debug\libArduinoCore.a(timers.o)
 .debug_info    0x0000d516      0x684 C:\Users\user\Desktop\ECU\ECU_RB\ArduinoCore\Debug\libArduinoCore.a(variantHooks.o)
 .debug_info    0x0000db9a      0x6cd C:\Users\user\Desktop\ECU\ECU_RB\ArduinoCore\Debug\libArduinoCore.a(SPI.o)
 .debug_info    0x0000e267       0x3e C:\Users\user\Desktop\ECU\ECU_RB\ArduinoCore\Debug\libArduinoCore.a(hooks.o)
 .debug_info    0x0000e2a5      0x2eb C:\Users\user\Desktop\ECU\ECU_RB\ArduinoCore\Debug\libArduinoCore.a(list.o)
 .debug_info    0x0000e590      0x366 C:\Users\user\Desktop\ECU\ECU_RB\ArduinoCore\Debug\libArduinoCore.a(port.o)

.debug_abbrev   0x00000000     0x31e9
 *(.debug_abbrev)
 .debug_abbrev  0x00000000      0xb1a C:/Program Files (x86)/Atmel/Studio/7.0/Packs/atmel/ATmega_DFP/1.6.364/gcc/dev/atmega2560/avr6/crtatmega2560.o
 .debug_abbrev  0x00000b1a      0x50d BSP_atmega2560.o
 .debug_abbrev  0x00001027      0x12b can_frames.o
 .debug_abbrev  0x00001152      0x2cb FreeAct.o
 .debug_abbrev  0x0000141d      0x26a Sketch.o
 .debug_abbrev  0x00001687      0x12d C:\Users\user\Desktop\ECU\ECU_RB\ArduinoCore\Debug\libArduinoCore.a(main.o)
 .debug_abbrev  0x000017b4      0x146 C:\Users\user\Desktop\ECU\ECU_RB\ArduinoCore\Debug\libArduinoCore.a(wiring.o)
 .debug_abbrev  0x000018fa      0x15a C:\Users\user\Desktop\ECU\ECU_RB\ArduinoCore\Debug\libArduinoCore.a(wiring_digital.o)
 .debug_abbrev  0x00001a54      0x5ac C:\Users\user\Desktop\ECU\ECU_RB\ArduinoCore\Debug\libArduinoCore.a(mcp2515.o)
 .debug_abbrev  0x00002000      0x37b C:\Users\user\Desktop\ECU\ECU_RB\ArduinoCore\Debug\libArduinoCore.a(queue.o)
 .debug_abbrev  0x0000237b      0x39d C:\Users\user\Desktop\ECU\ECU_RB\ArduinoCore\Debug\libArduinoCore.a(tasks.o)
 .debug_abbrev  0x00002718      0x381 C:\Users\user\Desktop\ECU\ECU_RB\ArduinoCore\Debug\libArduinoCore.a(timers.o)
 .debug_abbrev  0x00002a99      0x20c C:\Users\user\Desktop\ECU\ECU_RB\ArduinoCore\Debug\libArduinoCore.a(variantHooks.o)
 .debug_abbrev  0x00002ca5      0x283 C:\Users\user\Desktop\ECU\ECU_RB\ArduinoCore\Debug\libArduinoCore.a(SPI.o)
 .debug_abbrev  0x00002f28       0x2a C:\Users\user\Desktop\ECU\ECU_RB\ArduinoCore\Debug\libArduinoCore.a(hooks.o)
 .debug_abbrev  0x00002f52       0xff C:\Users\user\Desktop\ECU\ECU_RB\ArduinoCore\Debug\libArduinoCore.a(list.o)
 .debug_abbrev  0x00003051      0x198 C:\Users\user\Desktop\ECU\ECU_RB\ArduinoCore\Debug\libArduinoCore.a(port.o)

.debug_line     0x00000000     0x5479
 *(.debug_line .debug_line.* .debug_line_end)
 .debug_line    0x00000000      0x1fa C:/Program Files (x86)/Atmel/Studio/7.0/Packs/atmel/ATmega_DFP/1.6.364/gcc/dev/atmega2560/avr6/crtatmega2560.o
 .debug_line    0x000001fa      0x445 BSP_atmega2560.o
 .debug_line    0x0000063f      0x19f can_frames.o
 .debug_line    0x000007de      0x37c FreeAct.o
 .debug_line    0x00000b5a      0x32e Sketch.o
 .debug_line    0x00000e88      0x161 C:\Users\user\Desktop\ECU\ECU_RB\ArduinoCore\Debug\libArduinoCore.a(main.o)
 .debug_line    0x00000fe9      0x2cb C:\Users\user\Desktop\ECU\ECU_RB\ArduinoCore\Debug\libArduinoCore.a(wiring.o)
 .debug_line    0x000012b4      0x284 C:\Users\user\Desktop\ECU\ECU_RB\ArduinoCore\Debug\libArduinoCore.a(wiring_digital.o)
 .debug_line    0x00001538      0xd34 C:\Users\user\Desktop\ECU\ECU_RB\ArduinoCore\Debug\libArduinoCore.a(mcp2515.o)
 .debug_line    0x0000226c      0xc19 C:\Users\user\Desktop\ECU\ECU_RB\ArduinoCore\Debug\libArduinoCore.a(queue.o)
 .debug_line    0x00002e85     0x1449 C:\Users\user\Desktop\ECU\ECU_RB\ArduinoCore\Debug\libArduinoCore.a(tasks.o)
 .debug_line    0x000042ce      0x63f C:\Users\user\Desktop\ECU\ECU_RB\ArduinoCore\Debug\libArduinoCore.a(timers.o)
 .debug_line    0x0000490d      0x356 C:\Users\user\Desktop\ECU\ECU_RB\ArduinoCore\Debug\libArduinoCore.a(variantHooks.o)
 .debug_line    0x00004c63      0x2eb C:\Users\user\Desktop\ECU\ECU_RB\ArduinoCore\Debug\libArduinoCore.a(SPI.o)
 .debug_line    0x00004f4e       0x41 C:\Users\user\Desktop\ECU\ECU_RB\ArduinoCore\Debug\libArduinoCore.a(hooks.o)
 .debug_line    0x00004f8f      0x209 C:\Users\user\Desktop\ECU\ECU_RB\ArduinoCore\Debug\libArduinoCore.a(list.o)
 .debug_line    0x00005198      0x2e1 C:\Users\user\Desktop\ECU\ECU_RB\ArduinoCore\Debug\libArduinoCore.a(port.o)

.debug_frame    0x00000000     0x18dc
 *(.debug_frame)
 .debug_frame   0x00000000      0x120 BSP_atmega2560.o
 .debug_frame   0x00000120       0x44 can_frames.o
 .debug_frame   0x00000164      0x19c FreeAct.o
 .debug_frame   0x00000300       0xa8 Sketch.o
 .debug_frame   0x000003a8       0x54 C:\Users\user\Desktop\ECU\ECU_RB\ArduinoCore\Debug\libArduinoCore.a(main.o)
 .debug_frame   0x000003fc       0xc4 C:\Users\user\Desktop\ECU\ECU_RB\ArduinoCore\Debug\libArduinoCore.a(wiring.o)
 .debug_frame   0x000004c0       0x7c C:\Users\user\Desktop\ECU\ECU_RB\ArduinoCore\Debug\libArduinoCore.a(wiring_digital.o)
 .debug_frame   0x0000053c      0x560 C:\Users\user\Desktop\ECU\ECU_RB\ArduinoCore\Debug\libArduinoCore.a(mcp2515.o)
 .debug_frame   0x00000a9c      0x384 C:\Users\user\Desktop\ECU\ECU_RB\ArduinoCore\Debug\libArduinoCore.a(queue.o)
 .debug_frame   0x00000e20      0x628 C:\Users\user\Desktop\ECU\ECU_RB\ArduinoCore\Debug\libArduinoCore.a(tasks.o)
 .debug_frame   0x00001448      0x238 C:\Users\user\Desktop\ECU\ECU_RB\ArduinoCore\Debug\libArduinoCore.a(timers.o)
 .debug_frame   0x00001680       0x94 C:\Users\user\Desktop\ECU\ECU_RB\ArduinoCore\Debug\libArduinoCore.a(variantHooks.o)
 .debug_frame   0x00001714       0x5c C:\Users\user\Desktop\ECU\ECU_RB\ArduinoCore\Debug\libArduinoCore.a(SPI.o)
 .debug_frame   0x00001770       0x24 C:\Users\user\Desktop\ECU\ECU_RB\ArduinoCore\Debug\libArduinoCore.a(hooks.o)
 .debug_frame   0x00001794       0x90 C:\Users\user\Desktop\ECU\ECU_RB\ArduinoCore\Debug\libArduinoCore.a(list.o)
 .debug_frame   0x00001824       0xb8 C:\Users\user\Desktop\ECU\ECU_RB\ArduinoCore\Debug\libArduinoCore.a(port.o)

.debug_str      0x00000000     0x4358
 *(.debug_str)
 .debug_str     0x00000000      0x3e6 C:/Program Files (x86)/Atmel/Studio/7.0/Packs/atmel/ATmega_DFP/1.6.364/gcc/dev/atmega2560/avr6/crtatmega2560.o
 .debug_str     0x000003e6     0x1aa4 BSP_atmega2560.o
                               0x1bd5 (size before relaxing)
 .debug_str     0x00001e8a       0xa5 can_frames.o
                                0x313 (size before relaxing)
 .debug_str     0x00001f2f      0x3a1 FreeAct.o
                                0x919 (size before relaxing)
 .debug_str     0x000022d0       0xbd Sketch.o
                                0xa34 (size before relaxing)
 .debug_str     0x0000238d       0x8d C:\Users\user\Desktop\ECU\ECU_RB\ArduinoCore\Debug\libArduinoCore.a(main.o)
                                0x29a (size before relaxing)
 .debug_str     0x0000241a      0x15b C:\Users\user\Desktop\ECU\ECU_RB\ArduinoCore\Debug\libArduinoCore.a(wiring.o)
                                0x230 (size before relaxing)
 .debug_str     0x00002575       0xc2 C:\Users\user\Desktop\ECU\ECU_RB\ArduinoCore\Debug\libArduinoCore.a(wiring_digital.o)
                                0x295 (size before relaxing)
 .debug_str     0x00002637      0x363 C:\Users\user\Desktop\ECU\ECU_RB\ArduinoCore\Debug\libArduinoCore.a(mcp2515.o)
                               0x18cb (size before relaxing)
 .debug_str     0x0000299a      0x708 C:\Users\user\Desktop\ECU\ECU_RB\ArduinoCore\Debug\libArduinoCore.a(queue.o)
                                0xaba (size before relaxing)
 .debug_str     0x000030a2      0xab0 C:\Users\user\Desktop\ECU\ECU_RB\ArduinoCore\Debug\libArduinoCore.a(tasks.o)
                               0x10b4 (size before relaxing)
 .debug_str     0x00003b52      0x45b C:\Users\user\Desktop\ECU\ECU_RB\ArduinoCore\Debug\libArduinoCore.a(timers.o)
                                0xac2 (size before relaxing)
 .debug_str     0x00003fad      0x1bc C:\Users\user\Desktop\ECU\ECU_RB\ArduinoCore\Debug\libArduinoCore.a(variantHooks.o)
                                0x5ab (size before relaxing)
 .debug_str     0x00004169       0x9f C:\Users\user\Desktop\ECU\ECU_RB\ArduinoCore\Debug\libArduinoCore.a(SPI.o)
                                0x693 (size before relaxing)
 .debug_str     0x00004208       0x1c C:\Users\user\Desktop\ECU\ECU_RB\ArduinoCore\Debug\libArduinoCore.a(hooks.o)
                                0x125 (size before relaxing)
 .debug_str     0x00004224       0x62 C:\Users\user\Desktop\ECU\ECU_RB\ArduinoCore\Debug\libArduinoCore.a(list.o)
                                0x2fb (size before relaxing)
 .debug_str     0x00004286       0xd2 C:\Users\user\Desktop\ECU\ECU_RB\ArduinoCore\Debug\libArduinoCore.a(port.o)
                                0x34c (size before relaxing)

.debug_loc      0x00000000     0x9be8
 *(.debug_loc)
 .debug_loc     0x00000000      0x1b4 BSP_atmega2560.o
 .debug_loc     0x000001b4       0xe3 can_frames.o
 .debug_loc     0x00000297      0x7cb FreeAct.o
 .debug_loc     0x00000a62      0x30b Sketch.o
 .debug_loc     0x00000d6d      0x28d C:\Users\user\Desktop\ECU\ECU_RB\ArduinoCore\Debug\libArduinoCore.a(wiring.o)
 .debug_loc     0x00000ffa      0x56b C:\Users\user\Desktop\ECU\ECU_RB\ArduinoCore\Debug\libArduinoCore.a(wiring_digital.o)
 .debug_loc     0x00001565     0x2bfe C:\Users\user\Desktop\ECU\ECU_RB\ArduinoCore\Debug\libArduinoCore.a(mcp2515.o)
 .debug_loc     0x00004163     0x1dc3 C:\Users\user\Desktop\ECU\ECU_RB\ArduinoCore\Debug\libArduinoCore.a(queue.o)
 .debug_loc     0x00005f26     0x2921 C:\Users\user\Desktop\ECU\ECU_RB\ArduinoCore\Debug\libArduinoCore.a(tasks.o)
 .debug_loc     0x00008847      0xd11 C:\Users\user\Desktop\ECU\ECU_RB\ArduinoCore\Debug\libArduinoCore.a(timers.o)
 .debug_loc     0x00009558      0x148 C:\Users\user\Desktop\ECU\ECU_RB\ArduinoCore\Debug\libArduinoCore.a(variantHooks.o)
 .debug_loc     0x000096a0      0x1f0 C:\Users\user\Desktop\ECU\ECU_RB\ArduinoCore\Debug\libArduinoCore.a(SPI.o)
 .debug_loc     0x00009890      0x1d7 C:\Users\user\Desktop\ECU\ECU_RB\ArduinoCore\Debug\libArduinoCore.a(list.o)
 .debug_loc     0x00009a67      0x181 C:\Users\user\Desktop\ECU\ECU_RB\ArduinoCore\Debug\libArduinoCore.a(port.o)

.debug_macinfo
 *(.debug_macinfo)

.debug_weaknames
 *(.debug_weaknames)

.debug_funcnames
 *(.debug_funcnames)

.debug_typenames
 *(.debug_typenames)

.debug_varnames
 *(.debug_varnames)

.debug_pubtypes
 *(.debug_pubtypes)

.debug_ranges   0x00000000      0x7e0
 *(.debug_ranges)
 .debug_ranges  0x00000000       0x80 BSP_atmega2560.o
 .debug_ranges  0x00000080       0x10 can_frames.o
 .debug_ranges  0x00000090       0x68 FreeAct.o
 .debug_ranges  0x000000f8       0x40 Sketch.o
 .debug_ranges  0x00000138       0x20 C:\Users\user\Desktop\ECU\ECU_RB\ArduinoCore\Debug\libArduinoCore.a(main.o)
 .debug_ranges  0x00000158       0x38 C:\Users\user\Desktop\ECU\ECU_RB\ArduinoCore\Debug\libArduinoCore.a(wiring.o)
 .debug_ranges  0x00000190       0x28 C:\Users\user\Desktop\ECU\ECU_RB\ArduinoCore\Debug\libArduinoCore.a(wiring_digital.o)
 .debug_ranges  0x000001b8      0x180 C:\Users\user\Desktop\ECU\ECU_RB\ArduinoCore\Debug\libArduinoCore.a(mcp2515.o)
 .debug_ranges  0x00000338       0xf0 C:\Users\user\Desktop\ECU\ECU_RB\ArduinoCore\Debug\libArduinoCore.a(queue.o)
 .debug_ranges  0x00000428      0x210 C:\Users\user\Desktop\ECU\ECU_RB\ArduinoCore\Debug\libArduinoCore.a(tasks.o)
 .debug_ranges  0x00000638       0xa8 C:\Users\user\Desktop\ECU\ECU_RB\ArduinoCore\Debug\libArduinoCore.a(timers.o)
 .debug_ranges  0x000006e0       0x48 C:\Users\user\Desktop\ECU\ECU_RB\ArduinoCore\Debug\libArduinoCore.a(variantHooks.o)
 .debug_ranges  0x00000728       0x28 C:\Users\user\Desktop\ECU\ECU_RB\ArduinoCore\Debug\libArduinoCore.a(SPI.o)
 .debug_ranges  0x00000750       0x10 C:\Users\user\Desktop\ECU\ECU_RB\ArduinoCore\Debug\libArduinoCore.a(hooks.o)
 .debug_ranges  0x00000760       0x30 C:\Users\user\Desktop\ECU\ECU_RB\ArduinoCore\Debug\libArduinoCore.a(list.o)
 .debug_ranges  0x00000790       0x50 C:\Users\user\Desktop\ECU\ECU_RB\ArduinoCore\Debug\libArduinoCore.a(port.o)

.debug_macro
 *(.debug_macro)
OUTPUT(ECU_RB.elf elf32-avr)
LOAD linker stubs
