Archive member included to satisfy reference by file (symbol)

C:\Users\user\Desktop\ECU\ECU_LT\ArduinoCore\Debug\libArduinoCore.a(main.o)
                              C:/Program Files (x86)/Atmel/Studio/7.0/Packs/atmel/ATmega_DFP/1.6.364/gcc/dev/atmega2560/avr6/crtatmega2560.o (main)
C:\Users\user\Desktop\ECU\ECU_LT\ArduinoCore\Debug\libArduinoCore.a(wiring.o)
                              C:\Users\user\Desktop\ECU\ECU_LT\ArduinoCore\Debug\libArduinoCore.a(main.o) (init)
C:\Users\user\Desktop\ECU\ECU_LT\ArduinoCore\Debug\libArduinoCore.a(wiring_digital.o)
                              BSP_atmega2560.o (pinMode)
C:\Users\user\Desktop\ECU\ECU_LT\ArduinoCore\Debug\libArduinoCore.a(mcp2515.o)
                              BSP_atmega2560.o (_ZN7MCP2515C1EhmP8SPIClass)
C:\Users\user\Desktop\ECU\ECU_LT\ArduinoCore\Debug\libArduinoCore.a(queue.o)
                              FreeAct.o (xQueueGenericCreateStatic)
C:\Users\user\Desktop\ECU\ECU_LT\ArduinoCore\Debug\libArduinoCore.a(tasks.o)
                              FreeAct.o (xTaskCreateStatic)
C:\Users\user\Desktop\ECU\ECU_LT\ArduinoCore\Debug\libArduinoCore.a(timers.o)
                              C:\Users\user\Desktop\ECU\ECU_LT\ArduinoCore\Debug\libArduinoCore.a(tasks.o) (xTimerCreateTimerTask)
C:\Users\user\Desktop\ECU\ECU_LT\ArduinoCore\Debug\libArduinoCore.a(variantHooks.o)
                              C:\Users\user\Desktop\ECU\ECU_LT\ArduinoCore\Debug\libArduinoCore.a(tasks.o) (vApplicationIdleHook)
C:\Users\user\Desktop\ECU\ECU_LT\ArduinoCore\Debug\libArduinoCore.a(SPI.o)
                              C:\Users\user\Desktop\ECU\ECU_LT\ArduinoCore\Debug\libArduinoCore.a(mcp2515.o) (_ZN8SPIClass5beginEv)
C:\Users\user\Desktop\ECU\ECU_LT\ArduinoCore\Debug\libArduinoCore.a(hooks.o)
                              C:\Users\user\Desktop\ECU\ECU_LT\ArduinoCore\Debug\libArduinoCore.a(wiring.o) (yield)
C:\Users\user\Desktop\ECU\ECU_LT\ArduinoCore\Debug\libArduinoCore.a(list.o)
                              C:\Users\user\Desktop\ECU\ECU_LT\ArduinoCore\Debug\libArduinoCore.a(queue.o) (vListInitialise)
C:\Users\user\Desktop\ECU\ECU_LT\ArduinoCore\Debug\libArduinoCore.a(port.o)
                              C:\Users\user\Desktop\ECU\ECU_LT\ArduinoCore\Debug\libArduinoCore.a(tasks.o) (pxPortInitialiseStack)
c:/program files (x86)/atmel/studio/7.0/toolchain/avr8/avr8-gnu-toolchain/bin/../lib/gcc/avr/5.4.0/avr6\libgcc.a(_exit.o)
                              C:/Program Files (x86)/Atmel/Studio/7.0/Packs/atmel/ATmega_DFP/1.6.364/gcc/dev/atmega2560/avr6/crtatmega2560.o (exit)
c:/program files (x86)/atmel/studio/7.0/toolchain/avr8/avr8-gnu-toolchain/bin/../lib/gcc/avr/5.4.0/avr6\libgcc.a(_tablejump2.o)
                              C:\Users\user\Desktop\ECU\ECU_LT\ArduinoCore\Debug\libArduinoCore.a(wiring_digital.o) (__tablejump2__)
c:/program files (x86)/atmel/studio/7.0/toolchain/avr8/avr8-gnu-toolchain/bin/../lib/gcc/avr/5.4.0/avr6\libgcc.a(_copy_data.o)
                              BSP_atmega2560.o (__do_copy_data)
c:/program files (x86)/atmel/studio/7.0/toolchain/avr8/avr8-gnu-toolchain/bin/../lib/gcc/avr/5.4.0/avr6\libgcc.a(_clear_bss.o)
                              BSP_atmega2560.o (__do_clear_bss)
c:/program files (x86)/atmel/studio/7.0/toolchain/avr8/avr8-gnu-toolchain/bin/../lib/gcc/avr/5.4.0/avr6\libgcc.a(_ctors.o)
                              BSP_atmega2560.o (__do_global_ctors)
c:/program files (x86)/atmel/studio/7.0/toolchain/avr8/avr8-gnu-toolchain/bin/../lib/gcc/avr/5.4.0/../../../../avr/lib/avr6\libc.a(malloc.o)
                              C:\Users\user\Desktop\ECU\ECU_LT\ArduinoCore\Debug\libArduinoCore.a(variantHooks.o) (__malloc_heap_end)
c:/program files (x86)/atmel/studio/7.0/toolchain/avr8/avr8-gnu-toolchain/bin/../lib/gcc/avr/5.4.0/../../../../avr/lib/avr6\libc.a(memcpy.o)
                              C:\Users\user\Desktop\ECU\ECU_LT\ArduinoCore\Debug\libArduinoCore.a(mcp2515.o) (memcpy)
c:/program files (x86)/atmel/studio/7.0/toolchain/avr8/avr8-gnu-toolchain/bin/../lib/gcc/avr/5.4.0/../../../../avr/lib/avr6\libc.a(memset.o)
                              C:\Users\user\Desktop\ECU\ECU_LT\ArduinoCore\Debug\libArduinoCore.a(tasks.o) (memset)

Allocating common symbols
Common symbol       size              file

__brkval            0x2               c:/program files (x86)/atmel/studio/7.0/toolchain/avr8/avr8-gnu-toolchain/bin/../lib/gcc/avr/5.4.0/../../../../avr/lib/avr6\libc.a(malloc.o)
portTickRateHz      0x2               C:\Users\user\Desktop\ECU\ECU_LT\ArduinoCore\Debug\libArduinoCore.a(port.o)
__flp               0x2               c:/program files (x86)/atmel/studio/7.0/toolchain/avr8/avr8-gnu-toolchain/bin/../lib/gcc/avr/5.4.0/../../../../avr/lib/avr6\libc.a(malloc.o)
ticksRemainingInSec
                    0x2               C:\Users\user\Desktop\ECU\ECU_LT\ArduinoCore\Debug\libArduinoCore.a(port.o)

Discarded input sections

 .data          0x00000000        0x0 C:/Program Files (x86)/Atmel/Studio/7.0/Packs/atmel/ATmega_DFP/1.6.364/gcc/dev/atmega2560/avr6/crtatmega2560.o
 .bss           0x00000000        0x0 C:/Program Files (x86)/Atmel/Studio/7.0/Packs/atmel/ATmega_DFP/1.6.364/gcc/dev/atmega2560/avr6/crtatmega2560.o
 .text          0x00000000        0x0 BSP_atmega2560.o
 .data          0x00000000        0x0 BSP_atmega2560.o
 .bss           0x00000000        0x0 BSP_atmega2560.o
 .text._Z9BSP_startv
                0x00000000        0x2 BSP_atmega2560.o
 .text._Z17BSP_led_yellow_onv
                0x00000000        0x8 BSP_atmega2560.o
 .text._Z18BSP_led_yellow_offv
                0x00000000        0x8 BSP_atmega2560.o
 .text._Z13BSP_buzzer_onv
                0x00000000        0x8 BSP_atmega2560.o
 .text._Z14BSP_buzzer_offv
                0x00000000        0x8 BSP_atmega2560.o
 .text._Z17BSP_get_can_frameP9can_frame
                0x00000000       0x1a BSP_atmega2560.o
 .text          0x00000000        0x0 can_frames.o
 .data          0x00000000        0x0 can_frames.o
 .bss           0x00000000        0x0 can_frames.o
 .text          0x00000000        0x0 FreeAct.o
 .data          0x00000000        0x0 FreeAct.o
 .bss           0x00000000        0x0 FreeAct.o
 .text          0x00000000        0x0 Sketch.o
 .data          0x00000000        0x0 Sketch.o
 .bss           0x00000000        0x0 Sketch.o
 .text          0x00000000        0x0 C:\Users\user\Desktop\ECU\ECU_LT\ArduinoCore\Debug\libArduinoCore.a(main.o)
 .data          0x00000000        0x0 C:\Users\user\Desktop\ECU\ECU_LT\ArduinoCore\Debug\libArduinoCore.a(main.o)
 .bss           0x00000000        0x0 C:\Users\user\Desktop\ECU\ECU_LT\ArduinoCore\Debug\libArduinoCore.a(main.o)
 .text.atexit   0x00000000        0x6 C:\Users\user\Desktop\ECU\ECU_LT\ArduinoCore\Debug\libArduinoCore.a(main.o)
 .text.initVariant
                0x00000000        0x2 C:\Users\user\Desktop\ECU\ECU_LT\ArduinoCore\Debug\libArduinoCore.a(main.o)
 .text._Z8setupUSBv
                0x00000000        0x2 C:\Users\user\Desktop\ECU\ECU_LT\ArduinoCore\Debug\libArduinoCore.a(main.o)
 .text          0x00000000        0x0 C:\Users\user\Desktop\ECU\ECU_LT\ArduinoCore\Debug\libArduinoCore.a(wiring.o)
 .data          0x00000000        0x0 C:\Users\user\Desktop\ECU\ECU_LT\ArduinoCore\Debug\libArduinoCore.a(wiring.o)
 .bss           0x00000000        0x0 C:\Users\user\Desktop\ECU\ECU_LT\ArduinoCore\Debug\libArduinoCore.a(wiring.o)
 .text.delayMicroseconds
                0x00000000       0x16 C:\Users\user\Desktop\ECU\ECU_LT\ArduinoCore\Debug\libArduinoCore.a(wiring.o)
 .text          0x00000000        0x0 C:\Users\user\Desktop\ECU\ECU_LT\ArduinoCore\Debug\libArduinoCore.a(wiring_digital.o)
 .data          0x00000000        0x0 C:\Users\user\Desktop\ECU\ECU_LT\ArduinoCore\Debug\libArduinoCore.a(wiring_digital.o)
 .bss           0x00000000        0x0 C:\Users\user\Desktop\ECU\ECU_LT\ArduinoCore\Debug\libArduinoCore.a(wiring_digital.o)
 .group         0x00000000        0x8 C:\Users\user\Desktop\ECU\ECU_LT\ArduinoCore\Debug\libArduinoCore.a(mcp2515.o)
 .text          0x00000000        0x0 C:\Users\user\Desktop\ECU\ECU_LT\ArduinoCore\Debug\libArduinoCore.a(mcp2515.o)
 .data          0x00000000        0x0 C:\Users\user\Desktop\ECU\ECU_LT\ArduinoCore\Debug\libArduinoCore.a(mcp2515.o)
 .bss           0x00000000        0x0 C:\Users\user\Desktop\ECU\ECU_LT\ArduinoCore\Debug\libArduinoCore.a(mcp2515.o)
 .text._ZN7MCP251513readRegistersENS_8REGISTEREPhh
                0x00000000       0x58 C:\Users\user\Desktop\ECU\ECU_LT\ArduinoCore\Debug\libArduinoCore.a(mcp2515.o)
 .text._ZN7MCP25159getStatusEv
                0x00000000       0x2a C:\Users\user\Desktop\ECU\ECU_LT\ArduinoCore\Debug\libArduinoCore.a(mcp2515.o)
 .text._ZN7MCP251517setListenOnlyModeEv
                0x00000000        0x6 C:\Users\user\Desktop\ECU\ECU_LT\ArduinoCore\Debug\libArduinoCore.a(mcp2515.o)
 .text._ZN7MCP251512setSleepModeEv
                0x00000000        0x6 C:\Users\user\Desktop\ECU\ECU_LT\ArduinoCore\Debug\libArduinoCore.a(mcp2515.o)
 .text._ZN7MCP251515setLoopbackModeEv
                0x00000000        0x6 C:\Users\user\Desktop\ECU\ECU_LT\ArduinoCore\Debug\libArduinoCore.a(mcp2515.o)
 .text._ZN7MCP251510setBitrateE9CAN_SPEED
                0x00000000        0x6 C:\Users\user\Desktop\ECU\ECU_LT\ArduinoCore\Debug\libArduinoCore.a(mcp2515.o)
 .text._ZN7MCP25159setClkOutE10CAN_CLKOUT
                0x00000000       0x42 C:\Users\user\Desktop\ECU\ECU_LT\ArduinoCore\Debug\libArduinoCore.a(mcp2515.o)
 .text._ZN7MCP251511readMessageENS_4RXBnEP9can_frame
                0x00000000      0x12a C:\Users\user\Desktop\ECU\ECU_LT\ArduinoCore\Debug\libArduinoCore.a(mcp2515.o)
 .text._ZN7MCP251511readMessageEP9can_frame
                0x00000000       0x3c C:\Users\user\Desktop\ECU\ECU_LT\ArduinoCore\Debug\libArduinoCore.a(mcp2515.o)
 .text._ZN7MCP251512checkReceiveEv
                0x00000000       0x10 C:\Users\user\Desktop\ECU\ECU_LT\ArduinoCore\Debug\libArduinoCore.a(mcp2515.o)
 .text._ZN7MCP251513getErrorFlagsEv
                0x00000000        0x6 C:\Users\user\Desktop\ECU\ECU_LT\ArduinoCore\Debug\libArduinoCore.a(mcp2515.o)
 .text._ZN7MCP251510checkErrorEv
                0x00000000       0x10 C:\Users\user\Desktop\ECU\ECU_LT\ArduinoCore\Debug\libArduinoCore.a(mcp2515.o)
 .text._ZN7MCP251516clearRXnOVRFlagsEv
                0x00000000        0xa C:\Users\user\Desktop\ECU\ECU_LT\ArduinoCore\Debug\libArduinoCore.a(mcp2515.o)
 .text._ZN7MCP251513getInterruptsEv
                0x00000000        0x6 C:\Users\user\Desktop\ECU\ECU_LT\ArduinoCore\Debug\libArduinoCore.a(mcp2515.o)
 .text._ZN7MCP251515clearInterruptsEv
                0x00000000        0x8 C:\Users\user\Desktop\ECU\ECU_LT\ArduinoCore\Debug\libArduinoCore.a(mcp2515.o)
 .text._ZN7MCP251516getInterruptMaskEv
                0x00000000        0x6 C:\Users\user\Desktop\ECU\ECU_LT\ArduinoCore\Debug\libArduinoCore.a(mcp2515.o)
 .text._ZN7MCP251517clearTXInterruptsEv
                0x00000000        0xa C:\Users\user\Desktop\ECU\ECU_LT\ArduinoCore\Debug\libArduinoCore.a(mcp2515.o)
 .text._ZN7MCP251511clearRXnOVREv
                0x00000000       0x24 C:\Users\user\Desktop\ECU\ECU_LT\ArduinoCore\Debug\libArduinoCore.a(mcp2515.o)
 .text._ZN7MCP25159clearMERREv
                0x00000000        0xa C:\Users\user\Desktop\ECU\ECU_LT\ArduinoCore\Debug\libArduinoCore.a(mcp2515.o)
 .text._ZN7MCP251510clearERRIFEv
                0x00000000        0xa C:\Users\user\Desktop\ECU\ECU_LT\ArduinoCore\Debug\libArduinoCore.a(mcp2515.o)
 .text._ZN7MCP251512errorCountRXEv
                0x00000000        0x6 C:\Users\user\Desktop\ECU\ECU_LT\ArduinoCore\Debug\libArduinoCore.a(mcp2515.o)
 .text._ZN7MCP251512errorCountTXEv
                0x00000000        0x6 C:\Users\user\Desktop\ECU\ECU_LT\ArduinoCore\Debug\libArduinoCore.a(mcp2515.o)
 .rodata._ZN7MCP25153RXBE
                0x00000000        0x8 C:\Users\user\Desktop\ECU\ECU_LT\ArduinoCore\Debug\libArduinoCore.a(mcp2515.o)
 .text          0x00000000        0x0 C:\Users\user\Desktop\ECU\ECU_LT\ArduinoCore\Debug\libArduinoCore.a(queue.o)
 .data          0x00000000        0x0 C:\Users\user\Desktop\ECU\ECU_LT\ArduinoCore\Debug\libArduinoCore.a(queue.o)
 .bss           0x00000000        0x0 C:\Users\user\Desktop\ECU\ECU_LT\ArduinoCore\Debug\libArduinoCore.a(queue.o)
 .text.hot.xQueueGenericGetStaticBuffers
                0x00000000       0x1c C:\Users\user\Desktop\ECU\ECU_LT\ArduinoCore\Debug\libArduinoCore.a(queue.o)
 .text.hot.xQueueCreateCountingSemaphoreStatic
                0x00000000       0x30 C:\Users\user\Desktop\ECU\ECU_LT\ArduinoCore\Debug\libArduinoCore.a(queue.o)
 .text.hot.xQueueCreateMutexStatic
                0x00000000       0x3e C:\Users\user\Desktop\ECU\ECU_LT\ArduinoCore\Debug\libArduinoCore.a(queue.o)
 .text.hot.xQueueGiveMutexRecursive
                0x00000000       0x44 C:\Users\user\Desktop\ECU\ECU_LT\ArduinoCore\Debug\libArduinoCore.a(queue.o)
 .text.hot.xQueueGiveFromISR
                0x00000000       0x5e C:\Users\user\Desktop\ECU\ECU_LT\ArduinoCore\Debug\libArduinoCore.a(queue.o)
 .text.hot.xQueueSemaphoreTake
                0x00000000      0x184 C:\Users\user\Desktop\ECU\ECU_LT\ArduinoCore\Debug\libArduinoCore.a(queue.o)
 .text.hot.xQueueTakeMutexRecursive
                0x00000000       0x48 C:\Users\user\Desktop\ECU\ECU_LT\ArduinoCore\Debug\libArduinoCore.a(queue.o)
 .text.hot.xQueuePeek
                0x00000000      0x124 C:\Users\user\Desktop\ECU\ECU_LT\ArduinoCore\Debug\libArduinoCore.a(queue.o)
 .text.hot.xQueueReceiveFromISR
                0x00000000       0x66 C:\Users\user\Desktop\ECU\ECU_LT\ArduinoCore\Debug\libArduinoCore.a(queue.o)
 .text.hot.xQueuePeekFromISR
                0x00000000       0x2e C:\Users\user\Desktop\ECU\ECU_LT\ArduinoCore\Debug\libArduinoCore.a(queue.o)
 .text.hot.uxQueueMessagesWaiting
                0x00000000       0x10 C:\Users\user\Desktop\ECU\ECU_LT\ArduinoCore\Debug\libArduinoCore.a(queue.o)
 .text.hot.uxQueueSpacesAvailable
                0x00000000       0x14 C:\Users\user\Desktop\ECU\ECU_LT\ArduinoCore\Debug\libArduinoCore.a(queue.o)
 .text.hot.uxQueueMessagesWaitingFromISR
                0x00000000        0x6 C:\Users\user\Desktop\ECU\ECU_LT\ArduinoCore\Debug\libArduinoCore.a(queue.o)
 .text.hot.vQueueDelete
                0x00000000        0x2 C:\Users\user\Desktop\ECU\ECU_LT\ArduinoCore\Debug\libArduinoCore.a(queue.o)
 .text.hot.xQueueIsQueueEmptyFromISR
                0x00000000        0xc C:\Users\user\Desktop\ECU\ECU_LT\ArduinoCore\Debug\libArduinoCore.a(queue.o)
 .text.hot.xQueueIsQueueFullFromISR
                0x00000000        0xe C:\Users\user\Desktop\ECU\ECU_LT\ArduinoCore\Debug\libArduinoCore.a(queue.o)
 .text          0x00000000        0x0 C:\Users\user\Desktop\ECU\ECU_LT\ArduinoCore\Debug\libArduinoCore.a(tasks.o)
 .data          0x00000000        0x0 C:\Users\user\Desktop\ECU\ECU_LT\ArduinoCore\Debug\libArduinoCore.a(tasks.o)
 .bss           0x00000000        0x0 C:\Users\user\Desktop\ECU\ECU_LT\ArduinoCore\Debug\libArduinoCore.a(tasks.o)
 .text.hot.vTaskDelete
                0x00000000       0xa4 C:\Users\user\Desktop\ECU\ECU_LT\ArduinoCore\Debug\libArduinoCore.a(tasks.o)
 .text.hot.uxTaskPriorityGet
                0x00000000       0x1e C:\Users\user\Desktop\ECU\ECU_LT\ArduinoCore\Debug\libArduinoCore.a(tasks.o)
 .text.hot.uxTaskPriorityGetFromISR
                0x00000000       0x14 C:\Users\user\Desktop\ECU\ECU_LT\ArduinoCore\Debug\libArduinoCore.a(tasks.o)
 .text.hot.vTaskPrioritySet
                0x00000000      0x104 C:\Users\user\Desktop\ECU\ECU_LT\ArduinoCore\Debug\libArduinoCore.a(tasks.o)
 .text.hot.vTaskResume
                0x00000000       0xce C:\Users\user\Desktop\ECU\ECU_LT\ArduinoCore\Debug\libArduinoCore.a(tasks.o)
 .text.hot.xTaskResumeFromISR
                0x00000000       0xca C:\Users\user\Desktop\ECU\ECU_LT\ArduinoCore\Debug\libArduinoCore.a(tasks.o)
 .text.hot.vTaskEndScheduler
                0x00000000        0xe C:\Users\user\Desktop\ECU\ECU_LT\ArduinoCore\Debug\libArduinoCore.a(tasks.o)
 .text.hot.xTaskGetTickCountFromISR
                0x00000000        0xa C:\Users\user\Desktop\ECU\ECU_LT\ArduinoCore\Debug\libArduinoCore.a(tasks.o)
 .text.hot.pcTaskGetName
                0x00000000       0x10 C:\Users\user\Desktop\ECU\ECU_LT\ArduinoCore\Debug\libArduinoCore.a(tasks.o)
 .text.hot.xTaskGetStaticBuffers
                0x00000000       0x22 C:\Users\user\Desktop\ECU\ECU_LT\ArduinoCore\Debug\libArduinoCore.a(tasks.o)
 .text.hot.xTaskDelayUntil
                0x00000000       0x70 C:\Users\user\Desktop\ECU\ECU_LT\ArduinoCore\Debug\libArduinoCore.a(tasks.o)
 .text.hot.vTaskDelay
                0x00000000       0x2a C:\Users\user\Desktop\ECU\ECU_LT\ArduinoCore\Debug\libArduinoCore.a(tasks.o)
 .text.hot.xTaskCatchUpTicks
                0x00000000       0x30 C:\Users\user\Desktop\ECU\ECU_LT\ArduinoCore\Debug\libArduinoCore.a(tasks.o)
 .text.hot.vTaskSuspend
                0x00000000       0xac C:\Users\user\Desktop\ECU\ECU_LT\ArduinoCore\Debug\libArduinoCore.a(tasks.o)
 .text.hot.vTaskPlaceOnUnorderedEventList
                0x00000000       0x8a C:\Users\user\Desktop\ECU\ECU_LT\ArduinoCore\Debug\libArduinoCore.a(tasks.o)
 .text.hot.vTaskRemoveFromUnorderedEventList
                0x00000000      0x10e C:\Users\user\Desktop\ECU\ECU_LT\ArduinoCore\Debug\libArduinoCore.a(tasks.o)
 .text.hot.vTaskSetTimeOutState
                0x00000000       0x20 C:\Users\user\Desktop\ECU\ECU_LT\ArduinoCore\Debug\libArduinoCore.a(tasks.o)
 .text.hot.uxTaskGetStackHighWaterMark
                0x00000000       0x2c C:\Users\user\Desktop\ECU\ECU_LT\ArduinoCore\Debug\libArduinoCore.a(tasks.o)
 .text.hot.xTaskGetCurrentTaskHandle
                0x00000000        0xa C:\Users\user\Desktop\ECU\ECU_LT\ArduinoCore\Debug\libArduinoCore.a(tasks.o)
 .text.hot.xTaskPriorityInherit
                0x00000000       0xf8 C:\Users\user\Desktop\ECU\ECU_LT\ArduinoCore\Debug\libArduinoCore.a(tasks.o)
 .text.hot.vTaskPriorityDisinheritAfterTimeout
                0x00000000       0xbe C:\Users\user\Desktop\ECU\ECU_LT\ArduinoCore\Debug\libArduinoCore.a(tasks.o)
 .text.hot.uxTaskResetEventItemValue
                0x00000000       0x2e C:\Users\user\Desktop\ECU\ECU_LT\ArduinoCore\Debug\libArduinoCore.a(tasks.o)
 .text.hot.pvTaskIncrementMutexHeldCount
                0x00000000       0x24 C:\Users\user\Desktop\ECU\ECU_LT\ArduinoCore\Debug\libArduinoCore.a(tasks.o)
 .text.hot.ulTaskGenericNotifyTake
                0x00000000       0xe2 C:\Users\user\Desktop\ECU\ECU_LT\ArduinoCore\Debug\libArduinoCore.a(tasks.o)
 .text.hot.xTaskGenericNotifyWait
                0x00000000      0x142 C:\Users\user\Desktop\ECU\ECU_LT\ArduinoCore\Debug\libArduinoCore.a(tasks.o)
 .text.hot.xTaskGenericNotify
                0x00000000      0x1b8 C:\Users\user\Desktop\ECU\ECU_LT\ArduinoCore\Debug\libArduinoCore.a(tasks.o)
 .text.hot.xTaskGenericNotifyFromISR
                0x00000000      0x20c C:\Users\user\Desktop\ECU\ECU_LT\ArduinoCore\Debug\libArduinoCore.a(tasks.o)
 .text.hot.vTaskGenericNotifyGiveFromISR
                0x00000000      0x162 C:\Users\user\Desktop\ECU\ECU_LT\ArduinoCore\Debug\libArduinoCore.a(tasks.o)
 .text.hot.xTaskGenericNotifyStateClear
                0x00000000       0x2c C:\Users\user\Desktop\ECU\ECU_LT\ArduinoCore\Debug\libArduinoCore.a(tasks.o)
 .text.hot.ulTaskGenericNotifyValueClear
                0x00000000       0x68 C:\Users\user\Desktop\ECU\ECU_LT\ArduinoCore\Debug\libArduinoCore.a(tasks.o)
 .text          0x00000000        0x0 C:\Users\user\Desktop\ECU\ECU_LT\ArduinoCore\Debug\libArduinoCore.a(timers.o)
 .data          0x00000000        0x0 C:\Users\user\Desktop\ECU\ECU_LT\ArduinoCore\Debug\libArduinoCore.a(timers.o)
 .bss           0x00000000        0x0 C:\Users\user\Desktop\ECU\ECU_LT\ArduinoCore\Debug\libArduinoCore.a(timers.o)
 .text.hot.xTimerGetTimerDaemonTaskHandle
                0x00000000        0xa C:\Users\user\Desktop\ECU\ECU_LT\ArduinoCore\Debug\libArduinoCore.a(timers.o)
 .text.hot.xTimerGetPeriod
                0x00000000        0x8 C:\Users\user\Desktop\ECU\ECU_LT\ArduinoCore\Debug\libArduinoCore.a(timers.o)
 .text.hot.vTimerSetReloadMode
                0x00000000       0x1c C:\Users\user\Desktop\ECU\ECU_LT\ArduinoCore\Debug\libArduinoCore.a(timers.o)
 .text.hot.xTimerGetReloadMode
                0x00000000       0x16 C:\Users\user\Desktop\ECU\ECU_LT\ArduinoCore\Debug\libArduinoCore.a(timers.o)
 .text.hot.uxTimerGetReloadMode
                0x00000000        0x4 C:\Users\user\Desktop\ECU\ECU_LT\ArduinoCore\Debug\libArduinoCore.a(timers.o)
 .text.hot.xTimerGetExpiryTime
                0x00000000        0x8 C:\Users\user\Desktop\ECU\ECU_LT\ArduinoCore\Debug\libArduinoCore.a(timers.o)
 .text.hot.xTimerGetStaticBuffer
                0x00000000       0x16 C:\Users\user\Desktop\ECU\ECU_LT\ArduinoCore\Debug\libArduinoCore.a(timers.o)
 .text.hot.pcTimerGetName
                0x00000000        0x8 C:\Users\user\Desktop\ECU\ECU_LT\ArduinoCore\Debug\libArduinoCore.a(timers.o)
 .text.hot.xTimerIsTimerActive
                0x00000000       0x12 C:\Users\user\Desktop\ECU\ECU_LT\ArduinoCore\Debug\libArduinoCore.a(timers.o)
 .text.hot.pvTimerGetTimerID
                0x00000000       0x12 C:\Users\user\Desktop\ECU\ECU_LT\ArduinoCore\Debug\libArduinoCore.a(timers.o)
 .text.hot.vTimerSetTimerID
                0x00000000       0x12 C:\Users\user\Desktop\ECU\ECU_LT\ArduinoCore\Debug\libArduinoCore.a(timers.o)
 .text          0x00000000        0x0 C:\Users\user\Desktop\ECU\ECU_LT\ArduinoCore\Debug\libArduinoCore.a(variantHooks.o)
 .data          0x00000000        0x0 C:\Users\user\Desktop\ECU\ECU_LT\ArduinoCore\Debug\libArduinoCore.a(variantHooks.o)
 .bss           0x00000000        0x0 C:\Users\user\Desktop\ECU\ECU_LT\ArduinoCore\Debug\libArduinoCore.a(variantHooks.o)
 .text.vApplicationMallocFailedHook
                0x00000000       0x1c C:\Users\user\Desktop\ECU\ECU_LT\ArduinoCore\Debug\libArduinoCore.a(variantHooks.o)
 .text          0x00000000        0x0 C:\Users\user\Desktop\ECU\ECU_LT\ArduinoCore\Debug\libArduinoCore.a(SPI.o)
 .data          0x00000000        0x0 C:\Users\user\Desktop\ECU\ECU_LT\ArduinoCore\Debug\libArduinoCore.a(SPI.o)
 .bss           0x00000000        0x0 C:\Users\user\Desktop\ECU\ECU_LT\ArduinoCore\Debug\libArduinoCore.a(SPI.o)
 .text._ZN8SPIClass3endEv
                0x00000000       0x28 C:\Users\user\Desktop\ECU\ECU_LT\ArduinoCore\Debug\libArduinoCore.a(SPI.o)
 .text._ZN8SPIClass14usingInterruptEh
                0x00000000       0x5e C:\Users\user\Desktop\ECU\ECU_LT\ArduinoCore\Debug\libArduinoCore.a(SPI.o)
 .progmem.gcc_sw_table._ZN8SPIClass14usingInterruptEh
                0x00000000       0x10 C:\Users\user\Desktop\ECU\ECU_LT\ArduinoCore\Debug\libArduinoCore.a(SPI.o)
 .text._ZN8SPIClass17notUsingInterruptEh
                0x00000000       0x36 C:\Users\user\Desktop\ECU\ECU_LT\ArduinoCore\Debug\libArduinoCore.a(SPI.o)
 .rodata.CSWTCH.20
                0x00000000        0x8 C:\Users\user\Desktop\ECU\ECU_LT\ArduinoCore\Debug\libArduinoCore.a(SPI.o)
 .text          0x00000000        0x0 C:\Users\user\Desktop\ECU\ECU_LT\ArduinoCore\Debug\libArduinoCore.a(hooks.o)
 .data          0x00000000        0x0 C:\Users\user\Desktop\ECU\ECU_LT\ArduinoCore\Debug\libArduinoCore.a(hooks.o)
 .bss           0x00000000        0x0 C:\Users\user\Desktop\ECU\ECU_LT\ArduinoCore\Debug\libArduinoCore.a(hooks.o)
 .text          0x00000000        0x0 C:\Users\user\Desktop\ECU\ECU_LT\ArduinoCore\Debug\libArduinoCore.a(list.o)
 .data          0x00000000        0x0 C:\Users\user\Desktop\ECU\ECU_LT\ArduinoCore\Debug\libArduinoCore.a(list.o)
 .bss           0x00000000        0x0 C:\Users\user\Desktop\ECU\ECU_LT\ArduinoCore\Debug\libArduinoCore.a(list.o)
 .text.hot.vListInsertEnd
                0x00000000       0x42 C:\Users\user\Desktop\ECU\ECU_LT\ArduinoCore\Debug\libArduinoCore.a(list.o)
 .text          0x00000000        0x0 C:\Users\user\Desktop\ECU\ECU_LT\ArduinoCore\Debug\libArduinoCore.a(port.o)
 .data          0x00000000        0x0 C:\Users\user\Desktop\ECU\ECU_LT\ArduinoCore\Debug\libArduinoCore.a(port.o)
 .bss           0x00000000        0x0 C:\Users\user\Desktop\ECU\ECU_LT\ArduinoCore\Debug\libArduinoCore.a(port.o)
 .text.hot.vPortEndScheduler
                0x00000000       0x18 C:\Users\user\Desktop\ECU\ECU_LT\ArduinoCore\Debug\libArduinoCore.a(port.o)
 .text.hot.vPortDelay
                0x00000000       0x3e C:\Users\user\Desktop\ECU\ECU_LT\ArduinoCore\Debug\libArduinoCore.a(port.o)
 .text.hot.vPortYieldFromISR
                0x00000000       0xc2 C:\Users\user\Desktop\ECU\ECU_LT\ArduinoCore\Debug\libArduinoCore.a(port.o)
 COMMON         0x00000000        0x4 C:\Users\user\Desktop\ECU\ECU_LT\ArduinoCore\Debug\libArduinoCore.a(port.o)
 .text          0x00000000        0x0 c:/program files (x86)/atmel/studio/7.0/toolchain/avr8/avr8-gnu-toolchain/bin/../lib/gcc/avr/5.4.0/avr6\libgcc.a(_exit.o)
 .data          0x00000000        0x0 c:/program files (x86)/atmel/studio/7.0/toolchain/avr8/avr8-gnu-toolchain/bin/../lib/gcc/avr/5.4.0/avr6\libgcc.a(_exit.o)
 .bss           0x00000000        0x0 c:/program files (x86)/atmel/studio/7.0/toolchain/avr8/avr8-gnu-toolchain/bin/../lib/gcc/avr/5.4.0/avr6\libgcc.a(_exit.o)
 .text.libgcc.mul
                0x00000000        0x0 c:/program files (x86)/atmel/studio/7.0/toolchain/avr8/avr8-gnu-toolchain/bin/../lib/gcc/avr/5.4.0/avr6\libgcc.a(_exit.o)
 .text.libgcc.div
                0x00000000        0x0 c:/program files (x86)/atmel/studio/7.0/toolchain/avr8/avr8-gnu-toolchain/bin/../lib/gcc/avr/5.4.0/avr6\libgcc.a(_exit.o)
 .text.libgcc   0x00000000        0x0 c:/program files (x86)/atmel/studio/7.0/toolchain/avr8/avr8-gnu-toolchain/bin/../lib/gcc/avr/5.4.0/avr6\libgcc.a(_exit.o)
 .text.libgcc.prologue
                0x00000000        0x0 c:/program files (x86)/atmel/studio/7.0/toolchain/avr8/avr8-gnu-toolchain/bin/../lib/gcc/avr/5.4.0/avr6\libgcc.a(_exit.o)
 .text.libgcc.builtins
                0x00000000        0x0 c:/program files (x86)/atmel/studio/7.0/toolchain/avr8/avr8-gnu-toolchain/bin/../lib/gcc/avr/5.4.0/avr6\libgcc.a(_exit.o)
 .text.libgcc.fmul
                0x00000000        0x0 c:/program files (x86)/atmel/studio/7.0/toolchain/avr8/avr8-gnu-toolchain/bin/../lib/gcc/avr/5.4.0/avr6\libgcc.a(_exit.o)
 .text.libgcc.fixed
                0x00000000        0x0 c:/program files (x86)/atmel/studio/7.0/toolchain/avr8/avr8-gnu-toolchain/bin/../lib/gcc/avr/5.4.0/avr6\libgcc.a(_exit.o)
 .text          0x00000000        0x0 c:/program files (x86)/atmel/studio/7.0/toolchain/avr8/avr8-gnu-toolchain/bin/../lib/gcc/avr/5.4.0/avr6\libgcc.a(_tablejump2.o)
 .data          0x00000000        0x0 c:/program files (x86)/atmel/studio/7.0/toolchain/avr8/avr8-gnu-toolchain/bin/../lib/gcc/avr/5.4.0/avr6\libgcc.a(_tablejump2.o)
 .bss           0x00000000        0x0 c:/program files (x86)/atmel/studio/7.0/toolchain/avr8/avr8-gnu-toolchain/bin/../lib/gcc/avr/5.4.0/avr6\libgcc.a(_tablejump2.o)
 .text.libgcc.mul
                0x00000000        0x0 c:/program files (x86)/atmel/studio/7.0/toolchain/avr8/avr8-gnu-toolchain/bin/../lib/gcc/avr/5.4.0/avr6\libgcc.a(_tablejump2.o)
 .text.libgcc.div
                0x00000000        0x0 c:/program files (x86)/atmel/studio/7.0/toolchain/avr8/avr8-gnu-toolchain/bin/../lib/gcc/avr/5.4.0/avr6\libgcc.a(_tablejump2.o)
 .text.libgcc.prologue
                0x00000000        0x0 c:/program files (x86)/atmel/studio/7.0/toolchain/avr8/avr8-gnu-toolchain/bin/../lib/gcc/avr/5.4.0/avr6\libgcc.a(_tablejump2.o)
 .text.libgcc.builtins
                0x00000000        0x0 c:/program files (x86)/atmel/studio/7.0/toolchain/avr8/avr8-gnu-toolchain/bin/../lib/gcc/avr/5.4.0/avr6\libgcc.a(_tablejump2.o)
 .text.libgcc.fmul
                0x00000000        0x0 c:/program files (x86)/atmel/studio/7.0/toolchain/avr8/avr8-gnu-toolchain/bin/../lib/gcc/avr/5.4.0/avr6\libgcc.a(_tablejump2.o)
 .text.libgcc.fixed
                0x00000000        0x0 c:/program files (x86)/atmel/studio/7.0/toolchain/avr8/avr8-gnu-toolchain/bin/../lib/gcc/avr/5.4.0/avr6\libgcc.a(_tablejump2.o)
 .text          0x00000000        0x0 c:/program files (x86)/atmel/studio/7.0/toolchain/avr8/avr8-gnu-toolchain/bin/../lib/gcc/avr/5.4.0/avr6\libgcc.a(_copy_data.o)
 .data          0x00000000        0x0 c:/program files (x86)/atmel/studio/7.0/toolchain/avr8/avr8-gnu-toolchain/bin/../lib/gcc/avr/5.4.0/avr6\libgcc.a(_copy_data.o)
 .bss           0x00000000        0x0 c:/program files (x86)/atmel/studio/7.0/toolchain/avr8/avr8-gnu-toolchain/bin/../lib/gcc/avr/5.4.0/avr6\libgcc.a(_copy_data.o)
 .text.libgcc.mul
                0x00000000        0x0 c:/program files (x86)/atmel/studio/7.0/toolchain/avr8/avr8-gnu-toolchain/bin/../lib/gcc/avr/5.4.0/avr6\libgcc.a(_copy_data.o)
 .text.libgcc.div
                0x00000000        0x0 c:/program files (x86)/atmel/studio/7.0/toolchain/avr8/avr8-gnu-toolchain/bin/../lib/gcc/avr/5.4.0/avr6\libgcc.a(_copy_data.o)
 .text.libgcc   0x00000000        0x0 c:/program files (x86)/atmel/studio/7.0/toolchain/avr8/avr8-gnu-toolchain/bin/../lib/gcc/avr/5.4.0/avr6\libgcc.a(_copy_data.o)
 .text.libgcc.prologue
                0x00000000        0x0 c:/program files (x86)/atmel/studio/7.0/toolchain/avr8/avr8-gnu-toolchain/bin/../lib/gcc/avr/5.4.0/avr6\libgcc.a(_copy_data.o)
 .text.libgcc.builtins
                0x00000000        0x0 c:/program files (x86)/atmel/studio/7.0/toolchain/avr8/avr8-gnu-toolchain/bin/../lib/gcc/avr/5.4.0/avr6\libgcc.a(_copy_data.o)
 .text.libgcc.fmul
                0x00000000        0x0 c:/program files (x86)/atmel/studio/7.0/toolchain/avr8/avr8-gnu-toolchain/bin/../lib/gcc/avr/5.4.0/avr6\libgcc.a(_copy_data.o)
 .text.libgcc.fixed
                0x00000000        0x0 c:/program files (x86)/atmel/studio/7.0/toolchain/avr8/avr8-gnu-toolchain/bin/../lib/gcc/avr/5.4.0/avr6\libgcc.a(_copy_data.o)
 .text          0x00000000        0x0 c:/program files (x86)/atmel/studio/7.0/toolchain/avr8/avr8-gnu-toolchain/bin/../lib/gcc/avr/5.4.0/avr6\libgcc.a(_clear_bss.o)
 .data          0x00000000        0x0 c:/program files (x86)/atmel/studio/7.0/toolchain/avr8/avr8-gnu-toolchain/bin/../lib/gcc/avr/5.4.0/avr6\libgcc.a(_clear_bss.o)
 .bss           0x00000000        0x0 c:/program files (x86)/atmel/studio/7.0/toolchain/avr8/avr8-gnu-toolchain/bin/../lib/gcc/avr/5.4.0/avr6\libgcc.a(_clear_bss.o)
 .text.libgcc.mul
                0x00000000        0x0 c:/program files (x86)/atmel/studio/7.0/toolchain/avr8/avr8-gnu-toolchain/bin/../lib/gcc/avr/5.4.0/avr6\libgcc.a(_clear_bss.o)
 .text.libgcc.div
                0x00000000        0x0 c:/program files (x86)/atmel/studio/7.0/toolchain/avr8/avr8-gnu-toolchain/bin/../lib/gcc/avr/5.4.0/avr6\libgcc.a(_clear_bss.o)
 .text.libgcc   0x00000000        0x0 c:/program files (x86)/atmel/studio/7.0/toolchain/avr8/avr8-gnu-toolchain/bin/../lib/gcc/avr/5.4.0/avr6\libgcc.a(_clear_bss.o)
 .text.libgcc.prologue
                0x00000000        0x0 c:/program files (x86)/atmel/studio/7.0/toolchain/avr8/avr8-gnu-toolchain/bin/../lib/gcc/avr/5.4.0/avr6\libgcc.a(_clear_bss.o)
 .text.libgcc.builtins
                0x00000000        0x0 c:/program files (x86)/atmel/studio/7.0/toolchain/avr8/avr8-gnu-toolchain/bin/../lib/gcc/avr/5.4.0/avr6\libgcc.a(_clear_bss.o)
 .text.libgcc.fmul
                0x00000000        0x0 c:/program files (x86)/atmel/studio/7.0/toolchain/avr8/avr8-gnu-toolchain/bin/../lib/gcc/avr/5.4.0/avr6\libgcc.a(_clear_bss.o)
 .text.libgcc.fixed
                0x00000000        0x0 c:/program files (x86)/atmel/studio/7.0/toolchain/avr8/avr8-gnu-toolchain/bin/../lib/gcc/avr/5.4.0/avr6\libgcc.a(_clear_bss.o)
 .text          0x00000000        0x0 c:/program files (x86)/atmel/studio/7.0/toolchain/avr8/avr8-gnu-toolchain/bin/../lib/gcc/avr/5.4.0/avr6\libgcc.a(_ctors.o)
 .data          0x00000000        0x0 c:/program files (x86)/atmel/studio/7.0/toolchain/avr8/avr8-gnu-toolchain/bin/../lib/gcc/avr/5.4.0/avr6\libgcc.a(_ctors.o)
 .bss           0x00000000        0x0 c:/program files (x86)/atmel/studio/7.0/toolchain/avr8/avr8-gnu-toolchain/bin/../lib/gcc/avr/5.4.0/avr6\libgcc.a(_ctors.o)
 .text.libgcc.mul
                0x00000000        0x0 c:/program files (x86)/atmel/studio/7.0/toolchain/avr8/avr8-gnu-toolchain/bin/../lib/gcc/avr/5.4.0/avr6\libgcc.a(_ctors.o)
 .text.libgcc.div
                0x00000000        0x0 c:/program files (x86)/atmel/studio/7.0/toolchain/avr8/avr8-gnu-toolchain/bin/../lib/gcc/avr/5.4.0/avr6\libgcc.a(_ctors.o)
 .text.libgcc   0x00000000        0x0 c:/program files (x86)/atmel/studio/7.0/toolchain/avr8/avr8-gnu-toolchain/bin/../lib/gcc/avr/5.4.0/avr6\libgcc.a(_ctors.o)
 .text.libgcc.prologue
                0x00000000        0x0 c:/program files (x86)/atmel/studio/7.0/toolchain/avr8/avr8-gnu-toolchain/bin/../lib/gcc/avr/5.4.0/avr6\libgcc.a(_ctors.o)
 .text.libgcc.builtins
                0x00000000        0x0 c:/program files (x86)/atmel/studio/7.0/toolchain/avr8/avr8-gnu-toolchain/bin/../lib/gcc/avr/5.4.0/avr6\libgcc.a(_ctors.o)
 .text.libgcc.fmul
                0x00000000        0x0 c:/program files (x86)/atmel/studio/7.0/toolchain/avr8/avr8-gnu-toolchain/bin/../lib/gcc/avr/5.4.0/avr6\libgcc.a(_ctors.o)
 .text.libgcc.fixed
                0x00000000        0x0 c:/program files (x86)/atmel/studio/7.0/toolchain/avr8/avr8-gnu-toolchain/bin/../lib/gcc/avr/5.4.0/avr6\libgcc.a(_ctors.o)
 .text          0x00000000        0x0 c:/program files (x86)/atmel/studio/7.0/toolchain/avr8/avr8-gnu-toolchain/bin/../lib/gcc/avr/5.4.0/../../../../avr/lib/avr6\libc.a(malloc.o)
 .bss           0x00000000        0x0 c:/program files (x86)/atmel/studio/7.0/toolchain/avr8/avr8-gnu-toolchain/bin/../lib/gcc/avr/5.4.0/../../../../avr/lib/avr6\libc.a(malloc.o)
 .text.avr-libc
                0x00000000      0x242 c:/program files (x86)/atmel/studio/7.0/toolchain/avr8/avr8-gnu-toolchain/bin/../lib/gcc/avr/5.4.0/../../../../avr/lib/avr6\libc.a(malloc.o)
 COMMON         0x00000000        0x4 c:/program files (x86)/atmel/studio/7.0/toolchain/avr8/avr8-gnu-toolchain/bin/../lib/gcc/avr/5.4.0/../../../../avr/lib/avr6\libc.a(malloc.o)
 .text          0x00000000        0x0 c:/program files (x86)/atmel/studio/7.0/toolchain/avr8/avr8-gnu-toolchain/bin/../lib/gcc/avr/5.4.0/../../../../avr/lib/avr6\libc.a(memcpy.o)
 .data          0x00000000        0x0 c:/program files (x86)/atmel/studio/7.0/toolchain/avr8/avr8-gnu-toolchain/bin/../lib/gcc/avr/5.4.0/../../../../avr/lib/avr6\libc.a(memcpy.o)
 .bss           0x00000000        0x0 c:/program files (x86)/atmel/studio/7.0/toolchain/avr8/avr8-gnu-toolchain/bin/../lib/gcc/avr/5.4.0/../../../../avr/lib/avr6\libc.a(memcpy.o)
 .text          0x00000000        0x0 c:/program files (x86)/atmel/studio/7.0/toolchain/avr8/avr8-gnu-toolchain/bin/../lib/gcc/avr/5.4.0/../../../../avr/lib/avr6\libc.a(memset.o)
 .data          0x00000000        0x0 c:/program files (x86)/atmel/studio/7.0/toolchain/avr8/avr8-gnu-toolchain/bin/../lib/gcc/avr/5.4.0/../../../../avr/lib/avr6\libc.a(memset.o)
 .bss           0x00000000        0x0 c:/program files (x86)/atmel/studio/7.0/toolchain/avr8/avr8-gnu-toolchain/bin/../lib/gcc/avr/5.4.0/../../../../avr/lib/avr6\libc.a(memset.o)

Memory Configuration

Name             Origin             Length             Attributes
text             0x00000000         0x00040000         xr
data             0x00800200         0x00002000         rw !x
eeprom           0x00810000         0x00001000         rw !x
fuse             0x00820000         0x00000003         rw !x
lock             0x00830000         0x00000400         rw !x
signature        0x00840000         0x00000400         rw !x
user_signatures  0x00850000         0x00000400         rw !x
*default*        0x00000000         0xffffffff

Linker script and memory map

Address of section .data set to 0x800200
LOAD C:/Program Files (x86)/Atmel/Studio/7.0/Packs/atmel/ATmega_DFP/1.6.364/gcc/dev/atmega2560/avr6/crtatmega2560.o
LOAD BSP_atmega2560.o
LOAD can_frames.o
LOAD FreeAct.o
LOAD Sketch.o
START GROUP
LOAD c:/program files (x86)/atmel/studio/7.0/toolchain/avr8/avr8-gnu-toolchain/bin/../lib/gcc/avr/5.4.0/../../../../avr/lib/avr6\libm.a
LOAD C:\Users\user\Desktop\ECU\ECU_LT\ArduinoCore\Debug\libArduinoCore.a
END GROUP
LOAD c:/program files (x86)/atmel/studio/7.0/toolchain/avr8/avr8-gnu-toolchain/bin/../lib/gcc/avr/5.4.0/avr6\libgcc.a
LOAD c:/program files (x86)/atmel/studio/7.0/toolchain/avr8/avr8-gnu-toolchain/bin/../lib/gcc/avr/5.4.0/../../../../avr/lib/avr6\libm.a
START GROUP
LOAD c:/program files (x86)/atmel/studio/7.0/toolchain/avr8/avr8-gnu-toolchain/bin/../lib/gcc/avr/5.4.0/avr6\libgcc.a
LOAD c:/program files (x86)/atmel/studio/7.0/toolchain/avr8/avr8-gnu-toolchain/bin/../lib/gcc/avr/5.4.0/../../../../avr/lib/avr6\libm.a
LOAD c:/program files (x86)/atmel/studio/7.0/toolchain/avr8/avr8-gnu-toolchain/bin/../lib/gcc/avr/5.4.0/../../../../avr/lib/avr6\libc.a
LOAD C:/Program Files (x86)/Atmel/Studio/7.0/Packs/atmel/ATmega_DFP/1.6.364/gcc/dev/atmega2560/avr6\libatmega2560.a
END GROUP
                0x00000000                __TEXT_REGION_ORIGIN__ = DEFINED (__TEXT_REGION_ORIGIN__)?__TEXT_REGION_ORIGIN__:0x0
                [0x00800200]                __DATA_REGION_ORIGIN__ = DEFINED (__DATA_REGION_ORIGIN__)?__DATA_REGION_ORIGIN__:0x800200
                [0x00040000]                __TEXT_REGION_LENGTH__ = DEFINED (__TEXT_REGION_LENGTH__)?__TEXT_REGION_LENGTH__:0x100000
                [0x00002000]                __DATA_REGION_LENGTH__ = DEFINED (__DATA_REGION_LENGTH__)?__DATA_REGION_LENGTH__:0xfe00
                [0x00001000]                __EEPROM_REGION_LENGTH__ = DEFINED (__EEPROM_REGION_LENGTH__)?__EEPROM_REGION_LENGTH__:0x10000
                [0x00000003]                __FUSE_REGION_LENGTH__ = DEFINED (__FUSE_REGION_LENGTH__)?__FUSE_REGION_LENGTH__:0x400
                0x00000400                __LOCK_REGION_LENGTH__ = DEFINED (__LOCK_REGION_LENGTH__)?__LOCK_REGION_LENGTH__:0x400
                0x00000400                __SIGNATURE_REGION_LENGTH__ = DEFINED (__SIGNATURE_REGION_LENGTH__)?__SIGNATURE_REGION_LENGTH__:0x400
                0x00000400                __USER_SIGNATURE_REGION_LENGTH__ = DEFINED (__USER_SIGNATURE_REGION_LENGTH__)?__USER_SIGNATURE_REGION_LENGTH__:0x400

.hash
 *(.hash)

.dynsym
 *(.dynsym)

.dynstr
 *(.dynstr)

.gnu.version
 *(.gnu.version)

.gnu.version_d
 *(.gnu.version_d)

.gnu.version_r
 *(.gnu.version_r)

.rel.init
 *(.rel.init)

.rela.init
 *(.rela.init)

.rel.text
 *(.rel.text)
 *(.rel.text.*)
 *(.rel.gnu.linkonce.t*)

.rela.text
 *(.rela.text)
 *(.rela.text.*)
 *(.rela.gnu.linkonce.t*)

.rel.fini
 *(.rel.fini)

.rela.fini
 *(.rela.fini)

.rel.rodata
 *(.rel.rodata)
 *(.rel.rodata.*)
 *(.rel.gnu.linkonce.r*)

.rela.rodata
 *(.rela.rodata)
 *(.rela.rodata.*)
 *(.rela.gnu.linkonce.r*)

.rel.data
 *(.rel.data)
 *(.rel.data.*)
 *(.rel.gnu.linkonce.d*)

.rela.data
 *(.rela.data)
 *(.rela.data.*)
 *(.rela.gnu.linkonce.d*)

.rel.ctors
 *(.rel.ctors)

.rela.ctors
 *(.rela.ctors)

.rel.dtors
 *(.rel.dtors)

.rela.dtors
 *(.rela.dtors)

.rel.got
 *(.rel.got)

.rela.got
 *(.rela.got)

.rel.bss
 *(.rel.bss)

.rela.bss
 *(.rela.bss)

.rel.plt
 *(.rel.plt)

.rela.plt
 *(.rela.plt)

.text           0x00000000     0x2d04
 *(.vectors)
 .vectors       0x00000000       0xe4 C:/Program Files (x86)/Atmel/Studio/7.0/Packs/atmel/ATmega_DFP/1.6.364/gcc/dev/atmega2560/avr6/crtatmega2560.o
                0x00000000                __vector_default
                0x00000000                __vectors
 *(.vectors)
 *(.progmem.gcc*)
 .progmem.gcc_sw_table.turnOffPWM
                0x000000e4       0x24 C:\Users\user\Desktop\ECU\ECU_LT\ArduinoCore\Debug\libArduinoCore.a(wiring_digital.o)
 .progmem.gcc_sw_table._ZN7MCP251510setBitrateE9CAN_SPEED9CAN_CLOCK
                0x00000108       0x58 C:\Users\user\Desktop\ECU\ECU_LT\ArduinoCore\Debug\libArduinoCore.a(mcp2515.o)
 .progmem.gcc_sw_table
                0x00000160       0x12 C:\Users\user\Desktop\ECU\ECU_LT\ArduinoCore\Debug\libArduinoCore.a(timers.o)
                0x00000172                . = ALIGN (0x2)
                0x00000172                __trampolines_start = .
 *(.trampolines)
 .trampolines   0x00000172        0x0 linker stubs
 *(.trampolines*)
                0x00000172                __trampolines_end = .
 *libprintf_flt.a:*(.progmem.data)
 *libc.a:*(.progmem.data)
 *(.progmem*)
 .progmem.data.digital_pin_to_timer_PGM
                0x00000172       0x46 C:\Users\user\Desktop\ECU\ECU_LT\ArduinoCore\Debug\libArduinoCore.a(wiring_digital.o)
                0x00000172                digital_pin_to_timer_PGM
 .progmem.data.digital_pin_to_bit_mask_PGM
                0x000001b8       0x46 C:\Users\user\Desktop\ECU\ECU_LT\ArduinoCore\Debug\libArduinoCore.a(wiring_digital.o)
                0x000001b8                digital_pin_to_bit_mask_PGM
 .progmem.data.digital_pin_to_port_PGM
                0x000001fe       0x46 C:\Users\user\Desktop\ECU\ECU_LT\ArduinoCore\Debug\libArduinoCore.a(wiring_digital.o)
                0x000001fe                digital_pin_to_port_PGM
 .progmem.data.port_to_input_PGM
                0x00000244       0x1a C:\Users\user\Desktop\ECU\ECU_LT\ArduinoCore\Debug\libArduinoCore.a(wiring_digital.o)
                0x00000244                port_to_input_PGM
 .progmem.data.port_to_output_PGM
                0x0000025e       0x1a C:\Users\user\Desktop\ECU\ECU_LT\ArduinoCore\Debug\libArduinoCore.a(wiring_digital.o)
                0x0000025e                port_to_output_PGM
 .progmem.data.port_to_mode_PGM
                0x00000278       0x1a C:\Users\user\Desktop\ECU\ECU_LT\ArduinoCore\Debug\libArduinoCore.a(wiring_digital.o)
                0x00000278                port_to_mode_PGM
                0x00000292                . = ALIGN (0x2)
 *(.jumptables)
 *(.jumptables*)
 *(.lowtext)
 .lowtext       0x00000292       0x4c C:\Users\user\Desktop\ECU\ECU_LT\ArduinoCore\Debug\libArduinoCore.a(tasks.o)
 .lowtext       0x000002de      0x1b6 C:\Users\user\Desktop\ECU\ECU_LT\ArduinoCore\Debug\libArduinoCore.a(timers.o)
 *(.lowtext*)
                0x00000494                __ctors_start = .
 *(.ctors)
 .ctors         0x00000494        0x2 BSP_atmega2560.o
                0x00000496                __ctors_end = .
                0x00000496                __dtors_start = .
 *(.dtors)
                0x00000496                __dtors_end = .
 SORT(*)(.ctors)
 SORT(*)(.dtors)
 *(.init0)
 .init0         0x00000496        0x0 C:/Program Files (x86)/Atmel/Studio/7.0/Packs/atmel/ATmega_DFP/1.6.364/gcc/dev/atmega2560/avr6/crtatmega2560.o
                0x00000496                __init
 *(.init0)
 *(.init1)
 *(.init1)
 *(.init2)
 .init2         0x00000496       0x10 C:/Program Files (x86)/Atmel/Studio/7.0/Packs/atmel/ATmega_DFP/1.6.364/gcc/dev/atmega2560/avr6/crtatmega2560.o
 *(.init2)
 *(.init3)
 *(.init3)
 *(.init4)
 .init4         0x000004a6       0x1a c:/program files (x86)/atmel/studio/7.0/toolchain/avr8/avr8-gnu-toolchain/bin/../lib/gcc/avr/5.4.0/avr6\libgcc.a(_copy_data.o)
                0x000004a6                __do_copy_data
 .init4         0x000004c0       0x10 c:/program files (x86)/atmel/studio/7.0/toolchain/avr8/avr8-gnu-toolchain/bin/../lib/gcc/avr/5.4.0/avr6\libgcc.a(_clear_bss.o)
                0x000004c0                __do_clear_bss
 *(.init4)
 *(.init5)
 *(.init5)
 *(.init6)
 .init6         0x000004d0       0x20 c:/program files (x86)/atmel/studio/7.0/toolchain/avr8/avr8-gnu-toolchain/bin/../lib/gcc/avr/5.4.0/avr6\libgcc.a(_ctors.o)
                0x000004d0                __do_global_ctors
 *(.init6)
 *(.init7)
 *(.init7)
 *(.init8)
 *(.init8)
 *(.init9)
 .init9         0x000004f0        0x6 C:/Program Files (x86)/Atmel/Studio/7.0/Packs/atmel/ATmega_DFP/1.6.364/gcc/dev/atmega2560/avr6/crtatmega2560.o
 *(.init9)
 *(.text)
 .text          0x000004f6        0x2 C:/Program Files (x86)/Atmel/Studio/7.0/Packs/atmel/ATmega_DFP/1.6.364/gcc/dev/atmega2560/avr6/crtatmega2560.o
                0x000004f6                __vector_38
                0x000004f6                __vector_22
                0x000004f6                __vector_28
                0x000004f6                __vector_1
                0x000004f6                __vector_32
                0x000004f6                __vector_34
                0x000004f6                __vector_24
                0x000004f6                __vector_55
                0x000004f6                __vector_46
                0x000004f6                __bad_interrupt
                0x000004f6                __vector_6
                0x000004f6                __vector_31
                0x000004f6                __vector_35
                0x000004f6                __vector_39
                0x000004f6                __vector_3
                0x000004f6                __vector_30
                0x000004f6                __vector_45
                0x000004f6                __vector_25
                0x000004f6                __vector_11
                0x000004f6                __vector_54
                0x000004f6                __vector_13
                0x000004f6                __vector_17
                0x000004f6                __vector_19
                0x000004f6                __vector_56
                0x000004f6                __vector_7
                0x000004f6                __vector_49
                0x000004f6                __vector_41
                0x000004f6                __vector_43
                0x000004f6                __vector_27
                0x000004f6                __vector_5
                0x000004f6                __vector_33
                0x000004f6                __vector_47
                0x000004f6                __vector_52
                0x000004f6                __vector_37
                0x000004f6                __vector_4
                0x000004f6                __vector_44
                0x000004f6                __vector_51
                0x000004f6                __vector_9
                0x000004f6                __vector_2
                0x000004f6                __vector_21
                0x000004f6                __vector_15
                0x000004f6                __vector_36
                0x000004f6                __vector_29
                0x000004f6                __vector_40
                0x000004f6                __vector_8
                0x000004f6                __vector_26
                0x000004f6                __vector_48
                0x000004f6                __vector_14
                0x000004f6                __vector_53
                0x000004f6                __vector_10
                0x000004f6                __vector_50
                0x000004f6                __vector_16
                0x000004f6                __vector_18
                0x000004f6                __vector_20
                0x000004f6                __vector_42
                0x000004f8                . = ALIGN (0x2)
 *(.text.*)
 .text._Z8BSP_initv
                0x000004f8       0x34 BSP_atmega2560.o
                0x000004f8                _Z8BSP_initv
 .text._Z14BSP_led_red_onv
                0x0000052c        0x6 BSP_atmega2560.o
                0x0000052c                _Z14BSP_led_red_onv
 .text._Z15BSP_led_red_offv
                0x00000532        0x6 BSP_atmega2560.o
                0x00000532                _Z15BSP_led_red_offv
 .text._Z16BSP_led_green_onv
                0x00000538        0x6 BSP_atmega2560.o
                0x00000538                _Z16BSP_led_green_onv
 .text._Z17BSP_led_green_offv
                0x0000053e        0x6 BSP_atmega2560.o
                0x0000053e                _Z17BSP_led_green_offv
 .text._Z14BSP_get_buttonv
                0x00000544        0x4 BSP_atmega2560.o
                0x00000544                _Z14BSP_get_buttonv
 .text._Z18BSP_send_can_frameP9can_frame
                0x00000548        0x8 BSP_atmega2560.o
                0x00000548                _Z18BSP_send_can_frameP9can_frame
 .text.vApplicationTickHook
                0x00000550       0x68 BSP_atmega2560.o
                0x00000550                vApplicationTickHook
 .text.startup._GLOBAL__sub_I__Z8BSP_initv
                0x000005b8       0x1e BSP_atmega2560.o
 .text._ZL16Active_eventLoopPv
                0x000005d6       0x44 FreeAct.o
 .text._Z11Active_ctorP6ActivePFvS0_PK5EventE
                0x0000061a        0xc FreeAct.o
                0x0000061a                _Z11Active_ctorP6ActivePFvS0_PK5EventE
 .text._Z12Active_startP6ActivehPP5EventmPvmj
                0x00000626       0x84 FreeAct.o
                0x00000626                _Z12Active_startP6ActivehPP5EventmPvmj
 .text._Z11Active_postP6ActivePK5Event
                0x000006aa       0x30 FreeAct.o
                0x000006aa                _Z11Active_postP6ActivePK5Event
 .text._ZL18TimeEvent_callbackP10TimerDef_t
                0x000006da        0xc FreeAct.o
 .text._Z18Active_postFromISRP6ActivePK5EventPa
                0x000006e6       0x2c FreeAct.o
                0x000006e6                _Z18Active_postFromISRP6ActivePK5EventPa
 .text._Z14TimeEvent_ctorP9TimeEventjP6Active
                0x00000712       0x44 FreeAct.o
                0x00000712                _Z14TimeEvent_ctorP9TimeEventjP6Active
 .text._Z13TimeEvent_armP9TimeEventm
                0x00000756       0x36 FreeAct.o
                0x00000756                _Z13TimeEvent_armP9TimeEventm
 .text._Z16TimeEvent_disarmP9TimeEvent
                0x0000078c       0x22 FreeAct.o
                0x0000078c                _Z16TimeEvent_disarmP9TimeEvent
 .text._ZL21BlinkyButton_dispatchP12BlinkyButtonPK5Event
                0x000007ae       0xd0 Sketch.o
 .text._Z17BlinkyButton_ctorP12BlinkyButton
                0x0000087e       0x2e Sketch.o
                0x0000087e                _Z17BlinkyButton_ctorP12BlinkyButton
 .text.setup    0x000008ac       0x62 Sketch.o
                0x000008ac                setup
 .text.loop     0x0000090e        0x2 Sketch.o
                0x0000090e                loop
 .text.startup.main
                0x00000910       0x18 C:\Users\user\Desktop\ECU\ECU_LT\ArduinoCore\Debug\libArduinoCore.a(main.o)
                0x00000910                main
 .text.__vector_23
                0x00000928       0x94 C:\Users\user\Desktop\ECU\ECU_LT\ArduinoCore\Debug\libArduinoCore.a(wiring.o)
                0x00000928                __vector_23
 .text.millis   0x000009bc       0x18 C:\Users\user\Desktop\ECU\ECU_LT\ArduinoCore\Debug\libArduinoCore.a(wiring.o)
                0x000009bc                millis
 .text.micros   0x000009d4       0x4a C:\Users\user\Desktop\ECU\ECU_LT\ArduinoCore\Debug\libArduinoCore.a(wiring.o)
                0x000009d4                micros
 .text.delay    0x00000a1e       0x74 C:\Users\user\Desktop\ECU\ECU_LT\ArduinoCore\Debug\libArduinoCore.a(wiring.o)
                0x00000a1e                delay
 .text.init     0x00000a92       0xc4 C:\Users\user\Desktop\ECU\ECU_LT\ArduinoCore\Debug\libArduinoCore.a(wiring.o)
                0x00000a92                init
 .text.turnOffPWM
                0x00000b56       0xac C:\Users\user\Desktop\ECU\ECU_LT\ArduinoCore\Debug\libArduinoCore.a(wiring_digital.o)
 .text.pinMode  0x00000c02       0x78 C:\Users\user\Desktop\ECU\ECU_LT\ArduinoCore\Debug\libArduinoCore.a(wiring_digital.o)
                0x00000c02                pinMode
 .text.digitalWrite
                0x00000c7a       0x5c C:\Users\user\Desktop\ECU\ECU_LT\ArduinoCore\Debug\libArduinoCore.a(wiring_digital.o)
                0x00000c7a                digitalWrite
 .text.digitalRead
                0x00000cd6       0x50 C:\Users\user\Desktop\ECU\ECU_LT\ArduinoCore\Debug\libArduinoCore.a(wiring_digital.o)
                0x00000cd6                digitalRead
 .text._ZN8SPIClass8transferEh
                0x00000d26        0xe C:\Users\user\Desktop\ECU\ECU_LT\ArduinoCore\Debug\libArduinoCore.a(mcp2515.o)
                0x00000d26                _ZN8SPIClass8transferEh
 .text._ZN7MCP25158startSPIEv
                0x00000d34       0x72 C:\Users\user\Desktop\ECU\ECU_LT\ArduinoCore\Debug\libArduinoCore.a(mcp2515.o)
                0x00000d34                _ZN7MCP25158startSPIEv
 .text._ZN7MCP25156endSPIEv
                0x00000da6       0x2a C:\Users\user\Desktop\ECU\ECU_LT\ArduinoCore\Debug\libArduinoCore.a(mcp2515.o)
                0x00000da6                _ZN7MCP25156endSPIEv
 .text._ZN7MCP2515C2EhmP8SPIClass
                0x00000dd0       0x58 C:\Users\user\Desktop\ECU\ECU_LT\ArduinoCore\Debug\libArduinoCore.a(mcp2515.o)
                0x00000dd0                _ZN7MCP2515C1EhmP8SPIClass
                0x00000dd0                _ZN7MCP2515C2EhmP8SPIClass
 .text._ZN7MCP251512readRegisterENS_8REGISTERE
                0x00000e28       0x28 C:\Users\user\Desktop\ECU\ECU_LT\ArduinoCore\Debug\libArduinoCore.a(mcp2515.o)
                0x00000e28                _ZN7MCP251512readRegisterENS_8REGISTERE
 .text._ZN7MCP251511setRegisterENS_8REGISTEREh
                0x00000e50       0x28 C:\Users\user\Desktop\ECU\ECU_LT\ArduinoCore\Debug\libArduinoCore.a(mcp2515.o)
                0x00000e50                _ZN7MCP251511setRegisterENS_8REGISTEREh
 .text._ZN7MCP251512setRegistersENS_8REGISTEREPKhh
                0x00000e78       0x4c C:\Users\user\Desktop\ECU\ECU_LT\ArduinoCore\Debug\libArduinoCore.a(mcp2515.o)
                0x00000e78                _ZN7MCP251512setRegistersENS_8REGISTEREPKhh
 .text._ZN7MCP251514modifyRegisterENS_8REGISTEREhh
                0x00000ec4       0x32 C:\Users\user\Desktop\ECU\ECU_LT\ArduinoCore\Debug\libArduinoCore.a(mcp2515.o)
                0x00000ec4                _ZN7MCP251514modifyRegisterENS_8REGISTEREhh
 .text._ZN7MCP25157setModeENS_18CANCTRL_REQOP_MODEE
                0x00000ef6       0x5c C:\Users\user\Desktop\ECU\ECU_LT\ArduinoCore\Debug\libArduinoCore.a(mcp2515.o)
                0x00000ef6                _ZN7MCP25157setModeENS_18CANCTRL_REQOP_MODEE
 .text._ZN7MCP251513setConfigModeEv
                0x00000f52        0x4 C:\Users\user\Desktop\ECU\ECU_LT\ArduinoCore\Debug\libArduinoCore.a(mcp2515.o)
                0x00000f52                _ZN7MCP251513setConfigModeEv
 .text._ZN7MCP251513setNormalModeEv
                0x00000f56        0x4 C:\Users\user\Desktop\ECU\ECU_LT\ArduinoCore\Debug\libArduinoCore.a(mcp2515.o)
                0x00000f56                _ZN7MCP251513setNormalModeEv
 .text._ZN7MCP251510setBitrateE9CAN_SPEED9CAN_CLOCK
                0x00000f5a      0x198 C:\Users\user\Desktop\ECU\ECU_LT\ArduinoCore\Debug\libArduinoCore.a(mcp2515.o)
                0x00000f5a                _ZN7MCP251510setBitrateE9CAN_SPEED9CAN_CLOCK
 .text._ZN7MCP25159prepareIdEPhbm
                0x000010f2       0x56 C:\Users\user\Desktop\ECU\ECU_LT\ArduinoCore\Debug\libArduinoCore.a(mcp2515.o)
                0x000010f2                _ZN7MCP25159prepareIdEPhbm
 .text._ZN7MCP251513setFilterMaskENS_4MASKEbm
                0x00001148       0x84 C:\Users\user\Desktop\ECU\ECU_LT\ArduinoCore\Debug\libArduinoCore.a(mcp2515.o)
                0x00001148                _ZN7MCP251513setFilterMaskENS_4MASKEbm
 .text._ZN7MCP25159setFilterENS_3RXFEbm
                0x000011cc       0xba C:\Users\user\Desktop\ECU\ECU_LT\ArduinoCore\Debug\libArduinoCore.a(mcp2515.o)
                0x000011cc                _ZN7MCP25159setFilterENS_3RXFEbm
 .text._ZN7MCP25155resetEv
                0x00001286      0x122 C:\Users\user\Desktop\ECU\ECU_LT\ArduinoCore\Debug\libArduinoCore.a(mcp2515.o)
                0x00001286                _ZN7MCP25155resetEv
 .text._ZN7MCP251511sendMessageENS_4TXBnEPK9can_frame
                0x000013a8      0x114 C:\Users\user\Desktop\ECU\ECU_LT\ArduinoCore\Debug\libArduinoCore.a(mcp2515.o)
                0x000013a8                _ZN7MCP251511sendMessageENS_4TXBnEPK9can_frame
 .text._ZN7MCP251511sendMessageEPK9can_frame
                0x000014bc       0xba C:\Users\user\Desktop\ECU\ECU_LT\ArduinoCore\Debug\libArduinoCore.a(mcp2515.o)
                0x000014bc                _ZN7MCP251511sendMessageEPK9can_frame
 .text.hot.prvIsQueueEmpty
                0x00001576       0x16 C:\Users\user\Desktop\ECU\ECU_LT\ArduinoCore\Debug\libArduinoCore.a(queue.o)
 .text.hot.prvCopyDataToQueue
                0x0000158c       0xa4 C:\Users\user\Desktop\ECU\ECU_LT\ArduinoCore\Debug\libArduinoCore.a(queue.o)
 .text.hot.prvCopyDataFromQueue
                0x00001630       0x34 C:\Users\user\Desktop\ECU\ECU_LT\ArduinoCore\Debug\libArduinoCore.a(queue.o)
 .text.hot.prvUnlockQueue
                0x00001664       0x74 C:\Users\user\Desktop\ECU\ECU_LT\ArduinoCore\Debug\libArduinoCore.a(queue.o)
 .text.hot.xQueueGenericReset
                0x000016d8       0x90 C:\Users\user\Desktop\ECU\ECU_LT\ArduinoCore\Debug\libArduinoCore.a(queue.o)
                0x000016d8                xQueueGenericReset
 .text.hot.xQueueGenericCreateStatic
                0x00001768       0x3e C:\Users\user\Desktop\ECU\ECU_LT\ArduinoCore\Debug\libArduinoCore.a(queue.o)
                0x00001768                xQueueGenericCreateStatic
 .text.hot.xQueueGenericSend
                0x000017a6      0x114 C:\Users\user\Desktop\ECU\ECU_LT\ArduinoCore\Debug\libArduinoCore.a(queue.o)
                0x000017a6                xQueueGenericSend
 .text.hot.xQueueGenericSendFromISR
                0x000018ba       0x62 C:\Users\user\Desktop\ECU\ECU_LT\ArduinoCore\Debug\libArduinoCore.a(queue.o)
                0x000018ba                xQueueGenericSendFromISR
 .text.hot.xQueueReceive
                0x0000191c      0x108 C:\Users\user\Desktop\ECU\ECU_LT\ArduinoCore\Debug\libArduinoCore.a(queue.o)
                0x0000191c                xQueueReceive
 .text.hot.vQueueWaitForMessageRestricted
                0x00001a24       0x34 C:\Users\user\Desktop\ECU\ECU_LT\ArduinoCore\Debug\libArduinoCore.a(queue.o)
                0x00001a24                vQueueWaitForMessageRestricted
 .text.hot.prvResetNextTaskUnblockTime
                0x00001a58       0x30 C:\Users\user\Desktop\ECU\ECU_LT\ArduinoCore\Debug\libArduinoCore.a(tasks.o)
 .text.hot.prvAddCurrentTaskToDelayedList
                0x00001a88      0x100 C:\Users\user\Desktop\ECU\ECU_LT\ArduinoCore\Debug\libArduinoCore.a(tasks.o)
 .text.hot.xTaskCreateStatic
                0x00001b88      0x200 C:\Users\user\Desktop\ECU\ECU_LT\ArduinoCore\Debug\libArduinoCore.a(tasks.o)
                0x00001b88                xTaskCreateStatic
 .text.hot.vTaskStartScheduler
                0x00001d88       0x92 C:\Users\user\Desktop\ECU\ECU_LT\ArduinoCore\Debug\libArduinoCore.a(tasks.o)
                0x00001d88                vTaskStartScheduler
 .text.hot.vTaskSuspendAll
                0x00001e1a        0xc C:\Users\user\Desktop\ECU\ECU_LT\ArduinoCore\Debug\libArduinoCore.a(tasks.o)
                0x00001e1a                vTaskSuspendAll
 .text.hot.xTaskGetTickCount
                0x00001e26       0x14 C:\Users\user\Desktop\ECU\ECU_LT\ArduinoCore\Debug\libArduinoCore.a(tasks.o)
                0x00001e26                xTaskGetTickCount
 .text.hot.uxTaskGetNumberOfTasks
                0x00001e3a        0x6 C:\Users\user\Desktop\ECU\ECU_LT\ArduinoCore\Debug\libArduinoCore.a(tasks.o)
                0x00001e3a                uxTaskGetNumberOfTasks
 .text.hot.xTaskIncrementTick
                0x00001e40      0x20c C:\Users\user\Desktop\ECU\ECU_LT\ArduinoCore\Debug\libArduinoCore.a(tasks.o)
                0x00001e40                xTaskIncrementTick
 .text.hot.xTaskResumeAll
                0x0000204c      0x192 C:\Users\user\Desktop\ECU\ECU_LT\ArduinoCore\Debug\libArduinoCore.a(tasks.o)
                0x0000204c                xTaskResumeAll
 .text.hot.vTaskSwitchContext
                0x000021de       0xb6 C:\Users\user\Desktop\ECU\ECU_LT\ArduinoCore\Debug\libArduinoCore.a(tasks.o)
                0x000021de                vTaskSwitchContext
 .text.hot.vTaskPlaceOnEventList
                0x00002294       0x1e C:\Users\user\Desktop\ECU\ECU_LT\ArduinoCore\Debug\libArduinoCore.a(tasks.o)
                0x00002294                vTaskPlaceOnEventList
 .text.hot.vTaskPlaceOnEventListRestricted
                0x000022b2       0x8e C:\Users\user\Desktop\ECU\ECU_LT\ArduinoCore\Debug\libArduinoCore.a(tasks.o)
                0x000022b2                vTaskPlaceOnEventListRestricted
 .text.hot.xTaskRemoveFromEventList
                0x00002340      0x158 C:\Users\user\Desktop\ECU\ECU_LT\ArduinoCore\Debug\libArduinoCore.a(tasks.o)
                0x00002340                xTaskRemoveFromEventList
 .text.hot.vTaskInternalSetTimeOutState
                0x00002498       0x16 C:\Users\user\Desktop\ECU\ECU_LT\ArduinoCore\Debug\libArduinoCore.a(tasks.o)
                0x00002498                vTaskInternalSetTimeOutState
 .text.hot.xTaskCheckForTimeOut
                0x000024ae       0x62 C:\Users\user\Desktop\ECU\ECU_LT\ArduinoCore\Debug\libArduinoCore.a(tasks.o)
                0x000024ae                xTaskCheckForTimeOut
 .text.hot.vTaskMissedYield
                0x00002510        0x8 C:\Users\user\Desktop\ECU\ECU_LT\ArduinoCore\Debug\libArduinoCore.a(tasks.o)
                0x00002510                vTaskMissedYield
 .text.hot.xTaskGetSchedulerState
                0x00002518       0x1c C:\Users\user\Desktop\ECU\ECU_LT\ArduinoCore\Debug\libArduinoCore.a(tasks.o)
                0x00002518                xTaskGetSchedulerState
 .text.hot.xTaskPriorityDisinherit
                0x00002534       0xa2 C:\Users\user\Desktop\ECU\ECU_LT\ArduinoCore\Debug\libArduinoCore.a(tasks.o)
                0x00002534                xTaskPriorityDisinherit
 .text.hot.prvCheckForValidListAndQueue
                0x000025d6       0x58 C:\Users\user\Desktop\ECU\ECU_LT\ArduinoCore\Debug\libArduinoCore.a(timers.o)
 .text.hot.prvInsertTimerInActiveList
                0x0000262e       0x52 C:\Users\user\Desktop\ECU\ECU_LT\ArduinoCore\Debug\libArduinoCore.a(timers.o)
 .text.hot.prvReloadTimer
                0x00002680       0x46 C:\Users\user\Desktop\ECU\ECU_LT\ArduinoCore\Debug\libArduinoCore.a(timers.o)
 .text.hot.prvProcessExpiredTimer
                0x000026c6       0x50 C:\Users\user\Desktop\ECU\ECU_LT\ArduinoCore\Debug\libArduinoCore.a(timers.o)
 .text.hot.prvSwitchTimerLists
                0x00002716       0x3a C:\Users\user\Desktop\ECU\ECU_LT\ArduinoCore\Debug\libArduinoCore.a(timers.o)
 .text.hot.xTimerCreateTimerTask
                0x00002750       0x88 C:\Users\user\Desktop\ECU\ECU_LT\ArduinoCore\Debug\libArduinoCore.a(timers.o)
                0x00002750                xTimerCreateTimerTask
 .text.hot.xTimerCreateStatic
                0x000027d8       0x6c C:\Users\user\Desktop\ECU\ECU_LT\ArduinoCore\Debug\libArduinoCore.a(timers.o)
                0x000027d8                xTimerCreateStatic
 .text.hot.xTimerGenericCommand
                0x00002844       0x7a C:\Users\user\Desktop\ECU\ECU_LT\ArduinoCore\Debug\libArduinoCore.a(timers.o)
                0x00002844                xTimerGenericCommand
 .text.initVariant
                0x000028be       0x20 C:\Users\user\Desktop\ECU\ECU_LT\ArduinoCore\Debug\libArduinoCore.a(variantHooks.o)
                0x000028be                initVariant
 .text.vApplicationIdleHook
                0x000028de       0x12 C:\Users\user\Desktop\ECU\ECU_LT\ArduinoCore\Debug\libArduinoCore.a(variantHooks.o)
                0x000028de                vApplicationIdleHook
 .text._Z15prvSetMainLedOnv
                0x000028f0        0x6 C:\Users\user\Desktop\ECU\ECU_LT\ArduinoCore\Debug\libArduinoCore.a(variantHooks.o)
                0x000028f0                _Z15prvSetMainLedOnv
 .text._Z15prvBlinkMainLedv
                0x000028f6        0x4 C:\Users\user\Desktop\ECU\ECU_LT\ArduinoCore\Debug\libArduinoCore.a(variantHooks.o)
                0x000028f6                _Z15prvBlinkMainLedv
 .text.vApplicationStackOverflowHook
                0x000028fa       0x18 C:\Users\user\Desktop\ECU\ECU_LT\ArduinoCore\Debug\libArduinoCore.a(variantHooks.o)
                0x000028fa                vApplicationStackOverflowHook
 .text.vApplicationGetIdleTaskMemory
                0x00002912       0x20 C:\Users\user\Desktop\ECU\ECU_LT\ArduinoCore\Debug\libArduinoCore.a(variantHooks.o)
                0x00002912                vApplicationGetIdleTaskMemory
 .text.vApplicationGetTimerTaskMemory
                0x00002932       0x20 C:\Users\user\Desktop\ECU\ECU_LT\ArduinoCore\Debug\libArduinoCore.a(variantHooks.o)
                0x00002932                vApplicationGetTimerTaskMemory
 .text._ZN8SPIClass5beginEv
                0x00002952       0x6c C:\Users\user\Desktop\ECU\ECU_LT\ArduinoCore\Debug\libArduinoCore.a(SPI.o)
                0x00002952                _ZN8SPIClass5beginEv
 .text.__empty  0x000029be        0x2 C:\Users\user\Desktop\ECU\ECU_LT\ArduinoCore\Debug\libArduinoCore.a(hooks.o)
                0x000029be                yield
 .text.hot.vListInitialise
                0x000029c0       0x1c C:\Users\user\Desktop\ECU\ECU_LT\ArduinoCore\Debug\libArduinoCore.a(list.o)
                0x000029c0                vListInitialise
 .text.hot.vListInitialiseItem
                0x000029dc        0x8 C:\Users\user\Desktop\ECU\ECU_LT\ArduinoCore\Debug\libArduinoCore.a(list.o)
                0x000029dc                vListInitialiseItem
 .text.hot.vListInsert
                0x000029e4       0x70 C:\Users\user\Desktop\ECU\ECU_LT\ArduinoCore\Debug\libArduinoCore.a(list.o)
                0x000029e4                vListInsert
 .text.hot.uxListRemove
                0x00002a54       0x48 C:\Users\user\Desktop\ECU\ECU_LT\ArduinoCore\Debug\libArduinoCore.a(list.o)
                0x00002a54                uxListRemove
 .text.hot.pxPortInitialiseStack
                0x00002a9c       0x2e C:\Users\user\Desktop\ECU\ECU_LT\ArduinoCore\Debug\libArduinoCore.a(port.o)
                0x00002a9c                pxPortInitialiseStack
 .text.hot.vPortYield
                0x00002aca       0xc0 C:\Users\user\Desktop\ECU\ECU_LT\ArduinoCore\Debug\libArduinoCore.a(port.o)
                0x00002aca                vPortYield
 .text.hot.vPortYieldFromTick
                0x00002b8a       0xc6 C:\Users\user\Desktop\ECU\ECU_LT\ArduinoCore\Debug\libArduinoCore.a(port.o)
                0x00002b8a                vPortYieldFromTick
 .text.prvSetupTimerInterrupt
                0x00002c50       0x18 C:\Users\user\Desktop\ECU\ECU_LT\ArduinoCore\Debug\libArduinoCore.a(port.o)
                0x00002c50                prvSetupTimerInterrupt
 .text.hot.xPortStartScheduler
                0x00002c68       0x64 C:\Users\user\Desktop\ECU\ECU_LT\ArduinoCore\Debug\libArduinoCore.a(port.o)
                0x00002c68                xPortStartScheduler
 .text.hot.__vector_12
                0x00002ccc        0x4 C:\Users\user\Desktop\ECU\ECU_LT\ArduinoCore\Debug\libArduinoCore.a(port.o)
                0x00002ccc                __vector_12
 .text.libgcc   0x00002cd0       0x10 c:/program files (x86)/atmel/studio/7.0/toolchain/avr8/avr8-gnu-toolchain/bin/../lib/gcc/avr/5.4.0/avr6\libgcc.a(_tablejump2.o)
                0x00002cd0                __tablejump2__
 .text.avr-libc
                0x00002ce0       0x12 c:/program files (x86)/atmel/studio/7.0/toolchain/avr8/avr8-gnu-toolchain/bin/../lib/gcc/avr/5.4.0/../../../../avr/lib/avr6\libc.a(memcpy.o)
                0x00002ce0                memcpy
 .text.avr-libc
                0x00002cf2        0xe c:/program files (x86)/atmel/studio/7.0/toolchain/avr8/avr8-gnu-toolchain/bin/../lib/gcc/avr/5.4.0/../../../../avr/lib/avr6\libc.a(memset.o)
                0x00002cf2                memset
                0x00002d00                . = ALIGN (0x2)
 *(.fini9)
 .fini9         0x00002d00        0x0 c:/program files (x86)/atmel/studio/7.0/toolchain/avr8/avr8-gnu-toolchain/bin/../lib/gcc/avr/5.4.0/avr6\libgcc.a(_exit.o)
                0x00002d00                _exit
                0x00002d00                exit
 *(.fini9)
 *(.fini8)
 *(.fini8)
 *(.fini7)
 *(.fini7)
 *(.fini6)
 *(.fini6)
 *(.fini5)
 *(.fini5)
 *(.fini4)
 *(.fini4)
 *(.fini3)
 *(.fini3)
 *(.fini2)
 *(.fini2)
 *(.fini1)
 *(.fini1)
 *(.fini0)
 .fini0         0x00002d00        0x4 c:/program files (x86)/atmel/studio/7.0/toolchain/avr8/avr8-gnu-toolchain/bin/../lib/gcc/avr/5.4.0/avr6\libgcc.a(_exit.o)
 *(.fini0)
                0x00002d04                _etext = .

.data           0x00800200       0x46 load address 0x00002d04
                0x00800200                PROVIDE (__data_start, .)
 *(.data)
 .data          0x00800200        0x6 c:/program files (x86)/atmel/studio/7.0/toolchain/avr8/avr8-gnu-toolchain/bin/../lib/gcc/avr/5.4.0/../../../../avr/lib/avr6\libc.a(malloc.o)
                0x00800200                __malloc_heap_end
                0x00800202                __malloc_heap_start
                0x00800204                __malloc_margin
 *(.data*)
 *fill*         0x00800206        0x2 
 .data.frame_sos_triggered
                0x00800208       0x10 can_frames.o
                0x00800208                frame_sos_triggered
 .data.AO_blinkyButton
                0x00800218        0x2 Sketch.o
                0x00800218                AO_blinkyButton
 .data.uxTopUsedPriority
                0x0080021a        0x1 C:\Users\user\Desktop\ECU\ECU_LT\ArduinoCore\Debug\libArduinoCore.a(tasks.o)
                0x0080021a                uxTopUsedPriority
 *(.gnu.linkonce.d*)
 *(.rodata)
 .rodata        0x0080021b        0x9 C:\Users\user\Desktop\ECU\ECU_LT\ArduinoCore\Debug\libArduinoCore.a(mcp2515.o)
 *(.rodata*)
 .rodata._ZZL32state_button_not_pressed_handlerPKiPaE16switchPressedEvt
                0x00800224        0x2 BSP_atmega2560.o
 .rodata._ZZL28state_button_pressed_handlerPKiPaE16switchRelasedEvt
                0x00800226        0x2 BSP_atmega2560.o
 .rodata.str1.1
                0x00800228        0x6 FreeAct.o
 .rodata._ZZL16Active_eventLoopPvE7initEvt
                0x0080022e        0x2 FreeAct.o
 .rodata._ZN7MCP25153TXBE
                0x00800230        0x9 C:\Users\user\Desktop\ECU\ECU_LT\ArduinoCore\Debug\libArduinoCore.a(mcp2515.o)
                0x00800230                _ZN7MCP25153TXBE
 .rodata.str1.1
                0x00800239        0x5 C:\Users\user\Desktop\ECU\ECU_LT\ArduinoCore\Debug\libArduinoCore.a(tasks.o)
 .rodata.str1.1
                0x0080023e        0x8 C:\Users\user\Desktop\ECU\ECU_LT\ArduinoCore\Debug\libArduinoCore.a(timers.o)
 *(.gnu.linkonce.r*)
                0x00800246                . = ALIGN (0x2)
                0x00800246                _edata = .
                0x00800246                PROVIDE (__data_end, .)

.bss            0x00800246      0x38b
                0x00800246                PROVIDE (__bss_start, .)
 *(.bss)
 *(.bss*)
 .bss._ZL12state_button
                0x00800246        0x1 BSP_atmega2560.o
 .bss._ZL7mcp2515
                0x00800247        0x7 BSP_atmega2560.o
 .bss._ZL12blinkyButton
                0x0080024e       0x6a Sketch.o
 .bss._ZL18blinkyButton_queue
                0x008002b8       0x14 Sketch.o
 .bss._ZL18blinkyButton_stack
                0x008002cc       0xc0 Sketch.o
 .bss.timer0_fract
                0x0080038c        0x1 C:\Users\user\Desktop\ECU\ECU_LT\ArduinoCore\Debug\libArduinoCore.a(wiring.o)
 .bss.timer0_millis
                0x0080038d        0x4 C:\Users\user\Desktop\ECU\ECU_LT\ArduinoCore\Debug\libArduinoCore.a(wiring.o)
                0x0080038d                timer0_millis
 .bss.timer0_overflow_count
                0x00800391        0x4 C:\Users\user\Desktop\ECU\ECU_LT\ArduinoCore\Debug\libArduinoCore.a(wiring.o)
                0x00800391                timer0_overflow_count
 .bss.uxSchedulerSuspended
                0x00800395        0x1 C:\Users\user\Desktop\ECU\ECU_LT\ArduinoCore\Debug\libArduinoCore.a(tasks.o)
 .bss.xNextTaskUnblockTime
                0x00800396        0x2 C:\Users\user\Desktop\ECU\ECU_LT\ArduinoCore\Debug\libArduinoCore.a(tasks.o)
 .bss.uxTaskNumber
                0x00800398        0x1 C:\Users\user\Desktop\ECU\ECU_LT\ArduinoCore\Debug\libArduinoCore.a(tasks.o)
 .bss.xNumOfOverflows
                0x00800399        0x1 C:\Users\user\Desktop\ECU\ECU_LT\ArduinoCore\Debug\libArduinoCore.a(tasks.o)
 .bss.xYieldPending
                0x0080039a        0x1 C:\Users\user\Desktop\ECU\ECU_LT\ArduinoCore\Debug\libArduinoCore.a(tasks.o)
 .bss.xPendedTicks
                0x0080039b        0x2 C:\Users\user\Desktop\ECU\ECU_LT\ArduinoCore\Debug\libArduinoCore.a(tasks.o)
 .bss.xSchedulerRunning
                0x0080039d        0x1 C:\Users\user\Desktop\ECU\ECU_LT\ArduinoCore\Debug\libArduinoCore.a(tasks.o)
 .bss.uxTopReadyPriority
                0x0080039e        0x1 C:\Users\user\Desktop\ECU\ECU_LT\ArduinoCore\Debug\libArduinoCore.a(tasks.o)
 .bss.xTickCount
                0x0080039f        0x2 C:\Users\user\Desktop\ECU\ECU_LT\ArduinoCore\Debug\libArduinoCore.a(tasks.o)
 .bss.uxCurrentNumberOfTasks
                0x008003a1        0x1 C:\Users\user\Desktop\ECU\ECU_LT\ArduinoCore\Debug\libArduinoCore.a(tasks.o)
 .bss.xSuspendedTaskList
                0x008003a2        0x9 C:\Users\user\Desktop\ECU\ECU_LT\ArduinoCore\Debug\libArduinoCore.a(tasks.o)
 .bss.uxDeletedTasksWaitingCleanUp
                0x008003ab        0x1 C:\Users\user\Desktop\ECU\ECU_LT\ArduinoCore\Debug\libArduinoCore.a(tasks.o)
 .bss.xTasksWaitingTermination
                0x008003ac        0x9 C:\Users\user\Desktop\ECU\ECU_LT\ArduinoCore\Debug\libArduinoCore.a(tasks.o)
 .bss.xPendingReadyList
                0x008003b5        0x9 C:\Users\user\Desktop\ECU\ECU_LT\ArduinoCore\Debug\libArduinoCore.a(tasks.o)
 .bss.pxOverflowDelayedTaskList
                0x008003be        0x2 C:\Users\user\Desktop\ECU\ECU_LT\ArduinoCore\Debug\libArduinoCore.a(tasks.o)
 .bss.pxDelayedTaskList
                0x008003c0        0x2 C:\Users\user\Desktop\ECU\ECU_LT\ArduinoCore\Debug\libArduinoCore.a(tasks.o)
 .bss.xDelayedTaskList2
                0x008003c2        0x9 C:\Users\user\Desktop\ECU\ECU_LT\ArduinoCore\Debug\libArduinoCore.a(tasks.o)
 .bss.xDelayedTaskList1
                0x008003cb        0x9 C:\Users\user\Desktop\ECU\ECU_LT\ArduinoCore\Debug\libArduinoCore.a(tasks.o)
 .bss.pxReadyTasksLists
                0x008003d4       0x24 C:\Users\user\Desktop\ECU\ECU_LT\ArduinoCore\Debug\libArduinoCore.a(tasks.o)
 .bss.pxCurrentTCB
                0x008003f8        0x2 C:\Users\user\Desktop\ECU\ECU_LT\ArduinoCore\Debug\libArduinoCore.a(tasks.o)
                0x008003f8                pxCurrentTCB
 .bss.xStaticTimerQueue.2528
                0x008003fa       0x1f C:\Users\user\Desktop\ECU\ECU_LT\ArduinoCore\Debug\libArduinoCore.a(timers.o)
 .bss.ucStaticTimerQueueStorage.2529
                0x00800419       0x32 C:\Users\user\Desktop\ECU\ECU_LT\ArduinoCore\Debug\libArduinoCore.a(timers.o)
 .bss.xLastTime.2488
                0x0080044b        0x2 C:\Users\user\Desktop\ECU\ECU_LT\ArduinoCore\Debug\libArduinoCore.a(timers.o)
 .bss.xTimerTaskHandle
                0x0080044d        0x2 C:\Users\user\Desktop\ECU\ECU_LT\ArduinoCore\Debug\libArduinoCore.a(timers.o)
 .bss.xTimerQueue
                0x0080044f        0x2 C:\Users\user\Desktop\ECU\ECU_LT\ArduinoCore\Debug\libArduinoCore.a(timers.o)
 .bss.pxOverflowTimerList
                0x00800451        0x2 C:\Users\user\Desktop\ECU\ECU_LT\ArduinoCore\Debug\libArduinoCore.a(timers.o)
 .bss.pxCurrentTimerList
                0x00800453        0x2 C:\Users\user\Desktop\ECU\ECU_LT\ArduinoCore\Debug\libArduinoCore.a(timers.o)
 .bss.xActiveTimerList2
                0x00800455        0x9 C:\Users\user\Desktop\ECU\ECU_LT\ArduinoCore\Debug\libArduinoCore.a(timers.o)
 .bss.xActiveTimerList1
                0x0080045e        0x9 C:\Users\user\Desktop\ECU\ECU_LT\ArduinoCore\Debug\libArduinoCore.a(timers.o)
 .bss._ZZ30vApplicationGetTimerTaskMemoryE16uxTimerTaskStack
                0x00800467       0x55 C:\Users\user\Desktop\ECU\ECU_LT\ArduinoCore\Debug\libArduinoCore.a(variantHooks.o)
 .bss._ZZ30vApplicationGetTimerTaskMemoryE13xTimerTaskTCB
                0x008004bc       0x28 C:\Users\user\Desktop\ECU\ECU_LT\ArduinoCore\Debug\libArduinoCore.a(variantHooks.o)
 .bss._ZZ29vApplicationGetIdleTaskMemoryE15uxIdleTaskStack
                0x008004e4       0xc0 C:\Users\user\Desktop\ECU\ECU_LT\ArduinoCore\Debug\libArduinoCore.a(variantHooks.o)
 .bss._ZZ29vApplicationGetIdleTaskMemoryE12xIdleTaskTCB
                0x008005a4       0x28 C:\Users\user\Desktop\ECU\ECU_LT\ArduinoCore\Debug\libArduinoCore.a(variantHooks.o)
 .bss._ZN8SPIClass13interruptSaveE
                0x008005cc        0x1 C:\Users\user\Desktop\ECU\ECU_LT\ArduinoCore\Debug\libArduinoCore.a(SPI.o)
                0x008005cc                _ZN8SPIClass13interruptSaveE
 .bss._ZN8SPIClass13interruptMaskE
                0x008005cd        0x1 C:\Users\user\Desktop\ECU\ECU_LT\ArduinoCore\Debug\libArduinoCore.a(SPI.o)
                0x008005cd                _ZN8SPIClass13interruptMaskE
 .bss._ZN8SPIClass13interruptModeE
                0x008005ce        0x1 C:\Users\user\Desktop\ECU\ECU_LT\ArduinoCore\Debug\libArduinoCore.a(SPI.o)
                0x008005ce                _ZN8SPIClass13interruptModeE
 .bss._ZN8SPIClass11initializedE
                0x008005cf        0x1 C:\Users\user\Desktop\ECU\ECU_LT\ArduinoCore\Debug\libArduinoCore.a(SPI.o)
                0x008005cf                _ZN8SPIClass11initializedE
 .bss.SPI       0x008005d0        0x1 C:\Users\user\Desktop\ECU\ECU_LT\ArduinoCore\Debug\libArduinoCore.a(SPI.o)
                0x008005d0                SPI
 *(COMMON)
                0x008005d1                PROVIDE (__bss_end, .)
                0x00002d04                __data_load_start = LOADADDR (.data)
                0x00002d4a                __data_load_end = (__data_load_start + SIZEOF (.data))

.noinit         0x008005d1        0x0
                [!provide]                PROVIDE (__noinit_start, .)
 *(.noinit*)
                [!provide]                PROVIDE (__noinit_end, .)
                0x008005d1                _end = .
                0x008005d1                PROVIDE (__heap_start, .)

.eeprom         0x00810000        0x0
 *(.eeprom*)
                0x00810000                __eeprom_end = .

.fuse
 *(.fuse)
 *(.lfuse)
 *(.hfuse)
 *(.efuse)

.lock
 *(.lock*)

.signature
 *(.signature*)

.user_signatures
 *(.user_signatures*)

.stab
 *(.stab)

.stabstr
 *(.stabstr)

.stab.excl
 *(.stab.excl)

.stab.exclstr
 *(.stab.exclstr)

.stab.index
 *(.stab.index)

.stab.indexstr
 *(.stab.indexstr)

.comment        0x00000000       0x30
 *(.comment)
 .comment       0x00000000       0x30 BSP_atmega2560.o
                                 0x31 (size before relaxing)
 .comment       0x00000030       0x31 can_frames.o
 .comment       0x00000030       0x31 FreeAct.o
 .comment       0x00000030       0x31 Sketch.o
 .comment       0x00000030       0x31 C:\Users\user\Desktop\ECU\ECU_LT\ArduinoCore\Debug\libArduinoCore.a(main.o)
 .comment       0x00000030       0x31 C:\Users\user\Desktop\ECU\ECU_LT\ArduinoCore\Debug\libArduinoCore.a(wiring.o)
 .comment       0x00000030       0x31 C:\Users\user\Desktop\ECU\ECU_LT\ArduinoCore\Debug\libArduinoCore.a(wiring_digital.o)
 .comment       0x00000030       0x31 C:\Users\user\Desktop\ECU\ECU_LT\ArduinoCore\Debug\libArduinoCore.a(mcp2515.o)
 .comment       0x00000030       0x31 C:\Users\user\Desktop\ECU\ECU_LT\ArduinoCore\Debug\libArduinoCore.a(queue.o)
 .comment       0x00000030       0x31 C:\Users\user\Desktop\ECU\ECU_LT\ArduinoCore\Debug\libArduinoCore.a(tasks.o)
 .comment       0x00000030       0x31 C:\Users\user\Desktop\ECU\ECU_LT\ArduinoCore\Debug\libArduinoCore.a(timers.o)
 .comment       0x00000030       0x31 C:\Users\user\Desktop\ECU\ECU_LT\ArduinoCore\Debug\libArduinoCore.a(variantHooks.o)
 .comment       0x00000030       0x31 C:\Users\user\Desktop\ECU\ECU_LT\ArduinoCore\Debug\libArduinoCore.a(SPI.o)
 .comment       0x00000030       0x31 C:\Users\user\Desktop\ECU\ECU_LT\ArduinoCore\Debug\libArduinoCore.a(hooks.o)
 .comment       0x00000030       0x31 C:\Users\user\Desktop\ECU\ECU_LT\ArduinoCore\Debug\libArduinoCore.a(list.o)
 .comment       0x00000030       0x31 C:\Users\user\Desktop\ECU\ECU_LT\ArduinoCore\Debug\libArduinoCore.a(port.o)
 .comment       0x00000030       0x31 c:/program files (x86)/atmel/studio/7.0/toolchain/avr8/avr8-gnu-toolchain/bin/../lib/gcc/avr/5.4.0/../../../../avr/lib/avr6\libc.a(malloc.o)

.note.gnu.avr.deviceinfo
                0x00000000       0x40
 .note.gnu.avr.deviceinfo
                0x00000000       0x40 C:/Program Files (x86)/Atmel/Studio/7.0/Packs/atmel/ATmega_DFP/1.6.364/gcc/dev/atmega2560/avr6/crtatmega2560.o

.note.gnu.build-id
 *(.note.gnu.build-id)

.debug
 *(.debug)

.line
 *(.line)

.debug_srcinfo
 *(.debug_srcinfo)

.debug_sfnames
 *(.debug_sfnames)

.debug_aranges  0x00000000      0x7d8
 *(.debug_aranges)
 .debug_aranges
                0x00000000       0x90 BSP_atmega2560.o
 .debug_aranges
                0x00000090       0x18 can_frames.o
 .debug_aranges
                0x000000a8       0x60 FreeAct.o
 .debug_aranges
                0x00000108       0x38 Sketch.o
 .debug_aranges
                0x00000140       0x30 C:\Users\user\Desktop\ECU\ECU_LT\ArduinoCore\Debug\libArduinoCore.a(main.o)
 .debug_aranges
                0x00000170       0x48 C:\Users\user\Desktop\ECU\ECU_LT\ArduinoCore\Debug\libArduinoCore.a(wiring.o)
 .debug_aranges
                0x000001b8       0x38 C:\Users\user\Desktop\ECU\ECU_LT\ArduinoCore\Debug\libArduinoCore.a(wiring_digital.o)
 .debug_aranges
                0x000001f0      0x158 C:\Users\user\Desktop\ECU\ECU_LT\ArduinoCore\Debug\libArduinoCore.a(mcp2515.o)
 .debug_aranges
                0x00000348       0xe8 C:\Users\user\Desktop\ECU\ECU_LT\ArduinoCore\Debug\libArduinoCore.a(queue.o)
 .debug_aranges
                0x00000430      0x1a0 C:\Users\user\Desktop\ECU\ECU_LT\ArduinoCore\Debug\libArduinoCore.a(tasks.o)
 .debug_aranges
                0x000005d0       0xb8 C:\Users\user\Desktop\ECU\ECU_LT\ArduinoCore\Debug\libArduinoCore.a(timers.o)
 .debug_aranges
                0x00000688       0x58 C:\Users\user\Desktop\ECU\ECU_LT\ArduinoCore\Debug\libArduinoCore.a(variantHooks.o)
 .debug_aranges
                0x000006e0       0x38 C:\Users\user\Desktop\ECU\ECU_LT\ArduinoCore\Debug\libArduinoCore.a(SPI.o)
 .debug_aranges
                0x00000718       0x20 C:\Users\user\Desktop\ECU\ECU_LT\ArduinoCore\Debug\libArduinoCore.a(hooks.o)
 .debug_aranges
                0x00000738       0x40 C:\Users\user\Desktop\ECU\ECU_LT\ArduinoCore\Debug\libArduinoCore.a(list.o)
 .debug_aranges
                0x00000778       0x60 C:\Users\user\Desktop\ECU\ECU_LT\ArduinoCore\Debug\libArduinoCore.a(port.o)

.debug_pubnames
 *(.debug_pubnames)

.debug_info     0x00000000     0xe42b
 *(.debug_info .gnu.linkonce.wi.*)
 .debug_info    0x00000000      0xbbc C:/Program Files (x86)/Atmel/Studio/7.0/Packs/atmel/ATmega_DFP/1.6.364/gcc/dev/atmega2560/avr6/crtatmega2560.o
 .debug_info    0x00000bbc     0x1ba1 BSP_atmega2560.o
 .debug_info    0x0000275d      0x269 can_frames.o
 .debug_info    0x000029c6      0xad3 FreeAct.o
 .debug_info    0x00003499      0xb4d Sketch.o
 .debug_info    0x00003fe6      0x295 C:\Users\user\Desktop\ECU\ECU_LT\ArduinoCore\Debug\libArduinoCore.a(main.o)
 .debug_info    0x0000427b      0x329 C:\Users\user\Desktop\ECU\ECU_LT\ArduinoCore\Debug\libArduinoCore.a(wiring.o)
 .debug_info    0x000045a4      0x63a C:\Users\user\Desktop\ECU\ECU_LT\ArduinoCore\Debug\libArduinoCore.a(wiring_digital.o)
 .debug_info    0x00004bde     0x2ed9 C:\Users\user\Desktop\ECU\ECU_LT\ArduinoCore\Debug\libArduinoCore.a(mcp2515.o)
 .debug_info    0x00007ab7     0x1b81 C:\Users\user\Desktop\ECU\ECU_LT\ArduinoCore\Debug\libArduinoCore.a(queue.o)
 .debug_info    0x00009638     0x2555 C:\Users\user\Desktop\ECU\ECU_LT\ArduinoCore\Debug\libArduinoCore.a(tasks.o)
 .debug_info    0x0000bb8d     0x14be C:\Users\user\Desktop\ECU\ECU_LT\ArduinoCore\Debug\libArduinoCore.a(timers.o)
 .debug_info    0x0000d04b      0x684 C:\Users\user\Desktop\ECU\ECU_LT\ArduinoCore\Debug\libArduinoCore.a(variantHooks.o)
 .debug_info    0x0000d6cf      0x6cd C:\Users\user\Desktop\ECU\ECU_LT\ArduinoCore\Debug\libArduinoCore.a(SPI.o)
 .debug_info    0x0000dd9c       0x3e C:\Users\user\Desktop\ECU\ECU_LT\ArduinoCore\Debug\libArduinoCore.a(hooks.o)
 .debug_info    0x0000ddda      0x2eb C:\Users\user\Desktop\ECU\ECU_LT\ArduinoCore\Debug\libArduinoCore.a(list.o)
 .debug_info    0x0000e0c5      0x366 C:\Users\user\Desktop\ECU\ECU_LT\ArduinoCore\Debug\libArduinoCore.a(port.o)

.debug_abbrev   0x00000000     0x3149
 *(.debug_abbrev)
 .debug_abbrev  0x00000000      0xb1a C:/Program Files (x86)/Atmel/Studio/7.0/Packs/atmel/ATmega_DFP/1.6.364/gcc/dev/atmega2560/avr6/crtatmega2560.o
 .debug_abbrev  0x00000b1a      0x50d BSP_atmega2560.o
 .debug_abbrev  0x00001027       0xba can_frames.o
 .debug_abbrev  0x000010e1      0x270 FreeAct.o
 .debug_abbrev  0x00001351      0x296 Sketch.o
 .debug_abbrev  0x000015e7      0x12d C:\Users\user\Desktop\ECU\ECU_LT\ArduinoCore\Debug\libArduinoCore.a(main.o)
 .debug_abbrev  0x00001714      0x146 C:\Users\user\Desktop\ECU\ECU_LT\ArduinoCore\Debug\libArduinoCore.a(wiring.o)
 .debug_abbrev  0x0000185a      0x15a C:\Users\user\Desktop\ECU\ECU_LT\ArduinoCore\Debug\libArduinoCore.a(wiring_digital.o)
 .debug_abbrev  0x000019b4      0x5ac C:\Users\user\Desktop\ECU\ECU_LT\ArduinoCore\Debug\libArduinoCore.a(mcp2515.o)
 .debug_abbrev  0x00001f60      0x37b C:\Users\user\Desktop\ECU\ECU_LT\ArduinoCore\Debug\libArduinoCore.a(queue.o)
 .debug_abbrev  0x000022db      0x39d C:\Users\user\Desktop\ECU\ECU_LT\ArduinoCore\Debug\libArduinoCore.a(tasks.o)
 .debug_abbrev  0x00002678      0x381 C:\Users\user\Desktop\ECU\ECU_LT\ArduinoCore\Debug\libArduinoCore.a(timers.o)
 .debug_abbrev  0x000029f9      0x20c C:\Users\user\Desktop\ECU\ECU_LT\ArduinoCore\Debug\libArduinoCore.a(variantHooks.o)
 .debug_abbrev  0x00002c05      0x283 C:\Users\user\Desktop\ECU\ECU_LT\ArduinoCore\Debug\libArduinoCore.a(SPI.o)
 .debug_abbrev  0x00002e88       0x2a C:\Users\user\Desktop\ECU\ECU_LT\ArduinoCore\Debug\libArduinoCore.a(hooks.o)
 .debug_abbrev  0x00002eb2       0xff C:\Users\user\Desktop\ECU\ECU_LT\ArduinoCore\Debug\libArduinoCore.a(list.o)
 .debug_abbrev  0x00002fb1      0x198 C:\Users\user\Desktop\ECU\ECU_LT\ArduinoCore\Debug\libArduinoCore.a(port.o)

.debug_line     0x00000000     0x5302
 *(.debug_line .debug_line.* .debug_line_end)
 .debug_line    0x00000000      0x1fa C:/Program Files (x86)/Atmel/Studio/7.0/Packs/atmel/ATmega_DFP/1.6.364/gcc/dev/atmega2560/avr6/crtatmega2560.o
 .debug_line    0x000001fa      0x43f BSP_atmega2560.o
 .debug_line    0x00000639      0x189 can_frames.o
 .debug_line    0x000007c2      0x258 FreeAct.o
 .debug_line    0x00000a1a      0x2f7 Sketch.o
 .debug_line    0x00000d11      0x161 C:\Users\user\Desktop\ECU\ECU_LT\ArduinoCore\Debug\libArduinoCore.a(main.o)
 .debug_line    0x00000e72      0x2cb C:\Users\user\Desktop\ECU\ECU_LT\ArduinoCore\Debug\libArduinoCore.a(wiring.o)
 .debug_line    0x0000113d      0x284 C:\Users\user\Desktop\ECU\ECU_LT\ArduinoCore\Debug\libArduinoCore.a(wiring_digital.o)
 .debug_line    0x000013c1      0xd34 C:\Users\user\Desktop\ECU\ECU_LT\ArduinoCore\Debug\libArduinoCore.a(mcp2515.o)
 .debug_line    0x000020f5      0xc19 C:\Users\user\Desktop\ECU\ECU_LT\ArduinoCore\Debug\libArduinoCore.a(queue.o)
 .debug_line    0x00002d0e     0x1449 C:\Users\user\Desktop\ECU\ECU_LT\ArduinoCore\Debug\libArduinoCore.a(tasks.o)
 .debug_line    0x00004157      0x63f C:\Users\user\Desktop\ECU\ECU_LT\ArduinoCore\Debug\libArduinoCore.a(timers.o)
 .debug_line    0x00004796      0x356 C:\Users\user\Desktop\ECU\ECU_LT\ArduinoCore\Debug\libArduinoCore.a(variantHooks.o)
 .debug_line    0x00004aec      0x2eb C:\Users\user\Desktop\ECU\ECU_LT\ArduinoCore\Debug\libArduinoCore.a(SPI.o)
 .debug_line    0x00004dd7       0x41 C:\Users\user\Desktop\ECU\ECU_LT\ArduinoCore\Debug\libArduinoCore.a(hooks.o)
 .debug_line    0x00004e18      0x209 C:\Users\user\Desktop\ECU\ECU_LT\ArduinoCore\Debug\libArduinoCore.a(list.o)
 .debug_line    0x00005021      0x2e1 C:\Users\user\Desktop\ECU\ECU_LT\ArduinoCore\Debug\libArduinoCore.a(port.o)

.debug_frame    0x00000000     0x1868
 *(.debug_frame)
 .debug_frame   0x00000000      0x120 BSP_atmega2560.o
 .debug_frame   0x00000120      0x160 FreeAct.o
 .debug_frame   0x00000280       0xb4 Sketch.o
 .debug_frame   0x00000334       0x54 C:\Users\user\Desktop\ECU\ECU_LT\ArduinoCore\Debug\libArduinoCore.a(main.o)
 .debug_frame   0x00000388       0xc4 C:\Users\user\Desktop\ECU\ECU_LT\ArduinoCore\Debug\libArduinoCore.a(wiring.o)
 .debug_frame   0x0000044c       0x7c C:\Users\user\Desktop\ECU\ECU_LT\ArduinoCore\Debug\libArduinoCore.a(wiring_digital.o)
 .debug_frame   0x000004c8      0x560 C:\Users\user\Desktop\ECU\ECU_LT\ArduinoCore\Debug\libArduinoCore.a(mcp2515.o)
 .debug_frame   0x00000a28      0x384 C:\Users\user\Desktop\ECU\ECU_LT\ArduinoCore\Debug\libArduinoCore.a(queue.o)
 .debug_frame   0x00000dac      0x628 C:\Users\user\Desktop\ECU\ECU_LT\ArduinoCore\Debug\libArduinoCore.a(tasks.o)
 .debug_frame   0x000013d4      0x238 C:\Users\user\Desktop\ECU\ECU_LT\ArduinoCore\Debug\libArduinoCore.a(timers.o)
 .debug_frame   0x0000160c       0x94 C:\Users\user\Desktop\ECU\ECU_LT\ArduinoCore\Debug\libArduinoCore.a(variantHooks.o)
 .debug_frame   0x000016a0       0x5c C:\Users\user\Desktop\ECU\ECU_LT\ArduinoCore\Debug\libArduinoCore.a(SPI.o)
 .debug_frame   0x000016fc       0x24 C:\Users\user\Desktop\ECU\ECU_LT\ArduinoCore\Debug\libArduinoCore.a(hooks.o)
 .debug_frame   0x00001720       0x90 C:\Users\user\Desktop\ECU\ECU_LT\ArduinoCore\Debug\libArduinoCore.a(list.o)
 .debug_frame   0x000017b0       0xb8 C:\Users\user\Desktop\ECU\ECU_LT\ArduinoCore\Debug\libArduinoCore.a(port.o)

.debug_str      0x00000000     0x41ce
 *(.debug_str)
 .debug_str     0x00000000      0x3e6 C:/Program Files (x86)/Atmel/Studio/7.0/Packs/atmel/ATmega_DFP/1.6.364/gcc/dev/atmega2560/avr6/crtatmega2560.o
 .debug_str     0x000003e6     0x1a26 BSP_atmega2560.o
                               0x1b57 (size before relaxing)
 .debug_str     0x00001e0c       0x28 can_frames.o
                                0x2c1 (size before relaxing)
 .debug_str     0x00001e34      0x31d FreeAct.o
                                0x78b (size before relaxing)
 .debug_str     0x00002151       0xb2 Sketch.o
                                0x864 (size before relaxing)
 .debug_str     0x00002203       0x8d C:\Users\user\Desktop\ECU\ECU_LT\ArduinoCore\Debug\libArduinoCore.a(main.o)
                                0x29a (size before relaxing)
 .debug_str     0x00002290      0x15b C:\Users\user\Desktop\ECU\ECU_LT\ArduinoCore\Debug\libArduinoCore.a(wiring.o)
                                0x230 (size before relaxing)
 .debug_str     0x000023eb       0xc2 C:\Users\user\Desktop\ECU\ECU_LT\ArduinoCore\Debug\libArduinoCore.a(wiring_digital.o)
                                0x295 (size before relaxing)
 .debug_str     0x000024ad      0x363 C:\Users\user\Desktop\ECU\ECU_LT\ArduinoCore\Debug\libArduinoCore.a(mcp2515.o)
                               0x18cb (size before relaxing)
 .debug_str     0x00002810      0x708 C:\Users\user\Desktop\ECU\ECU_LT\ArduinoCore\Debug\libArduinoCore.a(queue.o)
                                0xaba (size before relaxing)
 .debug_str     0x00002f18      0xab0 C:\Users\user\Desktop\ECU\ECU_LT\ArduinoCore\Debug\libArduinoCore.a(tasks.o)
                               0x10b4 (size before relaxing)
 .debug_str     0x000039c8      0x45b C:\Users\user\Desktop\ECU\ECU_LT\ArduinoCore\Debug\libArduinoCore.a(timers.o)
                                0xac2 (size before relaxing)
 .debug_str     0x00003e23      0x1bc C:\Users\user\Desktop\ECU\ECU_LT\ArduinoCore\Debug\libArduinoCore.a(variantHooks.o)
                                0x5ab (size before relaxing)
 .debug_str     0x00003fdf       0x9f C:\Users\user\Desktop\ECU\ECU_LT\ArduinoCore\Debug\libArduinoCore.a(SPI.o)
                                0x693 (size before relaxing)
 .debug_str     0x0000407e       0x1c C:\Users\user\Desktop\ECU\ECU_LT\ArduinoCore\Debug\libArduinoCore.a(hooks.o)
                                0x125 (size before relaxing)
 .debug_str     0x0000409a       0x62 C:\Users\user\Desktop\ECU\ECU_LT\ArduinoCore\Debug\libArduinoCore.a(list.o)
                                0x2fb (size before relaxing)
 .debug_str     0x000040fc       0xd2 C:\Users\user\Desktop\ECU\ECU_LT\ArduinoCore\Debug\libArduinoCore.a(port.o)
                                0x34c (size before relaxing)

.debug_loc      0x00000000     0x9b06
 *(.debug_loc)
 .debug_loc     0x00000000      0x1de BSP_atmega2560.o
 .debug_loc     0x000001de      0x738 FreeAct.o
 .debug_loc     0x00000916      0x375 Sketch.o
 .debug_loc     0x00000c8b      0x28d C:\Users\user\Desktop\ECU\ECU_LT\ArduinoCore\Debug\libArduinoCore.a(wiring.o)
 .debug_loc     0x00000f18      0x56b C:\Users\user\Desktop\ECU\ECU_LT\ArduinoCore\Debug\libArduinoCore.a(wiring_digital.o)
 .debug_loc     0x00001483     0x2bfe C:\Users\user\Desktop\ECU\ECU_LT\ArduinoCore\Debug\libArduinoCore.a(mcp2515.o)
 .debug_loc     0x00004081     0x1dc3 C:\Users\user\Desktop\ECU\ECU_LT\ArduinoCore\Debug\libArduinoCore.a(queue.o)
 .debug_loc     0x00005e44     0x2921 C:\Users\user\Desktop\ECU\ECU_LT\ArduinoCore\Debug\libArduinoCore.a(tasks.o)
 .debug_loc     0x00008765      0xd11 C:\Users\user\Desktop\ECU\ECU_LT\ArduinoCore\Debug\libArduinoCore.a(timers.o)
 .debug_loc     0x00009476      0x148 C:\Users\user\Desktop\ECU\ECU_LT\ArduinoCore\Debug\libArduinoCore.a(variantHooks.o)
 .debug_loc     0x000095be      0x1f0 C:\Users\user\Desktop\ECU\ECU_LT\ArduinoCore\Debug\libArduinoCore.a(SPI.o)
 .debug_loc     0x000097ae      0x1d7 C:\Users\user\Desktop\ECU\ECU_LT\ArduinoCore\Debug\libArduinoCore.a(list.o)
 .debug_loc     0x00009985      0x181 C:\Users\user\Desktop\ECU\ECU_LT\ArduinoCore\Debug\libArduinoCore.a(port.o)

.debug_macinfo
 *(.debug_macinfo)

.debug_weaknames
 *(.debug_weaknames)

.debug_funcnames
 *(.debug_funcnames)

.debug_typenames
 *(.debug_typenames)

.debug_varnames
 *(.debug_varnames)

.debug_pubtypes
 *(.debug_pubtypes)

.debug_ranges   0x00000000      0x7b8
 *(.debug_ranges)
 .debug_ranges  0x00000000       0x80 BSP_atmega2560.o
 .debug_ranges  0x00000080       0x50 FreeAct.o
 .debug_ranges  0x000000d0       0x40 Sketch.o
 .debug_ranges  0x00000110       0x20 C:\Users\user\Desktop\ECU\ECU_LT\ArduinoCore\Debug\libArduinoCore.a(main.o)
 .debug_ranges  0x00000130       0x38 C:\Users\user\Desktop\ECU\ECU_LT\ArduinoCore\Debug\libArduinoCore.a(wiring.o)
 .debug_ranges  0x00000168       0x28 C:\Users\user\Desktop\ECU\ECU_LT\ArduinoCore\Debug\libArduinoCore.a(wiring_digital.o)
 .debug_ranges  0x00000190      0x180 C:\Users\user\Desktop\ECU\ECU_LT\ArduinoCore\Debug\libArduinoCore.a(mcp2515.o)
 .debug_ranges  0x00000310       0xf0 C:\Users\user\Desktop\ECU\ECU_LT\ArduinoCore\Debug\libArduinoCore.a(queue.o)
 .debug_ranges  0x00000400      0x210 C:\Users\user\Desktop\ECU\ECU_LT\ArduinoCore\Debug\libArduinoCore.a(tasks.o)
 .debug_ranges  0x00000610       0xa8 C:\Users\user\Desktop\ECU\ECU_LT\ArduinoCore\Debug\libArduinoCore.a(timers.o)
 .debug_ranges  0x000006b8       0x48 C:\Users\user\Desktop\ECU\ECU_LT\ArduinoCore\Debug\libArduinoCore.a(variantHooks.o)
 .debug_ranges  0x00000700       0x28 C:\Users\user\Desktop\ECU\ECU_LT\ArduinoCore\Debug\libArduinoCore.a(SPI.o)
 .debug_ranges  0x00000728       0x10 C:\Users\user\Desktop\ECU\ECU_LT\ArduinoCore\Debug\libArduinoCore.a(hooks.o)
 .debug_ranges  0x00000738       0x30 C:\Users\user\Desktop\ECU\ECU_LT\ArduinoCore\Debug\libArduinoCore.a(list.o)
 .debug_ranges  0x00000768       0x50 C:\Users\user\Desktop\ECU\ECU_LT\ArduinoCore\Debug\libArduinoCore.a(port.o)

.debug_macro
 *(.debug_macro)
OUTPUT(ECU_LT.elf elf32-avr)
LOAD linker stubs
