Archive member included to satisfy reference by file (symbol)

C:\Users\user\Desktop\GP\ECU_RIGHT\ArduinoCore\Debug\libArduinoCore.a(main.o)
                              C:/Program Files (x86)/Atmel/Studio/7.0/Packs/atmel/ATmega_DFP/1.6.364/gcc/dev/atmega2560/avr6/crtatmega2560.o (main)
C:\Users\user\Desktop\GP\ECU_RIGHT\ArduinoCore\Debug\libArduinoCore.a(wiring.o)
                              stateHandlers.o (millis)
C:\Users\user\Desktop\GP\ECU_RIGHT\ArduinoCore\Debug\libArduinoCore.a(wiring_digital.o)
                              Sketch.o (pinMode)
C:\Users\user\Desktop\GP\ECU_RIGHT\ArduinoCore\Debug\libArduinoCore.a(mcp2515.o)
                              Sketch.o (_ZN7MCP2515C1EhmP8SPIClass)
C:\Users\user\Desktop\GP\ECU_RIGHT\ArduinoCore\Debug\libArduinoCore.a(SPI.o)
                              C:\Users\user\Desktop\GP\ECU_RIGHT\ArduinoCore\Debug\libArduinoCore.a(mcp2515.o) (_ZN8SPIClass5beginEv)
C:\Users\user\Desktop\GP\ECU_RIGHT\ArduinoCore\Debug\libArduinoCore.a(hooks.o)
                              C:\Users\user\Desktop\GP\ECU_RIGHT\ArduinoCore\Debug\libArduinoCore.a(wiring.o) (yield)
c:/program files (x86)/atmel/studio/7.0/toolchain/avr8/avr8-gnu-toolchain/bin/../lib/gcc/avr/5.4.0/avr6\libgcc.a(_exit.o)
                              C:/Program Files (x86)/Atmel/Studio/7.0/Packs/atmel/ATmega_DFP/1.6.364/gcc/dev/atmega2560/avr6/crtatmega2560.o (exit)
c:/program files (x86)/atmel/studio/7.0/toolchain/avr8/avr8-gnu-toolchain/bin/../lib/gcc/avr/5.4.0/avr6\libgcc.a(_tablejump2.o)
                              C:\Users\user\Desktop\GP\ECU_RIGHT\ArduinoCore\Debug\libArduinoCore.a(wiring_digital.o) (__tablejump2__)
c:/program files (x86)/atmel/studio/7.0/toolchain/avr8/avr8-gnu-toolchain/bin/../lib/gcc/avr/5.4.0/avr6\libgcc.a(_copy_data.o)
                              C:\Users\user\Desktop\GP\ECU_RIGHT\ArduinoCore\Debug\libArduinoCore.a(mcp2515.o) (__do_copy_data)
c:/program files (x86)/atmel/studio/7.0/toolchain/avr8/avr8-gnu-toolchain/bin/../lib/gcc/avr/5.4.0/avr6\libgcc.a(_clear_bss.o)
                              Sketch.o (__do_clear_bss)
c:/program files (x86)/atmel/studio/7.0/toolchain/avr8/avr8-gnu-toolchain/bin/../lib/gcc/avr/5.4.0/avr6\libgcc.a(_ctors.o)
                              Sketch.o (__do_global_ctors)
c:/program files (x86)/atmel/studio/7.0/toolchain/avr8/avr8-gnu-toolchain/bin/../lib/gcc/avr/5.4.0/../../../../avr/lib/avr6\libc.a(memcpy.o)
                              C:\Users\user\Desktop\GP\ECU_RIGHT\ArduinoCore\Debug\libArduinoCore.a(mcp2515.o) (memcpy)

Discarded input sections

 .data          0x00000000        0x0 C:/Program Files (x86)/Atmel/Studio/7.0/Packs/atmel/ATmega_DFP/1.6.364/gcc/dev/atmega2560/avr6/crtatmega2560.o
 .bss           0x00000000        0x0 C:/Program Files (x86)/Atmel/Studio/7.0/Packs/atmel/ATmega_DFP/1.6.364/gcc/dev/atmega2560/avr6/crtatmega2560.o
 .text          0x00000000        0x0 can_frames.o
 .data          0x00000000        0x0 can_frames.o
 .bss           0x00000000        0x0 can_frames.o
 .text          0x00000000        0x0 Sketch.o
 .data          0x00000000        0x0 Sketch.o
 .bss           0x00000000        0x0 Sketch.o
 .bss.frameRequest
                0x00000000       0x10 Sketch.o
 .text          0x00000000        0x0 stateHandlers.o
 .data          0x00000000        0x0 stateHandlers.o
 .bss           0x00000000        0x0 stateHandlers.o
 .text          0x00000000        0x0 C:\Users\user\Desktop\GP\ECU_RIGHT\ArduinoCore\Debug\libArduinoCore.a(main.o)
 .data          0x00000000        0x0 C:\Users\user\Desktop\GP\ECU_RIGHT\ArduinoCore\Debug\libArduinoCore.a(main.o)
 .bss           0x00000000        0x0 C:\Users\user\Desktop\GP\ECU_RIGHT\ArduinoCore\Debug\libArduinoCore.a(main.o)
 .text.atexit   0x00000000        0x6 C:\Users\user\Desktop\GP\ECU_RIGHT\ArduinoCore\Debug\libArduinoCore.a(main.o)
 .text._Z8setupUSBv
                0x00000000        0x2 C:\Users\user\Desktop\GP\ECU_RIGHT\ArduinoCore\Debug\libArduinoCore.a(main.o)
 .text          0x00000000        0x0 C:\Users\user\Desktop\GP\ECU_RIGHT\ArduinoCore\Debug\libArduinoCore.a(wiring.o)
 .data          0x00000000        0x0 C:\Users\user\Desktop\GP\ECU_RIGHT\ArduinoCore\Debug\libArduinoCore.a(wiring.o)
 .bss           0x00000000        0x0 C:\Users\user\Desktop\GP\ECU_RIGHT\ArduinoCore\Debug\libArduinoCore.a(wiring.o)
 .text.delayMicroseconds
                0x00000000       0x16 C:\Users\user\Desktop\GP\ECU_RIGHT\ArduinoCore\Debug\libArduinoCore.a(wiring.o)
 .text          0x00000000        0x0 C:\Users\user\Desktop\GP\ECU_RIGHT\ArduinoCore\Debug\libArduinoCore.a(wiring_digital.o)
 .data          0x00000000        0x0 C:\Users\user\Desktop\GP\ECU_RIGHT\ArduinoCore\Debug\libArduinoCore.a(wiring_digital.o)
 .bss           0x00000000        0x0 C:\Users\user\Desktop\GP\ECU_RIGHT\ArduinoCore\Debug\libArduinoCore.a(wiring_digital.o)
 .text.digitalRead
                0x00000000       0x52 C:\Users\user\Desktop\GP\ECU_RIGHT\ArduinoCore\Debug\libArduinoCore.a(wiring_digital.o)
 .progmem.data.port_to_input_PGM
                0x00000000       0x1a C:\Users\user\Desktop\GP\ECU_RIGHT\ArduinoCore\Debug\libArduinoCore.a(wiring_digital.o)
 .group         0x00000000        0x8 C:\Users\user\Desktop\GP\ECU_RIGHT\ArduinoCore\Debug\libArduinoCore.a(mcp2515.o)
 .text          0x00000000        0x0 C:\Users\user\Desktop\GP\ECU_RIGHT\ArduinoCore\Debug\libArduinoCore.a(mcp2515.o)
 .data          0x00000000        0x0 C:\Users\user\Desktop\GP\ECU_RIGHT\ArduinoCore\Debug\libArduinoCore.a(mcp2515.o)
 .bss           0x00000000        0x0 C:\Users\user\Desktop\GP\ECU_RIGHT\ArduinoCore\Debug\libArduinoCore.a(mcp2515.o)
 .text._ZN7MCP251517setListenOnlyModeEv
                0x00000000        0x6 C:\Users\user\Desktop\GP\ECU_RIGHT\ArduinoCore\Debug\libArduinoCore.a(mcp2515.o)
 .text._ZN7MCP251512setSleepModeEv
                0x00000000        0x6 C:\Users\user\Desktop\GP\ECU_RIGHT\ArduinoCore\Debug\libArduinoCore.a(mcp2515.o)
 .text._ZN7MCP251515setLoopbackModeEv
                0x00000000        0x6 C:\Users\user\Desktop\GP\ECU_RIGHT\ArduinoCore\Debug\libArduinoCore.a(mcp2515.o)
 .text._ZN7MCP251510setBitrateE9CAN_SPEED
                0x00000000        0x6 C:\Users\user\Desktop\GP\ECU_RIGHT\ArduinoCore\Debug\libArduinoCore.a(mcp2515.o)
 .text._ZN7MCP25159setClkOutE10CAN_CLKOUT
                0x00000000       0x42 C:\Users\user\Desktop\GP\ECU_RIGHT\ArduinoCore\Debug\libArduinoCore.a(mcp2515.o)
 .text._ZN7MCP251511sendMessageENS_4TXBnEPK9can_frame
                0x00000000      0x11c C:\Users\user\Desktop\GP\ECU_RIGHT\ArduinoCore\Debug\libArduinoCore.a(mcp2515.o)
 .text._ZN7MCP251511sendMessageEPK9can_frame
                0x00000000       0xbe C:\Users\user\Desktop\GP\ECU_RIGHT\ArduinoCore\Debug\libArduinoCore.a(mcp2515.o)
 .text._ZN7MCP251512checkReceiveEv
                0x00000000       0x10 C:\Users\user\Desktop\GP\ECU_RIGHT\ArduinoCore\Debug\libArduinoCore.a(mcp2515.o)
 .text._ZN7MCP251513getErrorFlagsEv
                0x00000000        0x6 C:\Users\user\Desktop\GP\ECU_RIGHT\ArduinoCore\Debug\libArduinoCore.a(mcp2515.o)
 .text._ZN7MCP251510checkErrorEv
                0x00000000       0x10 C:\Users\user\Desktop\GP\ECU_RIGHT\ArduinoCore\Debug\libArduinoCore.a(mcp2515.o)
 .text._ZN7MCP251516clearRXnOVRFlagsEv
                0x00000000        0xa C:\Users\user\Desktop\GP\ECU_RIGHT\ArduinoCore\Debug\libArduinoCore.a(mcp2515.o)
 .text._ZN7MCP251513getInterruptsEv
                0x00000000        0x6 C:\Users\user\Desktop\GP\ECU_RIGHT\ArduinoCore\Debug\libArduinoCore.a(mcp2515.o)
 .text._ZN7MCP251515clearInterruptsEv
                0x00000000        0x8 C:\Users\user\Desktop\GP\ECU_RIGHT\ArduinoCore\Debug\libArduinoCore.a(mcp2515.o)
 .text._ZN7MCP251516getInterruptMaskEv
                0x00000000        0x6 C:\Users\user\Desktop\GP\ECU_RIGHT\ArduinoCore\Debug\libArduinoCore.a(mcp2515.o)
 .text._ZN7MCP251517clearTXInterruptsEv
                0x00000000        0xa C:\Users\user\Desktop\GP\ECU_RIGHT\ArduinoCore\Debug\libArduinoCore.a(mcp2515.o)
 .text._ZN7MCP251511clearRXnOVREv
                0x00000000       0x24 C:\Users\user\Desktop\GP\ECU_RIGHT\ArduinoCore\Debug\libArduinoCore.a(mcp2515.o)
 .text._ZN7MCP25159clearMERREv
                0x00000000        0xa C:\Users\user\Desktop\GP\ECU_RIGHT\ArduinoCore\Debug\libArduinoCore.a(mcp2515.o)
 .text._ZN7MCP251510clearERRIFEv
                0x00000000        0xa C:\Users\user\Desktop\GP\ECU_RIGHT\ArduinoCore\Debug\libArduinoCore.a(mcp2515.o)
 .text._ZN7MCP251512errorCountRXEv
                0x00000000        0x6 C:\Users\user\Desktop\GP\ECU_RIGHT\ArduinoCore\Debug\libArduinoCore.a(mcp2515.o)
 .text._ZN7MCP251512errorCountTXEv
                0x00000000        0x6 C:\Users\user\Desktop\GP\ECU_RIGHT\ArduinoCore\Debug\libArduinoCore.a(mcp2515.o)
 .rodata._ZN7MCP25153TXBE
                0x00000000        0x9 C:\Users\user\Desktop\GP\ECU_RIGHT\ArduinoCore\Debug\libArduinoCore.a(mcp2515.o)
 .text          0x00000000        0x0 C:\Users\user\Desktop\GP\ECU_RIGHT\ArduinoCore\Debug\libArduinoCore.a(SPI.o)
 .data          0x00000000        0x0 C:\Users\user\Desktop\GP\ECU_RIGHT\ArduinoCore\Debug\libArduinoCore.a(SPI.o)
 .bss           0x00000000        0x0 C:\Users\user\Desktop\GP\ECU_RIGHT\ArduinoCore\Debug\libArduinoCore.a(SPI.o)
 .text._ZN8SPIClass3endEv
                0x00000000       0x28 C:\Users\user\Desktop\GP\ECU_RIGHT\ArduinoCore\Debug\libArduinoCore.a(SPI.o)
 .text._ZN8SPIClass14usingInterruptEh
                0x00000000       0x5e C:\Users\user\Desktop\GP\ECU_RIGHT\ArduinoCore\Debug\libArduinoCore.a(SPI.o)
 .progmem.gcc_sw_table._ZN8SPIClass14usingInterruptEh
                0x00000000       0x10 C:\Users\user\Desktop\GP\ECU_RIGHT\ArduinoCore\Debug\libArduinoCore.a(SPI.o)
 .text._ZN8SPIClass17notUsingInterruptEh
                0x00000000       0x36 C:\Users\user\Desktop\GP\ECU_RIGHT\ArduinoCore\Debug\libArduinoCore.a(SPI.o)
 .rodata.CSWTCH.20
                0x00000000        0x8 C:\Users\user\Desktop\GP\ECU_RIGHT\ArduinoCore\Debug\libArduinoCore.a(SPI.o)
 .text          0x00000000        0x0 C:\Users\user\Desktop\GP\ECU_RIGHT\ArduinoCore\Debug\libArduinoCore.a(hooks.o)
 .data          0x00000000        0x0 C:\Users\user\Desktop\GP\ECU_RIGHT\ArduinoCore\Debug\libArduinoCore.a(hooks.o)
 .bss           0x00000000        0x0 C:\Users\user\Desktop\GP\ECU_RIGHT\ArduinoCore\Debug\libArduinoCore.a(hooks.o)
 .text          0x00000000        0x0 c:/program files (x86)/atmel/studio/7.0/toolchain/avr8/avr8-gnu-toolchain/bin/../lib/gcc/avr/5.4.0/avr6\libgcc.a(_exit.o)
 .data          0x00000000        0x0 c:/program files (x86)/atmel/studio/7.0/toolchain/avr8/avr8-gnu-toolchain/bin/../lib/gcc/avr/5.4.0/avr6\libgcc.a(_exit.o)
 .bss           0x00000000        0x0 c:/program files (x86)/atmel/studio/7.0/toolchain/avr8/avr8-gnu-toolchain/bin/../lib/gcc/avr/5.4.0/avr6\libgcc.a(_exit.o)
 .text.libgcc.mul
                0x00000000        0x0 c:/program files (x86)/atmel/studio/7.0/toolchain/avr8/avr8-gnu-toolchain/bin/../lib/gcc/avr/5.4.0/avr6\libgcc.a(_exit.o)
 .text.libgcc.div
                0x00000000        0x0 c:/program files (x86)/atmel/studio/7.0/toolchain/avr8/avr8-gnu-toolchain/bin/../lib/gcc/avr/5.4.0/avr6\libgcc.a(_exit.o)
 .text.libgcc   0x00000000        0x0 c:/program files (x86)/atmel/studio/7.0/toolchain/avr8/avr8-gnu-toolchain/bin/../lib/gcc/avr/5.4.0/avr6\libgcc.a(_exit.o)
 .text.libgcc.prologue
                0x00000000        0x0 c:/program files (x86)/atmel/studio/7.0/toolchain/avr8/avr8-gnu-toolchain/bin/../lib/gcc/avr/5.4.0/avr6\libgcc.a(_exit.o)
 .text.libgcc.builtins
                0x00000000        0x0 c:/program files (x86)/atmel/studio/7.0/toolchain/avr8/avr8-gnu-toolchain/bin/../lib/gcc/avr/5.4.0/avr6\libgcc.a(_exit.o)
 .text.libgcc.fmul
                0x00000000        0x0 c:/program files (x86)/atmel/studio/7.0/toolchain/avr8/avr8-gnu-toolchain/bin/../lib/gcc/avr/5.4.0/avr6\libgcc.a(_exit.o)
 .text.libgcc.fixed
                0x00000000        0x0 c:/program files (x86)/atmel/studio/7.0/toolchain/avr8/avr8-gnu-toolchain/bin/../lib/gcc/avr/5.4.0/avr6\libgcc.a(_exit.o)
 .text          0x00000000        0x0 c:/program files (x86)/atmel/studio/7.0/toolchain/avr8/avr8-gnu-toolchain/bin/../lib/gcc/avr/5.4.0/avr6\libgcc.a(_tablejump2.o)
 .data          0x00000000        0x0 c:/program files (x86)/atmel/studio/7.0/toolchain/avr8/avr8-gnu-toolchain/bin/../lib/gcc/avr/5.4.0/avr6\libgcc.a(_tablejump2.o)
 .bss           0x00000000        0x0 c:/program files (x86)/atmel/studio/7.0/toolchain/avr8/avr8-gnu-toolchain/bin/../lib/gcc/avr/5.4.0/avr6\libgcc.a(_tablejump2.o)
 .text.libgcc.mul
                0x00000000        0x0 c:/program files (x86)/atmel/studio/7.0/toolchain/avr8/avr8-gnu-toolchain/bin/../lib/gcc/avr/5.4.0/avr6\libgcc.a(_tablejump2.o)
 .text.libgcc.div
                0x00000000        0x0 c:/program files (x86)/atmel/studio/7.0/toolchain/avr8/avr8-gnu-toolchain/bin/../lib/gcc/avr/5.4.0/avr6\libgcc.a(_tablejump2.o)
 .text.libgcc.prologue
                0x00000000        0x0 c:/program files (x86)/atmel/studio/7.0/toolchain/avr8/avr8-gnu-toolchain/bin/../lib/gcc/avr/5.4.0/avr6\libgcc.a(_tablejump2.o)
 .text.libgcc.builtins
                0x00000000        0x0 c:/program files (x86)/atmel/studio/7.0/toolchain/avr8/avr8-gnu-toolchain/bin/../lib/gcc/avr/5.4.0/avr6\libgcc.a(_tablejump2.o)
 .text.libgcc.fmul
                0x00000000        0x0 c:/program files (x86)/atmel/studio/7.0/toolchain/avr8/avr8-gnu-toolchain/bin/../lib/gcc/avr/5.4.0/avr6\libgcc.a(_tablejump2.o)
 .text.libgcc.fixed
                0x00000000        0x0 c:/program files (x86)/atmel/studio/7.0/toolchain/avr8/avr8-gnu-toolchain/bin/../lib/gcc/avr/5.4.0/avr6\libgcc.a(_tablejump2.o)
 .text          0x00000000        0x0 c:/program files (x86)/atmel/studio/7.0/toolchain/avr8/avr8-gnu-toolchain/bin/../lib/gcc/avr/5.4.0/avr6\libgcc.a(_copy_data.o)
 .data          0x00000000        0x0 c:/program files (x86)/atmel/studio/7.0/toolchain/avr8/avr8-gnu-toolchain/bin/../lib/gcc/avr/5.4.0/avr6\libgcc.a(_copy_data.o)
 .bss           0x00000000        0x0 c:/program files (x86)/atmel/studio/7.0/toolchain/avr8/avr8-gnu-toolchain/bin/../lib/gcc/avr/5.4.0/avr6\libgcc.a(_copy_data.o)
 .text.libgcc.mul
                0x00000000        0x0 c:/program files (x86)/atmel/studio/7.0/toolchain/avr8/avr8-gnu-toolchain/bin/../lib/gcc/avr/5.4.0/avr6\libgcc.a(_copy_data.o)
 .text.libgcc.div
                0x00000000        0x0 c:/program files (x86)/atmel/studio/7.0/toolchain/avr8/avr8-gnu-toolchain/bin/../lib/gcc/avr/5.4.0/avr6\libgcc.a(_copy_data.o)
 .text.libgcc   0x00000000        0x0 c:/program files (x86)/atmel/studio/7.0/toolchain/avr8/avr8-gnu-toolchain/bin/../lib/gcc/avr/5.4.0/avr6\libgcc.a(_copy_data.o)
 .text.libgcc.prologue
                0x00000000        0x0 c:/program files (x86)/atmel/studio/7.0/toolchain/avr8/avr8-gnu-toolchain/bin/../lib/gcc/avr/5.4.0/avr6\libgcc.a(_copy_data.o)
 .text.libgcc.builtins
                0x00000000        0x0 c:/program files (x86)/atmel/studio/7.0/toolchain/avr8/avr8-gnu-toolchain/bin/../lib/gcc/avr/5.4.0/avr6\libgcc.a(_copy_data.o)
 .text.libgcc.fmul
                0x00000000        0x0 c:/program files (x86)/atmel/studio/7.0/toolchain/avr8/avr8-gnu-toolchain/bin/../lib/gcc/avr/5.4.0/avr6\libgcc.a(_copy_data.o)
 .text.libgcc.fixed
                0x00000000        0x0 c:/program files (x86)/atmel/studio/7.0/toolchain/avr8/avr8-gnu-toolchain/bin/../lib/gcc/avr/5.4.0/avr6\libgcc.a(_copy_data.o)
 .text          0x00000000        0x0 c:/program files (x86)/atmel/studio/7.0/toolchain/avr8/avr8-gnu-toolchain/bin/../lib/gcc/avr/5.4.0/avr6\libgcc.a(_clear_bss.o)
 .data          0x00000000        0x0 c:/program files (x86)/atmel/studio/7.0/toolchain/avr8/avr8-gnu-toolchain/bin/../lib/gcc/avr/5.4.0/avr6\libgcc.a(_clear_bss.o)
 .bss           0x00000000        0x0 c:/program files (x86)/atmel/studio/7.0/toolchain/avr8/avr8-gnu-toolchain/bin/../lib/gcc/avr/5.4.0/avr6\libgcc.a(_clear_bss.o)
 .text.libgcc.mul
                0x00000000        0x0 c:/program files (x86)/atmel/studio/7.0/toolchain/avr8/avr8-gnu-toolchain/bin/../lib/gcc/avr/5.4.0/avr6\libgcc.a(_clear_bss.o)
 .text.libgcc.div
                0x00000000        0x0 c:/program files (x86)/atmel/studio/7.0/toolchain/avr8/avr8-gnu-toolchain/bin/../lib/gcc/avr/5.4.0/avr6\libgcc.a(_clear_bss.o)
 .text.libgcc   0x00000000        0x0 c:/program files (x86)/atmel/studio/7.0/toolchain/avr8/avr8-gnu-toolchain/bin/../lib/gcc/avr/5.4.0/avr6\libgcc.a(_clear_bss.o)
 .text.libgcc.prologue
                0x00000000        0x0 c:/program files (x86)/atmel/studio/7.0/toolchain/avr8/avr8-gnu-toolchain/bin/../lib/gcc/avr/5.4.0/avr6\libgcc.a(_clear_bss.o)
 .text.libgcc.builtins
                0x00000000        0x0 c:/program files (x86)/atmel/studio/7.0/toolchain/avr8/avr8-gnu-toolchain/bin/../lib/gcc/avr/5.4.0/avr6\libgcc.a(_clear_bss.o)
 .text.libgcc.fmul
                0x00000000        0x0 c:/program files (x86)/atmel/studio/7.0/toolchain/avr8/avr8-gnu-toolchain/bin/../lib/gcc/avr/5.4.0/avr6\libgcc.a(_clear_bss.o)
 .text.libgcc.fixed
                0x00000000        0x0 c:/program files (x86)/atmel/studio/7.0/toolchain/avr8/avr8-gnu-toolchain/bin/../lib/gcc/avr/5.4.0/avr6\libgcc.a(_clear_bss.o)
 .text          0x00000000        0x0 c:/program files (x86)/atmel/studio/7.0/toolchain/avr8/avr8-gnu-toolchain/bin/../lib/gcc/avr/5.4.0/avr6\libgcc.a(_ctors.o)
 .data          0x00000000        0x0 c:/program files (x86)/atmel/studio/7.0/toolchain/avr8/avr8-gnu-toolchain/bin/../lib/gcc/avr/5.4.0/avr6\libgcc.a(_ctors.o)
 .bss           0x00000000        0x0 c:/program files (x86)/atmel/studio/7.0/toolchain/avr8/avr8-gnu-toolchain/bin/../lib/gcc/avr/5.4.0/avr6\libgcc.a(_ctors.o)
 .text.libgcc.mul
                0x00000000        0x0 c:/program files (x86)/atmel/studio/7.0/toolchain/avr8/avr8-gnu-toolchain/bin/../lib/gcc/avr/5.4.0/avr6\libgcc.a(_ctors.o)
 .text.libgcc.div
                0x00000000        0x0 c:/program files (x86)/atmel/studio/7.0/toolchain/avr8/avr8-gnu-toolchain/bin/../lib/gcc/avr/5.4.0/avr6\libgcc.a(_ctors.o)
 .text.libgcc   0x00000000        0x0 c:/program files (x86)/atmel/studio/7.0/toolchain/avr8/avr8-gnu-toolchain/bin/../lib/gcc/avr/5.4.0/avr6\libgcc.a(_ctors.o)
 .text.libgcc.prologue
                0x00000000        0x0 c:/program files (x86)/atmel/studio/7.0/toolchain/avr8/avr8-gnu-toolchain/bin/../lib/gcc/avr/5.4.0/avr6\libgcc.a(_ctors.o)
 .text.libgcc.builtins
                0x00000000        0x0 c:/program files (x86)/atmel/studio/7.0/toolchain/avr8/avr8-gnu-toolchain/bin/../lib/gcc/avr/5.4.0/avr6\libgcc.a(_ctors.o)
 .text.libgcc.fmul
                0x00000000        0x0 c:/program files (x86)/atmel/studio/7.0/toolchain/avr8/avr8-gnu-toolchain/bin/../lib/gcc/avr/5.4.0/avr6\libgcc.a(_ctors.o)
 .text.libgcc.fixed
                0x00000000        0x0 c:/program files (x86)/atmel/studio/7.0/toolchain/avr8/avr8-gnu-toolchain/bin/../lib/gcc/avr/5.4.0/avr6\libgcc.a(_ctors.o)
 .text          0x00000000        0x0 c:/program files (x86)/atmel/studio/7.0/toolchain/avr8/avr8-gnu-toolchain/bin/../lib/gcc/avr/5.4.0/../../../../avr/lib/avr6\libc.a(memcpy.o)
 .data          0x00000000        0x0 c:/program files (x86)/atmel/studio/7.0/toolchain/avr8/avr8-gnu-toolchain/bin/../lib/gcc/avr/5.4.0/../../../../avr/lib/avr6\libc.a(memcpy.o)
 .bss           0x00000000        0x0 c:/program files (x86)/atmel/studio/7.0/toolchain/avr8/avr8-gnu-toolchain/bin/../lib/gcc/avr/5.4.0/../../../../avr/lib/avr6\libc.a(memcpy.o)
 .text.avr-libc
                0x00000000       0x12 c:/program files (x86)/atmel/studio/7.0/toolchain/avr8/avr8-gnu-toolchain/bin/../lib/gcc/avr/5.4.0/../../../../avr/lib/avr6\libc.a(memcpy.o)

Memory Configuration

Name             Origin             Length             Attributes
text             0x00000000         0x00040000         xr
data             0x00800200         0x00002000         rw !x
eeprom           0x00810000         0x00001000         rw !x
fuse             0x00820000         0x00000003         rw !x
lock             0x00830000         0x00000400         rw !x
signature        0x00840000         0x00000400         rw !x
user_signatures  0x00850000         0x00000400         rw !x
*default*        0x00000000         0xffffffff

Linker script and memory map

Address of section .data set to 0x800200
LOAD C:/Program Files (x86)/Atmel/Studio/7.0/Packs/atmel/ATmega_DFP/1.6.364/gcc/dev/atmega2560/avr6/crtatmega2560.o
LOAD can_frames.o
LOAD Sketch.o
LOAD stateHandlers.o
START GROUP
LOAD c:/program files (x86)/atmel/studio/7.0/toolchain/avr8/avr8-gnu-toolchain/bin/../lib/gcc/avr/5.4.0/../../../../avr/lib/avr6\libm.a
LOAD C:\Users\user\Desktop\GP\ECU_RIGHT\ArduinoCore\Debug\libArduinoCore.a
END GROUP
LOAD c:/program files (x86)/atmel/studio/7.0/toolchain/avr8/avr8-gnu-toolchain/bin/../lib/gcc/avr/5.4.0/avr6\libgcc.a
LOAD c:/program files (x86)/atmel/studio/7.0/toolchain/avr8/avr8-gnu-toolchain/bin/../lib/gcc/avr/5.4.0/../../../../avr/lib/avr6\libm.a
START GROUP
LOAD c:/program files (x86)/atmel/studio/7.0/toolchain/avr8/avr8-gnu-toolchain/bin/../lib/gcc/avr/5.4.0/avr6\libgcc.a
LOAD c:/program files (x86)/atmel/studio/7.0/toolchain/avr8/avr8-gnu-toolchain/bin/../lib/gcc/avr/5.4.0/../../../../avr/lib/avr6\libm.a
LOAD c:/program files (x86)/atmel/studio/7.0/toolchain/avr8/avr8-gnu-toolchain/bin/../lib/gcc/avr/5.4.0/../../../../avr/lib/avr6\libc.a
LOAD C:/Program Files (x86)/Atmel/Studio/7.0/Packs/atmel/ATmega_DFP/1.6.364/gcc/dev/atmega2560/avr6\libatmega2560.a
END GROUP
                0x00000000                __TEXT_REGION_ORIGIN__ = DEFINED (__TEXT_REGION_ORIGIN__)?__TEXT_REGION_ORIGIN__:0x0
                [0x00800200]                __DATA_REGION_ORIGIN__ = DEFINED (__DATA_REGION_ORIGIN__)?__DATA_REGION_ORIGIN__:0x800200
                [0x00040000]                __TEXT_REGION_LENGTH__ = DEFINED (__TEXT_REGION_LENGTH__)?__TEXT_REGION_LENGTH__:0x100000
                [0x00002000]                __DATA_REGION_LENGTH__ = DEFINED (__DATA_REGION_LENGTH__)?__DATA_REGION_LENGTH__:0xfe00
                [0x00001000]                __EEPROM_REGION_LENGTH__ = DEFINED (__EEPROM_REGION_LENGTH__)?__EEPROM_REGION_LENGTH__:0x10000
                [0x00000003]                __FUSE_REGION_LENGTH__ = DEFINED (__FUSE_REGION_LENGTH__)?__FUSE_REGION_LENGTH__:0x400
                0x00000400                __LOCK_REGION_LENGTH__ = DEFINED (__LOCK_REGION_LENGTH__)?__LOCK_REGION_LENGTH__:0x400
                0x00000400                __SIGNATURE_REGION_LENGTH__ = DEFINED (__SIGNATURE_REGION_LENGTH__)?__SIGNATURE_REGION_LENGTH__:0x400
                0x00000400                __USER_SIGNATURE_REGION_LENGTH__ = DEFINED (__USER_SIGNATURE_REGION_LENGTH__)?__USER_SIGNATURE_REGION_LENGTH__:0x400

.hash
 *(.hash)

.dynsym
 *(.dynsym)

.dynstr
 *(.dynstr)

.gnu.version
 *(.gnu.version)

.gnu.version_d
 *(.gnu.version_d)

.gnu.version_r
 *(.gnu.version_r)

.rel.init
 *(.rel.init)

.rela.init
 *(.rela.init)

.rel.text
 *(.rel.text)
 *(.rel.text.*)
 *(.rel.gnu.linkonce.t*)

.rela.text
 *(.rela.text)
 *(.rela.text.*)
 *(.rela.gnu.linkonce.t*)

.rel.fini
 *(.rel.fini)

.rela.fini
 *(.rela.fini)

.rel.rodata
 *(.rel.rodata)
 *(.rel.rodata.*)
 *(.rel.gnu.linkonce.r*)

.rela.rodata
 *(.rela.rodata)
 *(.rela.rodata.*)
 *(.rela.gnu.linkonce.r*)

.rel.data
 *(.rel.data)
 *(.rel.data.*)
 *(.rel.gnu.linkonce.d*)

.rela.data
 *(.rela.data)
 *(.rela.data.*)
 *(.rela.gnu.linkonce.d*)

.rel.ctors
 *(.rel.ctors)

.rela.ctors
 *(.rela.ctors)

.rel.dtors
 *(.rel.dtors)

.rela.dtors
 *(.rela.dtors)

.rel.got
 *(.rel.got)

.rela.got
 *(.rela.got)

.rel.bss
 *(.rel.bss)

.rela.bss
 *(.rela.bss)

.rel.plt
 *(.rel.plt)

.rela.plt
 *(.rela.plt)

.text           0x00000000     0x11a2
 *(.vectors)
 .vectors       0x00000000       0xe4 C:/Program Files (x86)/Atmel/Studio/7.0/Packs/atmel/ATmega_DFP/1.6.364/gcc/dev/atmega2560/avr6/crtatmega2560.o
                0x00000000                __vector_default
                0x00000000                __vectors
 *(.vectors)
 *(.progmem.gcc*)
 .progmem.gcc_sw_table.turnOffPWM
                0x000000e4       0x24 C:\Users\user\Desktop\GP\ECU_RIGHT\ArduinoCore\Debug\libArduinoCore.a(wiring_digital.o)
 .progmem.gcc_sw_table._ZN7MCP251510setBitrateE9CAN_SPEED9CAN_CLOCK
                0x00000108       0x58 C:\Users\user\Desktop\GP\ECU_RIGHT\ArduinoCore\Debug\libArduinoCore.a(mcp2515.o)
                0x00000160                . = ALIGN (0x2)
                0x00000160                __trampolines_start = .
 *(.trampolines)
 .trampolines   0x00000160        0x0 linker stubs
 *(.trampolines*)
                0x00000160                __trampolines_end = .
 *libprintf_flt.a:*(.progmem.data)
 *libc.a:*(.progmem.data)
 *(.progmem*)
 .progmem.data.digital_pin_to_timer_PGM
                0x00000160       0x46 C:\Users\user\Desktop\GP\ECU_RIGHT\ArduinoCore\Debug\libArduinoCore.a(wiring_digital.o)
                0x00000160                digital_pin_to_timer_PGM
 .progmem.data.digital_pin_to_bit_mask_PGM
                0x000001a6       0x46 C:\Users\user\Desktop\GP\ECU_RIGHT\ArduinoCore\Debug\libArduinoCore.a(wiring_digital.o)
                0x000001a6                digital_pin_to_bit_mask_PGM
 .progmem.data.digital_pin_to_port_PGM
                0x000001ec       0x46 C:\Users\user\Desktop\GP\ECU_RIGHT\ArduinoCore\Debug\libArduinoCore.a(wiring_digital.o)
                0x000001ec                digital_pin_to_port_PGM
 .progmem.data.port_to_output_PGM
                0x00000232       0x1a C:\Users\user\Desktop\GP\ECU_RIGHT\ArduinoCore\Debug\libArduinoCore.a(wiring_digital.o)
                0x00000232                port_to_output_PGM
 .progmem.data.port_to_mode_PGM
                0x0000024c       0x1a C:\Users\user\Desktop\GP\ECU_RIGHT\ArduinoCore\Debug\libArduinoCore.a(wiring_digital.o)
                0x0000024c                port_to_mode_PGM
                0x00000266                . = ALIGN (0x2)
 *(.jumptables)
 *(.jumptables*)
 *(.lowtext)
 *(.lowtext*)
                0x00000266                __ctors_start = .
 *(.ctors)
 .ctors         0x00000266        0x2 Sketch.o
                0x00000268                __ctors_end = .
                0x00000268                __dtors_start = .
 *(.dtors)
                0x00000268                __dtors_end = .
 SORT(*)(.ctors)
 SORT(*)(.dtors)
 *(.init0)
 .init0         0x00000268        0x0 C:/Program Files (x86)/Atmel/Studio/7.0/Packs/atmel/ATmega_DFP/1.6.364/gcc/dev/atmega2560/avr6/crtatmega2560.o
                0x00000268                __init
 *(.init0)
 *(.init1)
 *(.init1)
 *(.init2)
 .init2         0x00000268       0x10 C:/Program Files (x86)/Atmel/Studio/7.0/Packs/atmel/ATmega_DFP/1.6.364/gcc/dev/atmega2560/avr6/crtatmega2560.o
 *(.init2)
 *(.init3)
 *(.init3)
 *(.init4)
 .init4         0x00000278       0x1a c:/program files (x86)/atmel/studio/7.0/toolchain/avr8/avr8-gnu-toolchain/bin/../lib/gcc/avr/5.4.0/avr6\libgcc.a(_copy_data.o)
                0x00000278                __do_copy_data
 .init4         0x00000292       0x10 c:/program files (x86)/atmel/studio/7.0/toolchain/avr8/avr8-gnu-toolchain/bin/../lib/gcc/avr/5.4.0/avr6\libgcc.a(_clear_bss.o)
                0x00000292                __do_clear_bss
 *(.init4)
 *(.init5)
 *(.init5)
 *(.init6)
 .init6         0x000002a2       0x1e c:/program files (x86)/atmel/studio/7.0/toolchain/avr8/avr8-gnu-toolchain/bin/../lib/gcc/avr/5.4.0/avr6\libgcc.a(_ctors.o)
                0x000002a2                __do_global_ctors
 *(.init6)
 *(.init7)
 *(.init7)
 *(.init8)
 *(.init8)
 *(.init9)
 .init9         0x000002c0        0x4 C:/Program Files (x86)/Atmel/Studio/7.0/Packs/atmel/ATmega_DFP/1.6.364/gcc/dev/atmega2560/avr6/crtatmega2560.o
 *(.init9)
 *(.text)
 .text          0x000002c4        0x2 C:/Program Files (x86)/Atmel/Studio/7.0/Packs/atmel/ATmega_DFP/1.6.364/gcc/dev/atmega2560/avr6/crtatmega2560.o
                0x000002c4                __vector_38
                0x000002c4                __vector_22
                0x000002c4                __vector_28
                0x000002c4                __vector_1
                0x000002c4                __vector_32
                0x000002c4                __vector_34
                0x000002c4                __vector_24
                0x000002c4                __vector_12
                0x000002c4                __vector_55
                0x000002c4                __vector_46
                0x000002c4                __bad_interrupt
                0x000002c4                __vector_6
                0x000002c4                __vector_31
                0x000002c4                __vector_35
                0x000002c4                __vector_39
                0x000002c4                __vector_3
                0x000002c4                __vector_30
                0x000002c4                __vector_45
                0x000002c4                __vector_25
                0x000002c4                __vector_11
                0x000002c4                __vector_54
                0x000002c4                __vector_13
                0x000002c4                __vector_17
                0x000002c4                __vector_19
                0x000002c4                __vector_56
                0x000002c4                __vector_7
                0x000002c4                __vector_49
                0x000002c4                __vector_41
                0x000002c4                __vector_43
                0x000002c4                __vector_27
                0x000002c4                __vector_5
                0x000002c4                __vector_33
                0x000002c4                __vector_47
                0x000002c4                __vector_52
                0x000002c4                __vector_37
                0x000002c4                __vector_4
                0x000002c4                __vector_44
                0x000002c4                __vector_51
                0x000002c4                __vector_9
                0x000002c4                __vector_2
                0x000002c4                __vector_21
                0x000002c4                __vector_15
                0x000002c4                __vector_36
                0x000002c4                __vector_29
                0x000002c4                __vector_40
                0x000002c4                __vector_8
                0x000002c4                __vector_26
                0x000002c4                __vector_48
                0x000002c4                __vector_14
                0x000002c4                __vector_53
                0x000002c4                __vector_10
                0x000002c4                __vector_50
                0x000002c4                __vector_16
                0x000002c4                __vector_18
                0x000002c4                __vector_20
                0x000002c4                __vector_42
                0x000002c6                . = ALIGN (0x2)
 *(.text.*)
 .text._Z41can_message_simulation_cmd_frame_receivedv
                0x000002c6       0x1a can_frames.o
                0x000002c6                _Z41can_message_simulation_cmd_frame_receivedv
 .text._Z31can_message_dms_frame_recieviedv
                0x000002e0       0x18 can_frames.o
                0x000002e0                _Z31can_message_dms_frame_recieviedv
 .text._Z21can_message_recieviedv
                0x000002f8       0x28 can_frames.o
                0x000002f8                _Z21can_message_recieviedv
 .text.setup    0x00000320       0x68 Sketch.o
                0x00000320                setup
 .text.loop     0x00000388       0x32 Sketch.o
                0x00000388                loop
 .text.startup._GLOBAL__sub_I_mcp2515
                0x000003ba       0x1e Sketch.o
 .text._Z17stateHALT_handlerv
                0x000003d8       0x50 stateHandlers.o
                0x000003d8                _Z17stateHALT_handlerv
 .text._Z17stateIDLE_handlerv
                0x00000428       0x60 stateHandlers.o
                0x00000428                _Z17stateIDLE_handlerv
 .text._Z19stateACTIVE_handlerv
                0x00000488       0x9a stateHandlers.o
                0x00000488                _Z19stateACTIVE_handlerv
 .text.initVariant
                0x00000522        0x2 C:\Users\user\Desktop\GP\ECU_RIGHT\ArduinoCore\Debug\libArduinoCore.a(main.o)
                0x00000522                initVariant
 .text.startup.main
                0x00000524       0x16 C:\Users\user\Desktop\GP\ECU_RIGHT\ArduinoCore\Debug\libArduinoCore.a(main.o)
                0x00000524                main
 .text.__vector_23
                0x0000053a       0x94 C:\Users\user\Desktop\GP\ECU_RIGHT\ArduinoCore\Debug\libArduinoCore.a(wiring.o)
                0x0000053a                __vector_23
 .text.millis   0x000005ce       0x18 C:\Users\user\Desktop\GP\ECU_RIGHT\ArduinoCore\Debug\libArduinoCore.a(wiring.o)
                0x000005ce                millis
 .text.micros   0x000005e6       0x4a C:\Users\user\Desktop\GP\ECU_RIGHT\ArduinoCore\Debug\libArduinoCore.a(wiring.o)
                0x000005e6                micros
 .text.delay    0x00000630       0x72 C:\Users\user\Desktop\GP\ECU_RIGHT\ArduinoCore\Debug\libArduinoCore.a(wiring.o)
                0x00000630                delay
 .text.init     0x000006a2       0xc4 C:\Users\user\Desktop\GP\ECU_RIGHT\ArduinoCore\Debug\libArduinoCore.a(wiring.o)
                0x000006a2                init
 .text.turnOffPWM
                0x00000766       0xaa C:\Users\user\Desktop\GP\ECU_RIGHT\ArduinoCore\Debug\libArduinoCore.a(wiring_digital.o)
 .text.pinMode  0x00000810       0x78 C:\Users\user\Desktop\GP\ECU_RIGHT\ArduinoCore\Debug\libArduinoCore.a(wiring_digital.o)
                0x00000810                pinMode
 .text.digitalWrite
                0x00000888       0x5c C:\Users\user\Desktop\GP\ECU_RIGHT\ArduinoCore\Debug\libArduinoCore.a(wiring_digital.o)
                0x00000888                digitalWrite
 .text._ZN8SPIClass8transferEh
                0x000008e4        0xe C:\Users\user\Desktop\GP\ECU_RIGHT\ArduinoCore\Debug\libArduinoCore.a(mcp2515.o)
                0x000008e4                _ZN8SPIClass8transferEh
 .text._ZN7MCP25158startSPIEv
                0x000008f2       0x72 C:\Users\user\Desktop\GP\ECU_RIGHT\ArduinoCore\Debug\libArduinoCore.a(mcp2515.o)
                0x000008f2                _ZN7MCP25158startSPIEv
 .text._ZN7MCP25156endSPIEv
                0x00000964       0x2a C:\Users\user\Desktop\GP\ECU_RIGHT\ArduinoCore\Debug\libArduinoCore.a(mcp2515.o)
                0x00000964                _ZN7MCP25156endSPIEv
 .text._ZN7MCP2515C2EhmP8SPIClass
                0x0000098e       0x56 C:\Users\user\Desktop\GP\ECU_RIGHT\ArduinoCore\Debug\libArduinoCore.a(mcp2515.o)
                0x0000098e                _ZN7MCP2515C1EhmP8SPIClass
                0x0000098e                _ZN7MCP2515C2EhmP8SPIClass
 .text._ZN7MCP251512readRegisterENS_8REGISTERE
                0x000009e4       0x28 C:\Users\user\Desktop\GP\ECU_RIGHT\ArduinoCore\Debug\libArduinoCore.a(mcp2515.o)
                0x000009e4                _ZN7MCP251512readRegisterENS_8REGISTERE
 .text._ZN7MCP251513readRegistersENS_8REGISTEREPhh
                0x00000a0c       0x4e C:\Users\user\Desktop\GP\ECU_RIGHT\ArduinoCore\Debug\libArduinoCore.a(mcp2515.o)
                0x00000a0c                _ZN7MCP251513readRegistersENS_8REGISTEREPhh
 .text._ZN7MCP251511setRegisterENS_8REGISTEREh
                0x00000a5a       0x28 C:\Users\user\Desktop\GP\ECU_RIGHT\ArduinoCore\Debug\libArduinoCore.a(mcp2515.o)
                0x00000a5a                _ZN7MCP251511setRegisterENS_8REGISTEREh
 .text._ZN7MCP251512setRegistersENS_8REGISTEREPKhh
                0x00000a82       0x4c C:\Users\user\Desktop\GP\ECU_RIGHT\ArduinoCore\Debug\libArduinoCore.a(mcp2515.o)
                0x00000a82                _ZN7MCP251512setRegistersENS_8REGISTEREPKhh
 .text._ZN7MCP251514modifyRegisterENS_8REGISTEREhh
                0x00000ace       0x32 C:\Users\user\Desktop\GP\ECU_RIGHT\ArduinoCore\Debug\libArduinoCore.a(mcp2515.o)
                0x00000ace                _ZN7MCP251514modifyRegisterENS_8REGISTEREhh
 .text._ZN7MCP25159getStatusEv
                0x00000b00       0x22 C:\Users\user\Desktop\GP\ECU_RIGHT\ArduinoCore\Debug\libArduinoCore.a(mcp2515.o)
                0x00000b00                _ZN7MCP25159getStatusEv
 .text._ZN7MCP25157setModeENS_18CANCTRL_REQOP_MODEE
                0x00000b22       0x5c C:\Users\user\Desktop\GP\ECU_RIGHT\ArduinoCore\Debug\libArduinoCore.a(mcp2515.o)
                0x00000b22                _ZN7MCP25157setModeENS_18CANCTRL_REQOP_MODEE
 .text._ZN7MCP251513setConfigModeEv
                0x00000b7e        0x4 C:\Users\user\Desktop\GP\ECU_RIGHT\ArduinoCore\Debug\libArduinoCore.a(mcp2515.o)
                0x00000b7e                _ZN7MCP251513setConfigModeEv
 .text._ZN7MCP251513setNormalModeEv
                0x00000b82        0x4 C:\Users\user\Desktop\GP\ECU_RIGHT\ArduinoCore\Debug\libArduinoCore.a(mcp2515.o)
                0x00000b82                _ZN7MCP251513setNormalModeEv
 .text._ZN7MCP251510setBitrateE9CAN_SPEED9CAN_CLOCK
                0x00000b86      0x192 C:\Users\user\Desktop\GP\ECU_RIGHT\ArduinoCore\Debug\libArduinoCore.a(mcp2515.o)
                0x00000b86                _ZN7MCP251510setBitrateE9CAN_SPEED9CAN_CLOCK
 .text._ZN7MCP25159prepareIdEPhbm
                0x00000d18       0x56 C:\Users\user\Desktop\GP\ECU_RIGHT\ArduinoCore\Debug\libArduinoCore.a(mcp2515.o)
                0x00000d18                _ZN7MCP25159prepareIdEPhbm
 .text._ZN7MCP251513setFilterMaskENS_4MASKEbm
                0x00000d6e       0x84 C:\Users\user\Desktop\GP\ECU_RIGHT\ArduinoCore\Debug\libArduinoCore.a(mcp2515.o)
                0x00000d6e                _ZN7MCP251513setFilterMaskENS_4MASKEbm
 .text._ZN7MCP25159setFilterENS_3RXFEbm
                0x00000df2       0xba C:\Users\user\Desktop\GP\ECU_RIGHT\ArduinoCore\Debug\libArduinoCore.a(mcp2515.o)
                0x00000df2                _ZN7MCP25159setFilterENS_3RXFEbm
 .text._ZN7MCP25155resetEv
                0x00000eac      0x122 C:\Users\user\Desktop\GP\ECU_RIGHT\ArduinoCore\Debug\libArduinoCore.a(mcp2515.o)
                0x00000eac                _ZN7MCP25155resetEv
 .text._ZN7MCP251511readMessageENS_4RXBnEP9can_frame
                0x00000fce      0x122 C:\Users\user\Desktop\GP\ECU_RIGHT\ArduinoCore\Debug\libArduinoCore.a(mcp2515.o)
                0x00000fce                _ZN7MCP251511readMessageENS_4RXBnEP9can_frame
 .text._ZN7MCP251511readMessageEP9can_frame
                0x000010f0       0x38 C:\Users\user\Desktop\GP\ECU_RIGHT\ArduinoCore\Debug\libArduinoCore.a(mcp2515.o)
                0x000010f0                _ZN7MCP251511readMessageEP9can_frame
 .text._ZN8SPIClass5beginEv
                0x00001128       0x64 C:\Users\user\Desktop\GP\ECU_RIGHT\ArduinoCore\Debug\libArduinoCore.a(SPI.o)
                0x00001128                _ZN8SPIClass5beginEv
 .text.__empty  0x0000118c        0x2 C:\Users\user\Desktop\GP\ECU_RIGHT\ArduinoCore\Debug\libArduinoCore.a(hooks.o)
                0x0000118c                yield
 .text.libgcc   0x0000118e       0x10 c:/program files (x86)/atmel/studio/7.0/toolchain/avr8/avr8-gnu-toolchain/bin/../lib/gcc/avr/5.4.0/avr6\libgcc.a(_tablejump2.o)
                0x0000118e                __tablejump2__
                0x0000119e                . = ALIGN (0x2)
 *(.fini9)
 .fini9         0x0000119e        0x0 c:/program files (x86)/atmel/studio/7.0/toolchain/avr8/avr8-gnu-toolchain/bin/../lib/gcc/avr/5.4.0/avr6\libgcc.a(_exit.o)
                0x0000119e                _exit
                0x0000119e                exit
 *(.fini9)
 *(.fini8)
 *(.fini8)
 *(.fini7)
 *(.fini7)
 *(.fini6)
 *(.fini6)
 *(.fini5)
 *(.fini5)
 *(.fini4)
 *(.fini4)
 *(.fini3)
 *(.fini3)
 *(.fini2)
 *(.fini2)
 *(.fini1)
 *(.fini1)
 *(.fini0)
 .fini0         0x0000119e        0x4 c:/program files (x86)/atmel/studio/7.0/toolchain/avr8/avr8-gnu-toolchain/bin/../lib/gcc/avr/5.4.0/avr6\libgcc.a(_exit.o)
 *(.fini0)
                0x000011a2                _etext = .

.data           0x00800200       0x12 load address 0x000011a2
                0x00800200                PROVIDE (__data_start, .)
 *(.data)
 *(.data*)
 *(.gnu.linkonce.d*)
 *(.rodata)
 .rodata        0x00800200        0x9 C:\Users\user\Desktop\GP\ECU_RIGHT\ArduinoCore\Debug\libArduinoCore.a(mcp2515.o)
 *(.rodata*)
 .rodata._ZN7MCP25153RXBE
                0x00800209        0x8 C:\Users\user\Desktop\GP\ECU_RIGHT\ArduinoCore\Debug\libArduinoCore.a(mcp2515.o)
                0x00800209                _ZN7MCP25153RXBE
 *(.gnu.linkonce.r*)
                0x00800212                . = ALIGN (0x2)
 *fill*         0x00800211        0x1 
                0x00800212                _edata = .
                0x00800212                PROVIDE (__data_end, .)

.bss            0x00800212       0x33
                0x00800212                PROVIDE (__bss_start, .)
 *(.bss)
 *(.bss*)
 .bss.stateExit
                0x00800212        0x1 Sketch.o
                0x00800212                stateExit
 .bss.stateEntry
                0x00800213        0x1 Sketch.o
                0x00800213                stateEntry
 .bss.stateEntryIntialTime
                0x00800214        0x4 Sketch.o
                0x00800214                stateEntryIntialTime
 .bss.mainEvent
                0x00800218        0x1 Sketch.o
                0x00800218                mainEvent
 .bss.mainState
                0x00800219        0x1 Sketch.o
                0x00800219                mainState
 *fill*         0x0080021a        0x6 
 .bss.frameResponse
                0x00800220       0x10 Sketch.o
                0x00800220                frameResponse
 .bss.mcp2515   0x00800230        0x7 Sketch.o
                0x00800230                mcp2515
 .bss.timer0_fract
                0x00800237        0x1 C:\Users\user\Desktop\GP\ECU_RIGHT\ArduinoCore\Debug\libArduinoCore.a(wiring.o)
 .bss.timer0_millis
                0x00800238        0x4 C:\Users\user\Desktop\GP\ECU_RIGHT\ArduinoCore\Debug\libArduinoCore.a(wiring.o)
                0x00800238                timer0_millis
 .bss.timer0_overflow_count
                0x0080023c        0x4 C:\Users\user\Desktop\GP\ECU_RIGHT\ArduinoCore\Debug\libArduinoCore.a(wiring.o)
                0x0080023c                timer0_overflow_count
 .bss._ZN8SPIClass13interruptSaveE
                0x00800240        0x1 C:\Users\user\Desktop\GP\ECU_RIGHT\ArduinoCore\Debug\libArduinoCore.a(SPI.o)
                0x00800240                _ZN8SPIClass13interruptSaveE
 .bss._ZN8SPIClass13interruptMaskE
                0x00800241        0x1 C:\Users\user\Desktop\GP\ECU_RIGHT\ArduinoCore\Debug\libArduinoCore.a(SPI.o)
                0x00800241                _ZN8SPIClass13interruptMaskE
 .bss._ZN8SPIClass13interruptModeE
                0x00800242        0x1 C:\Users\user\Desktop\GP\ECU_RIGHT\ArduinoCore\Debug\libArduinoCore.a(SPI.o)
                0x00800242                _ZN8SPIClass13interruptModeE
 .bss._ZN8SPIClass11initializedE
                0x00800243        0x1 C:\Users\user\Desktop\GP\ECU_RIGHT\ArduinoCore\Debug\libArduinoCore.a(SPI.o)
                0x00800243                _ZN8SPIClass11initializedE
 .bss.SPI       0x00800244        0x1 C:\Users\user\Desktop\GP\ECU_RIGHT\ArduinoCore\Debug\libArduinoCore.a(SPI.o)
                0x00800244                SPI
 *(COMMON)
                0x00800245                PROVIDE (__bss_end, .)
                0x000011a2                __data_load_start = LOADADDR (.data)
                0x000011b4                __data_load_end = (__data_load_start + SIZEOF (.data))

.noinit         0x00800245        0x0
                [!provide]                PROVIDE (__noinit_start, .)
 *(.noinit*)
                [!provide]                PROVIDE (__noinit_end, .)
                0x00800245                _end = .
                [!provide]                PROVIDE (__heap_start, .)

.eeprom         0x00810000        0x0
 *(.eeprom*)
                0x00810000                __eeprom_end = .

.fuse
 *(.fuse)
 *(.lfuse)
 *(.hfuse)
 *(.efuse)

.lock
 *(.lock*)

.signature
 *(.signature*)

.user_signatures
 *(.user_signatures*)

.stab
 *(.stab)

.stabstr
 *(.stabstr)

.stab.excl
 *(.stab.excl)

.stab.exclstr
 *(.stab.exclstr)

.stab.index
 *(.stab.index)

.stab.indexstr
 *(.stab.indexstr)

.comment        0x00000000       0x30
 *(.comment)
 .comment       0x00000000       0x30 can_frames.o
                                 0x31 (size before relaxing)
 .comment       0x00000030       0x31 Sketch.o
 .comment       0x00000030       0x31 stateHandlers.o
 .comment       0x00000030       0x31 C:\Users\user\Desktop\GP\ECU_RIGHT\ArduinoCore\Debug\libArduinoCore.a(main.o)
 .comment       0x00000030       0x31 C:\Users\user\Desktop\GP\ECU_RIGHT\ArduinoCore\Debug\libArduinoCore.a(wiring.o)
 .comment       0x00000030       0x31 C:\Users\user\Desktop\GP\ECU_RIGHT\ArduinoCore\Debug\libArduinoCore.a(wiring_digital.o)
 .comment       0x00000030       0x31 C:\Users\user\Desktop\GP\ECU_RIGHT\ArduinoCore\Debug\libArduinoCore.a(mcp2515.o)
 .comment       0x00000030       0x31 C:\Users\user\Desktop\GP\ECU_RIGHT\ArduinoCore\Debug\libArduinoCore.a(SPI.o)
 .comment       0x00000030       0x31 C:\Users\user\Desktop\GP\ECU_RIGHT\ArduinoCore\Debug\libArduinoCore.a(hooks.o)

.note.gnu.avr.deviceinfo
                0x00000000       0x40
 .note.gnu.avr.deviceinfo
                0x00000000       0x40 C:/Program Files (x86)/Atmel/Studio/7.0/Packs/atmel/ATmega_DFP/1.6.364/gcc/dev/atmega2560/avr6/crtatmega2560.o

.note.gnu.build-id
 *(.note.gnu.build-id)

.debug
 *(.debug)

.line
 *(.line)

.debug_srcinfo
 *(.debug_srcinfo)

.debug_sfnames
 *(.debug_sfnames)

.debug_aranges  0x00000000      0x2f0
 *(.debug_aranges)
 .debug_aranges
                0x00000000       0x30 can_frames.o
 .debug_aranges
                0x00000030       0x30 Sketch.o
 .debug_aranges
                0x00000060       0x30 stateHandlers.o
 .debug_aranges
                0x00000090       0x30 C:\Users\user\Desktop\GP\ECU_RIGHT\ArduinoCore\Debug\libArduinoCore.a(main.o)
 .debug_aranges
                0x000000c0       0x48 C:\Users\user\Desktop\GP\ECU_RIGHT\ArduinoCore\Debug\libArduinoCore.a(wiring.o)
 .debug_aranges
                0x00000108       0x38 C:\Users\user\Desktop\GP\ECU_RIGHT\ArduinoCore\Debug\libArduinoCore.a(wiring_digital.o)
 .debug_aranges
                0x00000140      0x158 C:\Users\user\Desktop\GP\ECU_RIGHT\ArduinoCore\Debug\libArduinoCore.a(mcp2515.o)
 .debug_aranges
                0x00000298       0x38 C:\Users\user\Desktop\GP\ECU_RIGHT\ArduinoCore\Debug\libArduinoCore.a(SPI.o)
 .debug_aranges
                0x000002d0       0x20 C:\Users\user\Desktop\GP\ECU_RIGHT\ArduinoCore\Debug\libArduinoCore.a(hooks.o)

.debug_pubnames
 *(.debug_pubnames)

.debug_info     0x00000000     0x6987
 *(.debug_info .gnu.linkonce.wi.*)
 .debug_info    0x00000000      0xbbc C:/Program Files (x86)/Atmel/Studio/7.0/Packs/atmel/ATmega_DFP/1.6.364/gcc/dev/atmega2560/avr6/crtatmega2560.o
 .debug_info    0x00000bbc      0x2f9 can_frames.o
 .debug_info    0x00000eb5     0x153d Sketch.o
 .debug_info    0x000023f2      0x3b9 stateHandlers.o
 .debug_info    0x000027ab      0x295 C:\Users\user\Desktop\GP\ECU_RIGHT\ArduinoCore\Debug\libArduinoCore.a(main.o)
 .debug_info    0x00002a40      0x329 C:\Users\user\Desktop\GP\ECU_RIGHT\ArduinoCore\Debug\libArduinoCore.a(wiring.o)
 .debug_info    0x00002d69      0x63a C:\Users\user\Desktop\GP\ECU_RIGHT\ArduinoCore\Debug\libArduinoCore.a(wiring_digital.o)
 .debug_info    0x000033a3     0x2ed9 C:\Users\user\Desktop\GP\ECU_RIGHT\ArduinoCore\Debug\libArduinoCore.a(mcp2515.o)
 .debug_info    0x0000627c      0x6cd C:\Users\user\Desktop\GP\ECU_RIGHT\ArduinoCore\Debug\libArduinoCore.a(SPI.o)
 .debug_info    0x00006949       0x3e C:\Users\user\Desktop\GP\ECU_RIGHT\ArduinoCore\Debug\libArduinoCore.a(hooks.o)

.debug_abbrev   0x00000000     0x1d41
 *(.debug_abbrev)
 .debug_abbrev  0x00000000      0xb1a C:/Program Files (x86)/Atmel/Studio/7.0/Packs/atmel/ATmega_DFP/1.6.364/gcc/dev/atmega2560/avr6/crtatmega2560.o
 .debug_abbrev  0x00000b1a      0x114 can_frames.o
 .debug_abbrev  0x00000c2e      0x3ca Sketch.o
 .debug_abbrev  0x00000ff8      0x123 stateHandlers.o
 .debug_abbrev  0x0000111b      0x12d C:\Users\user\Desktop\GP\ECU_RIGHT\ArduinoCore\Debug\libArduinoCore.a(main.o)
 .debug_abbrev  0x00001248      0x146 C:\Users\user\Desktop\GP\ECU_RIGHT\ArduinoCore\Debug\libArduinoCore.a(wiring.o)
 .debug_abbrev  0x0000138e      0x15a C:\Users\user\Desktop\GP\ECU_RIGHT\ArduinoCore\Debug\libArduinoCore.a(wiring_digital.o)
 .debug_abbrev  0x000014e8      0x5ac C:\Users\user\Desktop\GP\ECU_RIGHT\ArduinoCore\Debug\libArduinoCore.a(mcp2515.o)
 .debug_abbrev  0x00001a94      0x283 C:\Users\user\Desktop\GP\ECU_RIGHT\ArduinoCore\Debug\libArduinoCore.a(SPI.o)
 .debug_abbrev  0x00001d17       0x2a C:\Users\user\Desktop\GP\ECU_RIGHT\ArduinoCore\Debug\libArduinoCore.a(hooks.o)

.debug_line     0x00000000     0x1ffe
 *(.debug_line .debug_line.* .debug_line_end)
 .debug_line    0x00000000      0x1fa C:/Program Files (x86)/Atmel/Studio/7.0/Packs/atmel/ATmega_DFP/1.6.364/gcc/dev/atmega2560/avr6/crtatmega2560.o
 .debug_line    0x000001fa      0x1af can_frames.o
 .debug_line    0x000003a9      0x2de Sketch.o
 .debug_line    0x00000687      0x267 stateHandlers.o
 .debug_line    0x000008ee      0x161 C:\Users\user\Desktop\GP\ECU_RIGHT\ArduinoCore\Debug\libArduinoCore.a(main.o)
 .debug_line    0x00000a4f      0x2cb C:\Users\user\Desktop\GP\ECU_RIGHT\ArduinoCore\Debug\libArduinoCore.a(wiring.o)
 .debug_line    0x00000d1a      0x284 C:\Users\user\Desktop\GP\ECU_RIGHT\ArduinoCore\Debug\libArduinoCore.a(wiring_digital.o)
 .debug_line    0x00000f9e      0xd34 C:\Users\user\Desktop\GP\ECU_RIGHT\ArduinoCore\Debug\libArduinoCore.a(mcp2515.o)
 .debug_line    0x00001cd2      0x2eb C:\Users\user\Desktop\GP\ECU_RIGHT\ArduinoCore\Debug\libArduinoCore.a(SPI.o)
 .debug_line    0x00001fbd       0x41 C:\Users\user\Desktop\GP\ECU_RIGHT\ArduinoCore\Debug\libArduinoCore.a(hooks.o)

.debug_frame    0x00000000      0x858
 *(.debug_frame)
 .debug_frame   0x00000000       0x44 can_frames.o
 .debug_frame   0x00000044       0x50 Sketch.o
 .debug_frame   0x00000094       0x50 stateHandlers.o
 .debug_frame   0x000000e4       0x54 C:\Users\user\Desktop\GP\ECU_RIGHT\ArduinoCore\Debug\libArduinoCore.a(main.o)
 .debug_frame   0x00000138       0xc4 C:\Users\user\Desktop\GP\ECU_RIGHT\ArduinoCore\Debug\libArduinoCore.a(wiring.o)
 .debug_frame   0x000001fc       0x7c C:\Users\user\Desktop\GP\ECU_RIGHT\ArduinoCore\Debug\libArduinoCore.a(wiring_digital.o)
 .debug_frame   0x00000278      0x560 C:\Users\user\Desktop\GP\ECU_RIGHT\ArduinoCore\Debug\libArduinoCore.a(mcp2515.o)
 .debug_frame   0x000007d8       0x5c C:\Users\user\Desktop\GP\ECU_RIGHT\ArduinoCore\Debug\libArduinoCore.a(SPI.o)
 .debug_frame   0x00000834       0x24 C:\Users\user\Desktop\GP\ECU_RIGHT\ArduinoCore\Debug\libArduinoCore.a(hooks.o)

.debug_str      0x00000000     0x2240
 *(.debug_str)
 .debug_str     0x00000000      0x3e6 C:/Program Files (x86)/Atmel/Studio/7.0/Packs/atmel/ATmega_DFP/1.6.364/gcc/dev/atmega2560/avr6/crtatmega2560.o
 .debug_str     0x000003e6      0x38a can_frames.o
                                0x3e1 (size before relaxing)
 .debug_str     0x00000770     0x13d8 Sketch.o
                               0x1771 (size before relaxing)
 .debug_str     0x00001b48       0x17 stateHandlers.o
                                0x3cb (size before relaxing)
 .debug_str     0x00001b5f       0x94 C:\Users\user\Desktop\GP\ECU_RIGHT\ArduinoCore\Debug\libArduinoCore.a(main.o)
                                0x29c (size before relaxing)
 .debug_str     0x00001bf3      0x15b C:\Users\user\Desktop\GP\ECU_RIGHT\ArduinoCore\Debug\libArduinoCore.a(wiring.o)
                                0x232 (size before relaxing)
 .debug_str     0x00001d4e       0xd4 C:\Users\user\Desktop\GP\ECU_RIGHT\ArduinoCore\Debug\libArduinoCore.a(wiring_digital.o)
                                0x297 (size before relaxing)
 .debug_str     0x00001e22      0x363 C:\Users\user\Desktop\GP\ECU_RIGHT\ArduinoCore\Debug\libArduinoCore.a(mcp2515.o)
                               0x18cd (size before relaxing)
 .debug_str     0x00002185       0x9f C:\Users\user\Desktop\GP\ECU_RIGHT\ArduinoCore\Debug\libArduinoCore.a(SPI.o)
                                0x695 (size before relaxing)
 .debug_str     0x00002224       0x1c C:\Users\user\Desktop\GP\ECU_RIGHT\ArduinoCore\Debug\libArduinoCore.a(hooks.o)
                                0x127 (size before relaxing)

.debug_loc      0x00000000     0x366d
 *(.debug_loc)
 .debug_loc     0x00000000       0x58 Sketch.o
 .debug_loc     0x00000058       0x2f stateHandlers.o
 .debug_loc     0x00000087      0x28d C:\Users\user\Desktop\GP\ECU_RIGHT\ArduinoCore\Debug\libArduinoCore.a(wiring.o)
 .debug_loc     0x00000314      0x56b C:\Users\user\Desktop\GP\ECU_RIGHT\ArduinoCore\Debug\libArduinoCore.a(wiring_digital.o)
 .debug_loc     0x0000087f     0x2bfe C:\Users\user\Desktop\GP\ECU_RIGHT\ArduinoCore\Debug\libArduinoCore.a(mcp2515.o)
 .debug_loc     0x0000347d      0x1f0 C:\Users\user\Desktop\GP\ECU_RIGHT\ArduinoCore\Debug\libArduinoCore.a(SPI.o)

.debug_macinfo
 *(.debug_macinfo)

.debug_weaknames
 *(.debug_weaknames)

.debug_funcnames
 *(.debug_funcnames)

.debug_typenames
 *(.debug_typenames)

.debug_varnames
 *(.debug_varnames)

.debug_pubtypes
 *(.debug_pubtypes)

.debug_ranges   0x00000000      0x298
 *(.debug_ranges)
 .debug_ranges  0x00000000       0x20 can_frames.o
 .debug_ranges  0x00000020       0x20 Sketch.o
 .debug_ranges  0x00000040       0x20 stateHandlers.o
 .debug_ranges  0x00000060       0x20 C:\Users\user\Desktop\GP\ECU_RIGHT\ArduinoCore\Debug\libArduinoCore.a(main.o)
 .debug_ranges  0x00000080       0x38 C:\Users\user\Desktop\GP\ECU_RIGHT\ArduinoCore\Debug\libArduinoCore.a(wiring.o)
 .debug_ranges  0x000000b8       0x28 C:\Users\user\Desktop\GP\ECU_RIGHT\ArduinoCore\Debug\libArduinoCore.a(wiring_digital.o)
 .debug_ranges  0x000000e0      0x180 C:\Users\user\Desktop\GP\ECU_RIGHT\ArduinoCore\Debug\libArduinoCore.a(mcp2515.o)
 .debug_ranges  0x00000260       0x28 C:\Users\user\Desktop\GP\ECU_RIGHT\ArduinoCore\Debug\libArduinoCore.a(SPI.o)
 .debug_ranges  0x00000288       0x10 C:\Users\user\Desktop\GP\ECU_RIGHT\ArduinoCore\Debug\libArduinoCore.a(hooks.o)

.debug_macro
 *(.debug_macro)
OUTPUT(ECU_RIGHT.elf elf32-avr)
LOAD linker stubs
