Archive member included to satisfy reference by file (symbol)

C:\Users\user\Desktop\ECU\ECU_LB\ArduinoCore\Debug\libArduinoCore.a(main.o)
                              C:/Program Files (x86)/Atmel/Studio/7.0/Packs/atmel/ATmega_DFP/1.6.364/gcc/dev/atmega2560/avr6/crtatmega2560.o (main)
C:\Users\user\Desktop\ECU\ECU_LB\ArduinoCore\Debug\libArduinoCore.a(wiring.o)
                              C:\Users\user\Desktop\ECU\ECU_LB\ArduinoCore\Debug\libArduinoCore.a(main.o) (init)
C:\Users\user\Desktop\ECU\ECU_LB\ArduinoCore\Debug\libArduinoCore.a(wiring_digital.o)
                              BSP_atmega2560.o (pinMode)
C:\Users\user\Desktop\ECU\ECU_LB\ArduinoCore\Debug\libArduinoCore.a(mcp2515.o)
                              BSP_atmega2560.o (_ZN7MCP2515C1EhmP8SPIClass)
C:\Users\user\Desktop\ECU\ECU_LB\ArduinoCore\Debug\libArduinoCore.a(queue.o)
                              FreeAct.o (xQueueGenericCreateStatic)
C:\Users\user\Desktop\ECU\ECU_LB\ArduinoCore\Debug\libArduinoCore.a(tasks.o)
                              FreeAct.o (xTaskCreateStatic)
C:\Users\user\Desktop\ECU\ECU_LB\ArduinoCore\Debug\libArduinoCore.a(timers.o)
                              C:\Users\user\Desktop\ECU\ECU_LB\ArduinoCore\Debug\libArduinoCore.a(tasks.o) (xTimerCreateTimerTask)
C:\Users\user\Desktop\ECU\ECU_LB\ArduinoCore\Debug\libArduinoCore.a(variantHooks.o)
                              C:\Users\user\Desktop\ECU\ECU_LB\ArduinoCore\Debug\libArduinoCore.a(tasks.o) (vApplicationIdleHook)
C:\Users\user\Desktop\ECU\ECU_LB\ArduinoCore\Debug\libArduinoCore.a(SPI.o)
                              C:\Users\user\Desktop\ECU\ECU_LB\ArduinoCore\Debug\libArduinoCore.a(mcp2515.o) (_ZN8SPIClass5beginEv)
C:\Users\user\Desktop\ECU\ECU_LB\ArduinoCore\Debug\libArduinoCore.a(hooks.o)
                              C:\Users\user\Desktop\ECU\ECU_LB\ArduinoCore\Debug\libArduinoCore.a(wiring.o) (yield)
C:\Users\user\Desktop\ECU\ECU_LB\ArduinoCore\Debug\libArduinoCore.a(heap_3.o)
                              C:\Users\user\Desktop\ECU\ECU_LB\ArduinoCore\Debug\libArduinoCore.a(queue.o) (pvPortMalloc)
C:\Users\user\Desktop\ECU\ECU_LB\ArduinoCore\Debug\libArduinoCore.a(list.o)
                              C:\Users\user\Desktop\ECU\ECU_LB\ArduinoCore\Debug\libArduinoCore.a(queue.o) (vListInitialise)
C:\Users\user\Desktop\ECU\ECU_LB\ArduinoCore\Debug\libArduinoCore.a(port.o)
                              C:\Users\user\Desktop\ECU\ECU_LB\ArduinoCore\Debug\libArduinoCore.a(tasks.o) (pxPortInitialiseStack)
c:/program files (x86)/atmel/studio/7.0/toolchain/avr8/avr8-gnu-toolchain/bin/../lib/gcc/avr/5.4.0/avr6\libgcc.a(_exit.o)
                              C:/Program Files (x86)/Atmel/Studio/7.0/Packs/atmel/ATmega_DFP/1.6.364/gcc/dev/atmega2560/avr6/crtatmega2560.o (exit)
c:/program files (x86)/atmel/studio/7.0/toolchain/avr8/avr8-gnu-toolchain/bin/../lib/gcc/avr/5.4.0/avr6\libgcc.a(_tablejump2.o)
                              C:\Users\user\Desktop\ECU\ECU_LB\ArduinoCore\Debug\libArduinoCore.a(wiring_digital.o) (__tablejump2__)
c:/program files (x86)/atmel/studio/7.0/toolchain/avr8/avr8-gnu-toolchain/bin/../lib/gcc/avr/5.4.0/avr6\libgcc.a(_copy_data.o)
                              BSP_atmega2560.o (__do_copy_data)
c:/program files (x86)/atmel/studio/7.0/toolchain/avr8/avr8-gnu-toolchain/bin/../lib/gcc/avr/5.4.0/avr6\libgcc.a(_clear_bss.o)
                              BSP_atmega2560.o (__do_clear_bss)
c:/program files (x86)/atmel/studio/7.0/toolchain/avr8/avr8-gnu-toolchain/bin/../lib/gcc/avr/5.4.0/avr6\libgcc.a(_ctors.o)
                              BSP_atmega2560.o (__do_global_ctors)
c:/program files (x86)/atmel/studio/7.0/toolchain/avr8/avr8-gnu-toolchain/bin/../lib/gcc/avr/5.4.0/../../../../avr/lib/avr6\libc.a(malloc.o)
                              C:\Users\user\Desktop\ECU\ECU_LB\ArduinoCore\Debug\libArduinoCore.a(heap_3.o) (malloc)
c:/program files (x86)/atmel/studio/7.0/toolchain/avr8/avr8-gnu-toolchain/bin/../lib/gcc/avr/5.4.0/../../../../avr/lib/avr6\libc.a(memcpy.o)
                              C:\Users\user\Desktop\ECU\ECU_LB\ArduinoCore\Debug\libArduinoCore.a(mcp2515.o) (memcpy)
c:/program files (x86)/atmel/studio/7.0/toolchain/avr8/avr8-gnu-toolchain/bin/../lib/gcc/avr/5.4.0/../../../../avr/lib/avr6\libc.a(memset.o)
                              C:\Users\user\Desktop\ECU\ECU_LB\ArduinoCore\Debug\libArduinoCore.a(tasks.o) (memset)

Allocating common symbols
Common symbol       size              file

__brkval            0x2               c:/program files (x86)/atmel/studio/7.0/toolchain/avr8/avr8-gnu-toolchain/bin/../lib/gcc/avr/5.4.0/../../../../avr/lib/avr6\libc.a(malloc.o)
portTickRateHz      0x2               C:\Users\user\Desktop\ECU\ECU_LB\ArduinoCore\Debug\libArduinoCore.a(port.o)
__flp               0x2               c:/program files (x86)/atmel/studio/7.0/toolchain/avr8/avr8-gnu-toolchain/bin/../lib/gcc/avr/5.4.0/../../../../avr/lib/avr6\libc.a(malloc.o)
ticksRemainingInSec
[...]
Memory Configuration

Name             Origin             Length             Attributes
text             0x00000000         0x00040000         xr
data             0x00800200         0x00002000         rw !x
eeprom           0x00810000         0x00001000         rw !x
fuse             0x00820000         0x00000003         rw !x
lock             0x00830000         0x00000400         rw !x
signature        0x00840000         0x00000400         rw !x
user_signatures  0x00850000         0x00000400         rw !x
*default*        0x00000000         0xffffffff

Linker script and memory map

Address of section .data set to 0x800200
LOAD C:/Program Files (x86)/Atmel/Studio/7.0/Packs/atmel/ATmega_DFP/1.6.364/gcc/dev/atmega2560/avr6/crtatmega2560.o
LOAD BSP_atmega2560.o
LOAD can_frames.o
LOAD FreeAct.o
LOAD Sketch.o
START GROUP
LOAD c:/program files (x86)/atmel/studio/7.0/toolchain/avr8/avr8-gnu-toolchain/bin/../lib/gcc/avr/5.4.0/../../../../avr/lib/avr6\libm.a
LOAD C:\Users\user\Desktop\ECU\ECU_LB\ArduinoCore\Debug\libArduinoCore.a
END GROUP
LOAD c:/program files (x86)/atmel/studio/7.0/toolchain/avr8/avr8-gnu-toolchain/bin/../lib/gcc/avr/5.4.0/avr6\libgcc.a
LOAD c:/program files (x86)/atmel/studio/7.0/toolchain/avr8/avr8-gnu-toolchain/bin/../lib/gcc/avr/5.4.0/../../../../avr/lib/avr6\libm.a
START GROUP
LOAD c:/program files (x86)/atmel/studio/7.0/toolchain/avr8/avr8-gnu-toolchain/bin/../lib/gcc/avr/5.4.0/avr6\libgcc.a
LOAD c:/program files (x86)/atmel/studio/7.0/toolchain/avr8/avr8-gnu-toolchain/bin/../lib/gcc/avr/5.4.0/../../../../avr/lib/avr6\libm.a
LOAD c:/program files (x86)/atmel/studio/7.0/toolchain/avr8/avr8-gnu-toolchain/bin/../lib/gcc/avr/5.4.0/../../../../avr/lib/avr6\libc.a
LOAD C:/Program Files (x86)/Atmel/Studio/7.0/Packs/atmel/ATmega_DFP/1.6.364/gcc/dev/atmega2560/avr6\libatmega2560.a
END GROUP
                0x00000000                __TEXT_REGION_ORIGIN__ = DEFINED (__TEXT_REGION_ORIGIN__)?__TEXT_REGION_ORIGIN__:0x0
                [0x00800200]                __DATA_REGION_ORIGIN__ = DEFINED (__DATA_REGION_ORIGIN__)?__DATA_REGION_ORIGIN__:0x800200
                [0x00040000]                __TEXT_REGION_LENGTH__ = DEFINED (__TEXT_REGION_LENGTH__)?__TEXT_REGION_LENGTH__:0x100000
                [0x00002000]                __DATA_REGION_LENGTH__ = DEFINED (__DATA_REGION_LENGTH__)?__DATA_REGION_LENGTH__:0xfe00
                [0x00001000]                __EEPROM_REGION_LENGTH__ = DEFINED (__EEPROM_REGION_LENGTH__)?__EEPROM_REGION_LENGTH__:0x10000
                [0x00000003]                __FUSE_REGION_LENGTH__ = DEFINED (__FUSE_REGION_LENGTH__)?__FUSE_REGION_LENGTH__:0x400
                0x00000400                __LOCK_REGION_LENGTH__ = DEFINED (__LOCK_REGION_LENGTH__)?__LOCK_REGION_LENGTH__:0x400
                0x00000400                __SIGNATURE_REGION_LENGTH__ = DEFINED (__SIGNATURE_REGION_LENGTH__)?__SIGNATURE_REGION_LENGTH__:0x400
                0x00000400                __USER_SIGNATURE_REGION_LENGTH__ = DEFINED (__USER_SIGNATURE_REGION_LENGTH__)?__USER_SIGNATURE_REGION_LENGTH__:0x400

.hash
 *(.hash)

.dynsym
 *(.dynsym)

.dynstr
 *(.dynstr)

.gnu.version
 *(.gnu.version)

.gnu.version_d
 *(.gnu.version_d)

.gnu.version_r
 *(.gnu.version_r)

.rel.init
 *(.rel.init)

.rela.init
 *(.rela.init)

.rel.text
 *(.rel.text)
 *(.rel.text.*)
 *(.rel.gnu.linkonce.t*)

.rela.text
 *(.rela.text)
 *(.rela.text.*)
 *(.rela.gnu.linkonce.t*)

.rel.fini
 *(.rel.fini)

.rela.fini
 *(.rela.fini)

.rel.rodata
 *(.rel.rodata)
 *(.rel.rodata.*)
 *(.rel.gnu.linkonce.r*)

.rela.rodata
 *(.rela.rodata)
 *(.rela.rodata.*)
 *(.rela.gnu.linkonce.r*)

.rel.data
 *(.rel.data)
 *(.rel.data.*)
 *(.rel.gnu.linkonce.d*)

.rela.data
 *(.rela.data)
 *(.rela.data.*)
 *(.rela.gnu.linkonce.d*)

.rel.ctors
 *(.rel.ctors)

.rela.ctors
 *(.rela.ctors)

.rel.dtors
 *(.rel.dtors)

.rela.dtors
 *(.rela.dtors)

.rel.got
 *(.rel.got)

.rela.got
 *(.rela.got)

.rel.bss
 *(.rel.bss)

.rela.bss
 *(.rela.bss)

.rel.plt
 *(.rel.plt)

.rela.plt
 *(.rela.plt)

.text           0x00000000     0x32f0
 *(.vectors)
 .vectors       0x00000000       0xe4 C:/Program Files (x86)/Atmel/Studio/7.0/Packs/atmel/ATmega_DFP/1.6.364/gcc/dev/atmega2560/avr6/crtatmega2560.o
                0x00000000                __vector_default
                0x00000000                __vectors
 *(.vectors)
 *(.progmem.gcc*)
 .progmem.gcc_sw_table.turnOffPWM
                0x000000e4       0x24 C:\Users\user\Desktop\ECU\ECU_LB\ArduinoCore\Debug\libArduinoCore.a(wiring_digital.o)
 .progmem.gcc_sw_table._ZN7MCP251510setBitrateE9CAN_SPEED9CAN_CLOCK
                0x00000108       0x58 C:\Users\user\Desktop\ECU\ECU_LB\ArduinoCore\Debug\libArduinoCore.a(mcp2515.o)
 .progmem.gcc_sw_table
                0x00000160       0x12 C:\Users\user\Desktop\ECU\ECU_LB\ArduinoCore\Debug\libArduinoCore.a(timers.o)
                0x00000172                . = ALIGN (0x2)
                0x00000172                __trampolines_start = .
 *(.trampolines)
 .trampolines   0x00000172        0x0 linker stubs
 *(.trampolines*)
                0x00000172                __trampolines_end = .
 *libprintf_flt.a:*(.progmem.data)
 *libc.a:*(.progmem.data)
 *(.progmem*)
 .progmem.data.digital_pin_to_timer_PGM
                0x00000172       0x46 C:\Users\user\Desktop\ECU\ECU_LB\ArduinoCore\Debug\libArduinoCore.a(wiring_digital.o)
                0x00000172                digital_pin_to_timer_PGM
 .progmem.data.digital_pin_to_bit_mask_PGM
                0x000001b8       0x46 C:\Users\user\Desktop\ECU\ECU_LB\ArduinoCore\Debug\libArduinoCore.a(wiring_digital.o)
                0x000001b8                digital_pin_to_bit_mask_PGM
 .progmem.data.digital_pin_to_port_PGM
                0x000001fe       0x46 C:\Users\user\Desktop\ECU\ECU_LB\ArduinoCore\Debug\libArduinoCore.a(wiring_digital.o)
                0x000001fe                digital_pin_to_port_PGM
 .progmem.data.port_to_input_PGM
                0x00000244       0x1a C:\Users\user\Desktop\ECU\ECU_LB\ArduinoCore\Debug\libArduinoCore.a(wiring_digital.o)
                0x00000244                port_to_input_PGM
 .progmem.data.port_to_output_PGM
                0x0000025e       0x1a C:\Users\user\Desktop\ECU\ECU_LB\ArduinoCore\Debug\libArduinoCore.a(wiring_digital.o)
                0x0000025e                port_to_output_PGM
 .progmem.data.port_to_mode_PGM
                0x00000278       0x1a C:\Users\user\Desktop\ECU\ECU_LB\ArduinoCore\Debug\libArduinoCore.a(wiring_digital.o)
                0x00000278                port_to_mode_PGM
                0x00000292                . = ALIGN (0x2)
 *(.jumptables)
 *(.jumptables*)
 *(.lowtext)
 .lowtext       0x00000292       0x54 C:\Users\user\Desktop\ECU\ECU_LB\ArduinoCore\Debug\libArduinoCore.a(tasks.o)
 .lowtext       0x000002e6      0x1c2 C:\Users\user\Desktop\ECU\ECU_LB\ArduinoCore\Debug\libArduinoCore.a(timers.o)
 *(.lowtext*)
                0x000004a8                __ctors_start = .
 *(.ctors)
 .ctors         0x000004a8        0x2 BSP_atmega2560.o
                0x000004aa                __ctors_end = .
                0x000004aa                __dtors_start = .
 *(.dtors)
                0x000004aa                __dtors_end = .
 SORT(*)(.ctors)
 SORT(*)(.dtors)
 *(.init0)
 .init0         0x000004aa        0x0 C:/Program Files (x86)/Atmel/Studio/7.0/Packs/atmel/ATmega_DFP/1.6.364/gcc/dev/atmega2560/avr6/crtatmega2560.o
                0x000004aa                __init
 *(.init0)
 *(.init1)
 *(.init1)
 *(.init2)
 .init2         0x000004aa       0x10 C:/Program Files (x86)/Atmel/Studio/7.0/Packs/atmel/ATmega_DFP/1.6.364/gcc/dev/atmega2560/avr6/crtatmega2560.o
 *(.init2)
 *(.init3)
 *(.init3)
 *(.init4)
 .init4         0x000004ba       0x1a c:/program files (x86)/atmel/studio/7.0/toolchain/avr8/avr8-gnu-toolchain/bin/../lib/gcc/avr/5.4.0/avr6\libgcc.a(_copy_data.o)
                0x000004ba                __do_copy_data
 .init4         0x000004d4       0x10 c:/program files (x86)/atmel/studio/7.0/toolchain/avr8/avr8-gnu-toolchain/bin/../lib/gcc/avr/5.4.0/avr6\libgcc.a(_clear_bss.o)
                0x000004d4                __do_clear_bss
 *(.init4)
 *(.init5)
 *(.init5)
 *(.init6)
 .init6         0x000004e4       0x20 c:/program files (x86)/atmel/studio/7.0/toolchain/avr8/avr8-gnu-toolchain/bin/../lib/gcc/avr/5.4.0/avr6\libgcc.a(_ctors.o)
                0x000004e4                __do_global_ctors
 *(.init6)
 *(.init7)
 *(.init7)
 *(.init8)
 *(.init8)
 *(.init9)
 .init9         0x00000504        0x6 C:/Program Files (x86)/Atmel/Studio/7.0/Packs/atmel/ATmega_DFP/1.6.364/gcc/dev/atmega2560/avr6/crtatmega2560.o
 *(.init9)
 *(.text)
 .text          0x0000050a        0x2 C:/Program Files (x86)/Atmel/Studio/7.0/Packs/atmel/ATmega_DFP/1.6.364/gcc/dev/atmega2560/avr6/crtatmega2560.o
                0x0000050a                __vector_38
                0x0000050a                __vector_22
                0x0000050a                __vector_28
                0x0000050a                __vector_1
                0x0000050a                __vector_32
                0x0000050a                __vector_34
                0x0000050a                __vector_24
                0x0000050a                __vector_55
                0x0000050a                __vector_46
                0x0000050a                __bad_interrupt
                0x0000050a                __vector_6
                0x0000050a                __vector_31
                0x0000050a                __vector_35
                0x0000050a                __vector_39
                0x0000050a                __vector_3
                0x0000050a                __vector_30
                0x0000050a                __vector_45
                0x0000050a                __vector_25
                0x0000050a                __vector_11
                0x0000050a                __vector_54
                0x0000050a                __vector_13
                0x0000050a                __vector_17
                0x0000050a                __vector_19
                0x0000050a                __vector_56
                0x0000050a                __vector_7
                0x0000050a                __vector_49
                0x0000050a                __vector_41
                0x0000050a                __vector_43
                0x0000050a                __vector_27
                0x0000050a                __vector_5
                0x0000050a                __vector_33
                0x0000050a                __vector_47
                0x0000050a                __vector_52
                0x0000050a                __vector_37
                0x0000050a                __vector_4
                0x0000050a                __vector_44
                0x0000050a                __vector_51
                0x0000050a                __vector_9
                0x0000050a                __vector_2
                0x0000050a                __vector_21
                0x0000050a                __vector_15
                0x0000050a                __vector_36
                0x0000050a                __vector_29
                0x0000050a                __vector_40
                0x0000050a                __vector_8
                0x0000050a                __vector_26
                0x0000050a                __vector_48
                0x0000050a                __vector_14
                0x0000050a                __vector_53
                0x0000050a                __vector_10
                0x0000050a                __vector_50
                0x0000050a                __vector_16
                0x0000050a                __vector_18
                0x0000050a                __vector_20
                0x0000050a                __vector_42
                0x0000050c                . = ALIGN (0x2)
 *(.text.*)
 .text._Z8BSP_initv
                0x0000050c       0x34 BSP_atmega2560.o
                0x0000050c                _Z8BSP_initv
 .text._Z14BSP_led_red_onv
                0x00000540        0x6 BSP_atmega2560.o
                0x00000540                _Z14BSP_led_red_onv
 .text._Z15BSP_led_red_offv
                0x00000546        0x6 BSP_atmega2560.o
                0x00000546                _Z15BSP_led_red_offv
 .text._Z17BSP_led_yellow_onv
                0x0000054c        0x6 BSP_atmega2560.o
                0x0000054c                _Z17BSP_led_yellow_onv
 .text._Z18BSP_led_yellow_offv
                0x00000552        0x6 BSP_atmega2560.o
                0x00000552                _Z18BSP_led_yellow_offv
 .text._Z16BSP_led_green_onv
                0x00000558        0x6 BSP_atmega2560.o
                0x00000558                _Z16BSP_led_green_onv
 .text._Z17BSP_led_green_offv
                0x0000055e        0x6 BSP_atmega2560.o
                0x0000055e                _Z17BSP_led_green_offv
 .text._Z14BSP_get_switchv
                0x00000564        0x4 BSP_atmega2560.o
                0x00000564                _Z14BSP_get_switchv
 .text._Z18BSP_send_can_frameP9can_frame
                0x00000568        0xa BSP_atmega2560.o
                0x00000568                _Z18BSP_send_can_frameP9can_frame
 .text._Z17BSP_get_can_frameP9can_frame
                0x00000572       0x1a BSP_atmega2560.o
                0x00000572                _Z17BSP_get_can_frameP9can_frame
 .text.vApplicationTickHook
                0x0000058c       0x6e BSP_atmega2560.o
                0x0000058c                vApplicationTickHook
 .text.startup._GLOBAL__sub_I__Z8BSP_initv
                0x000005fa       0x1e BSP_atmega2560.o
 .text._Z14areFramesEqualP9can_frameS0_
                0x00000618       0x78 can_frames.o
                0x00000618                _Z14areFramesEqualP9can_frameS0_
 .text._ZL16Active_eventLoopPv
                0x00000690       0x44 FreeAct.o
 .text._Z11Active_ctorP6ActivePFvS0_PK5EventE
                0x000006d4        0xc FreeAct.o
                0x000006d4                _Z11Active_ctorP6ActivePFvS0_PK5EventE
 .text._Z12Active_startP6ActivehPP5EventmPvmj
                0x000006e0       0x84 FreeAct.o
                0x000006e0                _Z12Active_startP6ActivehPP5EventmPvmj
 .text._Z11Active_postP6ActivePK5Event
                0x00000764       0x30 FreeAct.o
                0x00000764                _Z11Active_postP6ActivePK5Event
 .text._ZL18TimeEvent_callbackP10TimerDef_t
                0x00000794        0xc FreeAct.o
 .text._Z18Active_postFromISRP6ActivePK5EventPa
                0x000007a0       0x2c FreeAct.o
                0x000007a0                _Z18Active_postFromISRP6ActivePK5EventPa
 .text._Z14TimeEvent_ctorP9TimeEventjP6Active
                0x000007cc       0x44 FreeAct.o
                0x000007cc                _Z14TimeEvent_ctorP9TimeEventjP6Active
 .text._Z13TimeEvent_armP9TimeEventm
                0x00000810       0x36 FreeAct.o
                0x00000810                _Z13TimeEvent_armP9TimeEventm
 .text._Z16TimeEvent_disarmP9TimeEvent
                0x00000846       0x22 FreeAct.o
                0x00000846                _Z16TimeEvent_disarmP9TimeEvent
 .text._Z18CanFrameEvent_ctorP13CanFrameEventjP6Active
                0x00000868       0x14 FreeAct.o
                0x00000868                _Z18CanFrameEvent_ctorP13CanFrameEventjP6Active
 .text._Z21CanFrameEvent_fromISRPa
                0x0000087c       0x32 FreeAct.o
                0x0000087c                _Z21CanFrameEvent_fromISRPa
 .text._ZL21BlinkyButton_dispatchP12BlinkyButtonPK5Event
                0x000008ae       0xe8 Sketch.o
 .text._Z17BlinkyButton_ctorP12BlinkyButton
                0x00000996       0x4a Sketch.o
                0x00000996                _Z17BlinkyButton_ctorP12BlinkyButton
 .text.setup    0x000009e0       0x62 Sketch.o
                0x000009e0                setup
 .text.loop     0x00000a42        0x2 Sketch.o
                0x00000a42                loop
 .text.startup.main
                0x00000a44       0x18 C:\Users\user\Desktop\ECU\ECU_LB\ArduinoCore\Debug\libArduinoCore.a(main.o)
                0x00000a44                main
 .text.__vector_23
                0x00000a5c       0x94 C:\Users\user\Desktop\ECU\ECU_LB\ArduinoCore\Debug\libArduinoCore.a(wiring.o)
                0x00000a5c                __vector_23
 .text.millis   0x00000af0       0x18 C:\Users\user\Desktop\ECU\ECU_LB\ArduinoCore\Debug\libArduinoCore.a(wiring.o)
                0x00000af0                millis
 .text.micros   0x00000b08       0x4a C:\Users\user\Desktop\ECU\ECU_LB\ArduinoCore\Debug\libArduinoCore.a(wiring.o)
                0x00000b08                micros
 .text.delay    0x00000b52       0x74 C:\Users\user\Desktop\ECU\ECU_LB\ArduinoCore\Debug\libArduinoCore.a(wiring.o)
                0x00000b52                delay
 .text.init     0x00000bc6       0xc4 C:\Users\user\Desktop\ECU\ECU_LB\ArduinoCore\Debug\libArduinoCore.a(wiring.o)
                0x00000bc6                init
 .text.turnOffPWM
                0x00000c8a       0xac C:\Users\user\Desktop\ECU\ECU_LB\ArduinoCore\Debug\libArduinoCore.a(wiring_digital.o)
 .text.pinMode  0x00000d36       0x78 C:\Users\user\Desktop\ECU\ECU_LB\ArduinoCore\Debug\libArduinoCore.a(wiring_digital.o)
                0x00000d36                pinMode
 .text.digitalWrite
                0x00000dae       0x5c C:\Users\user\Desktop\ECU\ECU_LB\ArduinoCore\Debug\libArduinoCore.a(wiring_digital.o)
                0x00000dae                digitalWrite
 .text.digitalRead
                0x00000e0a       0x50 C:\Users\user\Desktop\ECU\ECU_LB\ArduinoCore\Debug\libArduinoCore.a(wiring_digital.o)
                0x00000e0a                digitalRead
 .text._ZN8SPIClass8transferEh
                0x00000e5a        0xe C:\Users\user\Desktop\ECU\ECU_LB\ArduinoCore\Debug\libArduinoCore.a(mcp2515.o)
                0x00000e5a                _ZN8SPIClass8transferEh
 .text._ZN7MCP25158startSPIEv
                0x00000e68       0x72 C:\Users\user\Desktop\ECU\ECU_LB\ArduinoCore\Debug\libArduinoCore.a(mcp2515.o)
                0x00000e68                _ZN7MCP25158startSPIEv
 .text._ZN7MCP25156endSPIEv
                0x00000eda       0x2a C:\Users\user\Desktop\ECU\ECU_LB\ArduinoCore\Debug\libArduinoCore.a(mcp2515.o)
                0x00000eda                _ZN7MCP25156endSPIEv
 .text._ZN7MCP2515C2EhmP8SPIClass
                0x00000f04       0x58 C:\Users\user\Desktop\ECU\ECU_LB\ArduinoCore\Debug\libArduinoCore.a(mcp2515.o)
                0x00000f04                _ZN7MCP2515C1EhmP8SPIClass
                0x00000f04                _ZN7MCP2515C2EhmP8SPIClass
 .text._ZN7MCP251512readRegisterENS_8REGISTERE
                0x00000f5c       0x28 C:\Users\user\Desktop\ECU\ECU_LB\ArduinoCore\Debug\libArduinoCore.a(mcp2515.o)
                0x00000f5c                _ZN7MCP251512readRegisterENS_8REGISTERE
 .text._ZN7MCP251513readRegistersENS_8REGISTEREPhh
                0x00000f84       0x4e C:\Users\user\Desktop\ECU\ECU_LB\ArduinoCore\Debug\libArduinoCore.a(mcp2515.o)
                0x00000f84                _ZN7MCP251513readRegistersENS_8REGISTEREPhh
 .text._ZN7MCP251511setRegisterENS_8REGISTEREh
                0x00000fd2       0x28 C:\Users\user\Desktop\ECU\ECU_LB\ArduinoCore\Debug\libArduinoCore.a(mcp2515.o)
                0x00000fd2                _ZN7MCP251511setRegisterENS_8REGISTEREh
 .text._ZN7MCP251512setRegistersENS_8REGISTEREPKhh
                0x00000ffa       0x4c C:\Users\user\Desktop\ECU\ECU_LB\ArduinoCore\Debug\libArduinoCore.a(mcp2515.o)
                0x00000ffa                _ZN7MCP251512setRegistersENS_8REGISTEREPKhh
 .text._ZN7MCP251514modifyRegisterENS_8REGISTEREhh
                0x00001046       0x32 C:\Users\user\Desktop\ECU\ECU_LB\ArduinoCore\Debug\libArduinoCore.a(mcp2515.o)
                0x00001046                _ZN7MCP251514modifyRegisterENS_8REGISTEREhh
 .text._ZN7MCP25159getStatusEv
                0x00001078       0x22 C:\Users\user\Desktop\ECU\ECU_LB\ArduinoCore\Debug\libArduinoCore.a(mcp2515.o)
                0x00001078                _ZN7MCP25159getStatusEv
 .text._ZN7MCP25157setModeENS_18CANCTRL_REQOP_MODEE
                0x0000109a       0x5c C:\Users\user\Desktop\ECU\ECU_LB\ArduinoCore\Debug\libArduinoCore.a(mcp2515.o)
                0x0000109a                _ZN7MCP25157setModeENS_18CANCTRL_REQOP_MODEE
 .text._ZN7MCP251513setConfigModeEv
                0x000010f6        0x4 C:\Users\user\Desktop\ECU\ECU_LB\ArduinoCore\Debug\libArduinoCore.a(mcp2515.o)
                0x000010f6                _ZN7MCP251513setConfigModeEv
 .text._ZN7MCP251513setNormalModeEv
                0x000010fa        0x4 C:\Users\user\Desktop\ECU\ECU_LB\ArduinoCore\Debug\libArduinoCore.a(mcp2515.o)
                0x000010fa                _ZN7MCP251513setNormalModeEv
 .text._ZN7MCP251510setBitrateE9CAN_SPEED9CAN_CLOCK
                0x000010fe      0x198 C:\Users\user\Desktop\ECU\ECU_LB\ArduinoCore\Debug\libArduinoCore.a(mcp2515.o)
                0x000010fe                _ZN7MCP251510setBitrateE9CAN_SPEED9CAN_CLOCK
 .text._ZN7MCP25159prepareIdEPhbm
                0x00001296       0x56 C:\Users\user\Desktop\ECU\ECU_LB\ArduinoCore\Debug\libArduinoCore.a(mcp2515.o)
                0x00001296                _ZN7MCP25159prepareIdEPhbm
 .text._ZN7MCP251513setFilterMaskENS_4MASKEbm
                0x000012ec       0x84 C:\Users\user\Desktop\ECU\ECU_LB\ArduinoCore\Debug\libArduinoCore.a(mcp2515.o)
                0x000012ec                _ZN7MCP251513setFilterMaskENS_4MASKEbm
 .text._ZN7MCP25159setFilterENS_3RXFEbm
                0x00001370       0xba C:\Users\user\Desktop\ECU\ECU_LB\ArduinoCore\Debug\libArduinoCore.a(mcp2515.o)
                0x00001370                _ZN7MCP25159setFilterENS_3RXFEbm
 .text._ZN7MCP25155resetEv
                0x0000142a      0x122 C:\Users\user\Desktop\ECU\ECU_LB\ArduinoCore\Debug\libArduinoCore.a(mcp2515.o)
                0x0000142a                _ZN7MCP25155resetEv
 .text._ZN7MCP251511sendMessageENS_4TXBnEPK9can_frame
                0x0000154c      0x114 C:\Users\user\Desktop\ECU\ECU_LB\ArduinoCore\Debug\libArduinoCore.a(mcp2515.o)
                0x0000154c                _ZN7MCP251511sendMessageENS_4TXBnEPK9can_frame
 .text._ZN7MCP251511sendMessageEPK9can_frame
                0x00001660       0xba C:\Users\user\Desktop\ECU\ECU_LB\ArduinoCore\Debug\libArduinoCore.a(mcp2515.o)
                0x00001660                _ZN7MCP251511sendMessageEPK9can_frame
 .text._ZN7MCP251511readMessageENS_4RXBnEP9can_frame
                0x0000171a      0x122 C:\Users\user\Desktop\ECU\ECU_LB\ArduinoCore\Debug\libArduinoCore.a(mcp2515.o)
                0x0000171a                _ZN7MCP251511readMessageENS_4RXBnEP9can_frame
 .text._ZN7MCP251511readMessageEP9can_frame
                0x0000183c       0x38 C:\Users\user\Desktop\ECU\ECU_LB\ArduinoCore\Debug\libArduinoCore.a(mcp2515.o)
                0x0000183c                _ZN7MCP251511readMessageEP9can_frame
 .text.hot.prvIsQueueEmpty
                0x00001874       0x16 C:\Users\user\Desktop\ECU\ECU_LB\ArduinoCore\Debug\libArduinoCore.a(queue.o)
 .text.hot.prvCopyDataToQueue
                0x0000188a       0xa6 C:\Users\user\Desktop\ECU\ECU_LB\ArduinoCore\Debug\libArduinoCore.a(queue.o)
 .text.hot.prvCopyDataFromQueue
                0x00001930       0x34 C:\Users\user\Desktop\ECU\ECU_LB\ArduinoCore\Debug\libArduinoCore.a(queue.o)
 .text.hot.prvUnlockQueue
                0x00001964       0x74 C:\Users\user\Desktop\ECU\ECU_LB\ArduinoCore\Debug\libArduinoCore.a(queue.o)
 .text.hot.xQueueGenericReset
                0x000019d8       0x90 C:\Users\user\Desktop\ECU\ECU_LB\ArduinoCore\Debug\libArduinoCore.a(queue.o)
                0x000019d8                xQueueGenericReset
 .text.hot.xQueueGenericCreateStatic
                0x00001a68       0x48 C:\Users\user\Desktop\ECU\ECU_LB\ArduinoCore\Debug\libArduinoCore.a(queue.o)
                0x00001a68                xQueueGenericCreateStatic
 .text.hot.xQueueGenericSend
                0x00001ab0      0x114 C:\Users\user\Desktop\ECU\ECU_LB\ArduinoCore\Debug\libArduinoCore.a(queue.o)
                0x00001ab0                xQueueGenericSend
 .text.hot.xQueueGenericSendFromISR
                0x00001bc4       0x62 C:\Users\user\Desktop\ECU\ECU_LB\ArduinoCore\Debug\libArduinoCore.a(queue.o)
                0x00001bc4                xQueueGenericSendFromISR
 .text.hot.xQueueReceive
                0x00001c26      0x108 C:\Users\user\Desktop\ECU\ECU_LB\ArduinoCore\Debug\libArduinoCore.a(queue.o)
                0x00001c26                xQueueReceive
 .text.hot.vQueueWaitForMessageRestricted
                0x00001d2e       0x34 C:\Users\user\Desktop\ECU\ECU_LB\ArduinoCore\Debug\libArduinoCore.a(queue.o)
                0x00001d2e                vQueueWaitForMessageRestricted
 .text.hot.prvAddNewTaskToReadyList
                0x00001d62      0x12a C:\Users\user\Desktop\ECU\ECU_LB\ArduinoCore\Debug\libArduinoCore.a(tasks.o)
 .text.hot.prvResetNextTaskUnblockTime
                0x00001e8c       0x30 C:\Users\user\Desktop\ECU\ECU_LB\ArduinoCore\Debug\libArduinoCore.a(tasks.o)
 .text.hot.prvInitialiseNewTask.isra.2
                0x00001ebc       0xc4 C:\Users\user\Desktop\ECU\ECU_LB\ArduinoCore\Debug\libArduinoCore.a(tasks.o)
 .text.hot.prvDeleteTCB
                0x00001f80       0x28 C:\Users\user\Desktop\ECU\ECU_LB\ArduinoCore\Debug\libArduinoCore.a(tasks.o)
 .text.hot.prvAddCurrentTaskToDelayedList
                0x00001fa8      0x100 C:\Users\user\Desktop\ECU\ECU_LB\ArduinoCore\Debug\libArduinoCore.a(tasks.o)
 .text.hot.xTaskCreateStatic
                0x000020a8       0x6c C:\Users\user\Desktop\ECU\ECU_LB\ArduinoCore\Debug\libArduinoCore.a(tasks.o)
                0x000020a8                xTaskCreateStatic
 .text.hot.vTaskStartScheduler
                0x00002114       0x92 C:\Users\user\Desktop\ECU\ECU_LB\ArduinoCore\Debug\libArduinoCore.a(tasks.o)
                0x00002114                vTaskStartScheduler
 .text.hot.vTaskSuspendAll
                0x000021a6        0xc C:\Users\user\Desktop\ECU\ECU_LB\ArduinoCore\Debug\libArduinoCore.a(tasks.o)
                0x000021a6                vTaskSuspendAll
 .text.hot.xTaskGetTickCount
                0x000021b2       0x14 C:\Users\user\Desktop\ECU\ECU_LB\ArduinoCore\Debug\libArduinoCore.a(tasks.o)
                0x000021b2                xTaskGetTickCount
 .text.hot.uxTaskGetNumberOfTasks
                0x000021c6        0x6 C:\Users\user\Desktop\ECU\ECU_LB\ArduinoCore\Debug\libArduinoCore.a(tasks.o)
                0x000021c6                uxTaskGetNumberOfTasks
 .text.hot.xTaskIncrementTick
                0x000021cc      0x20c C:\Users\user\Desktop\ECU\ECU_LB\ArduinoCore\Debug\libArduinoCore.a(tasks.o)
                0x000021cc                xTaskIncrementTick
 .text.hot.xTaskResumeAll
                0x000023d8      0x192 C:\Users\user\Desktop\ECU\ECU_LB\ArduinoCore\Debug\libArduinoCore.a(tasks.o)
                0x000023d8                xTaskResumeAll
 .text.hot.vTaskSwitchContext
                0x0000256a       0xb6 C:\Users\user\Desktop\ECU\ECU_LB\ArduinoCore\Debug\libArduinoCore.a(tasks.o)
                0x0000256a                vTaskSwitchContext
 .text.hot.vTaskPlaceOnEventList
                0x00002620       0x1e C:\Users\user\Desktop\ECU\ECU_LB\ArduinoCore\Debug\libArduinoCore.a(tasks.o)
                0x00002620                vTaskPlaceOnEventList
 .text.hot.vTaskPlaceOnEventListRestricted
                0x0000263e       0x8e C:\Users\user\Desktop\ECU\ECU_LB\ArduinoCore\Debug\libArduinoCore.a(tasks.o)
                0x0000263e                vTaskPlaceOnEventListRestricted
 .text.hot.xTaskRemoveFromEventList
                0x000026cc      0x158 C:\Users\user\Desktop\ECU\ECU_LB\ArduinoCore\Debug\libArduinoCore.a(tasks.o)
                0x000026cc                xTaskRemoveFromEventList
 .text.hot.vTaskInternalSetTimeOutState
                0x00002824       0x16 C:\Users\user\Desktop\ECU\ECU_LB\ArduinoCore\Debug\libArduinoCore.a(tasks.o)
                0x00002824                vTaskInternalSetTimeOutState
 .text.hot.xTaskCheckForTimeOut
                0x0000283a       0x62 C:\Users\user\Desktop\ECU\ECU_LB\ArduinoCore\Debug\libArduinoCore.a(tasks.o)
                0x0000283a                xTaskCheckForTimeOut
 .text.hot.vTaskMissedYield
                0x0000289c        0x8 C:\Users\user\Desktop\ECU\ECU_LB\ArduinoCore\Debug\libArduinoCore.a(tasks.o)
                0x0000289c                vTaskMissedYield
 .text.hot.xTaskGetSchedulerState
                0x000028a4       0x1c C:\Users\user\Desktop\ECU\ECU_LB\ArduinoCore\Debug\libArduinoCore.a(tasks.o)
                0x000028a4                xTaskGetSchedulerState
 .text.hot.xTaskPriorityDisinherit
                0x000028c0       0xa2 C:\Users\user\Desktop\ECU\ECU_LB\ArduinoCore\Debug\libArduinoCore.a(tasks.o)
                0x000028c0                xTaskPriorityDisinherit
 .text.hot.prvCheckForValidListAndQueue
                0x00002962       0x58 C:\Users\user\Desktop\ECU\ECU_LB\ArduinoCore\Debug\libArduinoCore.a(timers.o)
 .text.hot.prvInsertTimerInActiveList
                0x000029ba       0x52 C:\Users\user\Desktop\ECU\ECU_LB\ArduinoCore\Debug\libArduinoCore.a(timers.o)
 .text.hot.prvReloadTimer
                0x00002a0c       0x46 C:\Users\user\Desktop\ECU\ECU_LB\ArduinoCore\Debug\libArduinoCore.a(timers.o)
 .text.hot.prvProcessExpiredTimer
                0x00002a52       0x50 C:\Users\user\Desktop\ECU\ECU_LB\ArduinoCore\Debug\libArduinoCore.a(timers.o)
 .text.hot.prvSwitchTimerLists
                0x00002aa2       0x3a C:\Users\user\Desktop\ECU\ECU_LB\ArduinoCore\Debug\libArduinoCore.a(timers.o)
 .text.hot.xTimerCreateTimerTask
                0x00002adc       0x88 C:\Users\user\Desktop\ECU\ECU_LB\ArduinoCore\Debug\libArduinoCore.a(timers.o)
                0x00002adc                xTimerCreateTimerTask
 .text.hot.xTimerCreateStatic
                0x00002b64       0x6c C:\Users\user\Desktop\ECU\ECU_LB\ArduinoCore\Debug\libArduinoCore.a(timers.o)
                0x00002b64                xTimerCreateStatic
 .text.hot.xTimerGenericCommand
                0x00002bd0       0x7c C:\Users\user\Desktop\ECU\ECU_LB\ArduinoCore\Debug\libArduinoCore.a(timers.o)
                0x00002bd0                xTimerGenericCommand
 .text.initVariant
                0x00002c4c       0x20 C:\Users\user\Desktop\ECU\ECU_LB\ArduinoCore\Debug\libArduinoCore.a(variantHooks.o)
                0x00002c4c                initVariant
 .text.vApplicationIdleHook
                0x00002c6c       0x12 C:\Users\user\Desktop\ECU\ECU_LB\ArduinoCore\Debug\libArduinoCore.a(variantHooks.o)
                0x00002c6c                vApplicationIdleHook
 .text._Z15prvSetMainLedOnv
                0x00002c7e        0x6 C:\Users\user\Desktop\ECU\ECU_LB\ArduinoCore\Debug\libArduinoCore.a(variantHooks.o)
                0x00002c7e                _Z15prvSetMainLedOnv
 .text._Z15prvBlinkMainLedv
                0x00002c84        0x4 C:\Users\user\Desktop\ECU\ECU_LB\ArduinoCore\Debug\libArduinoCore.a(variantHooks.o)
                0x00002c84                _Z15prvBlinkMainLedv
 .text.vApplicationStackOverflowHook
                0x00002c88       0x18 C:\Users\user\Desktop\ECU\ECU_LB\ArduinoCore\Debug\libArduinoCore.a(variantHooks.o)
                0x00002c88                vApplicationStackOverflowHook
 .text.vApplicationGetIdleTaskMemory
                0x00002ca0       0x20 C:\Users\user\Desktop\ECU\ECU_LB\ArduinoCore\Debug\libArduinoCore.a(variantHooks.o)
                0x00002ca0                vApplicationGetIdleTaskMemory
 .text.vApplicationGetTimerTaskMemory
                0x00002cc0       0x20 C:\Users\user\Desktop\ECU\ECU_LB\ArduinoCore\Debug\libArduinoCore.a(variantHooks.o)
                0x00002cc0                vApplicationGetTimerTaskMemory
 .text._ZN8SPIClass5beginEv
                0x00002ce0       0x6c C:\Users\user\Desktop\ECU\ECU_LB\ArduinoCore\Debug\libArduinoCore.a(SPI.o)
                0x00002ce0                _ZN8SPIClass5beginEv
 .text.__empty  0x00002d4c        0x2 C:\Users\user\Desktop\ECU\ECU_LB\ArduinoCore\Debug\libArduinoCore.a(hooks.o)
                0x00002d4c                yield
 .text.hot.vPortFree
                0x00002d4e       0x1c C:\Users\user\Desktop\ECU\ECU_LB\ArduinoCore\Debug\libArduinoCore.a(heap_3.o)
                0x00002d4e                vPortFree
 .text.hot.vListInitialise
                0x00002d6a       0x1c C:\Users\user\Desktop\ECU\ECU_LB\ArduinoCore\Debug\libArduinoCore.a(list.o)
                0x00002d6a                vListInitialise
 .text.hot.vListInitialiseItem
                0x00002d86        0x8 C:\Users\user\Desktop\ECU\ECU_LB\ArduinoCore\Debug\libArduinoCore.a(list.o)
                0x00002d86                vListInitialiseItem
 .text.hot.vListInsert
                0x00002d8e       0x70 C:\Users\user\Desktop\ECU\ECU_LB\ArduinoCore\Debug\libArduinoCore.a(list.o)
                0x00002d8e                vListInsert
 .text.hot.uxListRemove
                0x00002dfe       0x48 C:\Users\user\Desktop\ECU\ECU_LB\ArduinoCore\Debug\libArduinoCore.a(list.o)
                0x00002dfe                uxListRemove
 .text.hot.pxPortInitialiseStack
                0x00002e46       0x2e C:\Users\user\Desktop\ECU\ECU_LB\ArduinoCore\Debug\libArduinoCore.a(port.o)
                0x00002e46                pxPortInitialiseStack
 .text.hot.vPortYield
                0x00002e74       0xc0 C:\Users\user\Desktop\ECU\ECU_LB\ArduinoCore\Debug\libArduinoCore.a(port.o)
                0x00002e74                vPortYield
 .text.hot.vPortYieldFromTick
                0x00002f34       0xc6 C:\Users\user\Desktop\ECU\ECU_LB\ArduinoCore\Debug\libArduinoCore.a(port.o)
                0x00002f34                vPortYieldFromTick
 .text.prvSetupTimerInterrupt
                0x00002ffa       0x18 C:\Users\user\Desktop\ECU\ECU_LB\ArduinoCore\Debug\libArduinoCore.a(port.o)
                0x00002ffa                prvSetupTimerInterrupt
 .text.hot.xPortStartScheduler
                0x00003012       0x64 C:\Users\user\Desktop\ECU\ECU_LB\ArduinoCore\Debug\libArduinoCore.a(port.o)
                0x00003012                xPortStartScheduler
 .text.hot.__vector_12
                0x00003076        0x4 C:\Users\user\Desktop\ECU\ECU_LB\ArduinoCore\Debug\libArduinoCore.a(port.o)
                0x00003076                __vector_12
 .text.libgcc   0x0000307a       0x10 c:/program files (x86)/atmel/studio/7.0/toolchain/avr8/avr8-gnu-toolchain/bin/../lib/gcc/avr/5.4.0/avr6\libgcc.a(_tablejump2.o)
                0x0000307a                __tablejump2__
 .text.avr-libc
                0x0000308a      0x242 c:/program files (x86)/atmel/studio/7.0/toolchain/avr8/avr8-gnu-toolchain/bin/../lib/gcc/avr/5.4.0/../../../../avr/lib/avr6\libc.a(malloc.o)
                0x0000308a                malloc
                0x000031ba                free
 .text.avr-libc
                0x000032cc       0x12 c:/program files (x86)/atmel/studio/7.0/toolchain/avr8/avr8-gnu-toolchain/bin/../lib/gcc/avr/5.4.0/../../../../avr/lib/avr6\libc.a(memcpy.o)
                0x000032cc                memcpy
 .text.avr-libc
                0x000032de        0xe c:/program files (x86)/atmel/studio/7.0/toolchain/avr8/avr8-gnu-toolchain/bin/../lib/gcc/avr/5.4.0/../../../../avr/lib/avr6\libc.a(memset.o)
                0x000032de                memset
                0x000032ec                . = ALIGN (0x2)
 *(.fini9)
 .fini9         0x000032ec        0x0 c:/program files (x86)/atmel/studio/7.0/toolchain/avr8/avr8-gnu-toolchain/bin/../lib/gcc/avr/5.4.0/avr6\libgcc.a(_exit.o)
                0x000032ec                _exit
                0x000032ec                exit
 *(.fini9)
 *(.fini8)
 *(.fini8)
 *(.fini7)
 *(.fini7)
 *(.fini6)
 *(.fini6)
 *(.fini5)
 *(.fini5)
 *(.fini4)
 *(.fini4)
 *(.fini3)
 *(.fini3)
 *(.fini2)
 *(.fini2)
 *(.fini1)
 *(.fini1)
 *(.fini0)
 .fini0         0x000032ec        0x4 c:/program files (x86)/atmel/studio/7.0/toolchain/avr8/avr8-gnu-toolchain/bin/../lib/gcc/avr/5.4.0/avr6\libgcc.a(_exit.o)
 *(.fini0)
                0x000032f0                _etext = .

.data           0x00800200       0x70 load address 0x000032f0
                0x00800200                PROVIDE (__data_start, .)
 *(.data)
 .data          0x00800200        0x6 c:/program files (x86)/atmel/studio/7.0/toolchain/avr8/avr8-gnu-toolchain/bin/../lib/gcc/avr/5.4.0/../../../../avr/lib/avr6\libc.a(malloc.o)
                0x00800200                __malloc_heap_end
                0x00800202                __malloc_heap_start
                0x00800204                __malloc_margin
 *(.data*)
 *fill*         0x00800206        0x2 
 .data.frame_request_seatbelt
                0x00800208       0x10 can_frames.o
                0x00800208                frame_request_seatbelt
 .data.frame_left_seatbelt_unhoocked
                0x00800218       0x10 can_frames.o
                0x00800218                frame_left_seatbelt_unhoocked
 .data.frame_left_seatbelt_hoocked
                0x00800228       0x10 can_frames.o
                0x00800228                frame_left_seatbelt_hoocked
 .data.AO_blinkyButton
                0x00800238        0x2 Sketch.o
                0x00800238                AO_blinkyButton
 .data.uxTopUsedPriority
                0x0080023a        0x1 C:\Users\user\Desktop\ECU\ECU_LB\ArduinoCore\Debug\libArduinoCore.a(tasks.o)
                0x0080023a                uxTopUsedPriority
 *(.gnu.linkonce.d*)
 *(.rodata)
 .rodata        0x0080023b        0x9 C:\Users\user\Desktop\ECU\ECU_LB\ArduinoCore\Debug\libArduinoCore.a(mcp2515.o)
 *(.rodata*)
 .rodata._ZZL32state_switch_not_pressed_handlerPKiPaE16switchPressedEvt
                0x00800244        0x2 BSP_atmega2560.o
 .rodata._ZZL28state_switch_pressed_handlerPKiPaE16switchRelasedEvt
                0x00800246        0x2 BSP_atmega2560.o
 .rodata.str1.1
                0x00800248        0x6 FreeAct.o
 .rodata._ZZL16Active_eventLoopPvE7initEvt
                0x0080024e        0x2 FreeAct.o
 .rodata._ZZL21BlinkyButton_dispatchP12BlinkyButtonPK5EventE18initLedRedBlinkEvt
                0x00800250        0x2 Sketch.o
 .rodata._ZN7MCP25153RXBE
                0x00800252        0x8 C:\Users\user\Desktop\ECU\ECU_LB\ArduinoCore\Debug\libArduinoCore.a(mcp2515.o)
                0x00800252                _ZN7MCP25153RXBE
 .rodata._ZN7MCP25153TXBE
                0x0080025a        0x9 C:\Users\user\Desktop\ECU\ECU_LB\ArduinoCore\Debug\libArduinoCore.a(mcp2515.o)
                0x0080025a                _ZN7MCP25153TXBE
 .rodata.str1.1
                0x00800263        0x5 C:\Users\user\Desktop\ECU\ECU_LB\ArduinoCore\Debug\libArduinoCore.a(tasks.o)
 .rodata.str1.1
                0x00800268        0x8 C:\Users\user\Desktop\ECU\ECU_LB\ArduinoCore\Debug\libArduinoCore.a(timers.o)
 *(.gnu.linkonce.r*)
                0x00800270                . = ALIGN (0x2)
                0x00800270                _edata = .
                0x00800270                PROVIDE (__data_end, .)

.bss            0x00800270      0x3c2
                0x00800270                PROVIDE (__bss_start, .)
 *(.bss)
 *(.bss*)
 .bss._ZL12state_switch
                0x00800270        0x1 BSP_atmega2560.o
 .bss._ZL7mcp2515
                0x00800271        0x7 BSP_atmega2560.o
 .bss._ZL5cfevt
                0x00800278        0x2 FreeAct.o
 .bss._ZL12blinkyButton
                0x0080027a       0x98 Sketch.o
 .bss._ZL18blinkyButton_queue
                0x00800312       0x14 Sketch.o
 .bss._ZL18blinkyButton_stack
                0x00800326       0xc0 Sketch.o
 .bss.timer0_fract
                0x008003e6        0x1 C:\Users\user\Desktop\ECU\ECU_LB\ArduinoCore\Debug\libArduinoCore.a(wiring.o)
 .bss.timer0_millis
                0x008003e7        0x4 C:\Users\user\Desktop\ECU\ECU_LB\ArduinoCore\Debug\libArduinoCore.a(wiring.o)
                0x008003e7                timer0_millis
 .bss.timer0_overflow_count
                0x008003eb        0x4 C:\Users\user\Desktop\ECU\ECU_LB\ArduinoCore\Debug\libArduinoCore.a(wiring.o)
                0x008003eb                timer0_overflow_count
 .bss.uxSchedulerSuspended
                0x008003ef        0x1 C:\Users\user\Desktop\ECU\ECU_LB\ArduinoCore\Debug\libArduinoCore.a(tasks.o)
 .bss.xNextTaskUnblockTime
                0x008003f0        0x2 C:\Users\user\Desktop\ECU\ECU_LB\ArduinoCore\Debug\libArduinoCore.a(tasks.o)
 .bss.uxTaskNumber
                0x008003f2        0x1 C:\Users\user\Desktop\ECU\ECU_LB\ArduinoCore\Debug\libArduinoCore.a(tasks.o)
 .bss.xNumOfOverflows
                0x008003f3        0x1 C:\Users\user\Desktop\ECU\ECU_LB\ArduinoCore\Debug\libArduinoCore.a(tasks.o)
 .bss.xYieldPending
                0x008003f4        0x1 C:\Users\user\Desktop\ECU\ECU_LB\ArduinoCore\Debug\libArduinoCore.a(tasks.o)
 .bss.xPendedTicks
                0x008003f5        0x2 C:\Users\user\Desktop\ECU\ECU_LB\ArduinoCore\Debug\libArduinoCore.a(tasks.o)
 .bss.xSchedulerRunning
                0x008003f7        0x1 C:\Users\user\Desktop\ECU\ECU_LB\ArduinoCore\Debug\libArduinoCore.a(tasks.o)
 .bss.uxTopReadyPriority
                0x008003f8        0x1 C:\Users\user\Desktop\ECU\ECU_LB\ArduinoCore\Debug\libArduinoCore.a(tasks.o)
 .bss.xTickCount
                0x008003f9        0x2 C:\Users\user\Desktop\ECU\ECU_LB\ArduinoCore\Debug\libArduinoCore.a(tasks.o)
 .bss.uxCurrentNumberOfTasks
                0x008003fb        0x1 C:\Users\user\Desktop\ECU\ECU_LB\ArduinoCore\Debug\libArduinoCore.a(tasks.o)
 .bss.xSuspendedTaskList
                0x008003fc        0x9 C:\Users\user\Desktop\ECU\ECU_LB\ArduinoCore\Debug\libArduinoCore.a(tasks.o)
 .bss.uxDeletedTasksWaitingCleanUp
                0x00800405        0x1 C:\Users\user\Desktop\ECU\ECU_LB\ArduinoCore\Debug\libArduinoCore.a(tasks.o)
 .bss.xTasksWaitingTermination
                0x00800406        0x9 C:\Users\user\Desktop\ECU\ECU_LB\ArduinoCore\Debug\libArduinoCore.a(tasks.o)
 .bss.xPendingReadyList
                0x0080040f        0x9 C:\Users\user\Desktop\ECU\ECU_LB\ArduinoCore\Debug\libArduinoCore.a(tasks.o)
 .bss.pxOverflowDelayedTaskList
                0x00800418        0x2 C:\Users\user\Desktop\ECU\ECU_LB\ArduinoCore\Debug\libArduinoCore.a(tasks.o)
 .bss.pxDelayedTaskList
                0x0080041a        0x2 C:\Users\user\Desktop\ECU\ECU_LB\ArduinoCore\Debug\libArduinoCore.a(tasks.o)
 .bss.xDelayedTaskList2
                0x0080041c        0x9 C:\Users\user\Desktop\ECU\ECU_LB\ArduinoCore\Debug\libArduinoCore.a(tasks.o)
 .bss.xDelayedTaskList1
                0x00800425        0x9 C:\Users\user\Desktop\ECU\ECU_LB\ArduinoCore\Debug\libArduinoCore.a(tasks.o)
 .bss.pxReadyTasksLists
                0x0080042e       0x24 C:\Users\user\Desktop\ECU\ECU_LB\ArduinoCore\Debug\libArduinoCore.a(tasks.o)
 .bss.pxCurrentTCB
                0x00800452        0x2 C:\Users\user\Desktop\ECU\ECU_LB\ArduinoCore\Debug\libArduinoCore.a(tasks.o)
                0x00800452                pxCurrentTCB
 .bss.xStaticTimerQueue.2556
                0x00800454       0x20 C:\Users\user\Desktop\ECU\ECU_LB\ArduinoCore\Debug\libArduinoCore.a(timers.o)
 .bss.ucStaticTimerQueueStorage.2557
                0x00800474       0x32 C:\Users\user\Desktop\ECU\ECU_LB\ArduinoCore\Debug\libArduinoCore.a(timers.o)
 .bss.xLastTime.2516
                0x008004a6        0x2 C:\Users\user\Desktop\ECU\ECU_LB\ArduinoCore\Debug\libArduinoCore.a(timers.o)
 .bss.xTimerTaskHandle
                0x008004a8        0x2 C:\Users\user\Desktop\ECU\ECU_LB\ArduinoCore\Debug\libArduinoCore.a(timers.o)
 .bss.xTimerQueue
                0x008004aa        0x2 C:\Users\user\Desktop\ECU\ECU_LB\ArduinoCore\Debug\libArduinoCore.a(timers.o)
 .bss.pxOverflowTimerList
                0x008004ac        0x2 C:\Users\user\Desktop\ECU\ECU_LB\ArduinoCore\Debug\libArduinoCore.a(timers.o)
 .bss.pxCurrentTimerList
                0x008004ae        0x2 C:\Users\user\Desktop\ECU\ECU_LB\ArduinoCore\Debug\libArduinoCore.a(timers.o)
 .bss.xActiveTimerList2
                0x008004b0        0x9 C:\Users\user\Desktop\ECU\ECU_LB\ArduinoCore\Debug\libArduinoCore.a(timers.o)
 .bss.xActiveTimerList1
                0x008004b9        0x9 C:\Users\user\Desktop\ECU\ECU_LB\ArduinoCore\Debug\libArduinoCore.a(timers.o)
 .bss._ZZ30vApplicationGetTimerTaskMemoryE16uxTimerTaskStack
                0x008004c2       0x55 C:\Users\user\Desktop\ECU\ECU_LB\ArduinoCore\Debug\libArduinoCore.a(variantHooks.o)
 .bss._ZZ30vApplicationGetTimerTaskMemoryE13xTimerTaskTCB
                0x00800517       0x29 C:\Users\user\Desktop\ECU\ECU_LB\ArduinoCore\Debug\libArduinoCore.a(variantHooks.o)
 .bss._ZZ29vApplicationGetIdleTaskMemoryE15uxIdleTaskStack
                0x00800540       0xc0 C:\Users\user\Desktop\ECU\ECU_LB\ArduinoCore\Debug\libArduinoCore.a(variantHooks.o)
 .bss._ZZ29vApplicationGetIdleTaskMemoryE12xIdleTaskTCB
                0x00800600       0x29 C:\Users\user\Desktop\ECU\ECU_LB\ArduinoCore\Debug\libArduinoCore.a(variantHooks.o)
 .bss._ZN8SPIClass13interruptSaveE
                0x00800629        0x1 C:\Users\user\Desktop\ECU\ECU_LB\ArduinoCore\Debug\libArduinoCore.a(SPI.o)
                0x00800629                _ZN8SPIClass13interruptSaveE
 .bss._ZN8SPIClass13interruptMaskE
                0x0080062a        0x1 C:\Users\user\Desktop\ECU\ECU_LB\ArduinoCore\Debug\libArduinoCore.a(SPI.o)
                0x0080062a                _ZN8SPIClass13interruptMaskE
 .bss._ZN8SPIClass13interruptModeE
                0x0080062b        0x1 C:\Users\user\Desktop\ECU\ECU_LB\ArduinoCore\Debug\libArduinoCore.a(SPI.o)
                0x0080062b                _ZN8SPIClass13interruptModeE
 .bss._ZN8SPIClass11initializedE
                0x0080062c        0x1 C:\Users\user\Desktop\ECU\ECU_LB\ArduinoCore\Debug\libArduinoCore.a(SPI.o)
                0x0080062c                _ZN8SPIClass11initializedE
 .bss.SPI       0x0080062d        0x1 C:\Users\user\Desktop\ECU\ECU_LB\ArduinoCore\Debug\libArduinoCore.a(SPI.o)
                0x0080062d                SPI
 *(COMMON)
 COMMON         0x0080062e        0x4 c:/program files (x86)/atmel/studio/7.0/toolchain/avr8/avr8-gnu-toolchain/bin/../lib/gcc/avr/5.4.0/../../../../avr/lib/avr6\libc.a(malloc.o)
                0x0080062e                __brkval
                0x00800630                __flp
                0x00800632                PROVIDE (__bss_end, .)
                0x000032f0                __data_load_start = LOADADDR (.data)
                0x00003360                __data_load_end = (__data_load_start + SIZEOF (.data))

.noinit         0x00800632        0x0
                [!provide]                PROVIDE (__noinit_start, .)
 *(.noinit*)
                [!provide]                PROVIDE (__noinit_end, .)
                0x00800632                _end = .
                0x00800632                PROVIDE (__heap_start, .)

.eeprom         0x00810000        0x0
 *(.eeprom*)
                0x00810000                __eeprom_end = .

.fuse
 *(.fuse)
 *(.lfuse)
 *(.hfuse)
 *(.efuse)

.lock
 *(.lock*)

.signature
 *(.signature*)

.user_signatures
 *(.user_signatures*)

.stab
 *(.stab)

.stabstr
 *(.stabstr)

.stab.excl
 *(.stab.excl)

.stab.exclstr
 *(.stab.exclstr)

.stab.index
 *(.stab.index)

.stab.indexstr
 *(.stab.indexstr)

.comment        0x00000000       0x30
 *(.comment)
 .comment       0x00000000       0x30 BSP_atmega2560.o
                                 0x31 (size before relaxing)
 .comment       0x00000030       0x31 can_frames.o
 .comment       0x00000030       0x31 FreeAct.o
 .comment       0x00000030       0x31 Sketch.o
 .comment       0x00000030       0x31 C:\Users\user\Desktop\ECU\ECU_LB\ArduinoCore\Debug\libArduinoCore.a(main.o)
 .comment       0x00000030       0x31 C:\Users\user\Desktop\ECU\ECU_LB\ArduinoCore\Debug\libArduinoCore.a(wiring.o)
 .comment       0x00000030       0x31 C:\Users\user\Desktop\ECU\ECU_LB\ArduinoCore\Debug\libArduinoCore.a(wiring_digital.o)
 .comment       0x00000030       0x31 C:\Users\user\Desktop\ECU\ECU_LB\ArduinoCore\Debug\libArduinoCore.a(mcp2515.o)
 .comment       0x00000030       0x31 C:\Users\user\Desktop\ECU\ECU_LB\ArduinoCore\Debug\libArduinoCore.a(queue.o)
 .comment       0x00000030       0x31 C:\Users\user\Desktop\ECU\ECU_LB\ArduinoCore\Debug\libArduinoCore.a(tasks.o)
 .comment       0x00000030       0x31 C:\Users\user\Desktop\ECU\ECU_LB\ArduinoCore\Debug\libArduinoCore.a(timers.o)
 .comment       0x00000030       0x31 C:\Users\user\Desktop\ECU\ECU_LB\ArduinoCore\Debug\libArduinoCore.a(variantHooks.o)
 .comment       0x00000030       0x31 C:\Users\user\Desktop\ECU\ECU_LB\ArduinoCore\Debug\libArduinoCore.a(SPI.o)
 .comment       0x00000030       0x31 C:\Users\user\Desktop\ECU\ECU_LB\ArduinoCore\Debug\libArduinoCore.a(hooks.o)
 .comment       0x00000030       0x31 C:\Users\user\Desktop\ECU\ECU_LB\ArduinoCore\Debug\libArduinoCore.a(heap_3.o)
 .comment       0x00000030       0x31 C:\Users\user\Desktop\ECU\ECU_LB\ArduinoCore\Debug\libArduinoCore.a(list.o)
 .comment       0x00000030       0x31 C:\Users\user\Desktop\ECU\ECU_LB\ArduinoCore\Debug\libArduinoCore.a(port.o)
 .comment       0x00000030       0x31 c:/program files (x86)/atmel/studio/7.0/toolchain/avr8/avr8-gnu-toolchain/bin/../lib/gcc/avr/5.4.0/../../../../avr/lib/avr6\libc.a(malloc.o)

.note.gnu.avr.deviceinfo
                0x00000000       0x40
 .note.gnu.avr.deviceinfo
                0x00000000       0x40 C:/Program Files (x86)/Atmel/Studio/7.0/Packs/atmel/ATmega_DFP/1.6.364/gcc/dev/atmega2560/avr6/crtatmega2560.o

.note.gnu.build-id
 *(.note.gnu.build-id)

.debug
 *(.debug)

.line
 *(.line)

.debug_srcinfo
 *(.debug_srcinfo)

.debug_sfnames
 *(.debug_sfnames)

.debug_aranges  0x00000000      0x868
 *(.debug_aranges)
 .debug_aranges
                0x00000000       0x90 BSP_atmega2560.o
 .debug_aranges
                0x00000090       0x20 can_frames.o
 .debug_aranges
                0x000000b0       0x78 FreeAct.o
 .debug_aranges
                0x00000128       0x38 Sketch.o
 .debug_aranges
                0x00000160       0x30 C:\Users\user\Desktop\ECU\ECU_LB\ArduinoCore\Debug\libArduinoCore.a(main.o)
 .debug_aranges
                0x00000190       0x48 C:\Users\user\Desktop\ECU\ECU_LB\ArduinoCore\Debug\libArduinoCore.a(wiring.o)
 .debug_aranges
                0x000001d8       0x38 C:\Users\user\Desktop\ECU\ECU_LB\ArduinoCore\Debug\libArduinoCore.a(wiring_digital.o)
 .debug_aranges
                0x00000210      0x158 C:\Users\user\Desktop\ECU\ECU_LB\ArduinoCore\Debug\libArduinoCore.a(mcp2515.o)
 .debug_aranges
                0x00000368      0x108 C:\Users\user\Desktop\ECU\ECU_LB\ArduinoCore\Debug\libArduinoCore.a(queue.o)
 .debug_aranges
                0x00000470      0x1c0 C:\Users\user\Desktop\ECU\ECU_LB\ArduinoCore\Debug\libArduinoCore.a(tasks.o)
 .debug_aranges
                0x00000630       0xc0 C:\Users\user\Desktop\ECU\ECU_LB\ArduinoCore\Debug\libArduinoCore.a(timers.o)
 .debug_aranges
                0x000006f0       0x58 C:\Users\user\Desktop\ECU\ECU_LB\ArduinoCore\Debug\libArduinoCore.a(variantHooks.o)
 .debug_aranges
                0x00000748       0x38 C:\Users\user\Desktop\ECU\ECU_LB\ArduinoCore\Debug\libArduinoCore.a(SPI.o)
 .debug_aranges
                0x00000780       0x20 C:\Users\user\Desktop\ECU\ECU_LB\ArduinoCore\Debug\libArduinoCore.a(hooks.o)
 .debug_aranges
                0x000007a0       0x28 C:\Users\user\Desktop\ECU\ECU_LB\ArduinoCore\Debug\libArduinoCore.a(heap_3.o)
 .debug_aranges
                0x000007c8       0x40 C:\Users\user\Desktop\ECU\ECU_LB\ArduinoCore\Debug\libArduinoCore.a(list.o)
 .debug_aranges
                0x00000808       0x60 C:\Users\user\Desktop\ECU\ECU_LB\ArduinoCore\Debug\libArduinoCore.a(port.o)

.debug_pubnames
 *(.debug_pubnames)

.debug_info     0x00000000     0xf123
 *(.debug_info .gnu.linkonce.wi.*)
 .debug_info    0x00000000      0xbbc C:/Program Files (x86)/Atmel/Studio/7.0/Packs/atmel/ATmega_DFP/1.6.364/gcc/dev/atmega2560/avr6/crtatmega2560.o
 .debug_info    0x00000bbc     0x1bf1 BSP_atmega2560.o
 .debug_info    0x000027ad      0x2da can_frames.o
 .debug_info    0x00002a87      0xdda FreeAct.o
 .debug_info    0x00003861      0xcaa Sketch.o
 .debug_info    0x0000450b      0x295 C:\Users\user\Desktop\ECU\ECU_LB\ArduinoCore\Debug\libArduinoCore.a(main.o)
 .debug_info    0x000047a0      0x329 C:\Users\user\Desktop\ECU\ECU_LB\ArduinoCore\Debug\libArduinoCore.a(wiring.o)
 .debug_info    0x00004ac9      0x63a C:\Users\user\Desktop\ECU\ECU_LB\ArduinoCore\Debug\libArduinoCore.a(wiring_digital.o)
 .debug_info    0x00005103     0x2ed9 C:\Users\user\Desktop\ECU\ECU_LB\ArduinoCore\Debug\libArduinoCore.a(mcp2515.o)
 .debug_info    0x00007fdc     0x1dd2 C:\Users\user\Desktop\ECU\ECU_LB\ArduinoCore\Debug\libArduinoCore.a(queue.o)
 .debug_info    0x00009dae     0x27eb C:\Users\user\Desktop\ECU\ECU_LB\ArduinoCore\Debug\libArduinoCore.a(tasks.o)
 .debug_info    0x0000c599     0x160c C:\Users\user\Desktop\ECU\ECU_LB\ArduinoCore\Debug\libArduinoCore.a(timers.o)
 .debug_info    0x0000dba5      0x693 C:\Users\user\Desktop\ECU\ECU_LB\ArduinoCore\Debug\libArduinoCore.a(variantHooks.o)
 .debug_info    0x0000e238      0x6cd C:\Users\user\Desktop\ECU\ECU_LB\ArduinoCore\Debug\libArduinoCore.a(SPI.o)
 .debug_info    0x0000e905       0x3e C:\Users\user\Desktop\ECU\ECU_LB\ArduinoCore\Debug\libArduinoCore.a(hooks.o)
 .debug_info    0x0000e943      0x18f C:\Users\user\Desktop\ECU\ECU_LB\ArduinoCore\Debug\libArduinoCore.a(heap_3.o)
 .debug_info    0x0000ead2      0x2eb C:\Users\user\Desktop\ECU\ECU_LB\ArduinoCore\Debug\libArduinoCore.a(list.o)
 .debug_info    0x0000edbd      0x366 C:\Users\user\Desktop\ECU\ECU_LB\ArduinoCore\Debug\libArduinoCore.a(port.o)

.debug_abbrev   0x00000000     0x32ea
 *(.debug_abbrev)
 .debug_abbrev  0x00000000      0xb1a C:/Program Files (x86)/Atmel/Studio/7.0/Packs/atmel/ATmega_DFP/1.6.364/gcc/dev/atmega2560/avr6/crtatmega2560.o
 .debug_abbrev  0x00000b1a      0x50d BSP_atmega2560.o
 .debug_abbrev  0x00001027      0x12b can_frames.o
 .debug_abbrev  0x00001152      0x2cb FreeAct.o
 .debug_abbrev  0x0000141d      0x26a Sketch.o
 .debug_abbrev  0x00001687      0x12d C:\Users\user\Desktop\ECU\ECU_LB\ArduinoCore\Debug\libArduinoCore.a(main.o)
 .debug_abbrev  0x000017b4      0x146 C:\Users\user\Desktop\ECU\ECU_LB\ArduinoCore\Debug\libArduinoCore.a(wiring.o)
 .debug_abbrev  0x000018fa      0x15a C:\Users\user\Desktop\ECU\ECU_LB\ArduinoCore\Debug\libArduinoCore.a(wiring_digital.o)
 .debug_abbrev  0x00001a54      0x5ac C:\Users\user\Desktop\ECU\ECU_LB\ArduinoCore\Debug\libArduinoCore.a(mcp2515.o)
 .debug_abbrev  0x00002000      0x36c C:\Users\user\Desktop\ECU\ECU_LB\ArduinoCore\Debug\libArduinoCore.a(queue.o)
 .debug_abbrev  0x0000236c      0x3b4 C:\Users\user\Desktop\ECU\ECU_LB\ArduinoCore\Debug\libArduinoCore.a(tasks.o)
 .debug_abbrev  0x00002720      0x381 C:\Users\user\Desktop\ECU\ECU_LB\ArduinoCore\Debug\libArduinoCore.a(timers.o)
 .debug_abbrev  0x00002aa1      0x20c C:\Users\user\Desktop\ECU\ECU_LB\ArduinoCore\Debug\libArduinoCore.a(variantHooks.o)
 .debug_abbrev  0x00002cad      0x283 C:\Users\user\Desktop\ECU\ECU_LB\ArduinoCore\Debug\libArduinoCore.a(SPI.o)
 .debug_abbrev  0x00002f30       0x2a C:\Users\user\Desktop\ECU\ECU_LB\ArduinoCore\Debug\libArduinoCore.a(hooks.o)
 .debug_abbrev  0x00002f5a       0xf9 C:\Users\user\Desktop\ECU\ECU_LB\ArduinoCore\Debug\libArduinoCore.a(heap_3.o)
 .debug_abbrev  0x00003053       0xff C:\Users\user\Desktop\ECU\ECU_LB\ArduinoCore\Debug\libArduinoCore.a(list.o)
 .debug_abbrev  0x00003152      0x198 C:\Users\user\Desktop\ECU\ECU_LB\ArduinoCore\Debug\libArduinoCore.a(port.o)

.debug_line     0x00000000     0x58ed
 *(.debug_line .debug_line.* .debug_line_end)
 .debug_line    0x00000000      0x1fa C:/Program Files (x86)/Atmel/Studio/7.0/Packs/atmel/ATmega_DFP/1.6.364/gcc/dev/atmega2560/avr6/crtatmega2560.o
 .debug_line    0x000001fa      0x445 BSP_atmega2560.o
 .debug_line    0x0000063f      0x19f can_frames.o
 .debug_line    0x000007de      0x37c FreeAct.o
 .debug_line    0x00000b5a      0x32e Sketch.o
 .debug_line    0x00000e88      0x161 C:\Users\user\Desktop\ECU\ECU_LB\ArduinoCore\Debug\libArduinoCore.a(main.o)
 .debug_line    0x00000fe9      0x2cb C:\Users\user\Desktop\ECU\ECU_LB\ArduinoCore\Debug\libArduinoCore.a(wiring.o)
 .debug_line    0x000012b4      0x284 C:\Users\user\Desktop\ECU\ECU_LB\ArduinoCore\Debug\libArduinoCore.a(wiring_digital.o)
 .debug_line    0x00001538      0xd34 C:\Users\user\Desktop\ECU\ECU_LB\ArduinoCore\Debug\libArduinoCore.a(mcp2515.o)
 .debug_line    0x0000226c      0xd38 C:\Users\user\Desktop\ECU\ECU_LB\ArduinoCore\Debug\libArduinoCore.a(queue.o)
 .debug_line    0x00002fa4     0x1571 C:\Users\user\Desktop\ECU\ECU_LB\ArduinoCore\Debug\libArduinoCore.a(tasks.o)
 .debug_line    0x00004515      0x6b4 C:\Users\user\Desktop\ECU\ECU_LB\ArduinoCore\Debug\libArduinoCore.a(timers.o)
 .debug_line    0x00004bc9      0x356 C:\Users\user\Desktop\ECU\ECU_LB\ArduinoCore\Debug\libArduinoCore.a(variantHooks.o)
 .debug_line    0x00004f1f      0x2eb C:\Users\user\Desktop\ECU\ECU_LB\ArduinoCore\Debug\libArduinoCore.a(SPI.o)
 .debug_line    0x0000520a       0x41 C:\Users\user\Desktop\ECU\ECU_LB\ArduinoCore\Debug\libArduinoCore.a(hooks.o)
 .debug_line    0x0000524b      0x1b8 C:\Users\user\Desktop\ECU\ECU_LB\ArduinoCore\Debug\libArduinoCore.a(heap_3.o)
 .debug_line    0x00005403      0x209 C:\Users\user\Desktop\ECU\ECU_LB\ArduinoCore\Debug\libArduinoCore.a(list.o)
 .debug_line    0x0000560c      0x2e1 C:\Users\user\Desktop\ECU\ECU_LB\ArduinoCore\Debug\libArduinoCore.a(port.o)

.debug_frame    0x00000000     0x1ab0
 *(.debug_frame)
 .debug_frame   0x00000000      0x120 BSP_atmega2560.o
 .debug_frame   0x00000120       0x44 can_frames.o
 .debug_frame   0x00000164      0x19c FreeAct.o
 .debug_frame   0x00000300       0xa8 Sketch.o
 .debug_frame   0x000003a8       0x54 C:\Users\user\Desktop\ECU\ECU_LB\ArduinoCore\Debug\libArduinoCore.a(main.o)
 .debug_frame   0x000003fc       0xc4 C:\Users\user\Desktop\ECU\ECU_LB\ArduinoCore\Debug\libArduinoCore.a(wiring.o)
 .debug_frame   0x000004c0       0x7c C:\Users\user\Desktop\ECU\ECU_LB\ArduinoCore\Debug\libArduinoCore.a(wiring_digital.o)
 .debug_frame   0x0000053c      0x560 C:\Users\user\Desktop\ECU\ECU_LB\ArduinoCore\Debug\libArduinoCore.a(mcp2515.o)
 .debug_frame   0x00000a9c      0x3ec C:\Users\user\Desktop\ECU\ECU_LB\ArduinoCore\Debug\libArduinoCore.a(queue.o)
 .debug_frame   0x00000e88      0x700 C:\Users\user\Desktop\ECU\ECU_LB\ArduinoCore\Debug\libArduinoCore.a(tasks.o)
 .debug_frame   0x00001588      0x280 C:\Users\user\Desktop\ECU\ECU_LB\ArduinoCore\Debug\libArduinoCore.a(timers.o)
 .debug_frame   0x00001808       0x94 C:\Users\user\Desktop\ECU\ECU_LB\ArduinoCore\Debug\libArduinoCore.a(variantHooks.o)
 .debug_frame   0x0000189c       0x5c C:\Users\user\Desktop\ECU\ECU_LB\ArduinoCore\Debug\libArduinoCore.a(SPI.o)
 .debug_frame   0x000018f8       0x24 C:\Users\user\Desktop\ECU\ECU_LB\ArduinoCore\Debug\libArduinoCore.a(hooks.o)
 .debug_frame   0x0000191c       0x4c C:\Users\user\Desktop\ECU\ECU_LB\ArduinoCore\Debug\libArduinoCore.a(heap_3.o)
 .debug_frame   0x00001968       0x90 C:\Users\user\Desktop\ECU\ECU_LB\ArduinoCore\Debug\libArduinoCore.a(list.o)
 .debug_frame   0x000019f8       0xb8 C:\Users\user\Desktop\ECU\ECU_LB\ArduinoCore\Debug\libArduinoCore.a(port.o)

.debug_str      0x00000000     0x4440
 *(.debug_str)
 .debug_str     0x00000000      0x3e6 C:/Program Files (x86)/Atmel/Studio/7.0/Packs/atmel/ATmega_DFP/1.6.364/gcc/dev/atmega2560/avr6/crtatmega2560.o
 .debug_str     0x000003e6     0x1ab7 BSP_atmega2560.o
                               0x1be8 (size before relaxing)
 .debug_str     0x00001e9d       0xa3 can_frames.o
                                0x311 (size before relaxing)
 .debug_str     0x00001f40      0x3a1 FreeAct.o
                                0x92c (size before relaxing)
 .debug_str     0x000022e1       0xbd Sketch.o
                                0xa45 (size before relaxing)
 .debug_str     0x0000239e       0x8d C:\Users\user\Desktop\ECU\ECU_LB\ArduinoCore\Debug\libArduinoCore.a(main.o)
                                0x29a (size before relaxing)
 .debug_str     0x0000242b      0x15b C:\Users\user\Desktop\ECU\ECU_LB\ArduinoCore\Debug\libArduinoCore.a(wiring.o)
                                0x230 (size before relaxing)
 .debug_str     0x00002586       0xc2 C:\Users\user\Desktop\ECU\ECU_LB\ArduinoCore\Debug\libArduinoCore.a(wiring_digital.o)
                                0x295 (size before relaxing)
 .debug_str     0x00002648      0x363 C:\Users\user\Desktop\ECU\ECU_LB\ArduinoCore\Debug\libArduinoCore.a(mcp2515.o)
                               0x18cb (size before relaxing)
 .debug_str     0x000029ab      0x78b C:\Users\user\Desktop\ECU\ECU_LB\ArduinoCore\Debug\libArduinoCore.a(queue.o)
                                0xb46 (size before relaxing)
 .debug_str     0x00003136      0xabc C:\Users\user\Desktop\ECU\ECU_LB\ArduinoCore\Debug\libArduinoCore.a(tasks.o)
                               0x10f7 (size before relaxing)
 .debug_str     0x00003bf2      0x468 C:\Users\user\Desktop\ECU\ECU_LB\ArduinoCore\Debug\libArduinoCore.a(timers.o)
                                0xaf9 (size before relaxing)
 .debug_str     0x0000405a      0x1bc C:\Users\user\Desktop\ECU\ECU_LB\ArduinoCore\Debug\libArduinoCore.a(variantHooks.o)
                                0x5b5 (size before relaxing)
 .debug_str     0x00004216       0x9f C:\Users\user\Desktop\ECU\ECU_LB\ArduinoCore\Debug\libArduinoCore.a(SPI.o)
                                0x693 (size before relaxing)
 .debug_str     0x000042b5       0x1c C:\Users\user\Desktop\ECU\ECU_LB\ArduinoCore\Debug\libArduinoCore.a(hooks.o)
                                0x125 (size before relaxing)
 .debug_str     0x000042d1       0x3b C:\Users\user\Desktop\ECU\ECU_LB\ArduinoCore\Debug\libArduinoCore.a(heap_3.o)
                                0x228 (size before relaxing)
 .debug_str     0x0000430c       0x62 C:\Users\user\Desktop\ECU\ECU_LB\ArduinoCore\Debug\libArduinoCore.a(list.o)
                                0x2fb (size before relaxing)
 .debug_str     0x0000436e       0xd2 C:\Users\user\Desktop\ECU\ECU_LB\ArduinoCore\Debug\libArduinoCore.a(port.o)
                                0x34c (size before relaxing)

.debug_loc      0x00000000     0xa75e
 *(.debug_loc)
 .debug_loc     0x00000000      0x1b4 BSP_atmega2560.o
 .debug_loc     0x000001b4       0xe3 can_frames.o
 .debug_loc     0x00000297      0x7cb FreeAct.o
 .debug_loc     0x00000a62      0x30b Sketch.o
 .debug_loc     0x00000d6d      0x28d C:\Users\user\Desktop\ECU\ECU_LB\ArduinoCore\Debug\libArduinoCore.a(wiring.o)
 .debug_loc     0x00000ffa      0x56b C:\Users\user\Desktop\ECU\ECU_LB\ArduinoCore\Debug\libArduinoCore.a(wiring_digital.o)
 .debug_loc     0x00001565     0x2bfe C:\Users\user\Desktop\ECU\ECU_LB\ArduinoCore\Debug\libArduinoCore.a(mcp2515.o)
 .debug_loc     0x00004163     0x223b C:\Users\user\Desktop\ECU\ECU_LB\ArduinoCore\Debug\libArduinoCore.a(queue.o)
 .debug_loc     0x0000639e     0x2ca2 C:\Users\user\Desktop\ECU\ECU_LB\ArduinoCore\Debug\libArduinoCore.a(tasks.o)
 .debug_loc     0x00009040      0xf7c C:\Users\user\Desktop\ECU\ECU_LB\ArduinoCore\Debug\libArduinoCore.a(timers.o)
 .debug_loc     0x00009fbc      0x148 C:\Users\user\Desktop\ECU\ECU_LB\ArduinoCore\Debug\libArduinoCore.a(variantHooks.o)
 .debug_loc     0x0000a104      0x1f0 C:\Users\user\Desktop\ECU\ECU_LB\ArduinoCore\Debug\libArduinoCore.a(SPI.o)
 .debug_loc     0x0000a2f4      0x112 C:\Users\user\Desktop\ECU\ECU_LB\ArduinoCore\Debug\libArduinoCore.a(heap_3.o)
 .debug_loc     0x0000a406      0x1d7 C:\Users\user\Desktop\ECU\ECU_LB\ArduinoCore\Debug\libArduinoCore.a(list.o)
 .debug_loc     0x0000a5dd      0x181 C:\Users\user\Desktop\ECU\ECU_LB\ArduinoCore\Debug\libArduinoCore.a(port.o)

.debug_macinfo
 *(.debug_macinfo)

.debug_weaknames
 *(.debug_weaknames)

.debug_funcnames
 *(.debug_funcnames)

.debug_typenames
 *(.debug_typenames)

.debug_varnames
 *(.debug_varnames)

.debug_pubtypes
 *(.debug_pubtypes)

.debug_ranges   0x00000000      0x810
 *(.debug_ranges)
 .debug_ranges  0x00000000       0x80 BSP_atmega2560.o
 .debug_ranges  0x00000080       0x10 can_frames.o
 .debug_ranges  0x00000090       0x68 FreeAct.o
 .debug_ranges  0x000000f8       0x40 Sketch.o
 .debug_ranges  0x00000138       0x20 C:\Users\user\Desktop\ECU\ECU_LB\ArduinoCore\Debug\libArduinoCore.a(main.o)
 .debug_ranges  0x00000158       0x38 C:\Users\user\Desktop\ECU\ECU_LB\ArduinoCore\Debug\libArduinoCore.a(wiring.o)
 .debug_ranges  0x00000190       0x28 C:\Users\user\Desktop\ECU\ECU_LB\ArduinoCore\Debug\libArduinoCore.a(wiring_digital.o)
 .debug_ranges  0x000001b8      0x180 C:\Users\user\Desktop\ECU\ECU_LB\ArduinoCore\Debug\libArduinoCore.a(mcp2515.o)
 .debug_ranges  0x00000338       0xf8 C:\Users\user\Desktop\ECU\ECU_LB\ArduinoCore\Debug\libArduinoCore.a(queue.o)
 .debug_ranges  0x00000430      0x218 C:\Users\user\Desktop\ECU\ECU_LB\ArduinoCore\Debug\libArduinoCore.a(tasks.o)
 .debug_ranges  0x00000648       0xb0 C:\Users\user\Desktop\ECU\ECU_LB\ArduinoCore\Debug\libArduinoCore.a(timers.o)
 .debug_ranges  0x000006f8       0x48 C:\Users\user\Desktop\ECU\ECU_LB\ArduinoCore\Debug\libArduinoCore.a(variantHooks.o)
 .debug_ranges  0x00000740       0x28 C:\Users\user\Desktop\ECU\ECU_LB\ArduinoCore\Debug\libArduinoCore.a(SPI.o)
 .debug_ranges  0x00000768       0x10 C:\Users\user\Desktop\ECU\ECU_LB\ArduinoCore\Debug\libArduinoCore.a(hooks.o)
 .debug_ranges  0x00000778       0x18 C:\Users\user\Desktop\ECU\ECU_LB\ArduinoCore\Debug\libArduinoCore.a(heap_3.o)
 .debug_ranges  0x00000790       0x30 C:\Users\user\Desktop\ECU\ECU_LB\ArduinoCore\Debug\libArduinoCore.a(list.o)
 .debug_ranges  0x000007c0       0x50 C:\Users\user\Desktop\ECU\ECU_LB\ArduinoCore\Debug\libArduinoCore.a(port.o)

.debug_macro
 *(.debug_macro)
OUTPUT(ECU_LB.elf elf32-avr)
LOAD linker stubs
