Archive member included to satisfy reference by file (symbol)

C:\Users\user\Desktop\ECU\ECU_RT\ArduinoCore\Debug\libArduinoCore.a(main.o)
                              C:/Program Files (x86)/Atmel/Studio/7.0/Packs/atmel/ATmega_DFP/1.6.364/gcc/dev/atmega2560/avr6/crtatmega2560.o (main)
C:\Users\user\Desktop\ECU\ECU_RT\ArduinoCore\Debug\libArduinoCore.a(wiring.o)
                              C:\Users\user\Desktop\ECU\ECU_RT\ArduinoCore\Debug\libArduinoCore.a(main.o) (init)
C:\Users\user\Desktop\ECU\ECU_RT\ArduinoCore\Debug\libArduinoCore.a(wiring_digital.o)
                              BSP_atmega2560.o (pinMode)
C:\Users\user\Desktop\ECU\ECU_RT\ArduinoCore\Debug\libArduinoCore.a(mcp2515.o)
                              BSP_atmega2560.o (_ZN7MCP2515C1EhmP8SPIClass)
C:\Users\user\Desktop\ECU\ECU_RT\ArduinoCore\Debug\libArduinoCore.a(queue.o)
                              FreeAct.o (xQueueGenericCreateStatic)
C:\Users\user\Desktop\ECU\ECU_RT\ArduinoCore\Debug\libArduinoCore.a(tasks.o)
                              FreeAct.o (xTaskCreateStatic)
C:\Users\user\Desktop\ECU\ECU_RT\ArduinoCore\Debug\libArduinoCore.a(timers.o)
                              C:\Users\user\Desktop\ECU\ECU_RT\ArduinoCore\Debug\libArduinoCore.a(tasks.o) (xTimerCreateTimerTask)
C:\Users\user\Desktop\ECU\ECU_RT\ArduinoCore\Debug\libArduinoCore.a(variantHooks.o)
                              C:\Users\user\Desktop\ECU\ECU_RT\ArduinoCore\Debug\libArduinoCore.a(tasks.o) (vApplicationIdleHook)
C:\Users\user\Desktop\ECU\ECU_RT\ArduinoCore\Debug\libArduinoCore.a(SPI.o)
                              C:\Users\user\Desktop\ECU\ECU_RT\ArduinoCore\Debug\libArduinoCore.a(mcp2515.o) (_ZN8SPIClass5beginEv)
C:\Users\user\Desktop\ECU\ECU_RT\ArduinoCore\Debug\libArduinoCore.a(hooks.o)
                              C:\Users\user\Desktop\ECU\ECU_RT\ArduinoCore\Debug\libArduinoCore.a(wiring.o) (yield)
C:\Users\user\Desktop\ECU\ECU_RT\ArduinoCore\Debug\libArduinoCore.a(heap_3.o)
                              C:\Users\user\Desktop\ECU\ECU_RT\ArduinoCore\Debug\libArduinoCore.a(queue.o) (pvPortMalloc)
C:\Users\user\Desktop\ECU\ECU_RT\ArduinoCore\Debug\libArduinoCore.a(list.o)
                              C:\Users\user\Desktop\ECU\ECU_RT\ArduinoCore\Debug\libArduinoCore.a(queue.o) (vListInitialise)
C:\Users\user\Desktop\ECU\ECU_RT\ArduinoCore\Debug\libArduinoCore.a(port.o)
                              C:\Users\user\Desktop\ECU\ECU_RT\ArduinoCore\Debug\libArduinoCore.a(tasks.o) (pxPortInitialiseStack)
c:/program files (x86)/atmel/studio/7.0/toolchain/avr8/avr8-gnu-toolchain/bin/../lib/gcc/avr/5.4.0/avr6\libgcc.a(_exit.o)
                              C:/Program Files (x86)/Atmel/Studio/7.0/Packs/atmel/ATmega_DFP/1.6.364/gcc/dev/atmega2560/avr6/crtatmega2560.o (exit)
c:/program files (x86)/atmel/studio/7.0/toolchain/avr8/avr8-gnu-toolchain/bin/../lib/gcc/avr/5.4.0/avr6\libgcc.a(_tablejump2.o)
                              Sketch.o (__tablejump2__)
c:/program files (x86)/atmel/studio/7.0/toolchain/avr8/avr8-gnu-toolchain/bin/../lib/gcc/avr/5.4.0/avr6\libgcc.a(_copy_data.o)
                              BSP_atmega2560.o (__do_copy_data)
c:/program files (x86)/atmel/studio/7.0/toolchain/avr8/avr8-gnu-toolchain/bin/../lib/gcc/avr/5.4.0/avr6\libgcc.a(_clear_bss.o)
                              BSP_atmega2560.o (__do_clear_bss)
c:/program files (x86)/atmel/studio/7.0/toolchain/avr8/avr8-gnu-toolchain/bin/../lib/gcc/avr/5.4.0/avr6\libgcc.a(_ctors.o)
                              BSP_atmega2560.o (__do_global_ctors)
c:/program files (x86)/atmel/studio/7.0/toolchain/avr8/avr8-gnu-toolchain/bin/../lib/gcc/avr/5.4.0/../../../../avr/lib/avr6\libc.a(malloc.o)
                              C:\Users\user\Desktop\ECU\ECU_RT\ArduinoCore\Debug\libArduinoCore.a(heap_3.o) (malloc)
c:/program files (x86)/atmel/studio/7.0/toolchain/avr8/avr8-gnu-toolchain/bin/../lib/gcc/avr/5.4.0/../../../../avr/lib/avr6\libc.a(memcpy.o)
                              C:\Users\user\Desktop\ECU\ECU_RT\ArduinoCore\Debug\libArduinoCore.a(mcp2515.o) (memcpy)
c:/program files (x86)/atmel/studio/7.0/toolchain/avr8/avr8-gnu-toolchain/bin/../lib/gcc/avr/5.4.0/../../../../avr/lib/avr6\libc.a(memset.o)
                              C:\Users\user\Desktop\ECU\ECU_RT\ArduinoCore\Debug\libArduinoCore.a(tasks.o) (memset)

Allocating common symbols
Common symbol       size              file

__brkval            0x2               c:/program files (x86)/atmel/studio/7.0/toolchain/avr8/avr8-gnu-toolchain/bin/../lib/gcc/avr/5.4.0/../../../../avr/lib/avr6\libc.a(malloc.o)
portTickRateHz      0x2               C:\Users\user\Desktop\ECU\ECU_RT\ArduinoCore\Debug\libArduinoCore.a(port.o)
__flp               0x2               c:/program files (x86)/atmel/studio/7.0/toolchain/avr8/avr8-gnu-toolchain/bin/../lib/gcc/avr/5.4.0/../../../../avr/lib/avr6\libc.a(malloc.o)
ticksRemainingInSec
                    0x2               C:\Users\user\Desktop\ECU\ECU_RT\ArduinoCore\Debug\libArduinoCore.a(port.o)

Discarded input sections

 .data          0x00000000        0x0 C:/Program Files (x86)/Atmel/Studio/7.0/Packs/atmel/ATmega_DFP/1.6.364/gcc/dev/atmega2560/avr6/crtatmega2560.o
 .bss           0x00000000        0x0 C:/Program Files (x86)/Atmel/Studio/7.0/Packs/atmel/ATmega_DFP/1.6.364/gcc/dev/atmega2560/avr6/crtatmega2560.o
 .text          0x00000000        0x0 BSP_atmega2560.o
 .data          0x00000000        0x0 BSP_atmega2560.o
 .bss           0x00000000        0x0 BSP_atmega2560.o
 .text._Z9BSP_startv
                0x00000000        0x2 BSP_atmega2560.o
 .text._Z18BSP_send_can_frameP9can_frame
                0x00000000        0xa BSP_atmega2560.o
 .text          0x00000000        0x0 FreeAct.o
 .data          0x00000000        0x0 FreeAct.o
 .bss           0x00000000        0x0 FreeAct.o
 .text._Z18CanFrameEvent_pollv
                0x00000000       0x26 FreeAct.o
 .text          0x00000000        0x0 Sketch.o
 .data          0x00000000        0x0 Sketch.o
 .bss           0x00000000        0x0 Sketch.o
 .text          0x00000000        0x0 C:\Users\user\Desktop\ECU\ECU_RT\ArduinoCore\Debug\libArduinoCore.a(main.o)
 .data          0x00000000        0x0 C:\Users\user\Desktop\ECU\ECU_RT\ArduinoCore\Debug\libArduinoCore.a(main.o)
 .bss           0x00000000        0x0 C:\Users\user\Desktop\ECU\ECU_RT\ArduinoCore\Debug\libArduinoCore.a(main.o)
 .text.atexit   0x00000000        0x6 C:\Users\user\Desktop\ECU\ECU_RT\ArduinoCore\Debug\libArduinoCore.a(main.o)
 .text.initVariant
                0x00000000        0x2 C:\Users\user\Desktop\ECU\ECU_RT\ArduinoCore\Debug\libArduinoCore.a(main.o)
 .text._Z8setupUSBv
                0x00000000        0x2 C:\Users\user\Desktop\ECU\ECU_RT\ArduinoCore\Debug\libArduinoCore.a(main.o)
 .text          0x00000000        0x0 C:\Users\user\Desktop\ECU\ECU_RT\ArduinoCore\Debug\libArduinoCore.a(wiring.o)
 .data          0x00000000        0x0 C:\Users\user\Desktop\ECU\ECU_RT\ArduinoCore\Debug\libArduinoCore.a(wiring.o)
 .bss           0x00000000        0x0 C:\Users\user\Desktop\ECU\ECU_RT\ArduinoCore\Debug\libArduinoCore.a(wiring.o)
 .text.delayMicroseconds
                0x00000000       0x16 C:\Users\user\Desktop\ECU\ECU_RT\ArduinoCore\Debug\libArduinoCore.a(wiring.o)
 .text          0x00000000        0x0 C:\Users\user\Desktop\ECU\ECU_RT\ArduinoCore\Debug\libArduinoCore.a(wiring_digital.o)
 .data          0x00000000        0x0 C:\Users\user\Desktop\ECU\ECU_RT\ArduinoCore\Debug\libArduinoCore.a(wiring_digital.o)
 .bss           0x00000000        0x0 C:\Users\user\Desktop\ECU\ECU_RT\ArduinoCore\Debug\libArduinoCore.a(wiring_digital.o)
 .group         0x00000000        0x8 C:\Users\user\Desktop\ECU\ECU_RT\ArduinoCore\Debug\libArduinoCore.a(mcp2515.o)
 .text          0x00000000        0x0 C:\Users\user\Desktop\ECU\ECU_RT\ArduinoCore\Debug\libArduinoCore.a(mcp2515.o)
 .data          0x00000000        0x0 C:\Users\user\Desktop\ECU\ECU_RT\ArduinoCore\Debug\libArduinoCore.a(mcp2515.o)
 .bss           0x00000000        0x0 C:\Users\user\Desktop\ECU\ECU_RT\ArduinoCore\Debug\libArduinoCore.a(mcp2515.o)
 .text._ZN7MCP251517setListenOnlyModeEv
                0x00000000        0x6 C:\Users\user\Desktop\ECU\ECU_RT\ArduinoCore\Debug\libArduinoCore.a(mcp2515.o)
 .text._ZN7MCP251512setSleepModeEv
                0x00000000        0x6 C:\Users\user\Desktop\ECU\ECU_RT\ArduinoCore\Debug\libArduinoCore.a(mcp2515.o)
 .text._ZN7MCP251515setLoopbackModeEv
                0x00000000        0x6 C:\Users\user\Desktop\ECU\ECU_RT\ArduinoCore\Debug\libArduinoCore.a(mcp2515.o)
 .text._ZN7MCP251510setBitrateE9CAN_SPEED
                0x00000000        0x6 C:\Users\user\Desktop\ECU\ECU_RT\ArduinoCore\Debug\libArduinoCore.a(mcp2515.o)
 .text._ZN7MCP25159setClkOutE10CAN_CLKOUT
                0x00000000       0x42 C:\Users\user\Desktop\ECU\ECU_RT\ArduinoCore\Debug\libArduinoCore.a(mcp2515.o)
 .text._ZN7MCP251511sendMessageENS_4TXBnEPK9can_frame
                0x00000000      0x11c C:\Users\user\Desktop\ECU\ECU_RT\ArduinoCore\Debug\libArduinoCore.a(mcp2515.o)
 .text._ZN7MCP251511sendMessageEPK9can_frame
                0x00000000       0xbe C:\Users\user\Desktop\ECU\ECU_RT\ArduinoCore\Debug\libArduinoCore.a(mcp2515.o)
 .text._ZN7MCP251512checkReceiveEv
                0x00000000       0x10 C:\Users\user\Desktop\ECU\ECU_RT\ArduinoCore\Debug\libArduinoCore.a(mcp2515.o)
 .text._ZN7MCP251513getErrorFlagsEv
                0x00000000        0x6 C:\Users\user\Desktop\ECU\ECU_RT\ArduinoCore\Debug\libArduinoCore.a(mcp2515.o)
 .text._ZN7MCP251510checkErrorEv
                0x00000000       0x10 C:\Users\user\Desktop\ECU\ECU_RT\ArduinoCore\Debug\libArduinoCore.a(mcp2515.o)
 .text._ZN7MCP251516clearRXnOVRFlagsEv
                0x00000000        0xa C:\Users\user\Desktop\ECU\ECU_RT\ArduinoCore\Debug\libArduinoCore.a(mcp2515.o)
 .text._ZN7MCP251513getInterruptsEv
                0x00000000        0x6 C:\Users\user\Desktop\ECU\ECU_RT\ArduinoCore\Debug\libArduinoCore.a(mcp2515.o)
 .text._ZN7MCP251515clearInterruptsEv
                0x00000000        0x8 C:\Users\user\Desktop\ECU\ECU_RT\ArduinoCore\Debug\libArduinoCore.a(mcp2515.o)
 .text._ZN7MCP251516getInterruptMaskEv
                0x00000000        0x6 C:\Users\user\Desktop\ECU\ECU_RT\ArduinoCore\Debug\libArduinoCore.a(mcp2515.o)
 .text._ZN7MCP251517clearTXInterruptsEv
                0x00000000        0xa C:\Users\user\Desktop\ECU\ECU_RT\ArduinoCore\Debug\libArduinoCore.a(mcp2515.o)
 .text._ZN7MCP251511clearRXnOVREv
                0x00000000       0x24 C:\Users\user\Desktop\ECU\ECU_RT\ArduinoCore\Debug\libArduinoCore.a(mcp2515.o)
 .text._ZN7MCP25159clearMERREv
                0x00000000        0xa C:\Users\user\Desktop\ECU\ECU_RT\ArduinoCore\Debug\libArduinoCore.a(mcp2515.o)
 .text._ZN7MCP251510clearERRIFEv
                0x00000000        0xa C:\Users\user\Desktop\ECU\ECU_RT\ArduinoCore\Debug\libArduinoCore.a(mcp2515.o)
 .text._ZN7MCP251512errorCountRXEv
                0x00000000        0x6 C:\Users\user\Desktop\ECU\ECU_RT\ArduinoCore\Debug\libArduinoCore.a(mcp2515.o)
 .text._ZN7MCP251512errorCountTXEv
                0x00000000        0x6 C:\Users\user\Desktop\ECU\ECU_RT\ArduinoCore\Debug\libArduinoCore.a(mcp2515.o)
 .rodata._ZN7MCP25153TXBE
                0x00000000        0x9 C:\Users\user\Desktop\ECU\ECU_RT\ArduinoCore\Debug\libArduinoCore.a(mcp2515.o)
 .text          0x00000000        0x0 C:\Users\user\Desktop\ECU\ECU_RT\ArduinoCore\Debug\libArduinoCore.a(queue.o)
 .data          0x00000000        0x0 C:\Users\user\Desktop\ECU\ECU_RT\ArduinoCore\Debug\libArduinoCore.a(queue.o)
 .bss           0x00000000        0x0 C:\Users\user\Desktop\ECU\ECU_RT\ArduinoCore\Debug\libArduinoCore.a(queue.o)
 .text.hot.xQueueGenericGetStaticBuffers
                0x00000000       0x26 C:\Users\user\Desktop\ECU\ECU_RT\ArduinoCore\Debug\libArduinoCore.a(queue.o)
 .text.hot.xQueueGenericCreate
                0x00000000       0x52 C:\Users\user\Desktop\ECU\ECU_RT\ArduinoCore\Debug\libArduinoCore.a(queue.o)
 .text.hot.xQueueCreateCountingSemaphoreStatic
                0x00000000       0x30 C:\Users\user\Desktop\ECU\ECU_RT\ArduinoCore\Debug\libArduinoCore.a(queue.o)
 .text.hot.xQueueCreateCountingSemaphore
                0x00000000       0x26 C:\Users\user\Desktop\ECU\ECU_RT\ArduinoCore\Debug\libArduinoCore.a(queue.o)
 .text.hot.prvInitialiseMutex
                0x00000000       0x20 C:\Users\user\Desktop\ECU\ECU_RT\ArduinoCore\Debug\libArduinoCore.a(queue.o)
 .text.hot.xQueueCreateMutex
                0x00000000       0x1c C:\Users\user\Desktop\ECU\ECU_RT\ArduinoCore\Debug\libArduinoCore.a(queue.o)
 .text.hot.xQueueCreateMutexStatic
                0x00000000       0x2c C:\Users\user\Desktop\ECU\ECU_RT\ArduinoCore\Debug\libArduinoCore.a(queue.o)
 .text.hot.xQueueGiveMutexRecursive
                0x00000000       0x44 C:\Users\user\Desktop\ECU\ECU_RT\ArduinoCore\Debug\libArduinoCore.a(queue.o)
 .text.hot.xQueueGiveFromISR
                0x00000000       0x5e C:\Users\user\Desktop\ECU\ECU_RT\ArduinoCore\Debug\libArduinoCore.a(queue.o)
 .text.hot.xQueueSemaphoreTake
                0x00000000      0x184 C:\Users\user\Desktop\ECU\ECU_RT\ArduinoCore\Debug\libArduinoCore.a(queue.o)
 .text.hot.xQueueTakeMutexRecursive
                0x00000000       0x48 C:\Users\user\Desktop\ECU\ECU_RT\ArduinoCore\Debug\libArduinoCore.a(queue.o)
 .text.hot.xQueuePeek
                0x00000000      0x124 C:\Users\user\Desktop\ECU\ECU_RT\ArduinoCore\Debug\libArduinoCore.a(queue.o)
 .text.hot.xQueueReceiveFromISR
                0x00000000       0x66 C:\Users\user\Desktop\ECU\ECU_RT\ArduinoCore\Debug\libArduinoCore.a(queue.o)
 .text.hot.xQueuePeekFromISR
                0x00000000       0x2e C:\Users\user\Desktop\ECU\ECU_RT\ArduinoCore\Debug\libArduinoCore.a(queue.o)
 .text.hot.uxQueueMessagesWaiting
                0x00000000       0x10 C:\Users\user\Desktop\ECU\ECU_RT\ArduinoCore\Debug\libArduinoCore.a(queue.o)
 .text.hot.uxQueueSpacesAvailable
                0x00000000       0x14 C:\Users\user\Desktop\ECU\ECU_RT\ArduinoCore\Debug\libArduinoCore.a(queue.o)
 .text.hot.uxQueueMessagesWaitingFromISR
                0x00000000        0x6 C:\Users\user\Desktop\ECU\ECU_RT\ArduinoCore\Debug\libArduinoCore.a(queue.o)
 .text.hot.vQueueDelete
                0x00000000        0xe C:\Users\user\Desktop\ECU\ECU_RT\ArduinoCore\Debug\libArduinoCore.a(queue.o)
 .text.hot.xQueueIsQueueEmptyFromISR
                0x00000000        0xc C:\Users\user\Desktop\ECU\ECU_RT\ArduinoCore\Debug\libArduinoCore.a(queue.o)
 .text.hot.xQueueIsQueueFullFromISR
                0x00000000        0xe C:\Users\user\Desktop\ECU\ECU_RT\ArduinoCore\Debug\libArduinoCore.a(queue.o)
 .text          0x00000000        0x0 C:\Users\user\Desktop\ECU\ECU_RT\ArduinoCore\Debug\libArduinoCore.a(tasks.o)
 .data          0x00000000        0x0 C:\Users\user\Desktop\ECU\ECU_RT\ArduinoCore\Debug\libArduinoCore.a(tasks.o)
 .bss           0x00000000        0x0 C:\Users\user\Desktop\ECU\ECU_RT\ArduinoCore\Debug\libArduinoCore.a(tasks.o)
 .text.hot.xTaskCreate
                0x00000000       0x90 C:\Users\user\Desktop\ECU\ECU_RT\ArduinoCore\Debug\libArduinoCore.a(tasks.o)
 .text.hot.vTaskDelete
                0x00000000       0xb0 C:\Users\user\Desktop\ECU\ECU_RT\ArduinoCore\Debug\libArduinoCore.a(tasks.o)
 .text.hot.uxTaskPriorityGet
                0x00000000       0x1e C:\Users\user\Desktop\ECU\ECU_RT\ArduinoCore\Debug\libArduinoCore.a(tasks.o)
 .text.hot.uxTaskPriorityGetFromISR
                0x00000000       0x14 C:\Users\user\Desktop\ECU\ECU_RT\ArduinoCore\Debug\libArduinoCore.a(tasks.o)
 .text.hot.vTaskPrioritySet
                0x00000000      0x104 C:\Users\user\Desktop\ECU\ECU_RT\ArduinoCore\Debug\libArduinoCore.a(tasks.o)
 .text.hot.vTaskResume
                0x00000000       0xce C:\Users\user\Desktop\ECU\ECU_RT\ArduinoCore\Debug\libArduinoCore.a(tasks.o)
 .text.hot.xTaskResumeFromISR
                0x00000000       0xca C:\Users\user\Desktop\ECU\ECU_RT\ArduinoCore\Debug\libArduinoCore.a(tasks.o)
 .text.hot.vTaskEndScheduler
                0x00000000        0xe C:\Users\user\Desktop\ECU\ECU_RT\ArduinoCore\Debug\libArduinoCore.a(tasks.o)
 .text.hot.xTaskGetTickCountFromISR
                0x00000000        0xa C:\Users\user\Desktop\ECU\ECU_RT\ArduinoCore\Debug\libArduinoCore.a(tasks.o)
 .text.hot.pcTaskGetName
                0x00000000       0x10 C:\Users\user\Desktop\ECU\ECU_RT\ArduinoCore\Debug\libArduinoCore.a(tasks.o)
 .text.hot.xTaskGetStaticBuffers
                0x00000000       0x42 C:\Users\user\Desktop\ECU\ECU_RT\ArduinoCore\Debug\libArduinoCore.a(tasks.o)
 .text.hot.xTaskDelayUntil
                0x00000000       0x70 C:\Users\user\Desktop\ECU\ECU_RT\ArduinoCore\Debug\libArduinoCore.a(tasks.o)
 .text.hot.vTaskDelay
                0x00000000       0x2a C:\Users\user\Desktop\ECU\ECU_RT\ArduinoCore\Debug\libArduinoCore.a(tasks.o)
 .text.hot.xTaskCatchUpTicks
                0x00000000       0x30 C:\Users\user\Desktop\ECU\ECU_RT\ArduinoCore\Debug\libArduinoCore.a(tasks.o)
 .text.hot.vTaskSuspend
                0x00000000       0xac C:\Users\user\Desktop\ECU\ECU_RT\ArduinoCore\Debug\libArduinoCore.a(tasks.o)
 .text.hot.vTaskPlaceOnUnorderedEventList
                0x00000000       0x8a C:\Users\user\Desktop\ECU\ECU_RT\ArduinoCore\Debug\libArduinoCore.a(tasks.o)
 .text.hot.vTaskRemoveFromUnorderedEventList
                0x00000000      0x10e C:\Users\user\Desktop\ECU\ECU_RT\ArduinoCore\Debug\libArduinoCore.a(tasks.o)
 .text.hot.vTaskSetTimeOutState
                0x00000000       0x20 C:\Users\user\Desktop\ECU\ECU_RT\ArduinoCore\Debug\libArduinoCore.a(tasks.o)
 .text.hot.uxTaskGetStackHighWaterMark
                0x00000000       0x2c C:\Users\user\Desktop\ECU\ECU_RT\ArduinoCore\Debug\libArduinoCore.a(tasks.o)
 .text.hot.xTaskGetCurrentTaskHandle
                0x00000000        0xa C:\Users\user\Desktop\ECU\ECU_RT\ArduinoCore\Debug\libArduinoCore.a(tasks.o)
 .text.hot.xTaskPriorityInherit
                0x00000000       0xf8 C:\Users\user\Desktop\ECU\ECU_RT\ArduinoCore\Debug\libArduinoCore.a(tasks.o)
 .text.hot.vTaskPriorityDisinheritAfterTimeout
                0x00000000       0xbe C:\Users\user\Desktop\ECU\ECU_RT\ArduinoCore\Debug\libArduinoCore.a(tasks.o)
 .text.hot.uxTaskResetEventItemValue
                0x00000000       0x2e C:\Users\user\Desktop\ECU\ECU_RT\ArduinoCore\Debug\libArduinoCore.a(tasks.o)
 .text.hot.pvTaskIncrementMutexHeldCount
                0x00000000       0x24 C:\Users\user\Desktop\ECU\ECU_RT\ArduinoCore\Debug\libArduinoCore.a(tasks.o)
 .text.hot.ulTaskGenericNotifyTake
                0x00000000       0xe2 C:\Users\user\Desktop\ECU\ECU_RT\ArduinoCore\Debug\libArduinoCore.a(tasks.o)
 .text.hot.xTaskGenericNotifyWait
                0x00000000      0x142 C:\Users\user\Desktop\ECU\ECU_RT\ArduinoCore\Debug\libArduinoCore.a(tasks.o)
 .text.hot.xTaskGenericNotify
                0x00000000      0x1b8 C:\Users\user\Desktop\ECU\ECU_RT\ArduinoCore\Debug\libArduinoCore.a(tasks.o)
 .text.hot.xTaskGenericNotifyFromISR
                0x00000000      0x20c C:\Users\user\Desktop\ECU\ECU_RT\ArduinoCore\Debug\libArduinoCore.a(tasks.o)
 .text.hot.vTaskGenericNotifyGiveFromISR
                0x00000000      0x162 C:\Users\user\Desktop\ECU\ECU_RT\ArduinoCore\Debug\libArduinoCore.a(tasks.o)
 .text.hot.xTaskGenericNotifyStateClear
                0x00000000       0x2c C:\Users\user\Desktop\ECU\ECU_RT\ArduinoCore\Debug\libArduinoCore.a(tasks.o)
 .text.hot.ulTaskGenericNotifyValueClear
                0x00000000       0x68 C:\Users\user\Desktop\ECU\ECU_RT\ArduinoCore\Debug\libArduinoCore.a(tasks.o)
 .text          0x00000000        0x0 C:\Users\user\Desktop\ECU\ECU_RT\ArduinoCore\Debug\libArduinoCore.a(timers.o)
 .data          0x00000000        0x0 C:\Users\user\Desktop\ECU\ECU_RT\ArduinoCore\Debug\libArduinoCore.a(timers.o)
 .bss           0x00000000        0x0 C:\Users\user\Desktop\ECU\ECU_RT\ArduinoCore\Debug\libArduinoCore.a(timers.o)
 .text.hot.xTimerCreate
                0x00000000       0x6e C:\Users\user\Desktop\ECU\ECU_RT\ArduinoCore\Debug\libArduinoCore.a(timers.o)
 .text.hot.xTimerGetTimerDaemonTaskHandle
                0x00000000        0xa C:\Users\user\Desktop\ECU\ECU_RT\ArduinoCore\Debug\libArduinoCore.a(timers.o)
 .text.hot.xTimerGetPeriod
                0x00000000        0x8 C:\Users\user\Desktop\ECU\ECU_RT\ArduinoCore\Debug\libArduinoCore.a(timers.o)
 .text.hot.vTimerSetReloadMode
                0x00000000       0x1c C:\Users\user\Desktop\ECU\ECU_RT\ArduinoCore\Debug\libArduinoCore.a(timers.o)
 .text.hot.xTimerGetReloadMode
                0x00000000       0x16 C:\Users\user\Desktop\ECU\ECU_RT\ArduinoCore\Debug\libArduinoCore.a(timers.o)
 .text.hot.uxTimerGetReloadMode
                0x00000000        0x4 C:\Users\user\Desktop\ECU\ECU_RT\ArduinoCore\Debug\libArduinoCore.a(timers.o)
 .text.hot.xTimerGetExpiryTime
                0x00000000        0x8 C:\Users\user\Desktop\ECU\ECU_RT\ArduinoCore\Debug\libArduinoCore.a(timers.o)
 .text.hot.xTimerGetStaticBuffer
                0x00000000       0x16 C:\Users\user\Desktop\ECU\ECU_RT\ArduinoCore\Debug\libArduinoCore.a(timers.o)
 .text.hot.pcTimerGetName
                0x00000000        0x8 C:\Users\user\Desktop\ECU\ECU_RT\ArduinoCore\Debug\libArduinoCore.a(timers.o)
 .text.hot.xTimerIsTimerActive
                0x00000000       0x12 C:\Users\user\Desktop\ECU\ECU_RT\ArduinoCore\Debug\libArduinoCore.a(timers.o)
 .text.hot.pvTimerGetTimerID
                0x00000000       0x12 C:\Users\user\Desktop\ECU\ECU_RT\ArduinoCore\Debug\libArduinoCore.a(timers.o)
 .text.hot.vTimerSetTimerID
                0x00000000       0x12 C:\Users\user\Desktop\ECU\ECU_RT\ArduinoCore\Debug\libArduinoCore.a(timers.o)
 .text          0x00000000        0x0 C:\Users\user\Desktop\ECU\ECU_RT\ArduinoCore\Debug\libArduinoCore.a(variantHooks.o)
 .data          0x00000000        0x0 C:\Users\user\Desktop\ECU\ECU_RT\ArduinoCore\Debug\libArduinoCore.a(variantHooks.o)
 .bss           0x00000000        0x0 C:\Users\user\Desktop\ECU\ECU_RT\ArduinoCore\Debug\libArduinoCore.a(variantHooks.o)
 .text.vApplicationMallocFailedHook
                0x00000000       0x1c C:\Users\user\Desktop\ECU\ECU_RT\ArduinoCore\Debug\libArduinoCore.a(variantHooks.o)
 .text          0x00000000        0x0 C:\Users\user\Desktop\ECU\ECU_RT\ArduinoCore\Debug\libArduinoCore.a(SPI.o)
 .data          0x00000000        0x0 C:\Users\user\Desktop\ECU\ECU_RT\ArduinoCore\Debug\libArduinoCore.a(SPI.o)
 .bss           0x00000000        0x0 C:\Users\user\Desktop\ECU\ECU_RT\ArduinoCore\Debug\libArduinoCore.a(SPI.o)
 .text._ZN8SPIClass3endEv
                0x00000000       0x28 C:\Users\user\Desktop\ECU\ECU_RT\ArduinoCore\Debug\libArduinoCore.a(SPI.o)
 .text._ZN8SPIClass14usingInterruptEh
                0x00000000       0x5e C:\Users\user\Desktop\ECU\ECU_RT\ArduinoCore\Debug\libArduinoCore.a(SPI.o)
 .progmem.gcc_sw_table._ZN8SPIClass14usingInterruptEh
                0x00000000       0x10 C:\Users\user\Desktop\ECU\ECU_RT\ArduinoCore\Debug\libArduinoCore.a(SPI.o)
 .text._ZN8SPIClass17notUsingInterruptEh
                0x00000000       0x36 C:\Users\user\Desktop\ECU\ECU_RT\ArduinoCore\Debug\libArduinoCore.a(SPI.o)
 .rodata.CSWTCH.20
                0x00000000        0x8 C:\Users\user\Desktop\ECU\ECU_RT\ArduinoCore\Debug\libArduinoCore.a(SPI.o)
 .text          0x00000000        0x0 C:\Users\user\Desktop\ECU\ECU_RT\ArduinoCore\Debug\libArduinoCore.a(hooks.o)
 .data          0x00000000        0x0 C:\Users\user\Desktop\ECU\ECU_RT\ArduinoCore\Debug\libArduinoCore.a(hooks.o)
 .bss           0x00000000        0x0 C:\Users\user\Desktop\ECU\ECU_RT\ArduinoCore\Debug\libArduinoCore.a(hooks.o)
 .text          0x00000000        0x0 C:\Users\user\Desktop\ECU\ECU_RT\ArduinoCore\Debug\libArduinoCore.a(heap_3.o)
 .data          0x00000000        0x0 C:\Users\user\Desktop\ECU\ECU_RT\ArduinoCore\Debug\libArduinoCore.a(heap_3.o)
 .bss           0x00000000        0x0 C:\Users\user\Desktop\ECU\ECU_RT\ArduinoCore\Debug\libArduinoCore.a(heap_3.o)
 .text.hot.pvPortMalloc
                0x00000000       0x26 C:\Users\user\Desktop\ECU\ECU_RT\ArduinoCore\Debug\libArduinoCore.a(heap_3.o)
 .text          0x00000000        0x0 C:\Users\user\Desktop\ECU\ECU_RT\ArduinoCore\Debug\libArduinoCore.a(list.o)
 .data          0x00000000        0x0 C:\Users\user\Desktop\ECU\ECU_RT\ArduinoCore\Debug\libArduinoCore.a(list.o)
 .bss           0x00000000        0x0 C:\Users\user\Desktop\ECU\ECU_RT\ArduinoCore\Debug\libArduinoCore.a(list.o)
 .text.hot.vListInsertEnd
                0x00000000       0x42 C:\Users\user\Desktop\ECU\ECU_RT\ArduinoCore\Debug\libArduinoCore.a(list.o)
 .text          0x00000000        0x0 C:\Users\user\Desktop\ECU\ECU_RT\ArduinoCore\Debug\libArduinoCore.a(port.o)
 .data          0x00000000        0x0 C:\Users\user\Desktop\ECU\ECU_RT\ArduinoCore\Debug\libArduinoCore.a(port.o)
 .bss           0x00000000        0x0 C:\Users\user\Desktop\ECU\ECU_RT\ArduinoCore\Debug\libArduinoCore.a(port.o)
 .text.hot.vPortEndScheduler
                0x00000000       0x18 C:\Users\user\Desktop\ECU\ECU_RT\ArduinoCore\Debug\libArduinoCore.a(port.o)
 .text.hot.vPortDelay
                0x00000000       0x3e C:\Users\user\Desktop\ECU\ECU_RT\ArduinoCore\Debug\libArduinoCore.a(port.o)
 .text.hot.vPortYieldFromISR
                0x00000000       0xc2 C:\Users\user\Desktop\ECU\ECU_RT\ArduinoCore\Debug\libArduinoCore.a(port.o)
 COMMON         0x00000000        0x4 C:\Users\user\Desktop\ECU\ECU_RT\ArduinoCore\Debug\libArduinoCore.a(port.o)
 .text          0x00000000        0x0 c:/program files (x86)/atmel/studio/7.0/toolchain/avr8/avr8-gnu-toolchain/bin/../lib/gcc/avr/5.4.0/avr6\libgcc.a(_exit.o)
 .data          0x00000000        0x0 c:/program files (x86)/atmel/studio/7.0/toolchain/avr8/avr8-gnu-toolchain/bin/../lib/gcc/avr/5.4.0/avr6\libgcc.a(_exit.o)
 .bss           0x00000000        0x0 c:/program files (x86)/atmel/studio/7.0/toolchain/avr8/avr8-gnu-toolchain/bin/../lib/gcc/avr/5.4.0/avr6\libgcc.a(_exit.o)
 .text.libgcc.mul
                0x00000000        0x0 c:/program files (x86)/atmel/studio/7.0/toolchain/avr8/avr8-gnu-toolchain/bin/../lib/gcc/avr/5.4.0/avr6\libgcc.a(_exit.o)
 .text.libgcc.div
                0x00000000        0x0 c:/program files (x86)/atmel/studio/7.0/toolchain/avr8/avr8-gnu-toolchain/bin/../lib/gcc/avr/5.4.0/avr6\libgcc.a(_exit.o)
 .text.libgcc   0x00000000        0x0 c:/program files (x86)/atmel/studio/7.0/toolchain/avr8/avr8-gnu-toolchain/bin/../lib/gcc/avr/5.4.0/avr6\libgcc.a(_exit.o)
 .text.libgcc.prologue
                0x00000000        0x0 c:/program files (x86)/atmel/studio/7.0/toolchain/avr8/avr8-gnu-toolchain/bin/../lib/gcc/avr/5.4.0/avr6\libgcc.a(_exit.o)
 .text.libgcc.builtins
                0x00000000        0x0 c:/program files (x86)/atmel/studio/7.0/toolchain/avr8/avr8-gnu-toolchain/bin/../lib/gcc/avr/5.4.0/avr6\libgcc.a(_exit.o)
 .text.libgcc.fmul
                0x00000000        0x0 c:/program files (x86)/atmel/studio/7.0/toolchain/avr8/avr8-gnu-toolchain/bin/../lib/gcc/avr/5.4.0/avr6\libgcc.a(_exit.o)
 .text.libgcc.fixed
                0x00000000        0x0 c:/program files (x86)/atmel/studio/7.0/toolchain/avr8/avr8-gnu-toolchain/bin/../lib/gcc/avr/5.4.0/avr6\libgcc.a(_exit.o)
 .text          0x00000000        0x0 c:/program files (x86)/atmel/studio/7.0/toolchain/avr8/avr8-gnu-toolchain/bin/../lib/gcc/avr/5.4.0/avr6\libgcc.a(_tablejump2.o)
 .data          0x00000000        0x0 c:/program files (x86)/atmel/studio/7.0/toolchain/avr8/avr8-gnu-toolchain/bin/../lib/gcc/avr/5.4.0/avr6\libgcc.a(_tablejump2.o)
 .bss           0x00000000        0x0 c:/program files (x86)/atmel/studio/7.0/toolchain/avr8/avr8-gnu-toolchain/bin/../lib/gcc/avr/5.4.0/avr6\libgcc.a(_tablejump2.o)
 .text.libgcc.mul
                0x00000000        0x0 c:/program files (x86)/atmel/studio/7.0/toolchain/avr8/avr8-gnu-toolchain/bin/../lib/gcc/avr/5.4.0/avr6\libgcc.a(_tablejump2.o)
 .text.libgcc.div
                0x00000000        0x0 c:/program files (x86)/atmel/studio/7.0/toolchain/avr8/avr8-gnu-toolchain/bin/../lib/gcc/avr/5.4.0/avr6\libgcc.a(_tablejump2.o)
 .text.libgcc.prologue
                0x00000000        0x0 c:/program files (x86)/atmel/studio/7.0/toolchain/avr8/avr8-gnu-toolchain/bin/../lib/gcc/avr/5.4.0/avr6\libgcc.a(_tablejump2.o)
 .text.libgcc.builtins
                0x00000000        0x0 c:/program files (x86)/atmel/studio/7.0/toolchain/avr8/avr8-gnu-toolchain/bin/../lib/gcc/avr/5.4.0/avr6\libgcc.a(_tablejump2.o)
 .text.libgcc.fmul
                0x00000000        0x0 c:/program files (x86)/atmel/studio/7.0/toolchain/avr8/avr8-gnu-toolchain/bin/../lib/gcc/avr/5.4.0/avr6\libgcc.a(_tablejump2.o)
 .text.libgcc.fixed
                0x00000000        0x0 c:/program files (x86)/atmel/studio/7.0/toolchain/avr8/avr8-gnu-toolchain/bin/../lib/gcc/avr/5.4.0/avr6\libgcc.a(_tablejump2.o)
 .text          0x00000000        0x0 c:/program files (x86)/atmel/studio/7.0/toolchain/avr8/avr8-gnu-toolchain/bin/../lib/gcc/avr/5.4.0/avr6\libgcc.a(_copy_data.o)
 .data          0x00000000        0x0 c:/program files (x86)/atmel/studio/7.0/toolchain/avr8/avr8-gnu-toolchain/bin/../lib/gcc/avr/5.4.0/avr6\libgcc.a(_copy_data.o)
 .bss           0x00000000        0x0 c:/program files (x86)/atmel/studio/7.0/toolchain/avr8/avr8-gnu-toolchain/bin/../lib/gcc/avr/5.4.0/avr6\libgcc.a(_copy_data.o)
 .text.libgcc.mul
                0x00000000        0x0 c:/program files (x86)/atmel/studio/7.0/toolchain/avr8/avr8-gnu-toolchain/bin/../lib/gcc/avr/5.4.0/avr6\libgcc.a(_copy_data.o)
 .text.libgcc.div
                0x00000000        0x0 c:/program files (x86)/atmel/studio/7.0/toolchain/avr8/avr8-gnu-toolchain/bin/../lib/gcc/avr/5.4.0/avr6\libgcc.a(_copy_data.o)
 .text.libgcc   0x00000000        0x0 c:/program files (x86)/atmel/studio/7.0/toolchain/avr8/avr8-gnu-toolchain/bin/../lib/gcc/avr/5.4.0/avr6\libgcc.a(_copy_data.o)
 .text.libgcc.prologue
                0x00000000        0x0 c:/program files (x86)/atmel/studio/7.0/toolchain/avr8/avr8-gnu-toolchain/bin/../lib/gcc/avr/5.4.0/avr6\libgcc.a(_copy_data.o)
 .text.libgcc.builtins
                0x00000000        0x0 c:/program files (x86)/atmel/studio/7.0/toolchain/avr8/avr8-gnu-toolchain/bin/../lib/gcc/avr/5.4.0/avr6\libgcc.a(_copy_data.o)
 .text.libgcc.fmul
                0x00000000        0x0 c:/program files (x86)/atmel/studio/7.0/toolchain/avr8/avr8-gnu-toolchain/bin/../lib/gcc/avr/5.4.0/avr6\libgcc.a(_copy_data.o)
 .text.libgcc.fixed
                0x00000000        0x0 c:/program files (x86)/atmel/studio/7.0/toolchain/avr8/avr8-gnu-toolchain/bin/../lib/gcc/avr/5.4.0/avr6\libgcc.a(_copy_data.o)
 .text          0x00000000        0x0 c:/program files (x86)/atmel/studio/7.0/toolchain/avr8/avr8-gnu-toolchain/bin/../lib/gcc/avr/5.4.0/avr6\libgcc.a(_clear_bss.o)
 .data          0x00000000        0x0 c:/program files (x86)/atmel/studio/7.0/toolchain/avr8/avr8-gnu-toolchain/bin/../lib/gcc/avr/5.4.0/avr6\libgcc.a(_clear_bss.o)
 .bss           0x00000000        0x0 c:/program files (x86)/atmel/studio/7.0/toolchain/avr8/avr8-gnu-toolchain/bin/../lib/gcc/avr/5.4.0/avr6\libgcc.a(_clear_bss.o)
 .text.libgcc.mul
                0x00000000        0x0 c:/program files (x86)/atmel/studio/7.0/toolchain/avr8/avr8-gnu-toolchain/bin/../lib/gcc/avr/5.4.0/avr6\libgcc.a(_clear_bss.o)
 .text.libgcc.div
                0x00000000        0x0 c:/program files (x86)/atmel/studio/7.0/toolchain/avr8/avr8-gnu-toolchain/bin/../lib/gcc/avr/5.4.0/avr6\libgcc.a(_clear_bss.o)
 .text.libgcc   0x00000000        0x0 c:/program files (x86)/atmel/studio/7.0/toolchain/avr8/avr8-gnu-toolchain/bin/../lib/gcc/avr/5.4.0/avr6\libgcc.a(_clear_bss.o)
 .text.libgcc.prologue
                0x00000000        0x0 c:/program files (x86)/atmel/studio/7.0/toolchain/avr8/avr8-gnu-toolchain/bin/../lib/gcc/avr/5.4.0/avr6\libgcc.a(_clear_bss.o)
 .text.libgcc.builtins
                0x00000000        0x0 c:/program files (x86)/atmel/studio/7.0/toolchain/avr8/avr8-gnu-toolchain/bin/../lib/gcc/avr/5.4.0/avr6\libgcc.a(_clear_bss.o)
 .text.libgcc.fmul
                0x00000000        0x0 c:/program files (x86)/atmel/studio/7.0/toolchain/avr8/avr8-gnu-toolchain/bin/../lib/gcc/avr/5.4.0/avr6\libgcc.a(_clear_bss.o)
 .text.libgcc.fixed
                0x00000000        0x0 c:/program files (x86)/atmel/studio/7.0/toolchain/avr8/avr8-gnu-toolchain/bin/../lib/gcc/avr/5.4.0/avr6\libgcc.a(_clear_bss.o)
 .text          0x00000000        0x0 c:/program files (x86)/atmel/studio/7.0/toolchain/avr8/avr8-gnu-toolchain/bin/../lib/gcc/avr/5.4.0/avr6\libgcc.a(_ctors.o)
 .data          0x00000000        0x0 c:/program files (x86)/atmel/studio/7.0/toolchain/avr8/avr8-gnu-toolchain/bin/../lib/gcc/avr/5.4.0/avr6\libgcc.a(_ctors.o)
 .bss           0x00000000        0x0 c:/program files (x86)/atmel/studio/7.0/toolchain/avr8/avr8-gnu-toolchain/bin/../lib/gcc/avr/5.4.0/avr6\libgcc.a(_ctors.o)
 .text.libgcc.mul
                0x00000000        0x0 c:/program files (x86)/atmel/studio/7.0/toolchain/avr8/avr8-gnu-toolchain/bin/../lib/gcc/avr/5.4.0/avr6\libgcc.a(_ctors.o)
 .text.libgcc.div
                0x00000000        0x0 c:/program files (x86)/atmel/studio/7.0/toolchain/avr8/avr8-gnu-toolchain/bin/../lib/gcc/avr/5.4.0/avr6\libgcc.a(_ctors.o)
 .text.libgcc   0x00000000        0x0 c:/program files (x86)/atmel/studio/7.0/toolchain/avr8/avr8-gnu-toolchain/bin/../lib/gcc/avr/5.4.0/avr6\libgcc.a(_ctors.o)
 .text.libgcc.prologue
                0x00000000        0x0 c:/program files (x86)/atmel/studio/7.0/toolchain/avr8/avr8-gnu-toolchain/bin/../lib/gcc/avr/5.4.0/avr6\libgcc.a(_ctors.o)
 .text.libgcc.builtins
                0x00000000        0x0 c:/program files (x86)/atmel/studio/7.0/toolchain/avr8/avr8-gnu-toolchain/bin/../lib/gcc/avr/5.4.0/avr6\libgcc.a(_ctors.o)
 .text.libgcc.fmul
                0x00000000        0x0 c:/program files (x86)/atmel/studio/7.0/toolchain/avr8/avr8-gnu-toolchain/bin/../lib/gcc/avr/5.4.0/avr6\libgcc.a(_ctors.o)
 .text.libgcc.fixed
                0x00000000        0x0 c:/program files (x86)/atmel/studio/7.0/toolchain/avr8/avr8-gnu-toolchain/bin/../lib/gcc/avr/5.4.0/avr6\libgcc.a(_ctors.o)
 .text          0x00000000        0x0 c:/program files (x86)/atmel/studio/7.0/toolchain/avr8/avr8-gnu-toolchain/bin/../lib/gcc/avr/5.4.0/../../../../avr/lib/avr6\libc.a(malloc.o)
 .bss           0x00000000        0x0 c:/program files (x86)/atmel/studio/7.0/toolchain/avr8/avr8-gnu-toolchain/bin/../lib/gcc/avr/5.4.0/../../../../avr/lib/avr6\libc.a(malloc.o)
 .text          0x00000000        0x0 c:/program files (x86)/atmel/studio/7.0/toolchain/avr8/avr8-gnu-toolchain/bin/../lib/gcc/avr/5.4.0/../../../../avr/lib/avr6\libc.a(memcpy.o)
 .data          0x00000000        0x0 c:/program files (x86)/atmel/studio/7.0/toolchain/avr8/avr8-gnu-toolchain/bin/../lib/gcc/avr/5.4.0/../../../../avr/lib/avr6\libc.a(memcpy.o)
 .bss           0x00000000        0x0 c:/program files (x86)/atmel/studio/7.0/toolchain/avr8/avr8-gnu-toolchain/bin/../lib/gcc/avr/5.4.0/../../../../avr/lib/avr6\libc.a(memcpy.o)
 .text          0x00000000        0x0 c:/program files (x86)/atmel/studio/7.0/toolchain/avr8/avr8-gnu-toolchain/bin/../lib/gcc/avr/5.4.0/../../../../avr/lib/avr6\libc.a(memset.o)
 .data          0x00000000        0x0 c:/program files (x86)/atmel/studio/7.0/toolchain/avr8/avr8-gnu-toolchain/bin/../lib/gcc/avr/5.4.0/../../../../avr/lib/avr6\libc.a(memset.o)
 .bss           0x00000000        0x0 c:/program files (x86)/atmel/studio/7.0/toolchain/avr8/avr8-gnu-toolchain/bin/../lib/gcc/avr/5.4.0/../../../../avr/lib/avr6\libc.a(memset.o)

Memory Configuration

Name             Origin             Length             Attributes
text             0x00000000         0x00040000         xr
data             0x00800200         0x00002000         rw !x
eeprom           0x00810000         0x00001000         rw !x
fuse             0x00820000         0x00000003         rw !x
lock             0x00830000         0x00000400         rw !x
signature        0x00840000         0x00000400         rw !x
user_signatures  0x00850000         0x00000400         rw !x
*default*        0x00000000         0xffffffff

Linker script and memory map

Address of section .data set to 0x800200
LOAD C:/Program Files (x86)/Atmel/Studio/7.0/Packs/atmel/ATmega_DFP/1.6.364/gcc/dev/atmega2560/avr6/crtatmega2560.o
LOAD BSP_atmega2560.o
LOAD FreeAct.o
LOAD Sketch.o
START GROUP
LOAD c:/program files (x86)/atmel/studio/7.0/toolchain/avr8/avr8-gnu-toolchain/bin/../lib/gcc/avr/5.4.0/../../../../avr/lib/avr6\libm.a
LOAD C:\Users\user\Desktop\ECU\ECU_RT\ArduinoCore\Debug\libArduinoCore.a
END GROUP
LOAD c:/program files (x86)/atmel/studio/7.0/toolchain/avr8/avr8-gnu-toolchain/bin/../lib/gcc/avr/5.4.0/avr6\libgcc.a
LOAD c:/program files (x86)/atmel/studio/7.0/toolchain/avr8/avr8-gnu-toolchain/bin/../lib/gcc/avr/5.4.0/../../../../avr/lib/avr6\libm.a
START GROUP
LOAD c:/program files (x86)/atmel/studio/7.0/toolchain/avr8/avr8-gnu-toolchain/bin/../lib/gcc/avr/5.4.0/avr6\libgcc.a
LOAD c:/program files (x86)/atmel/studio/7.0/toolchain/avr8/avr8-gnu-toolchain/bin/../lib/gcc/avr/5.4.0/../../../../avr/lib/avr6\libm.a
LOAD c:/program files (x86)/atmel/studio/7.0/toolchain/avr8/avr8-gnu-toolchain/bin/../lib/gcc/avr/5.4.0/../../../../avr/lib/avr6\libc.a
LOAD C:/Program Files (x86)/Atmel/Studio/7.0/Packs/atmel/ATmega_DFP/1.6.364/gcc/dev/atmega2560/avr6\libatmega2560.a
END GROUP
                0x00000000                __TEXT_REGION_ORIGIN__ = DEFINED (__TEXT_REGION_ORIGIN__)?__TEXT_REGION_ORIGIN__:0x0
                [0x00800200]                __DATA_REGION_ORIGIN__ = DEFINED (__DATA_REGION_ORIGIN__)?__DATA_REGION_ORIGIN__:0x800200
                [0x00040000]                __TEXT_REGION_LENGTH__ = DEFINED (__TEXT_REGION_LENGTH__)?__TEXT_REGION_LENGTH__:0x100000
                [0x00002000]                __DATA_REGION_LENGTH__ = DEFINED (__DATA_REGION_LENGTH__)?__DATA_REGION_LENGTH__:0xfe00
                [0x00001000]                __EEPROM_REGION_LENGTH__ = DEFINED (__EEPROM_REGION_LENGTH__)?__EEPROM_REGION_LENGTH__:0x10000
                [0x00000003]                __FUSE_REGION_LENGTH__ = DEFINED (__FUSE_REGION_LENGTH__)?__FUSE_REGION_LENGTH__:0x400
                0x00000400                __LOCK_REGION_LENGTH__ = DEFINED (__LOCK_REGION_LENGTH__)?__LOCK_REGION_LENGTH__:0x400
                0x00000400                __SIGNATURE_REGION_LENGTH__ = DEFINED (__SIGNATURE_REGION_LENGTH__)?__SIGNATURE_REGION_LENGTH__:0x400
                0x00000400                __USER_SIGNATURE_REGION_LENGTH__ = DEFINED (__USER_SIGNATURE_REGION_LENGTH__)?__USER_SIGNATURE_REGION_LENGTH__:0x400

.hash
 *(.hash)

.dynsym
 *(.dynsym)

.dynstr
 *(.dynstr)

.gnu.version
 *(.gnu.version)

.gnu.version_d
 *(.gnu.version_d)

.gnu.version_r
 *(.gnu.version_r)

.rel.init
 *(.rel.init)

.rela.init
 *(.rela.init)

.rel.text
 *(.rel.text)
 *(.rel.text.*)
 *(.rel.gnu.linkonce.t*)

.rela.text
 *(.rela.text)
 *(.rela.text.*)
 *(.rela.gnu.linkonce.t*)

.rel.fini
 *(.rel.fini)

.rela.fini
 *(.rela.fini)

.rel.rodata
 *(.rel.rodata)
 *(.rel.rodata.*)
 *(.rel.gnu.linkonce.r*)

.rela.rodata
 *(.rela.rodata)
 *(.rela.rodata.*)
 *(.rela.gnu.linkonce.r*)

.rel.data
 *(.rel.data)
 *(.rel.data.*)
 *(.rel.gnu.linkonce.d*)

.rela.data
 *(.rela.data)
 *(.rela.data.*)
 *(.rela.gnu.linkonce.d*)

.rel.ctors
 *(.rel.ctors)

.rela.ctors
 *(.rela.ctors)

.rel.dtors
 *(.rel.dtors)

.rela.dtors
 *(.rela.dtors)

.rel.got
 *(.rel.got)

.rela.got
 *(.rela.got)

.rel.bss
 *(.rel.bss)

.rela.bss
 *(.rela.bss)

.rel.plt
 *(.rel.plt)

.rela.plt
 *(.rela.plt)

.text           0x00000000     0x3148
 *(.vectors)
 .vectors       0x00000000       0xe4 C:/Program Files (x86)/Atmel/Studio/7.0/Packs/atmel/ATmega_DFP/1.6.364/gcc/dev/atmega2560/avr6/crtatmega2560.o
                0x00000000                __vector_default
                0x00000000                __vectors
 *(.vectors)
 *(.progmem.gcc*)
 .progmem.gcc_sw_table._ZL21BlinkyButton_dispatchP12BlinkyButtonPK5Event
                0x000000e4        0xe Sketch.o
 .progmem.gcc_sw_table.turnOffPWM
                0x000000f2       0x24 C:\Users\user\Desktop\ECU\ECU_RT\ArduinoCore\Debug\libArduinoCore.a(wiring_digital.o)
 .progmem.gcc_sw_table._ZN7MCP251510setBitrateE9CAN_SPEED9CAN_CLOCK
                0x00000116       0x58 C:\Users\user\Desktop\ECU\ECU_RT\ArduinoCore\Debug\libArduinoCore.a(mcp2515.o)
 .progmem.gcc_sw_table
                0x0000016e       0x12 C:\Users\user\Desktop\ECU\ECU_RT\ArduinoCore\Debug\libArduinoCore.a(timers.o)
                0x00000180                . = ALIGN (0x2)
                0x00000180                __trampolines_start = .
 *(.trampolines)
 .trampolines   0x00000180        0x0 linker stubs
 *(.trampolines*)
                0x00000180                __trampolines_end = .
 *libprintf_flt.a:*(.progmem.data)
 *libc.a:*(.progmem.data)
 *(.progmem*)
 .progmem.data.digital_pin_to_timer_PGM
                0x00000180       0x46 C:\Users\user\Desktop\ECU\ECU_RT\ArduinoCore\Debug\libArduinoCore.a(wiring_digital.o)
                0x00000180                digital_pin_to_timer_PGM
 .progmem.data.digital_pin_to_bit_mask_PGM
                0x000001c6       0x46 C:\Users\user\Desktop\ECU\ECU_RT\ArduinoCore\Debug\libArduinoCore.a(wiring_digital.o)
                0x000001c6                digital_pin_to_bit_mask_PGM
 .progmem.data.digital_pin_to_port_PGM
                0x0000020c       0x46 C:\Users\user\Desktop\ECU\ECU_RT\ArduinoCore\Debug\libArduinoCore.a(wiring_digital.o)
                0x0000020c                digital_pin_to_port_PGM
 .progmem.data.port_to_input_PGM
                0x00000252       0x1a C:\Users\user\Desktop\ECU\ECU_RT\ArduinoCore\Debug\libArduinoCore.a(wiring_digital.o)
                0x00000252                port_to_input_PGM
 .progmem.data.port_to_output_PGM
                0x0000026c       0x1a C:\Users\user\Desktop\ECU\ECU_RT\ArduinoCore\Debug\libArduinoCore.a(wiring_digital.o)
                0x0000026c                port_to_output_PGM
 .progmem.data.port_to_mode_PGM
                0x00000286       0x1a C:\Users\user\Desktop\ECU\ECU_RT\ArduinoCore\Debug\libArduinoCore.a(wiring_digital.o)
                0x00000286                port_to_mode_PGM
                0x000002a0                . = ALIGN (0x2)
 *(.jumptables)
 *(.jumptables*)
 *(.lowtext)
 .lowtext       0x000002a0       0x54 C:\Users\user\Desktop\ECU\ECU_RT\ArduinoCore\Debug\libArduinoCore.a(tasks.o)
 .lowtext       0x000002f4      0x1c2 C:\Users\user\Desktop\ECU\ECU_RT\ArduinoCore\Debug\libArduinoCore.a(timers.o)
 *(.lowtext*)
                0x000004b6                __ctors_start = .
 *(.ctors)
 .ctors         0x000004b6        0x2 BSP_atmega2560.o
                0x000004b8                __ctors_end = .
                0x000004b8                __dtors_start = .
 *(.dtors)
                0x000004b8                __dtors_end = .
 SORT(*)(.ctors)
 SORT(*)(.dtors)
 *(.init0)
 .init0         0x000004b8        0x0 C:/Program Files (x86)/Atmel/Studio/7.0/Packs/atmel/ATmega_DFP/1.6.364/gcc/dev/atmega2560/avr6/crtatmega2560.o
                0x000004b8                __init
 *(.init0)
 *(.init1)
 *(.init1)
 *(.init2)
 .init2         0x000004b8       0x10 C:/Program Files (x86)/Atmel/Studio/7.0/Packs/atmel/ATmega_DFP/1.6.364/gcc/dev/atmega2560/avr6/crtatmega2560.o
 *(.init2)
 *(.init3)
 *(.init3)
 *(.init4)
 .init4         0x000004c8       0x1a c:/program files (x86)/atmel/studio/7.0/toolchain/avr8/avr8-gnu-toolchain/bin/../lib/gcc/avr/5.4.0/avr6\libgcc.a(_copy_data.o)
                0x000004c8                __do_copy_data
 .init4         0x000004e2       0x10 c:/program files (x86)/atmel/studio/7.0/toolchain/avr8/avr8-gnu-toolchain/bin/../lib/gcc/avr/5.4.0/avr6\libgcc.a(_clear_bss.o)
                0x000004e2                __do_clear_bss
 *(.init4)
 *(.init5)
 *(.init5)
 *(.init6)
 .init6         0x000004f2       0x20 c:/program files (x86)/atmel/studio/7.0/toolchain/avr8/avr8-gnu-toolchain/bin/../lib/gcc/avr/5.4.0/avr6\libgcc.a(_ctors.o)
                0x000004f2                __do_global_ctors
 *(.init6)
 *(.init7)
 *(.init7)
 *(.init8)
 *(.init8)
 *(.init9)
 .init9         0x00000512        0x6 C:/Program Files (x86)/Atmel/Studio/7.0/Packs/atmel/ATmega_DFP/1.6.364/gcc/dev/atmega2560/avr6/crtatmega2560.o
 *(.init9)
 *(.text)
 .text          0x00000518        0x2 C:/Program Files (x86)/Atmel/Studio/7.0/Packs/atmel/ATmega_DFP/1.6.364/gcc/dev/atmega2560/avr6/crtatmega2560.o
                0x00000518                __vector_38
                0x00000518                __vector_22
                0x00000518                __vector_28
                0x00000518                __vector_1
                0x00000518                __vector_32
                0x00000518                __vector_34
                0x00000518                __vector_24
                0x00000518                __vector_55
                0x00000518                __vector_46
                0x00000518                __bad_interrupt
                0x00000518                __vector_6
                0x00000518                __vector_31
                0x00000518                __vector_35
                0x00000518                __vector_39
                0x00000518                __vector_3
                0x00000518                __vector_30
                0x00000518                __vector_45
                0x00000518                __vector_25
                0x00000518                __vector_11
                0x00000518                __vector_54
                0x00000518                __vector_13
                0x00000518                __vector_17
                0x00000518                __vector_19
                0x00000518                __vector_56
                0x00000518                __vector_7
                0x00000518                __vector_49
                0x00000518                __vector_41
                0x00000518                __vector_43
                0x00000518                __vector_27
                0x00000518                __vector_5
                0x00000518                __vector_33
                0x00000518                __vector_47
                0x00000518                __vector_52
                0x00000518                __vector_37
                0x00000518                __vector_4
                0x00000518                __vector_44
                0x00000518                __vector_51
                0x00000518                __vector_9
                0x00000518                __vector_2
                0x00000518                __vector_21
                0x00000518                __vector_15
                0x00000518                __vector_36
                0x00000518                __vector_29
                0x00000518                __vector_40
                0x00000518                __vector_8
                0x00000518                __vector_26
                0x00000518                __vector_48
                0x00000518                __vector_14
                0x00000518                __vector_53
                0x00000518                __vector_10
                0x00000518                __vector_50
                0x00000518                __vector_16
                0x00000518                __vector_18
                0x00000518                __vector_20
                0x00000518                __vector_42
                0x0000051a                . = ALIGN (0x2)
 *(.text.*)
 .text._Z8BSP_initv
                0x0000051a       0x34 BSP_atmega2560.o
                0x0000051a                _Z8BSP_initv
 .text._Z14BSP_led_red_onv
                0x0000054e        0x6 BSP_atmega2560.o
                0x0000054e                _Z14BSP_led_red_onv
 .text._Z15BSP_led_red_offv
                0x00000554        0x6 BSP_atmega2560.o
                0x00000554                _Z15BSP_led_red_offv
 .text._Z17BSP_led_yellow_onv
                0x0000055a        0x6 BSP_atmega2560.o
                0x0000055a                _Z17BSP_led_yellow_onv
 .text._Z18BSP_led_yellow_offv
                0x00000560        0x6 BSP_atmega2560.o
                0x00000560                _Z18BSP_led_yellow_offv
 .text._Z16BSP_led_green_onv
                0x00000566        0x6 BSP_atmega2560.o
                0x00000566                _Z16BSP_led_green_onv
 .text._Z17BSP_led_green_offv
                0x0000056c        0x6 BSP_atmega2560.o
                0x0000056c                _Z17BSP_led_green_offv
 .text._Z13BSP_buzzer_onv
                0x00000572        0x6 BSP_atmega2560.o
                0x00000572                _Z13BSP_buzzer_onv
 .text._Z14BSP_buzzer_offv
                0x00000578        0x6 BSP_atmega2560.o
                0x00000578                _Z14BSP_buzzer_offv
 .text._Z14BSP_get_switchv
                0x0000057e        0x4 BSP_atmega2560.o
                0x0000057e                _Z14BSP_get_switchv
 .text._Z17BSP_get_can_frameP9can_frame
                0x00000582       0x1a BSP_atmega2560.o
                0x00000582                _Z17BSP_get_can_frameP9can_frame
 .text.vApplicationTickHook
                0x0000059c       0x6e BSP_atmega2560.o
                0x0000059c                vApplicationTickHook
 .text.startup._GLOBAL__sub_I__Z8BSP_initv
                0x0000060a       0x1e BSP_atmega2560.o
 .text._ZL16Active_eventLoopPv
                0x00000628       0x44 FreeAct.o
 .text._Z11Active_ctorP6ActivePFvS0_PK5EventE
                0x0000066c        0xc FreeAct.o
                0x0000066c                _Z11Active_ctorP6ActivePFvS0_PK5EventE
 .text._Z12Active_startP6ActivehPP5EventmPvmj
                0x00000678       0x84 FreeAct.o
                0x00000678                _Z12Active_startP6ActivehPP5EventmPvmj
 .text._Z11Active_postP6ActivePK5Event
                0x000006fc       0x30 FreeAct.o
                0x000006fc                _Z11Active_postP6ActivePK5Event
 .text._ZL18TimeEvent_callbackP10TimerDef_t
                0x0000072c        0xc FreeAct.o
 .text._Z18Active_postFromISRP6ActivePK5EventPa
                0x00000738       0x2c FreeAct.o
                0x00000738                _Z18Active_postFromISRP6ActivePK5EventPa
 .text._Z14TimeEvent_ctorP9TimeEventjP6Active
                0x00000764       0x44 FreeAct.o
                0x00000764                _Z14TimeEvent_ctorP9TimeEventjP6Active
 .text._Z18CanFrameEvent_ctorP13CanFrameEventjP6Active
                0x000007a8       0x14 FreeAct.o
                0x000007a8                _Z18CanFrameEvent_ctorP13CanFrameEventjP6Active
 .text._Z21CanFrameEvent_fromISRPa
                0x000007bc       0x32 FreeAct.o
                0x000007bc                _Z21CanFrameEvent_fromISRPa
 .text._Z13TimeEvent_armP9TimeEventm
                0x000007ee       0x36 FreeAct.o
                0x000007ee                _Z13TimeEvent_armP9TimeEventm
 .text._Z16TimeEvent_disarmP9TimeEvent
                0x00000824       0x22 FreeAct.o
                0x00000824                _Z16TimeEvent_disarmP9TimeEvent
 .text._ZL21BlinkyButton_dispatchP12BlinkyButtonPK5Event
                0x00000846      0x17a Sketch.o
 .text._Z17BlinkyButton_ctorP12BlinkyButton
                0x000009c0       0x46 Sketch.o
                0x000009c0                _Z17BlinkyButton_ctorP12BlinkyButton
 .text.setup    0x00000a06       0x62 Sketch.o
                0x00000a06                setup
 .text.loop     0x00000a68        0x2 Sketch.o
                0x00000a68                loop
 .text.startup.main
                0x00000a6a       0x18 C:\Users\user\Desktop\ECU\ECU_RT\ArduinoCore\Debug\libArduinoCore.a(main.o)
                0x00000a6a                main
 .text.__vector_23
                0x00000a82       0x94 C:\Users\user\Desktop\ECU\ECU_RT\ArduinoCore\Debug\libArduinoCore.a(wiring.o)
                0x00000a82                __vector_23
 .text.millis   0x00000b16       0x18 C:\Users\user\Desktop\ECU\ECU_RT\ArduinoCore\Debug\libArduinoCore.a(wiring.o)
                0x00000b16                millis
 .text.micros   0x00000b2e       0x4a C:\Users\user\Desktop\ECU\ECU_RT\ArduinoCore\Debug\libArduinoCore.a(wiring.o)
                0x00000b2e                micros
 .text.delay    0x00000b78       0x74 C:\Users\user\Desktop\ECU\ECU_RT\ArduinoCore\Debug\libArduinoCore.a(wiring.o)
                0x00000b78                delay
 .text.init     0x00000bec       0xc4 C:\Users\user\Desktop\ECU\ECU_RT\ArduinoCore\Debug\libArduinoCore.a(wiring.o)
                0x00000bec                init
 .text.turnOffPWM
                0x00000cb0       0xac C:\Users\user\Desktop\ECU\ECU_RT\ArduinoCore\Debug\libArduinoCore.a(wiring_digital.o)
 .text.pinMode  0x00000d5c       0x78 C:\Users\user\Desktop\ECU\ECU_RT\ArduinoCore\Debug\libArduinoCore.a(wiring_digital.o)
                0x00000d5c                pinMode
 .text.digitalWrite
                0x00000dd4       0x5c C:\Users\user\Desktop\ECU\ECU_RT\ArduinoCore\Debug\libArduinoCore.a(wiring_digital.o)
                0x00000dd4                digitalWrite
 .text.digitalRead
                0x00000e30       0x50 C:\Users\user\Desktop\ECU\ECU_RT\ArduinoCore\Debug\libArduinoCore.a(wiring_digital.o)
                0x00000e30                digitalRead
 .text._ZN8SPIClass8transferEh
                0x00000e80        0xe C:\Users\user\Desktop\ECU\ECU_RT\ArduinoCore\Debug\libArduinoCore.a(mcp2515.o)
                0x00000e80                _ZN8SPIClass8transferEh
 .text._ZN7MCP25158startSPIEv
                0x00000e8e       0x72 C:\Users\user\Desktop\ECU\ECU_RT\ArduinoCore\Debug\libArduinoCore.a(mcp2515.o)
                0x00000e8e                _ZN7MCP25158startSPIEv
 .text._ZN7MCP25156endSPIEv
                0x00000f00       0x2a C:\Users\user\Desktop\ECU\ECU_RT\ArduinoCore\Debug\libArduinoCore.a(mcp2515.o)
                0x00000f00                _ZN7MCP25156endSPIEv
 .text._ZN7MCP2515C2EhmP8SPIClass
                0x00000f2a       0x58 C:\Users\user\Desktop\ECU\ECU_RT\ArduinoCore\Debug\libArduinoCore.a(mcp2515.o)
                0x00000f2a                _ZN7MCP2515C1EhmP8SPIClass
                0x00000f2a                _ZN7MCP2515C2EhmP8SPIClass
 .text._ZN7MCP251512readRegisterENS_8REGISTERE
                0x00000f82       0x28 C:\Users\user\Desktop\ECU\ECU_RT\ArduinoCore\Debug\libArduinoCore.a(mcp2515.o)
                0x00000f82                _ZN7MCP251512readRegisterENS_8REGISTERE
 .text._ZN7MCP251513readRegistersENS_8REGISTEREPhh
                0x00000faa       0x4e C:\Users\user\Desktop\ECU\ECU_RT\ArduinoCore\Debug\libArduinoCore.a(mcp2515.o)
                0x00000faa                _ZN7MCP251513readRegistersENS_8REGISTEREPhh
 .text._ZN7MCP251511setRegisterENS_8REGISTEREh
                0x00000ff8       0x28 C:\Users\user\Desktop\ECU\ECU_RT\ArduinoCore\Debug\libArduinoCore.a(mcp2515.o)
                0x00000ff8                _ZN7MCP251511setRegisterENS_8REGISTEREh
 .text._ZN7MCP251512setRegistersENS_8REGISTEREPKhh
                0x00001020       0x4c C:\Users\user\Desktop\ECU\ECU_RT\ArduinoCore\Debug\libArduinoCore.a(mcp2515.o)
                0x00001020                _ZN7MCP251512setRegistersENS_8REGISTEREPKhh
 .text._ZN7MCP251514modifyRegisterENS_8REGISTEREhh
                0x0000106c       0x32 C:\Users\user\Desktop\ECU\ECU_RT\ArduinoCore\Debug\libArduinoCore.a(mcp2515.o)
                0x0000106c                _ZN7MCP251514modifyRegisterENS_8REGISTEREhh
 .text._ZN7MCP25159getStatusEv
                0x0000109e       0x22 C:\Users\user\Desktop\ECU\ECU_RT\ArduinoCore\Debug\libArduinoCore.a(mcp2515.o)
                0x0000109e                _ZN7MCP25159getStatusEv
 .text._ZN7MCP25157setModeENS_18CANCTRL_REQOP_MODEE
                0x000010c0       0x5c C:\Users\user\Desktop\ECU\ECU_RT\ArduinoCore\Debug\libArduinoCore.a(mcp2515.o)
                0x000010c0                _ZN7MCP25157setModeENS_18CANCTRL_REQOP_MODEE
 .text._ZN7MCP251513setConfigModeEv
                0x0000111c        0x4 C:\Users\user\Desktop\ECU\ECU_RT\ArduinoCore\Debug\libArduinoCore.a(mcp2515.o)
                0x0000111c                _ZN7MCP251513setConfigModeEv
 .text._ZN7MCP251513setNormalModeEv
                0x00001120        0x4 C:\Users\user\Desktop\ECU\ECU_RT\ArduinoCore\Debug\libArduinoCore.a(mcp2515.o)
                0x00001120                _ZN7MCP251513setNormalModeEv
 .text._ZN7MCP251510setBitrateE9CAN_SPEED9CAN_CLOCK
                0x00001124      0x198 C:\Users\user\Desktop\ECU\ECU_RT\ArduinoCore\Debug\libArduinoCore.a(mcp2515.o)
                0x00001124                _ZN7MCP251510setBitrateE9CAN_SPEED9CAN_CLOCK
 .text._ZN7MCP25159prepareIdEPhbm
                0x000012bc       0x56 C:\Users\user\Desktop\ECU\ECU_RT\ArduinoCore\Debug\libArduinoCore.a(mcp2515.o)
                0x000012bc                _ZN7MCP25159prepareIdEPhbm
 .text._ZN7MCP251513setFilterMaskENS_4MASKEbm
                0x00001312       0x84 C:\Users\user\Desktop\ECU\ECU_RT\ArduinoCore\Debug\libArduinoCore.a(mcp2515.o)
                0x00001312                _ZN7MCP251513setFilterMaskENS_4MASKEbm
 .text._ZN7MCP25159setFilterENS_3RXFEbm
                0x00001396       0xba C:\Users\user\Desktop\ECU\ECU_RT\ArduinoCore\Debug\libArduinoCore.a(mcp2515.o)
                0x00001396                _ZN7MCP25159setFilterENS_3RXFEbm
 .text._ZN7MCP25155resetEv
                0x00001450      0x122 C:\Users\user\Desktop\ECU\ECU_RT\ArduinoCore\Debug\libArduinoCore.a(mcp2515.o)
                0x00001450                _ZN7MCP25155resetEv
 .text._ZN7MCP251511readMessageENS_4RXBnEP9can_frame
                0x00001572      0x122 C:\Users\user\Desktop\ECU\ECU_RT\ArduinoCore\Debug\libArduinoCore.a(mcp2515.o)
                0x00001572                _ZN7MCP251511readMessageENS_4RXBnEP9can_frame
 .text._ZN7MCP251511readMessageEP9can_frame
                0x00001694       0x38 C:\Users\user\Desktop\ECU\ECU_RT\ArduinoCore\Debug\libArduinoCore.a(mcp2515.o)
                0x00001694                _ZN7MCP251511readMessageEP9can_frame
 .text.hot.prvIsQueueEmpty
                0x000016cc       0x16 C:\Users\user\Desktop\ECU\ECU_RT\ArduinoCore\Debug\libArduinoCore.a(queue.o)
 .text.hot.prvCopyDataToQueue
                0x000016e2       0xa6 C:\Users\user\Desktop\ECU\ECU_RT\ArduinoCore\Debug\libArduinoCore.a(queue.o)
 .text.hot.prvCopyDataFromQueue
                0x00001788       0x34 C:\Users\user\Desktop\ECU\ECU_RT\ArduinoCore\Debug\libArduinoCore.a(queue.o)
 .text.hot.prvUnlockQueue
                0x000017bc       0x74 C:\Users\user\Desktop\ECU\ECU_RT\ArduinoCore\Debug\libArduinoCore.a(queue.o)
 .text.hot.xQueueGenericReset
                0x00001830       0x90 C:\Users\user\Desktop\ECU\ECU_RT\ArduinoCore\Debug\libArduinoCore.a(queue.o)
                0x00001830                xQueueGenericReset
 .text.hot.xQueueGenericCreateStatic
                0x000018c0       0x48 C:\Users\user\Desktop\ECU\ECU_RT\ArduinoCore\Debug\libArduinoCore.a(queue.o)
                0x000018c0                xQueueGenericCreateStatic
 .text.hot.xQueueGenericSend
                0x00001908      0x114 C:\Users\user\Desktop\ECU\ECU_RT\ArduinoCore\Debug\libArduinoCore.a(queue.o)
                0x00001908                xQueueGenericSend
 .text.hot.xQueueGenericSendFromISR
                0x00001a1c       0x62 C:\Users\user\Desktop\ECU\ECU_RT\ArduinoCore\Debug\libArduinoCore.a(queue.o)
                0x00001a1c                xQueueGenericSendFromISR
 .text.hot.xQueueReceive
                0x00001a7e      0x108 C:\Users\user\Desktop\ECU\ECU_RT\ArduinoCore\Debug\libArduinoCore.a(queue.o)
                0x00001a7e                xQueueReceive
 .text.hot.vQueueWaitForMessageRestricted
                0x00001b86       0x34 C:\Users\user\Desktop\ECU\ECU_RT\ArduinoCore\Debug\libArduinoCore.a(queue.o)
                0x00001b86                vQueueWaitForMessageRestricted
 .text.hot.prvAddNewTaskToReadyList
                0x00001bba      0x12a C:\Users\user\Desktop\ECU\ECU_RT\ArduinoCore\Debug\libArduinoCore.a(tasks.o)
 .text.hot.prvResetNextTaskUnblockTime
                0x00001ce4       0x30 C:\Users\user\Desktop\ECU\ECU_RT\ArduinoCore\Debug\libArduinoCore.a(tasks.o)
 .text.hot.prvInitialiseNewTask.isra.2
                0x00001d14       0xc4 C:\Users\user\Desktop\ECU\ECU_RT\ArduinoCore\Debug\libArduinoCore.a(tasks.o)
 .text.hot.prvDeleteTCB
                0x00001dd8       0x28 C:\Users\user\Desktop\ECU\ECU_RT\ArduinoCore\Debug\libArduinoCore.a(tasks.o)
 .text.hot.prvAddCurrentTaskToDelayedList
                0x00001e00      0x100 C:\Users\user\Desktop\ECU\ECU_RT\ArduinoCore\Debug\libArduinoCore.a(tasks.o)
 .text.hot.xTaskCreateStatic
                0x00001f00       0x6c C:\Users\user\Desktop\ECU\ECU_RT\ArduinoCore\Debug\libArduinoCore.a(tasks.o)
                0x00001f00                xTaskCreateStatic
 .text.hot.vTaskStartScheduler
                0x00001f6c       0x92 C:\Users\user\Desktop\ECU\ECU_RT\ArduinoCore\Debug\libArduinoCore.a(tasks.o)
                0x00001f6c                vTaskStartScheduler
 .text.hot.vTaskSuspendAll
                0x00001ffe        0xc C:\Users\user\Desktop\ECU\ECU_RT\ArduinoCore\Debug\libArduinoCore.a(tasks.o)
                0x00001ffe                vTaskSuspendAll
 .text.hot.xTaskGetTickCount
                0x0000200a       0x14 C:\Users\user\Desktop\ECU\ECU_RT\ArduinoCore\Debug\libArduinoCore.a(tasks.o)
                0x0000200a                xTaskGetTickCount
 .text.hot.uxTaskGetNumberOfTasks
                0x0000201e        0x6 C:\Users\user\Desktop\ECU\ECU_RT\ArduinoCore\Debug\libArduinoCore.a(tasks.o)
                0x0000201e                uxTaskGetNumberOfTasks
 .text.hot.xTaskIncrementTick
                0x00002024      0x20c C:\Users\user\Desktop\ECU\ECU_RT\ArduinoCore\Debug\libArduinoCore.a(tasks.o)
                0x00002024                xTaskIncrementTick
 .text.hot.xTaskResumeAll
                0x00002230      0x192 C:\Users\user\Desktop\ECU\ECU_RT\ArduinoCore\Debug\libArduinoCore.a(tasks.o)
                0x00002230                xTaskResumeAll
 .text.hot.vTaskSwitchContext
                0x000023c2       0xb6 C:\Users\user\Desktop\ECU\ECU_RT\ArduinoCore\Debug\libArduinoCore.a(tasks.o)
                0x000023c2                vTaskSwitchContext
 .text.hot.vTaskPlaceOnEventList
                0x00002478       0x1e C:\Users\user\Desktop\ECU\ECU_RT\ArduinoCore\Debug\libArduinoCore.a(tasks.o)
                0x00002478                vTaskPlaceOnEventList
 .text.hot.vTaskPlaceOnEventListRestricted
                0x00002496       0x8e C:\Users\user\Desktop\ECU\ECU_RT\ArduinoCore\Debug\libArduinoCore.a(tasks.o)
                0x00002496                vTaskPlaceOnEventListRestricted
 .text.hot.xTaskRemoveFromEventList
                0x00002524      0x158 C:\Users\user\Desktop\ECU\ECU_RT\ArduinoCore\Debug\libArduinoCore.a(tasks.o)
                0x00002524                xTaskRemoveFromEventList
 .text.hot.vTaskInternalSetTimeOutState
                0x0000267c       0x16 C:\Users\user\Desktop\ECU\ECU_RT\ArduinoCore\Debug\libArduinoCore.a(tasks.o)
                0x0000267c                vTaskInternalSetTimeOutState
 .text.hot.xTaskCheckForTimeOut
                0x00002692       0x62 C:\Users\user\Desktop\ECU\ECU_RT\ArduinoCore\Debug\libArduinoCore.a(tasks.o)
                0x00002692                xTaskCheckForTimeOut
 .text.hot.vTaskMissedYield
                0x000026f4        0x8 C:\Users\user\Desktop\ECU\ECU_RT\ArduinoCore\Debug\libArduinoCore.a(tasks.o)
                0x000026f4                vTaskMissedYield
 .text.hot.xTaskGetSchedulerState
                0x000026fc       0x1c C:\Users\user\Desktop\ECU\ECU_RT\ArduinoCore\Debug\libArduinoCore.a(tasks.o)
                0x000026fc                xTaskGetSchedulerState
 .text.hot.xTaskPriorityDisinherit
                0x00002718       0xa2 C:\Users\user\Desktop\ECU\ECU_RT\ArduinoCore\Debug\libArduinoCore.a(tasks.o)
                0x00002718                xTaskPriorityDisinherit
 .text.hot.prvCheckForValidListAndQueue
                0x000027ba       0x58 C:\Users\user\Desktop\ECU\ECU_RT\ArduinoCore\Debug\libArduinoCore.a(timers.o)
 .text.hot.prvInsertTimerInActiveList
                0x00002812       0x52 C:\Users\user\Desktop\ECU\ECU_RT\ArduinoCore\Debug\libArduinoCore.a(timers.o)
 .text.hot.prvReloadTimer
                0x00002864       0x46 C:\Users\user\Desktop\ECU\ECU_RT\ArduinoCore\Debug\libArduinoCore.a(timers.o)
 .text.hot.prvProcessExpiredTimer
                0x000028aa       0x50 C:\Users\user\Desktop\ECU\ECU_RT\ArduinoCore\Debug\libArduinoCore.a(timers.o)
 .text.hot.prvSwitchTimerLists
                0x000028fa       0x3a C:\Users\user\Desktop\ECU\ECU_RT\ArduinoCore\Debug\libArduinoCore.a(timers.o)
 .text.hot.xTimerCreateTimerTask
                0x00002934       0x88 C:\Users\user\Desktop\ECU\ECU_RT\ArduinoCore\Debug\libArduinoCore.a(timers.o)
                0x00002934                xTimerCreateTimerTask
 .text.hot.xTimerCreateStatic
                0x000029bc       0x6c C:\Users\user\Desktop\ECU\ECU_RT\ArduinoCore\Debug\libArduinoCore.a(timers.o)
                0x000029bc                xTimerCreateStatic
 .text.hot.xTimerGenericCommand
                0x00002a28       0x7c C:\Users\user\Desktop\ECU\ECU_RT\ArduinoCore\Debug\libArduinoCore.a(timers.o)
                0x00002a28                xTimerGenericCommand
 .text.initVariant
                0x00002aa4       0x20 C:\Users\user\Desktop\ECU\ECU_RT\ArduinoCore\Debug\libArduinoCore.a(variantHooks.o)
                0x00002aa4                initVariant
 .text.vApplicationIdleHook
                0x00002ac4       0x12 C:\Users\user\Desktop\ECU\ECU_RT\ArduinoCore\Debug\libArduinoCore.a(variantHooks.o)
                0x00002ac4                vApplicationIdleHook
 .text._Z15prvSetMainLedOnv
                0x00002ad6        0x6 C:\Users\user\Desktop\ECU\ECU_RT\ArduinoCore\Debug\libArduinoCore.a(variantHooks.o)
                0x00002ad6                _Z15prvSetMainLedOnv
 .text._Z15prvBlinkMainLedv
                0x00002adc        0x4 C:\Users\user\Desktop\ECU\ECU_RT\ArduinoCore\Debug\libArduinoCore.a(variantHooks.o)
                0x00002adc                _Z15prvBlinkMainLedv
 .text.vApplicationStackOverflowHook
                0x00002ae0       0x18 C:\Users\user\Desktop\ECU\ECU_RT\ArduinoCore\Debug\libArduinoCore.a(variantHooks.o)
                0x00002ae0                vApplicationStackOverflowHook
 .text.vApplicationGetIdleTaskMemory
                0x00002af8       0x20 C:\Users\user\Desktop\ECU\ECU_RT\ArduinoCore\Debug\libArduinoCore.a(variantHooks.o)
                0x00002af8                vApplicationGetIdleTaskMemory
 .text.vApplicationGetTimerTaskMemory
                0x00002b18       0x20 C:\Users\user\Desktop\ECU\ECU_RT\ArduinoCore\Debug\libArduinoCore.a(variantHooks.o)
                0x00002b18                vApplicationGetTimerTaskMemory
 .text._ZN8SPIClass5beginEv
                0x00002b38       0x6c C:\Users\user\Desktop\ECU\ECU_RT\ArduinoCore\Debug\libArduinoCore.a(SPI.o)
                0x00002b38                _ZN8SPIClass5beginEv
 .text.__empty  0x00002ba4        0x2 C:\Users\user\Desktop\ECU\ECU_RT\ArduinoCore\Debug\libArduinoCore.a(hooks.o)
                0x00002ba4                yield
 .text.hot.vPortFree
                0x00002ba6       0x1c C:\Users\user\Desktop\ECU\ECU_RT\ArduinoCore\Debug\libArduinoCore.a(heap_3.o)
                0x00002ba6                vPortFree
 .text.hot.vListInitialise
                0x00002bc2       0x1c C:\Users\user\Desktop\ECU\ECU_RT\ArduinoCore\Debug\libArduinoCore.a(list.o)
                0x00002bc2                vListInitialise
 .text.hot.vListInitialiseItem
                0x00002bde        0x8 C:\Users\user\Desktop\ECU\ECU_RT\ArduinoCore\Debug\libArduinoCore.a(list.o)
                0x00002bde                vListInitialiseItem
 .text.hot.vListInsert
                0x00002be6       0x70 C:\Users\user\Desktop\ECU\ECU_RT\ArduinoCore\Debug\libArduinoCore.a(list.o)
                0x00002be6                vListInsert
 .text.hot.uxListRemove
                0x00002c56       0x48 C:\Users\user\Desktop\ECU\ECU_RT\ArduinoCore\Debug\libArduinoCore.a(list.o)
                0x00002c56                uxListRemove
 .text.hot.pxPortInitialiseStack
                0x00002c9e       0x2e C:\Users\user\Desktop\ECU\ECU_RT\ArduinoCore\Debug\libArduinoCore.a(port.o)
                0x00002c9e                pxPortInitialiseStack
 .text.hot.vPortYield
                0x00002ccc       0xc0 C:\Users\user\Desktop\ECU\ECU_RT\ArduinoCore\Debug\libArduinoCore.a(port.o)
                0x00002ccc                vPortYield
 .text.hot.vPortYieldFromTick
                0x00002d8c       0xc6 C:\Users\user\Desktop\ECU\ECU_RT\ArduinoCore\Debug\libArduinoCore.a(port.o)
                0x00002d8c                vPortYieldFromTick
 .text.prvSetupTimerInterrupt
                0x00002e52       0x18 C:\Users\user\Desktop\ECU\ECU_RT\ArduinoCore\Debug\libArduinoCore.a(port.o)
                0x00002e52                prvSetupTimerInterrupt
 .text.hot.xPortStartScheduler
                0x00002e6a       0x64 C:\Users\user\Desktop\ECU\ECU_RT\ArduinoCore\Debug\libArduinoCore.a(port.o)
                0x00002e6a                xPortStartScheduler
 .text.hot.__vector_12
                0x00002ece        0x4 C:\Users\user\Desktop\ECU\ECU_RT\ArduinoCore\Debug\libArduinoCore.a(port.o)
                0x00002ece                __vector_12
 .text.libgcc   0x00002ed2       0x10 c:/program files (x86)/atmel/studio/7.0/toolchain/avr8/avr8-gnu-toolchain/bin/../lib/gcc/avr/5.4.0/avr6\libgcc.a(_tablejump2.o)
                0x00002ed2                __tablejump2__
 .text.avr-libc
                0x00002ee2      0x242 c:/program files (x86)/atmel/studio/7.0/toolchain/avr8/avr8-gnu-toolchain/bin/../lib/gcc/avr/5.4.0/../../../../avr/lib/avr6\libc.a(malloc.o)
                0x00002ee2                malloc
                0x00003012                free
 .text.avr-libc
                0x00003124       0x12 c:/program files (x86)/atmel/studio/7.0/toolchain/avr8/avr8-gnu-toolchain/bin/../lib/gcc/avr/5.4.0/../../../../avr/lib/avr6\libc.a(memcpy.o)
                0x00003124                memcpy
 .text.avr-libc
                0x00003136        0xe c:/program files (x86)/atmel/studio/7.0/toolchain/avr8/avr8-gnu-toolchain/bin/../lib/gcc/avr/5.4.0/../../../../avr/lib/avr6\libc.a(memset.o)
                0x00003136                memset
                0x00003144                . = ALIGN (0x2)
 *(.fini9)
 .fini9         0x00003144        0x0 c:/program files (x86)/atmel/studio/7.0/toolchain/avr8/avr8-gnu-toolchain/bin/../lib/gcc/avr/5.4.0/avr6\libgcc.a(_exit.o)
                0x00003144                _exit
                0x00003144                exit
 *(.fini9)
 *(.fini8)
 *(.fini8)
 *(.fini7)
 *(.fini7)
 *(.fini6)
 *(.fini6)
 *(.fini5)
 *(.fini5)
 *(.fini4)
 *(.fini4)
 *(.fini3)
 *(.fini3)
 *(.fini2)
 *(.fini2)
 *(.fini1)
 *(.fini1)
 *(.fini0)
 .fini0         0x00003144        0x4 c:/program files (x86)/atmel/studio/7.0/toolchain/avr8/avr8-gnu-toolchain/bin/../lib/gcc/avr/5.4.0/avr6\libgcc.a(_exit.o)
 *(.fini0)
                0x00003148                _etext = .

.data           0x00800200       0x3c load address 0x00003148
                0x00800200                PROVIDE (__data_start, .)
 *(.data)
 .data          0x00800200        0x6 c:/program files (x86)/atmel/studio/7.0/toolchain/avr8/avr8-gnu-toolchain/bin/../lib/gcc/avr/5.4.0/../../../../avr/lib/avr6\libc.a(malloc.o)
                0x00800200                __malloc_heap_end
                0x00800202                __malloc_heap_start
                0x00800204                __malloc_margin
 *(.data*)
 .data.AO_blinkyButton
                0x00800206        0x2 Sketch.o
                0x00800206                AO_blinkyButton
 .data.uxTopUsedPriority
                0x00800208        0x1 C:\Users\user\Desktop\ECU\ECU_RT\ArduinoCore\Debug\libArduinoCore.a(tasks.o)
                0x00800208                uxTopUsedPriority
 *(.gnu.linkonce.d*)
 *(.rodata)
 .rodata        0x00800209        0x9 C:\Users\user\Desktop\ECU\ECU_RT\ArduinoCore\Debug\libArduinoCore.a(mcp2515.o)
 *(.rodata*)
 .rodata._ZZL32state_switch_not_pressed_handlerPKiPaE16switchPressedEvt
                0x00800212        0x2 BSP_atmega2560.o
 .rodata._ZZL28state_switch_pressed_handlerPKiPaE16switchRelasedEvt
                0x00800214        0x2 BSP_atmega2560.o
 .rodata.str1.1
                0x00800216        0x6 FreeAct.o
 .rodata._ZZL16Active_eventLoopPvE7initEvt
                0x0080021c        0x2 FreeAct.o
 .rodata._ZZL21BlinkyButton_dispatchP12BlinkyButtonPK5EventE13stopBuzzerEvt_0
                0x0080021e        0x2 Sketch.o
 .rodata._ZZL21BlinkyButton_dispatchP12BlinkyButtonPK5EventE13stopBuzzerEvt
                0x00800220        0x2 Sketch.o
 .rodata._ZZL21BlinkyButton_dispatchP12BlinkyButtonPK5EventE16initialBuzzerEvt_0
                0x00800222        0x2 Sketch.o
 .rodata._ZZL21BlinkyButton_dispatchP12BlinkyButtonPK5EventE16initialBuzzerEvt
                0x00800224        0x2 Sketch.o
 .rodata._ZN7MCP25153RXBE
                0x00800226        0x8 C:\Users\user\Desktop\ECU\ECU_RT\ArduinoCore\Debug\libArduinoCore.a(mcp2515.o)
                0x00800226                _ZN7MCP25153RXBE
 .rodata.str1.1
                0x0080022e        0x5 C:\Users\user\Desktop\ECU\ECU_RT\ArduinoCore\Debug\libArduinoCore.a(tasks.o)
 .rodata.str1.1
                0x00800233        0x8 C:\Users\user\Desktop\ECU\ECU_RT\ArduinoCore\Debug\libArduinoCore.a(timers.o)
 *(.gnu.linkonce.r*)
                0x0080023c                . = ALIGN (0x2)
 *fill*         0x0080023b        0x1 
                0x0080023c                _edata = .
                0x0080023c                PROVIDE (__data_end, .)

.bss            0x0080023c      0x3b1
                0x0080023c                PROVIDE (__bss_start, .)
 *(.bss)
 *(.bss*)
 .bss._ZL12state_switch
                0x0080023c        0x1 BSP_atmega2560.o
 .bss._ZL7mcp2515
                0x0080023d        0x7 BSP_atmega2560.o
 .bss._ZL5cfevt
                0x00800244        0x2 FreeAct.o
 .bss._ZL12blinkyButton
                0x00800246       0x87 Sketch.o
 .bss._ZL18blinkyButton_queue
                0x008002cd       0x14 Sketch.o
 .bss._ZL18blinkyButton_stack
                0x008002e1       0xc0 Sketch.o
 .bss.timer0_fract
                0x008003a1        0x1 C:\Users\user\Desktop\ECU\ECU_RT\ArduinoCore\Debug\libArduinoCore.a(wiring.o)
 .bss.timer0_millis
                0x008003a2        0x4 C:\Users\user\Desktop\ECU\ECU_RT\ArduinoCore\Debug\libArduinoCore.a(wiring.o)
                0x008003a2                timer0_millis
 .bss.timer0_overflow_count
                0x008003a6        0x4 C:\Users\user\Desktop\ECU\ECU_RT\ArduinoCore\Debug\libArduinoCore.a(wiring.o)
                0x008003a6                timer0_overflow_count
 .bss.uxSchedulerSuspended
                0x008003aa        0x1 C:\Users\user\Desktop\ECU\ECU_RT\ArduinoCore\Debug\libArduinoCore.a(tasks.o)
 .bss.xNextTaskUnblockTime
                0x008003ab        0x2 C:\Users\user\Desktop\ECU\ECU_RT\ArduinoCore\Debug\libArduinoCore.a(tasks.o)
 .bss.uxTaskNumber
                0x008003ad        0x1 C:\Users\user\Desktop\ECU\ECU_RT\ArduinoCore\Debug\libArduinoCore.a(tasks.o)
 .bss.xNumOfOverflows
                0x008003ae        0x1 C:\Users\user\Desktop\ECU\ECU_RT\ArduinoCore\Debug\libArduinoCore.a(tasks.o)
 .bss.xYieldPending
                0x008003af        0x1 C:\Users\user\Desktop\ECU\ECU_RT\ArduinoCore\Debug\libArduinoCore.a(tasks.o)
 .bss.xPendedTicks
                0x008003b0        0x2 C:\Users\user\Desktop\ECU\ECU_RT\ArduinoCore\Debug\libArduinoCore.a(tasks.o)
 .bss.xSchedulerRunning
                0x008003b2        0x1 C:\Users\user\Desktop\ECU\ECU_RT\ArduinoCore\Debug\libArduinoCore.a(tasks.o)
 .bss.uxTopReadyPriority
                0x008003b3        0x1 C:\Users\user\Desktop\ECU\ECU_RT\ArduinoCore\Debug\libArduinoCore.a(tasks.o)
 .bss.xTickCount
                0x008003b4        0x2 C:\Users\user\Desktop\ECU\ECU_RT\ArduinoCore\Debug\libArduinoCore.a(tasks.o)
 .bss.uxCurrentNumberOfTasks
                0x008003b6        0x1 C:\Users\user\Desktop\ECU\ECU_RT\ArduinoCore\Debug\libArduinoCore.a(tasks.o)
 .bss.xSuspendedTaskList
                0x008003b7        0x9 C:\Users\user\Desktop\ECU\ECU_RT\ArduinoCore\Debug\libArduinoCore.a(tasks.o)
 .bss.uxDeletedTasksWaitingCleanUp
                0x008003c0        0x1 C:\Users\user\Desktop\ECU\ECU_RT\ArduinoCore\Debug\libArduinoCore.a(tasks.o)
 .bss.xTasksWaitingTermination
                0x008003c1        0x9 C:\Users\user\Desktop\ECU\ECU_RT\ArduinoCore\Debug\libArduinoCore.a(tasks.o)
 .bss.xPendingReadyList
                0x008003ca        0x9 C:\Users\user\Desktop\ECU\ECU_RT\ArduinoCore\Debug\libArduinoCore.a(tasks.o)
 .bss.pxOverflowDelayedTaskList
                0x008003d3        0x2 C:\Users\user\Desktop\ECU\ECU_RT\ArduinoCore\Debug\libArduinoCore.a(tasks.o)
 .bss.pxDelayedTaskList
                0x008003d5        0x2 C:\Users\user\Desktop\ECU\ECU_RT\ArduinoCore\Debug\libArduinoCore.a(tasks.o)
 .bss.xDelayedTaskList2
                0x008003d7        0x9 C:\Users\user\Desktop\ECU\ECU_RT\ArduinoCore\Debug\libArduinoCore.a(tasks.o)
 .bss.xDelayedTaskList1
                0x008003e0        0x9 C:\Users\user\Desktop\ECU\ECU_RT\ArduinoCore\Debug\libArduinoCore.a(tasks.o)
 .bss.pxReadyTasksLists
                0x008003e9       0x24 C:\Users\user\Desktop\ECU\ECU_RT\ArduinoCore\Debug\libArduinoCore.a(tasks.o)
 .bss.pxCurrentTCB
                0x0080040d        0x2 C:\Users\user\Desktop\ECU\ECU_RT\ArduinoCore\Debug\libArduinoCore.a(tasks.o)
                0x0080040d                pxCurrentTCB
 .bss.xStaticTimerQueue.2556
                0x0080040f       0x20 C:\Users\user\Desktop\ECU\ECU_RT\ArduinoCore\Debug\libArduinoCore.a(timers.o)
 .bss.ucStaticTimerQueueStorage.2557
                0x0080042f       0x32 C:\Users\user\Desktop\ECU\ECU_RT\ArduinoCore\Debug\libArduinoCore.a(timers.o)
 .bss.xLastTime.2516
                0x00800461        0x2 C:\Users\user\Desktop\ECU\ECU_RT\ArduinoCore\Debug\libArduinoCore.a(timers.o)
 .bss.xTimerTaskHandle
                0x00800463        0x2 C:\Users\user\Desktop\ECU\ECU_RT\ArduinoCore\Debug\libArduinoCore.a(timers.o)
 .bss.xTimerQueue
                0x00800465        0x2 C:\Users\user\Desktop\ECU\ECU_RT\ArduinoCore\Debug\libArduinoCore.a(timers.o)
 .bss.pxOverflowTimerList
                0x00800467        0x2 C:\Users\user\Desktop\ECU\ECU_RT\ArduinoCore\Debug\libArduinoCore.a(timers.o)
 .bss.pxCurrentTimerList
                0x00800469        0x2 C:\Users\user\Desktop\ECU\ECU_RT\ArduinoCore\Debug\libArduinoCore.a(timers.o)
 .bss.xActiveTimerList2
                0x0080046b        0x9 C:\Users\user\Desktop\ECU\ECU_RT\ArduinoCore\Debug\libArduinoCore.a(timers.o)
 .bss.xActiveTimerList1
                0x00800474        0x9 C:\Users\user\Desktop\ECU\ECU_RT\ArduinoCore\Debug\libArduinoCore.a(timers.o)
 .bss._ZZ30vApplicationGetTimerTaskMemoryE16uxTimerTaskStack
                0x0080047d       0x55 C:\Users\user\Desktop\ECU\ECU_RT\ArduinoCore\Debug\libArduinoCore.a(variantHooks.o)
 .bss._ZZ30vApplicationGetTimerTaskMemoryE13xTimerTaskTCB
                0x008004d2       0x29 C:\Users\user\Desktop\ECU\ECU_RT\ArduinoCore\Debug\libArduinoCore.a(variantHooks.o)
 .bss._ZZ29vApplicationGetIdleTaskMemoryE15uxIdleTaskStack
                0x008004fb       0xc0 C:\Users\user\Desktop\ECU\ECU_RT\ArduinoCore\Debug\libArduinoCore.a(variantHooks.o)
 .bss._ZZ29vApplicationGetIdleTaskMemoryE12xIdleTaskTCB
                0x008005bb       0x29 C:\Users\user\Desktop\ECU\ECU_RT\ArduinoCore\Debug\libArduinoCore.a(variantHooks.o)
 .bss._ZN8SPIClass13interruptSaveE
                0x008005e4        0x1 C:\Users\user\Desktop\ECU\ECU_RT\ArduinoCore\Debug\libArduinoCore.a(SPI.o)
                0x008005e4                _ZN8SPIClass13interruptSaveE
 .bss._ZN8SPIClass13interruptMaskE
                0x008005e5        0x1 C:\Users\user\Desktop\ECU\ECU_RT\ArduinoCore\Debug\libArduinoCore.a(SPI.o)
                0x008005e5                _ZN8SPIClass13interruptMaskE
 .bss._ZN8SPIClass13interruptModeE
                0x008005e6        0x1 C:\Users\user\Desktop\ECU\ECU_RT\ArduinoCore\Debug\libArduinoCore.a(SPI.o)
                0x008005e6                _ZN8SPIClass13interruptModeE
 .bss._ZN8SPIClass11initializedE
                0x008005e7        0x1 C:\Users\user\Desktop\ECU\ECU_RT\ArduinoCore\Debug\libArduinoCore.a(SPI.o)
                0x008005e7                _ZN8SPIClass11initializedE
 .bss.SPI       0x008005e8        0x1 C:\Users\user\Desktop\ECU\ECU_RT\ArduinoCore\Debug\libArduinoCore.a(SPI.o)
                0x008005e8                SPI
 *(COMMON)
 COMMON         0x008005e9        0x4 c:/program files (x86)/atmel/studio/7.0/toolchain/avr8/avr8-gnu-toolchain/bin/../lib/gcc/avr/5.4.0/../../../../avr/lib/avr6\libc.a(malloc.o)
                0x008005e9                __brkval
                0x008005eb                __flp
                0x008005ed                PROVIDE (__bss_end, .)
                0x00003148                __data_load_start = LOADADDR (.data)
                0x00003184                __data_load_end = (__data_load_start + SIZEOF (.data))

.noinit         0x008005ed        0x0
                [!provide]                PROVIDE (__noinit_start, .)
 *(.noinit*)
                [!provide]                PROVIDE (__noinit_end, .)
                0x008005ed                _end = .
                0x008005ed                PROVIDE (__heap_start, .)

.eeprom         0x00810000        0x0
 *(.eeprom*)
                0x00810000                __eeprom_end = .

.fuse
 *(.fuse)
 *(.lfuse)
 *(.hfuse)
 *(.efuse)

.lock
 *(.lock*)

.signature
 *(.signature*)

.user_signatures
 *(.user_signatures*)

.stab
 *(.stab)

.stabstr
 *(.stabstr)

.stab.excl
 *(.stab.excl)

.stab.exclstr
 *(.stab.exclstr)

.stab.index
 *(.stab.index)

.stab.indexstr
 *(.stab.indexstr)

.comment        0x00000000       0x30
 *(.comment)
 .comment       0x00000000       0x30 BSP_atmega2560.o
                                 0x31 (size before relaxing)
 .comment       0x00000030       0x31 FreeAct.o
 .comment       0x00000030       0x31 Sketch.o
 .comment       0x00000030       0x31 C:\Users\user\Desktop\ECU\ECU_RT\ArduinoCore\Debug\libArduinoCore.a(main.o)
 .comment       0x00000030       0x31 C:\Users\user\Desktop\ECU\ECU_RT\ArduinoCore\Debug\libArduinoCore.a(wiring.o)
 .comment       0x00000030       0x31 C:\Users\user\Desktop\ECU\ECU_RT\ArduinoCore\Debug\libArduinoCore.a(wiring_digital.o)
 .comment       0x00000030       0x31 C:\Users\user\Desktop\ECU\ECU_RT\ArduinoCore\Debug\libArduinoCore.a(mcp2515.o)
 .comment       0x00000030       0x31 C:\Users\user\Desktop\ECU\ECU_RT\ArduinoCore\Debug\libArduinoCore.a(queue.o)
 .comment       0x00000030       0x31 C:\Users\user\Desktop\ECU\ECU_RT\ArduinoCore\Debug\libArduinoCore.a(tasks.o)
 .comment       0x00000030       0x31 C:\Users\user\Desktop\ECU\ECU_RT\ArduinoCore\Debug\libArduinoCore.a(timers.o)
 .comment       0x00000030       0x31 C:\Users\user\Desktop\ECU\ECU_RT\ArduinoCore\Debug\libArduinoCore.a(variantHooks.o)
 .comment       0x00000030       0x31 C:\Users\user\Desktop\ECU\ECU_RT\ArduinoCore\Debug\libArduinoCore.a(SPI.o)
 .comment       0x00000030       0x31 C:\Users\user\Desktop\ECU\ECU_RT\ArduinoCore\Debug\libArduinoCore.a(hooks.o)
 .comment       0x00000030       0x31 C:\Users\user\Desktop\ECU\ECU_RT\ArduinoCore\Debug\libArduinoCore.a(heap_3.o)
 .comment       0x00000030       0x31 C:\Users\user\Desktop\ECU\ECU_RT\ArduinoCore\Debug\libArduinoCore.a(list.o)
 .comment       0x00000030       0x31 C:\Users\user\Desktop\ECU\ECU_RT\ArduinoCore\Debug\libArduinoCore.a(port.o)
 .comment       0x00000030       0x31 c:/program files (x86)/atmel/studio/7.0/toolchain/avr8/avr8-gnu-toolchain/bin/../lib/gcc/avr/5.4.0/../../../../avr/lib/avr6\libc.a(malloc.o)

.note.gnu.avr.deviceinfo
                0x00000000       0x40
 .note.gnu.avr.deviceinfo
                0x00000000       0x40 C:/Program Files (x86)/Atmel/Studio/7.0/Packs/atmel/ATmega_DFP/1.6.364/gcc/dev/atmega2560/avr6/crtatmega2560.o

.note.gnu.build-id
 *(.note.gnu.build-id)

.debug
 *(.debug)

.line
 *(.line)

.debug_srcinfo
 *(.debug_srcinfo)

.debug_sfnames
 *(.debug_sfnames)

.debug_aranges  0x00000000      0x848
 *(.debug_aranges)
 .debug_aranges
                0x00000000       0x90 BSP_atmega2560.o
 .debug_aranges
                0x00000090       0x78 FreeAct.o
 .debug_aranges
                0x00000108       0x38 Sketch.o
 .debug_aranges
                0x00000140       0x30 C:\Users\user\Desktop\ECU\ECU_RT\ArduinoCore\Debug\libArduinoCore.a(main.o)
 .debug_aranges
                0x00000170       0x48 C:\Users\user\Desktop\ECU\ECU_RT\ArduinoCore\Debug\libArduinoCore.a(wiring.o)
 .debug_aranges
                0x000001b8       0x38 C:\Users\user\Desktop\ECU\ECU_RT\ArduinoCore\Debug\libArduinoCore.a(wiring_digital.o)
 .debug_aranges
                0x000001f0      0x158 C:\Users\user\Desktop\ECU\ECU_RT\ArduinoCore\Debug\libArduinoCore.a(mcp2515.o)
 .debug_aranges
                0x00000348      0x108 C:\Users\user\Desktop\ECU\ECU_RT\ArduinoCore\Debug\libArduinoCore.a(queue.o)
 .debug_aranges
                0x00000450      0x1c0 C:\Users\user\Desktop\ECU\ECU_RT\ArduinoCore\Debug\libArduinoCore.a(tasks.o)
 .debug_aranges
                0x00000610       0xc0 C:\Users\user\Desktop\ECU\ECU_RT\ArduinoCore\Debug\libArduinoCore.a(timers.o)
 .debug_aranges
                0x000006d0       0x58 C:\Users\user\Desktop\ECU\ECU_RT\ArduinoCore\Debug\libArduinoCore.a(variantHooks.o)
 .debug_aranges
                0x00000728       0x38 C:\Users\user\Desktop\ECU\ECU_RT\ArduinoCore\Debug\libArduinoCore.a(SPI.o)
 .debug_aranges
                0x00000760       0x20 C:\Users\user\Desktop\ECU\ECU_RT\ArduinoCore\Debug\libArduinoCore.a(hooks.o)
 .debug_aranges
                0x00000780       0x28 C:\Users\user\Desktop\ECU\ECU_RT\ArduinoCore\Debug\libArduinoCore.a(heap_3.o)
 .debug_aranges
                0x000007a8       0x40 C:\Users\user\Desktop\ECU\ECU_RT\ArduinoCore\Debug\libArduinoCore.a(list.o)
 .debug_aranges
                0x000007e8       0x60 C:\Users\user\Desktop\ECU\ECU_RT\ArduinoCore\Debug\libArduinoCore.a(port.o)

.debug_pubnames
 *(.debug_pubnames)

.debug_info     0x00000000     0xee5a
 *(.debug_info .gnu.linkonce.wi.*)
 .debug_info    0x00000000      0xbbc C:/Program Files (x86)/Atmel/Studio/7.0/Packs/atmel/ATmega_DFP/1.6.364/gcc/dev/atmega2560/avr6/crtatmega2560.o
 .debug_info    0x00000bbc     0x1bf1 BSP_atmega2560.o
 .debug_info    0x000027ad      0xdda FreeAct.o
 .debug_info    0x00003587      0xcbb Sketch.o
 .debug_info    0x00004242      0x295 C:\Users\user\Desktop\ECU\ECU_RT\ArduinoCore\Debug\libArduinoCore.a(main.o)
 .debug_info    0x000044d7      0x329 C:\Users\user\Desktop\ECU\ECU_RT\ArduinoCore\Debug\libArduinoCore.a(wiring.o)
 .debug_info    0x00004800      0x63a C:\Users\user\Desktop\ECU\ECU_RT\ArduinoCore\Debug\libArduinoCore.a(wiring_digital.o)
 .debug_info    0x00004e3a     0x2ed9 C:\Users\user\Desktop\ECU\ECU_RT\ArduinoCore\Debug\libArduinoCore.a(mcp2515.o)
 .debug_info    0x00007d13     0x1dd2 C:\Users\user\Desktop\ECU\ECU_RT\ArduinoCore\Debug\libArduinoCore.a(queue.o)
 .debug_info    0x00009ae5     0x27eb C:\Users\user\Desktop\ECU\ECU_RT\ArduinoCore\Debug\libArduinoCore.a(tasks.o)
 .debug_info    0x0000c2d0     0x160c C:\Users\user\Desktop\ECU\ECU_RT\ArduinoCore\Debug\libArduinoCore.a(timers.o)
 .debug_info    0x0000d8dc      0x693 C:\Users\user\Desktop\ECU\ECU_RT\ArduinoCore\Debug\libArduinoCore.a(variantHooks.o)
 .debug_info    0x0000df6f      0x6cd C:\Users\user\Desktop\ECU\ECU_RT\ArduinoCore\Debug\libArduinoCore.a(SPI.o)
 .debug_info    0x0000e63c       0x3e C:\Users\user\Desktop\ECU\ECU_RT\ArduinoCore\Debug\libArduinoCore.a(hooks.o)
 .debug_info    0x0000e67a      0x18f C:\Users\user\Desktop\ECU\ECU_RT\ArduinoCore\Debug\libArduinoCore.a(heap_3.o)
 .debug_info    0x0000e809      0x2eb C:\Users\user\Desktop\ECU\ECU_RT\ArduinoCore\Debug\libArduinoCore.a(list.o)
 .debug_info    0x0000eaf4      0x366 C:\Users\user\Desktop\ECU\ECU_RT\ArduinoCore\Debug\libArduinoCore.a(port.o)

.debug_abbrev   0x00000000     0x31c9
 *(.debug_abbrev)
 .debug_abbrev  0x00000000      0xb1a C:/Program Files (x86)/Atmel/Studio/7.0/Packs/atmel/ATmega_DFP/1.6.364/gcc/dev/atmega2560/avr6/crtatmega2560.o
 .debug_abbrev  0x00000b1a      0x50d BSP_atmega2560.o
 .debug_abbrev  0x00001027      0x2cb FreeAct.o
 .debug_abbrev  0x000012f2      0x274 Sketch.o
 .debug_abbrev  0x00001566      0x12d C:\Users\user\Desktop\ECU\ECU_RT\ArduinoCore\Debug\libArduinoCore.a(main.o)
 .debug_abbrev  0x00001693      0x146 C:\Users\user\Desktop\ECU\ECU_RT\ArduinoCore\Debug\libArduinoCore.a(wiring.o)
 .debug_abbrev  0x000017d9      0x15a C:\Users\user\Desktop\ECU\ECU_RT\ArduinoCore\Debug\libArduinoCore.a(wiring_digital.o)
 .debug_abbrev  0x00001933      0x5ac C:\Users\user\Desktop\ECU\ECU_RT\ArduinoCore\Debug\libArduinoCore.a(mcp2515.o)
 .debug_abbrev  0x00001edf      0x36c C:\Users\user\Desktop\ECU\ECU_RT\ArduinoCore\Debug\libArduinoCore.a(queue.o)
 .debug_abbrev  0x0000224b      0x3b4 C:\Users\user\Desktop\ECU\ECU_RT\ArduinoCore\Debug\libArduinoCore.a(tasks.o)
 .debug_abbrev  0x000025ff      0x381 C:\Users\user\Desktop\ECU\ECU_RT\ArduinoCore\Debug\libArduinoCore.a(timers.o)
 .debug_abbrev  0x00002980      0x20c C:\Users\user\Desktop\ECU\ECU_RT\ArduinoCore\Debug\libArduinoCore.a(variantHooks.o)
 .debug_abbrev  0x00002b8c      0x283 C:\Users\user\Desktop\ECU\ECU_RT\ArduinoCore\Debug\libArduinoCore.a(SPI.o)
 .debug_abbrev  0x00002e0f       0x2a C:\Users\user\Desktop\ECU\ECU_RT\ArduinoCore\Debug\libArduinoCore.a(hooks.o)
 .debug_abbrev  0x00002e39       0xf9 C:\Users\user\Desktop\ECU\ECU_RT\ArduinoCore\Debug\libArduinoCore.a(heap_3.o)
 .debug_abbrev  0x00002f32       0xff C:\Users\user\Desktop\ECU\ECU_RT\ArduinoCore\Debug\libArduinoCore.a(list.o)
 .debug_abbrev  0x00003031      0x198 C:\Users\user\Desktop\ECU\ECU_RT\ArduinoCore\Debug\libArduinoCore.a(port.o)

.debug_line     0x00000000     0x57b6
 *(.debug_line .debug_line.* .debug_line_end)
 .debug_line    0x00000000      0x1fa C:/Program Files (x86)/Atmel/Studio/7.0/Packs/atmel/ATmega_DFP/1.6.364/gcc/dev/atmega2560/avr6/crtatmega2560.o
 .debug_line    0x000001fa      0x445 BSP_atmega2560.o
 .debug_line    0x0000063f      0x37c FreeAct.o
 .debug_line    0x000009bb      0x396 Sketch.o
 .debug_line    0x00000d51      0x161 C:\Users\user\Desktop\ECU\ECU_RT\ArduinoCore\Debug\libArduinoCore.a(main.o)
 .debug_line    0x00000eb2      0x2cb C:\Users\user\Desktop\ECU\ECU_RT\ArduinoCore\Debug\libArduinoCore.a(wiring.o)
 .debug_line    0x0000117d      0x284 C:\Users\user\Desktop\ECU\ECU_RT\ArduinoCore\Debug\libArduinoCore.a(wiring_digital.o)
 .debug_line    0x00001401      0xd34 C:\Users\user\Desktop\ECU\ECU_RT\ArduinoCore\Debug\libArduinoCore.a(mcp2515.o)
 .debug_line    0x00002135      0xd38 C:\Users\user\Desktop\ECU\ECU_RT\ArduinoCore\Debug\libArduinoCore.a(queue.o)
 .debug_line    0x00002e6d     0x1571 C:\Users\user\Desktop\ECU\ECU_RT\ArduinoCore\Debug\libArduinoCore.a(tasks.o)
 .debug_line    0x000043de      0x6b4 C:\Users\user\Desktop\ECU\ECU_RT\ArduinoCore\Debug\libArduinoCore.a(timers.o)
 .debug_line    0x00004a92      0x356 C:\Users\user\Desktop\ECU\ECU_RT\ArduinoCore\Debug\libArduinoCore.a(variantHooks.o)
 .debug_line    0x00004de8      0x2eb C:\Users\user\Desktop\ECU\ECU_RT\ArduinoCore\Debug\libArduinoCore.a(SPI.o)
 .debug_line    0x000050d3       0x41 C:\Users\user\Desktop\ECU\ECU_RT\ArduinoCore\Debug\libArduinoCore.a(hooks.o)
 .debug_line    0x00005114      0x1b8 C:\Users\user\Desktop\ECU\ECU_RT\ArduinoCore\Debug\libArduinoCore.a(heap_3.o)
 .debug_line    0x000052cc      0x209 C:\Users\user\Desktop\ECU\ECU_RT\ArduinoCore\Debug\libArduinoCore.a(list.o)
 .debug_line    0x000054d5      0x2e1 C:\Users\user\Desktop\ECU\ECU_RT\ArduinoCore\Debug\libArduinoCore.a(port.o)

.debug_frame    0x00000000     0x1a6c
 *(.debug_frame)
 .debug_frame   0x00000000      0x120 BSP_atmega2560.o
 .debug_frame   0x00000120      0x19c FreeAct.o
 .debug_frame   0x000002bc       0xa8 Sketch.o
 .debug_frame   0x00000364       0x54 C:\Users\user\Desktop\ECU\ECU_RT\ArduinoCore\Debug\libArduinoCore.a(main.o)
 .debug_frame   0x000003b8       0xc4 C:\Users\user\Desktop\ECU\ECU_RT\ArduinoCore\Debug\libArduinoCore.a(wiring.o)
 .debug_frame   0x0000047c       0x7c C:\Users\user\Desktop\ECU\ECU_RT\ArduinoCore\Debug\libArduinoCore.a(wiring_digital.o)
 .debug_frame   0x000004f8      0x560 C:\Users\user\Desktop\ECU\ECU_RT\ArduinoCore\Debug\libArduinoCore.a(mcp2515.o)
 .debug_frame   0x00000a58      0x3ec C:\Users\user\Desktop\ECU\ECU_RT\ArduinoCore\Debug\libArduinoCore.a(queue.o)
 .debug_frame   0x00000e44      0x700 C:\Users\user\Desktop\ECU\ECU_RT\ArduinoCore\Debug\libArduinoCore.a(tasks.o)
 .debug_frame   0x00001544      0x280 C:\Users\user\Desktop\ECU\ECU_RT\ArduinoCore\Debug\libArduinoCore.a(timers.o)
 .debug_frame   0x000017c4       0x94 C:\Users\user\Desktop\ECU\ECU_RT\ArduinoCore\Debug\libArduinoCore.a(variantHooks.o)
 .debug_frame   0x00001858       0x5c C:\Users\user\Desktop\ECU\ECU_RT\ArduinoCore\Debug\libArduinoCore.a(SPI.o)
 .debug_frame   0x000018b4       0x24 C:\Users\user\Desktop\ECU\ECU_RT\ArduinoCore\Debug\libArduinoCore.a(hooks.o)
 .debug_frame   0x000018d8       0x4c C:\Users\user\Desktop\ECU\ECU_RT\ArduinoCore\Debug\libArduinoCore.a(heap_3.o)
 .debug_frame   0x00001924       0x90 C:\Users\user\Desktop\ECU\ECU_RT\ArduinoCore\Debug\libArduinoCore.a(list.o)
 .debug_frame   0x000019b4       0xb8 C:\Users\user\Desktop\ECU\ECU_RT\ArduinoCore\Debug\libArduinoCore.a(port.o)

.debug_str      0x00000000     0x43f4
 *(.debug_str)
 .debug_str     0x00000000      0x3e6 C:/Program Files (x86)/Atmel/Studio/7.0/Packs/atmel/ATmega_DFP/1.6.364/gcc/dev/atmega2560/avr6/crtatmega2560.o
 .debug_str     0x000003e6     0x1aaa BSP_atmega2560.o
                               0x1bd5 (size before relaxing)
 .debug_str     0x00001e90      0x3a1 FreeAct.o
                                0x92c (size before relaxing)
 .debug_str     0x00002231      0x121 Sketch.o
                                0xa00 (size before relaxing)
 .debug_str     0x00002352       0x8d C:\Users\user\Desktop\ECU\ECU_RT\ArduinoCore\Debug\libArduinoCore.a(main.o)
                                0x29a (size before relaxing)
 .debug_str     0x000023df      0x15b C:\Users\user\Desktop\ECU\ECU_RT\ArduinoCore\Debug\libArduinoCore.a(wiring.o)
                                0x230 (size before relaxing)
 .debug_str     0x0000253a       0xc2 C:\Users\user\Desktop\ECU\ECU_RT\ArduinoCore\Debug\libArduinoCore.a(wiring_digital.o)
                                0x295 (size before relaxing)
 .debug_str     0x000025fc      0x363 C:\Users\user\Desktop\ECU\ECU_RT\ArduinoCore\Debug\libArduinoCore.a(mcp2515.o)
                               0x18cb (size before relaxing)
 .debug_str     0x0000295f      0x78b C:\Users\user\Desktop\ECU\ECU_RT\ArduinoCore\Debug\libArduinoCore.a(queue.o)
                                0xb46 (size before relaxing)
 .debug_str     0x000030ea      0xabc C:\Users\user\Desktop\ECU\ECU_RT\ArduinoCore\Debug\libArduinoCore.a(tasks.o)
                               0x10f7 (size before relaxing)
 .debug_str     0x00003ba6      0x468 C:\Users\user\Desktop\ECU\ECU_RT\ArduinoCore\Debug\libArduinoCore.a(timers.o)
                                0xaf9 (size before relaxing)
 .debug_str     0x0000400e      0x1bc C:\Users\user\Desktop\ECU\ECU_RT\ArduinoCore\Debug\libArduinoCore.a(variantHooks.o)
                                0x5b5 (size before relaxing)
 .debug_str     0x000041ca       0x9f C:\Users\user\Desktop\ECU\ECU_RT\ArduinoCore\Debug\libArduinoCore.a(SPI.o)
                                0x693 (size before relaxing)
 .debug_str     0x00004269       0x1c C:\Users\user\Desktop\ECU\ECU_RT\ArduinoCore\Debug\libArduinoCore.a(hooks.o)
                                0x125 (size before relaxing)
 .debug_str     0x00004285       0x3b C:\Users\user\Desktop\ECU\ECU_RT\ArduinoCore\Debug\libArduinoCore.a(heap_3.o)
                                0x228 (size before relaxing)
 .debug_str     0x000042c0       0x62 C:\Users\user\Desktop\ECU\ECU_RT\ArduinoCore\Debug\libArduinoCore.a(list.o)
                                0x2fb (size before relaxing)
 .debug_str     0x00004322       0xd2 C:\Users\user\Desktop\ECU\ECU_RT\ArduinoCore\Debug\libArduinoCore.a(port.o)
                                0x34c (size before relaxing)

.debug_loc      0x00000000     0xa6e1
 *(.debug_loc)
 .debug_loc     0x00000000      0x1b4 BSP_atmega2560.o
 .debug_loc     0x000001b4      0x7cb FreeAct.o
 .debug_loc     0x0000097f      0x371 Sketch.o
 .debug_loc     0x00000cf0      0x28d C:\Users\user\Desktop\ECU\ECU_RT\ArduinoCore\Debug\libArduinoCore.a(wiring.o)
 .debug_loc     0x00000f7d      0x56b C:\Users\user\Desktop\ECU\ECU_RT\ArduinoCore\Debug\libArduinoCore.a(wiring_digital.o)
 .debug_loc     0x000014e8     0x2bfe C:\Users\user\Desktop\ECU\ECU_RT\ArduinoCore\Debug\libArduinoCore.a(mcp2515.o)
 .debug_loc     0x000040e6     0x223b C:\Users\user\Desktop\ECU\ECU_RT\ArduinoCore\Debug\libArduinoCore.a(queue.o)
 .debug_loc     0x00006321     0x2ca2 C:\Users\user\Desktop\ECU\ECU_RT\ArduinoCore\Debug\libArduinoCore.a(tasks.o)
 .debug_loc     0x00008fc3      0xf7c C:\Users\user\Desktop\ECU\ECU_RT\ArduinoCore\Debug\libArduinoCore.a(timers.o)
 .debug_loc     0x00009f3f      0x148 C:\Users\user\Desktop\ECU\ECU_RT\ArduinoCore\Debug\libArduinoCore.a(variantHooks.o)
 .debug_loc     0x0000a087      0x1f0 C:\Users\user\Desktop\ECU\ECU_RT\ArduinoCore\Debug\libArduinoCore.a(SPI.o)
 .debug_loc     0x0000a277      0x112 C:\Users\user\Desktop\ECU\ECU_RT\ArduinoCore\Debug\libArduinoCore.a(heap_3.o)
 .debug_loc     0x0000a389      0x1d7 C:\Users\user\Desktop\ECU\ECU_RT\ArduinoCore\Debug\libArduinoCore.a(list.o)
 .debug_loc     0x0000a560      0x181 C:\Users\user\Desktop\ECU\ECU_RT\ArduinoCore\Debug\libArduinoCore.a(port.o)

.debug_macinfo
 *(.debug_macinfo)

.debug_weaknames
 *(.debug_weaknames)

.debug_funcnames
 *(.debug_funcnames)

.debug_typenames
 *(.debug_typenames)

.debug_varnames
 *(.debug_varnames)

.debug_pubtypes
 *(.debug_pubtypes)

.debug_ranges   0x00000000      0x800
 *(.debug_ranges)
 .debug_ranges  0x00000000       0x80 BSP_atmega2560.o
 .debug_ranges  0x00000080       0x68 FreeAct.o
 .debug_ranges  0x000000e8       0x40 Sketch.o
 .debug_ranges  0x00000128       0x20 C:\Users\user\Desktop\ECU\ECU_RT\ArduinoCore\Debug\libArduinoCore.a(main.o)
 .debug_ranges  0x00000148       0x38 C:\Users\user\Desktop\ECU\ECU_RT\ArduinoCore\Debug\libArduinoCore.a(wiring.o)
 .debug_ranges  0x00000180       0x28 C:\Users\user\Desktop\ECU\ECU_RT\ArduinoCore\Debug\libArduinoCore.a(wiring_digital.o)
 .debug_ranges  0x000001a8      0x180 C:\Users\user\Desktop\ECU\ECU_RT\ArduinoCore\Debug\libArduinoCore.a(mcp2515.o)
 .debug_ranges  0x00000328       0xf8 C:\Users\user\Desktop\ECU\ECU_RT\ArduinoCore\Debug\libArduinoCore.a(queue.o)
 .debug_ranges  0x00000420      0x218 C:\Users\user\Desktop\ECU\ECU_RT\ArduinoCore\Debug\libArduinoCore.a(tasks.o)
 .debug_ranges  0x00000638       0xb0 C:\Users\user\Desktop\ECU\ECU_RT\ArduinoCore\Debug\libArduinoCore.a(timers.o)
 .debug_ranges  0x000006e8       0x48 C:\Users\user\Desktop\ECU\ECU_RT\ArduinoCore\Debug\libArduinoCore.a(variantHooks.o)
 .debug_ranges  0x00000730       0x28 C:\Users\user\Desktop\ECU\ECU_RT\ArduinoCore\Debug\libArduinoCore.a(SPI.o)
 .debug_ranges  0x00000758       0x10 C:\Users\user\Desktop\ECU\ECU_RT\ArduinoCore\Debug\libArduinoCore.a(hooks.o)
 .debug_ranges  0x00000768       0x18 C:\Users\user\Desktop\ECU\ECU_RT\ArduinoCore\Debug\libArduinoCore.a(heap_3.o)
 .debug_ranges  0x00000780       0x30 C:\Users\user\Desktop\ECU\ECU_RT\ArduinoCore\Debug\libArduinoCore.a(list.o)
 .debug_ranges  0x000007b0       0x50 C:\Users\user\Desktop\ECU\ECU_RT\ArduinoCore\Debug\libArduinoCore.a(port.o)

.debug_macro
 *(.debug_macro)
OUTPUT(ECU_RT.elf elf32-avr)
LOAD linker stubs
